
Memory Configuration

Name             Origin             Length             Attributes
*default*        0x00000000         0xffffffff

Linker script and memory map

LOAD src/drivers/storage/ahci/CMakeFiles/ahci.dir/__/__/__/oboskrnl/driver_api/syscall_interface.asm.o
LOAD src/drivers/storage/ahci/CMakeFiles/ahci.dir/dmain.c.o
LOAD src/drivers/storage/ahci/CMakeFiles/ahci.dir/enumerate_pci.c.o
                0x00800000                        . = 0x800000

.text           0x00800000      0xff5
 *(.multiboot)
 *(.text)
 .text          0x00800000       0x77 src/drivers/storage/ahci/CMakeFiles/ahci.dir/__/__/__/oboskrnl/driver_api/syscall_interface.asm.o
                0x00800000                RegisterDriver
                0x00800008                RegisterInterruptHandler
                0x00800010                PicSendEoi
                0x00800018                EnableIRQ
                0x00800020                DisableIRQ
                0x00800028                RegisterReadCallback
                0x00800030                PrintChar
                0x00800038                GetMultibootModule
                0x00800040                RegisterFileReadCallback
                0x00800048                RegisterFileExistsCallback
                0x00800050                MapPhysicalTo
                0x00800058                UnmapPhysicalTo
                0x00800060                Printf
                0x00800068                GetPhysicalAddress
                0x00800070                CallSyscall
 .text          0x00800077      0xacd src/drivers/storage/ahci/CMakeFiles/ahci.dir/dmain.c.o
                0x00800077                testBit
                0x0080009a                memzero
                0x008000c9                _start
                0x00800781                ReadFromDrive
                0x00800ab4                StopCommandEngine
                0x00800b00                StartCommandEngine
 .text          0x00800b44      0x4b1 src/drivers/storage/ahci/CMakeFiles/ahci.dir/enumerate_pci.c.o
                0x00800b44                outb
                0x00800b65                outw
                0x00800b86                outl
                0x00800b9e                inb
                0x00800bbb                inw
                0x00800bda                inl
                0x00800bf6                pciReadByteRegister
                0x00800c8c                pciReadWordRegister
                0x00800d23                pciReadDwordRegister
                0x00800db2                pciWriteDwordRegister
                0x00800e37                enumerateBus
                0x00800f7c                enumeratePci

.iplt           0x00800ff5        0x0
 .iplt          0x00800ff5        0x0 src/drivers/storage/ahci/CMakeFiles/ahci.dir/__/__/__/oboskrnl/driver_api/syscall_interface.asm.o

.rodata         0x00801000      0x1f7
 *(.rodata)
 .rodata        0x00801000      0x1f7 src/drivers/storage/ahci/CMakeFiles/ahci.dir/dmain.c.o

.rel.dyn        0x008011f8        0x0
 .rel.got       0x008011f8        0x0 src/drivers/storage/ahci/CMakeFiles/ahci.dir/__/__/__/oboskrnl/driver_api/syscall_interface.asm.o
 .rel.iplt      0x008011f8        0x0 src/drivers/storage/ahci/CMakeFiles/ahci.dir/__/__/__/oboskrnl/driver_api/syscall_interface.asm.o

.data           0x00802000        0x0
 *(.data)
 .data          0x00802000        0x0 src/drivers/storage/ahci/CMakeFiles/ahci.dir/dmain.c.o
 .data          0x00802000        0x0 src/drivers/storage/ahci/CMakeFiles/ahci.dir/enumerate_pci.c.o

.got            0x008011f8        0x0
 .got           0x008011f8        0x0 src/drivers/storage/ahci/CMakeFiles/ahci.dir/__/__/__/oboskrnl/driver_api/syscall_interface.asm.o

.got.plt        0x008011f8        0x0
 .got.plt       0x008011f8        0x0 src/drivers/storage/ahci/CMakeFiles/ahci.dir/__/__/__/oboskrnl/driver_api/syscall_interface.asm.o

.igot.plt       0x008011f8        0x0
 .igot.plt      0x008011f8        0x0 src/drivers/storage/ahci/CMakeFiles/ahci.dir/__/__/__/oboskrnl/driver_api/syscall_interface.asm.o

.bss            0x00802000      0x1f0
 *(COMMON)
 *(.bss)
 .bss           0x00802000      0x1f0 src/drivers/storage/ahci/CMakeFiles/ahci.dir/dmain.c.o
                0x00802000                availablePorts
 .bss           0x008021f0        0x0 src/drivers/storage/ahci/CMakeFiles/ahci.dir/enumerate_pci.c.o
OUTPUT(/mnt/c/Code/obos/out/ahci elf32-i386)

.debug_aranges  0x00000000       0x60
 .debug_aranges
                0x00000000       0x20 src/drivers/storage/ahci/CMakeFiles/ahci.dir/__/__/__/oboskrnl/driver_api/syscall_interface.asm.o
 .debug_aranges
                0x00000020       0x20 src/drivers/storage/ahci/CMakeFiles/ahci.dir/dmain.c.o
 .debug_aranges
                0x00000040       0x20 src/drivers/storage/ahci/CMakeFiles/ahci.dir/enumerate_pci.c.o

.debug_pubnames
                0x00000000        0x0
 .debug_pubnames
                0x00000000        0x0 src/drivers/storage/ahci/CMakeFiles/ahci.dir/__/__/__/oboskrnl/driver_api/syscall_interface.asm.o

.debug_info     0x00000000     0x19af
 .debug_info    0x00000000       0x73 src/drivers/storage/ahci/CMakeFiles/ahci.dir/__/__/__/oboskrnl/driver_api/syscall_interface.asm.o
 .debug_info    0x00000073     0x125f src/drivers/storage/ahci/CMakeFiles/ahci.dir/dmain.c.o
 .debug_info    0x000012d2      0x6dd src/drivers/storage/ahci/CMakeFiles/ahci.dir/enumerate_pci.c.o

.debug_abbrev   0x00000000      0x3d5
 .debug_abbrev  0x00000000       0x1b src/drivers/storage/ahci/CMakeFiles/ahci.dir/__/__/__/oboskrnl/driver_api/syscall_interface.asm.o
 .debug_abbrev  0x0000001b      0x29c src/drivers/storage/ahci/CMakeFiles/ahci.dir/dmain.c.o
 .debug_abbrev  0x000002b7      0x11e src/drivers/storage/ahci/CMakeFiles/ahci.dir/enumerate_pci.c.o

.debug_line     0x00000000     0x153c
 .debug_line    0x00000000       0x9d src/drivers/storage/ahci/CMakeFiles/ahci.dir/__/__/__/oboskrnl/driver_api/syscall_interface.asm.o
 .debug_line    0x0000009d      0xe03 src/drivers/storage/ahci/CMakeFiles/ahci.dir/dmain.c.o
 .debug_line    0x00000ea0      0x69c src/drivers/storage/ahci/CMakeFiles/ahci.dir/enumerate_pci.c.o

.debug_frame    0x00000000      0x380
 .debug_frame   0x00000000        0x0 src/drivers/storage/ahci/CMakeFiles/ahci.dir/__/__/__/oboskrnl/driver_api/syscall_interface.asm.o
 .debug_frame   0x00000000      0x12c src/drivers/storage/ahci/CMakeFiles/ahci.dir/dmain.c.o
 .debug_frame   0x0000012c      0x254 src/drivers/storage/ahci/CMakeFiles/ahci.dir/enumerate_pci.c.o

.debug_loc      0x00000000        0x0
 .debug_loc     0x00000000        0x0 src/drivers/storage/ahci/CMakeFiles/ahci.dir/__/__/__/oboskrnl/driver_api/syscall_interface.asm.o

.debug_str      0x00000000       0x6f
 .debug_str     0x00000000        0xf src/drivers/storage/ahci/CMakeFiles/ahci.dir/dmain.c.o
 .debug_str     0x0000000f       0x60 src/drivers/storage/ahci/CMakeFiles/ahci.dir/enumerate_pci.c.o

.comment        0x00000000       0x12
 .comment       0x00000000       0x12 src/drivers/storage/ahci/CMakeFiles/ahci.dir/dmain.c.o
                                 0x13 (size before relaxing)
 .comment       0x00000012       0x13 src/drivers/storage/ahci/CMakeFiles/ahci.dir/enumerate_pci.c.o

.debug_rnglists
                0x00000000       0x1f
 .debug_rnglists
                0x00000000       0x1f src/drivers/storage/ahci/CMakeFiles/ahci.dir/enumerate_pci.c.o
