
Memory Configuration

Name             Origin             Length             Attributes
*default*        0x00000000         0xffffffff

Linker script and memory map

LOAD src/drivers/storage/ahci/CMakeFiles/ahci.dir/__/__/__/oboskrnl/driver_api/syscall_interface.asm.o
LOAD src/drivers/storage/ahci/CMakeFiles/ahci.dir/dmain.c.o
LOAD src/drivers/storage/ahci/CMakeFiles/ahci.dir/enumerate_pci.c.o
                0x00800000                        . = 0x800000

.text           0x00800000      0xf72
 *(.multiboot)
 *(.text)
 .text          0x00800000       0x77 src/drivers/storage/ahci/CMakeFiles/ahci.dir/__/__/__/oboskrnl/driver_api/syscall_interface.asm.o
                0x00800000                RegisterDriver
                0x00800008                RegisterInterruptHandler
                0x00800010                PicSendEoi
                0x00800018                EnableIRQ
                0x00800020                DisableIRQ
                0x00800028                RegisterReadCallback
                0x00800030                PrintChar
                0x00800038                GetMultibootModule
                0x00800040                RegisterFileReadCallback
                0x00800048                RegisterFileExistsCallback
                0x00800050                MapPhysicalTo
                0x00800058                UnmapPhysicalTo
                0x00800060                Printf
                0x00800068                GetPhysicalAddress
                0x00800070                CallSyscall
 .text          0x00800077      0xa4a src/drivers/storage/ahci/CMakeFiles/ahci.dir/dmain.c.o
                0x00800077                testBit
                0x0080009a                memzero
                0x008000c9                _start
                0x00800714                ReadFromDrive
                0x00800a31                StopCommandEngine
                0x00800a7d                StartCommandEngine
 .text          0x00800ac1      0x4b1 src/drivers/storage/ahci/CMakeFiles/ahci.dir/enumerate_pci.c.o
                0x00800ac1                outb
                0x00800ae2                outw
                0x00800b03                outl
                0x00800b1b                inb
                0x00800b38                inw
                0x00800b57                inl
                0x00800b73                pciReadByteRegister
                0x00800c09                pciReadWordRegister
                0x00800ca0                pciReadDwordRegister
                0x00800d2f                pciWriteDwordRegister
                0x00800db4                enumerateBus
                0x00800ef9                enumeratePci

.iplt           0x00800f72        0x0
 .iplt          0x00800f72        0x0 src/drivers/storage/ahci/CMakeFiles/ahci.dir/__/__/__/oboskrnl/driver_api/syscall_interface.asm.o

.rodata         0x00801000      0x1f7
 *(.rodata)
 .rodata        0x00801000      0x1f7 src/drivers/storage/ahci/CMakeFiles/ahci.dir/dmain.c.o

.rel.dyn        0x008011f8        0x0
 .rel.got       0x008011f8        0x0 src/drivers/storage/ahci/CMakeFiles/ahci.dir/__/__/__/oboskrnl/driver_api/syscall_interface.asm.o
 .rel.iplt      0x008011f8        0x0 src/drivers/storage/ahci/CMakeFiles/ahci.dir/__/__/__/oboskrnl/driver_api/syscall_interface.asm.o

.data           0x00802000        0x0
 *(.data)
 .data          0x00802000        0x0 src/drivers/storage/ahci/CMakeFiles/ahci.dir/dmain.c.o
 .data          0x00802000        0x0 src/drivers/storage/ahci/CMakeFiles/ahci.dir/enumerate_pci.c.o

.got            0x008011f8        0x0
 .got           0x008011f8        0x0 src/drivers/storage/ahci/CMakeFiles/ahci.dir/__/__/__/oboskrnl/driver_api/syscall_interface.asm.o

.got.plt        0x008011f8        0x0
 .got.plt       0x008011f8        0x0 src/drivers/storage/ahci/CMakeFiles/ahci.dir/__/__/__/oboskrnl/driver_api/syscall_interface.asm.o

.igot.plt       0x008011f8        0x0
 .igot.plt      0x008011f8        0x0 src/drivers/storage/ahci/CMakeFiles/ahci.dir/__/__/__/oboskrnl/driver_api/syscall_interface.asm.o

.bss            0x00802000      0x1f0
 *(COMMON)
 *(.bss)
 .bss           0x00802000      0x1f0 src/drivers/storage/ahci/CMakeFiles/ahci.dir/dmain.c.o
                0x00802000                availablePorts
 .bss           0x008021f0        0x0 src/drivers/storage/ahci/CMakeFiles/ahci.dir/enumerate_pci.c.o
OUTPUT(/mnt/c/Code/obos/out/ahci elf32-i386)

.debug_aranges  0x00000000       0x60
 .debug_aranges
                0x00000000       0x20 src/drivers/storage/ahci/CMakeFiles/ahci.dir/__/__/__/oboskrnl/driver_api/syscall_interface.asm.o
 .debug_aranges
                0x00000020       0x20 src/drivers/storage/ahci/CMakeFiles/ahci.dir/dmain.c.o
 .debug_aranges
                0x00000040       0x20 src/drivers/storage/ahci/CMakeFiles/ahci.dir/enumerate_pci.c.o

.debug_pubnames
                0x00000000        0x0
 .debug_pubnames
                0x00000000        0x0 src/drivers/storage/ahci/CMakeFiles/ahci.dir/__/__/__/oboskrnl/driver_api/syscall_interface.asm.o

.debug_info     0x00000000     0x1998
 .debug_info    0x00000000       0x73 src/drivers/storage/ahci/CMakeFiles/ahci.dir/__/__/__/oboskrnl/driver_api/syscall_interface.asm.o
 .debug_info    0x00000073     0x1248 src/drivers/storage/ahci/CMakeFiles/ahci.dir/dmain.c.o
 .debug_info    0x000012bb      0x6dd src/drivers/storage/ahci/CMakeFiles/ahci.dir/enumerate_pci.c.o

.debug_abbrev   0x00000000      0x3d4
 .debug_abbrev  0x00000000       0x1b src/drivers/storage/ahci/CMakeFiles/ahci.dir/__/__/__/oboskrnl/driver_api/syscall_interface.asm.o
 .debug_abbrev  0x0000001b      0x29b src/drivers/storage/ahci/CMakeFiles/ahci.dir/dmain.c.o
 .debug_abbrev  0x000002b6      0x11e src/drivers/storage/ahci/CMakeFiles/ahci.dir/enumerate_pci.c.o

.debug_line     0x00000000     0x14d8
 .debug_line    0x00000000       0x9d src/drivers/storage/ahci/CMakeFiles/ahci.dir/__/__/__/oboskrnl/driver_api/syscall_interface.asm.o
 .debug_line    0x0000009d      0xd9f src/drivers/storage/ahci/CMakeFiles/ahci.dir/dmain.c.o
 .debug_line    0x00000e3c      0x69c src/drivers/storage/ahci/CMakeFiles/ahci.dir/enumerate_pci.c.o

.debug_frame    0x00000000      0x380
 .debug_frame   0x00000000        0x0 src/drivers/storage/ahci/CMakeFiles/ahci.dir/__/__/__/oboskrnl/driver_api/syscall_interface.asm.o
 .debug_frame   0x00000000      0x12c src/drivers/storage/ahci/CMakeFiles/ahci.dir/dmain.c.o
 .debug_frame   0x0000012c      0x254 src/drivers/storage/ahci/CMakeFiles/ahci.dir/enumerate_pci.c.o

.debug_loc      0x00000000        0x0
 .debug_loc     0x00000000        0x0 src/drivers/storage/ahci/CMakeFiles/ahci.dir/__/__/__/oboskrnl/driver_api/syscall_interface.asm.o

.debug_str      0x00000000       0x6f
 .debug_str     0x00000000        0xf src/drivers/storage/ahci/CMakeFiles/ahci.dir/dmain.c.o
 .debug_str     0x0000000f       0x60 src/drivers/storage/ahci/CMakeFiles/ahci.dir/enumerate_pci.c.o

.comment        0x00000000       0x12
 .comment       0x00000000       0x12 src/drivers/storage/ahci/CMakeFiles/ahci.dir/dmain.c.o
                                 0x13 (size before relaxing)
 .comment       0x00000012       0x13 src/drivers/storage/ahci/CMakeFiles/ahci.dir/enumerate_pci.c.o

.debug_rnglists
                0x00000000       0x1f
 .debug_rnglists
                0x00000000       0x1f src/drivers/storage/ahci/CMakeFiles/ahci.dir/enumerate_pci.c.o
