
Memory Configuration

Name             Origin             Length             Attributes
*default*        0x00000000         0xffffffff

Linker script and memory map

LOAD src/drivers/storage/ahci/CMakeFiles/ahci.dir/__/__/__/oboskrnl/driver_api/syscall_interface.asm.o
LOAD src/drivers/storage/ahci/CMakeFiles/ahci.dir/dmain.c.o
LOAD src/drivers/storage/ahci/CMakeFiles/ahci.dir/enumerate_pci.c.o
                0x00800000                        . = 0x800000

.text           0x00800000      0x8a9
 *(.multiboot)
 *(.text)
 .text          0x00800000       0x6f src/drivers/storage/ahci/CMakeFiles/ahci.dir/__/__/__/oboskrnl/driver_api/syscall_interface.asm.o
                0x00800000                RegisterDriver
                0x00800008                RegisterInterruptHandler
                0x00800010                PicSendEoi
                0x00800018                EnableIRQ
                0x00800020                DisableIRQ
                0x00800028                RegisterReadCallback
                0x00800030                PrintChar
                0x00800038                GetMultibootModule
                0x00800040                RegisterFileReadCallback
                0x00800048                RegisterFileExistsCallback
                0x00800050                MapPhysicalTo
                0x00800058                UnmapPhysicalTo
                0x00800060                Printf
                0x00800068                CallSyscall
 .text          0x0080006f      0x389 src/drivers/storage/ahci/CMakeFiles/ahci.dir/dmain.c.o
                0x0080006f                testBit
                0x00800092                _start
                0x008003f2                ReadFromDrive
 .text          0x008003f8      0x4b1 src/drivers/storage/ahci/CMakeFiles/ahci.dir/enumerate_pci.c.o
                0x008003f8                outb
                0x00800419                outw
                0x0080043a                outl
                0x00800452                inb
                0x0080046f                inw
                0x0080048e                inl
                0x008004aa                pciReadByteRegister
                0x00800540                pciReadWordRegister
                0x008005d7                pciReadDwordRegister
                0x00800666                pciWriteDwordRegister
                0x008006eb                enumerateBus
                0x00800830                enumeratePci

.iplt           0x008008a9        0x0
 .iplt          0x008008a9        0x0 src/drivers/storage/ahci/CMakeFiles/ahci.dir/__/__/__/oboskrnl/driver_api/syscall_interface.asm.o

.rodata         0x00801000      0x1a5
 *(.rodata)
 .rodata        0x00801000      0x1a5 src/drivers/storage/ahci/CMakeFiles/ahci.dir/dmain.c.o

.rel.dyn        0x008011a8        0x0
 .rel.got       0x008011a8        0x0 src/drivers/storage/ahci/CMakeFiles/ahci.dir/__/__/__/oboskrnl/driver_api/syscall_interface.asm.o
 .rel.iplt      0x008011a8        0x0 src/drivers/storage/ahci/CMakeFiles/ahci.dir/__/__/__/oboskrnl/driver_api/syscall_interface.asm.o

.data           0x00802000        0x0
 *(.data)
 .data          0x00802000        0x0 src/drivers/storage/ahci/CMakeFiles/ahci.dir/dmain.c.o
 .data          0x00802000        0x0 src/drivers/storage/ahci/CMakeFiles/ahci.dir/enumerate_pci.c.o

.got            0x008011a8        0x0
 .got           0x008011a8        0x0 src/drivers/storage/ahci/CMakeFiles/ahci.dir/__/__/__/oboskrnl/driver_api/syscall_interface.asm.o

.got.plt        0x008011a8        0x0
 .got.plt       0x008011a8        0x0 src/drivers/storage/ahci/CMakeFiles/ahci.dir/__/__/__/oboskrnl/driver_api/syscall_interface.asm.o

.igot.plt       0x008011a8        0x0
 .igot.plt      0x008011a8        0x0 src/drivers/storage/ahci/CMakeFiles/ahci.dir/__/__/__/oboskrnl/driver_api/syscall_interface.asm.o

.bss            0x00802000      0x174
 *(COMMON)
 *(.bss)
 .bss           0x00802000      0x174 src/drivers/storage/ahci/CMakeFiles/ahci.dir/dmain.c.o
                0x00802000                availablePorts
 .bss           0x00802174        0x0 src/drivers/storage/ahci/CMakeFiles/ahci.dir/enumerate_pci.c.o
OUTPUT(/mnt/c/Code/obos/out/ahci elf32-i386)

.debug_aranges  0x00000000       0x60
 .debug_aranges
                0x00000000       0x20 src/drivers/storage/ahci/CMakeFiles/ahci.dir/__/__/__/oboskrnl/driver_api/syscall_interface.asm.o
 .debug_aranges
                0x00000020       0x20 src/drivers/storage/ahci/CMakeFiles/ahci.dir/dmain.c.o
 .debug_aranges
                0x00000040       0x20 src/drivers/storage/ahci/CMakeFiles/ahci.dir/enumerate_pci.c.o

.debug_pubnames
                0x00000000        0x0
 .debug_pubnames
                0x00000000        0x0 src/drivers/storage/ahci/CMakeFiles/ahci.dir/__/__/__/oboskrnl/driver_api/syscall_interface.asm.o

.debug_info     0x00000000     0x120a
 .debug_info    0x00000000       0x73 src/drivers/storage/ahci/CMakeFiles/ahci.dir/__/__/__/oboskrnl/driver_api/syscall_interface.asm.o
 .debug_info    0x00000073      0xaba src/drivers/storage/ahci/CMakeFiles/ahci.dir/dmain.c.o
 .debug_info    0x00000b2d      0x6dd src/drivers/storage/ahci/CMakeFiles/ahci.dir/enumerate_pci.c.o

.debug_abbrev   0x00000000      0x323
 .debug_abbrev  0x00000000       0x1b src/drivers/storage/ahci/CMakeFiles/ahci.dir/__/__/__/oboskrnl/driver_api/syscall_interface.asm.o
 .debug_abbrev  0x0000001b      0x1ea src/drivers/storage/ahci/CMakeFiles/ahci.dir/dmain.c.o
 .debug_abbrev  0x00000205      0x11e src/drivers/storage/ahci/CMakeFiles/ahci.dir/enumerate_pci.c.o

.debug_line     0x00000000      0xbcf
 .debug_line    0x00000000       0x9a src/drivers/storage/ahci/CMakeFiles/ahci.dir/__/__/__/oboskrnl/driver_api/syscall_interface.asm.o
 .debug_line    0x0000009a      0x499 src/drivers/storage/ahci/CMakeFiles/ahci.dir/dmain.c.o
 .debug_line    0x00000533      0x69c src/drivers/storage/ahci/CMakeFiles/ahci.dir/enumerate_pci.c.o

.debug_frame    0x00000000      0x2ec
 .debug_frame   0x00000000        0x0 src/drivers/storage/ahci/CMakeFiles/ahci.dir/__/__/__/oboskrnl/driver_api/syscall_interface.asm.o
 .debug_frame   0x00000000       0x98 src/drivers/storage/ahci/CMakeFiles/ahci.dir/dmain.c.o
 .debug_frame   0x00000098      0x254 src/drivers/storage/ahci/CMakeFiles/ahci.dir/enumerate_pci.c.o

.debug_loc      0x00000000        0x0
 .debug_loc     0x00000000        0x0 src/drivers/storage/ahci/CMakeFiles/ahci.dir/__/__/__/oboskrnl/driver_api/syscall_interface.asm.o

.debug_str      0x00000000       0x60
 .debug_str     0x00000000        0x0 src/drivers/storage/ahci/CMakeFiles/ahci.dir/dmain.c.o
 .debug_str     0x00000000       0x60 src/drivers/storage/ahci/CMakeFiles/ahci.dir/enumerate_pci.c.o

.comment        0x00000000       0x12
 .comment       0x00000000       0x12 src/drivers/storage/ahci/CMakeFiles/ahci.dir/dmain.c.o
                                 0x13 (size before relaxing)
 .comment       0x00000012       0x13 src/drivers/storage/ahci/CMakeFiles/ahci.dir/enumerate_pci.c.o

.debug_rnglists
                0x00000000       0x1f
 .debug_rnglists
                0x00000000       0x1f src/drivers/storage/ahci/CMakeFiles/ahci.dir/enumerate_pci.c.o
