
Memory Configuration

Name             Origin             Length             Attributes
*default*        0x0000000000000000 0xffffffffffffffff

Linker script and memory map

LOAD src/drivers/storage/ahci/CMakeFiles/ahci.dir/__/__/__/oboskrnl/driver_api/syscall_interface.asm.obj
LOAD src/drivers/storage/ahci/CMakeFiles/ahci.dir/dmain.c.obj
LOAD src/drivers/storage/ahci/CMakeFiles/ahci.dir/enumerate_pci.c.obj
                0x0000000008000000                . = 0x8000000

.text           0x0000000008000000     0x15ca
 *(.multiboot)
 *(.text)
 .text          0x0000000008000000       0x77 src/drivers/storage/ahci/CMakeFiles/ahci.dir/__/__/__/oboskrnl/driver_api/syscall_interface.asm.obj
                0x0000000008000000                RegisterDriver
                0x0000000008000008                RegisterInterruptHandler
                0x0000000008000010                PicSendEoi
                0x0000000008000018                EnableIRQ
                0x0000000008000020                DisableIRQ
                0x0000000008000028                RegisterReadCallback
                0x0000000008000030                PrintChar
                0x0000000008000038                GetMultibootModule
                0x0000000008000040                RegisterFileReadCallback
                0x0000000008000048                RegisterFileExistsCallback
                0x0000000008000050                MapPhysicalTo
                0x0000000008000058                UnmapPhysicalTo
                0x0000000008000060                Printf
                0x0000000008000068                GetPhysicalAddress
                0x0000000008000070                CallSyscall
 .text          0x0000000008000077     0x10ce src/drivers/storage/ahci/CMakeFiles/ahci.dir/dmain.c.obj
                0x0000000008000077                testBit
                0x000000000800009a                memzero
                0x00000000080000d6                _start
                0x00000000080008dd                ReadFromDrive
                0x0000000008000d0b                find_cmdslot
                0x0000000008000d9e                StopCommandEngine
                0x0000000008000df5                StartCommandEngine
                0x0000000008000e37                RemapPort
 .text          0x0000000008001145      0x485 src/drivers/storage/ahci/CMakeFiles/ahci.dir/enumerate_pci.c.obj
                0x0000000008001145                outb
                0x0000000008001162                outw
                0x000000000800117f                outl
                0x0000000008001197                inb
                0x00000000080011b1                inw
                0x00000000080011cd                inl
                0x00000000080011e6                pciReadByteRegister
                0x0000000008001270                pciReadWordRegister
                0x00000000080012fb                pciReadDwordRegister
                0x000000000800137e                pciWriteDwordRegister
                0x00000000080013fd                enumerateBus
                0x0000000008001546                enumeratePci

.iplt           0x00000000080015ca        0x0
 .iplt          0x00000000080015ca        0x0 src/drivers/storage/ahci/CMakeFiles/ahci.dir/__/__/__/oboskrnl/driver_api/syscall_interface.asm.obj

.rodata         0x0000000008002000      0x26b
 *(.rodata)
 .rodata        0x0000000008002000      0x26b src/drivers/storage/ahci/CMakeFiles/ahci.dir/dmain.c.obj

.rela.dyn       0x0000000008002270        0x0
 .rela.got      0x0000000008002270        0x0 src/drivers/storage/ahci/CMakeFiles/ahci.dir/__/__/__/oboskrnl/driver_api/syscall_interface.asm.obj
 .rela.iplt     0x0000000008002270        0x0 src/drivers/storage/ahci/CMakeFiles/ahci.dir/__/__/__/oboskrnl/driver_api/syscall_interface.asm.obj

.data           0x0000000008003000        0x0
 *(.data)
 .data          0x0000000008003000        0x0 src/drivers/storage/ahci/CMakeFiles/ahci.dir/dmain.c.obj
 .data          0x0000000008003000        0x0 src/drivers/storage/ahci/CMakeFiles/ahci.dir/enumerate_pci.c.obj

.got            0x0000000008002270        0x0
 .got           0x0000000008002270        0x0 src/drivers/storage/ahci/CMakeFiles/ahci.dir/__/__/__/oboskrnl/driver_api/syscall_interface.asm.obj

.got.plt        0x0000000008002270        0x0
 .got.plt       0x0000000008002270        0x0 src/drivers/storage/ahci/CMakeFiles/ahci.dir/__/__/__/oboskrnl/driver_api/syscall_interface.asm.obj

.igot.plt       0x0000000008002270        0x0
 .igot.plt      0x0000000008002270        0x0 src/drivers/storage/ahci/CMakeFiles/ahci.dir/__/__/__/oboskrnl/driver_api/syscall_interface.asm.obj

.eh_frame       0x0000000008002270      0x388
 .eh_frame      0x0000000008002270      0x178 src/drivers/storage/ahci/CMakeFiles/ahci.dir/dmain.c.obj
                                        0x198 (size before relaxing)
 .eh_frame      0x00000000080023e8      0x210 src/drivers/storage/ahci/CMakeFiles/ahci.dir/enumerate_pci.c.obj
                                        0x258 (size before relaxing)

.bss            0x0000000008003000      0x2f0
 *(COMMON)
 *(.bss)
 .bss           0x0000000008003000      0x2f0 src/drivers/storage/ahci/CMakeFiles/ahci.dir/dmain.c.obj
                0x0000000008003000                g_availablePorts
                0x00000000080032e8                g_hbaMem
 .bss           0x00000000080032f0        0x0 src/drivers/storage/ahci/CMakeFiles/ahci.dir/enumerate_pci.c.obj
OUTPUT(/mnt/c/Code/obos/out/ahci elf64-x86-64)

.debug_aranges  0x0000000000000000       0x90
 .debug_aranges
                0x0000000000000000       0x30 src/drivers/storage/ahci/CMakeFiles/ahci.dir/__/__/__/oboskrnl/driver_api/syscall_interface.asm.obj
 .debug_aranges
                0x0000000000000030       0x30 src/drivers/storage/ahci/CMakeFiles/ahci.dir/dmain.c.obj
 .debug_aranges
                0x0000000000000060       0x30 src/drivers/storage/ahci/CMakeFiles/ahci.dir/enumerate_pci.c.obj

.debug_pubnames
                0x0000000000000000        0x0
 .debug_pubnames
                0x0000000000000000        0x0 src/drivers/storage/ahci/CMakeFiles/ahci.dir/__/__/__/oboskrnl/driver_api/syscall_interface.asm.obj

.debug_info     0x0000000000000000     0x1dbd
 .debug_info    0x0000000000000000       0x83 src/drivers/storage/ahci/CMakeFiles/ahci.dir/__/__/__/oboskrnl/driver_api/syscall_interface.asm.obj
 .debug_info    0x0000000000000083     0x15e4 src/drivers/storage/ahci/CMakeFiles/ahci.dir/dmain.c.obj
 .debug_info    0x0000000000001667      0x756 src/drivers/storage/ahci/CMakeFiles/ahci.dir/enumerate_pci.c.obj

.debug_abbrev   0x0000000000000000      0x457
 .debug_abbrev  0x0000000000000000       0x1b src/drivers/storage/ahci/CMakeFiles/ahci.dir/__/__/__/oboskrnl/driver_api/syscall_interface.asm.obj
 .debug_abbrev  0x000000000000001b      0x31e src/drivers/storage/ahci/CMakeFiles/ahci.dir/dmain.c.obj
 .debug_abbrev  0x0000000000000339      0x11e src/drivers/storage/ahci/CMakeFiles/ahci.dir/enumerate_pci.c.obj

.debug_line     0x0000000000000000     0x1e53
 .debug_line    0x0000000000000000       0x9f src/drivers/storage/ahci/CMakeFiles/ahci.dir/__/__/__/oboskrnl/driver_api/syscall_interface.asm.obj
 .debug_line    0x000000000000009f     0x14e7 src/drivers/storage/ahci/CMakeFiles/ahci.dir/dmain.c.obj
 .debug_line    0x0000000000001586      0x8cd src/drivers/storage/ahci/CMakeFiles/ahci.dir/enumerate_pci.c.obj

.debug_frame    0x0000000000000000      0x3f0
 .debug_frame   0x0000000000000000        0x0 src/drivers/storage/ahci/CMakeFiles/ahci.dir/__/__/__/oboskrnl/driver_api/syscall_interface.asm.obj
 .debug_frame   0x0000000000000000      0x198 src/drivers/storage/ahci/CMakeFiles/ahci.dir/dmain.c.obj
 .debug_frame   0x0000000000000198      0x258 src/drivers/storage/ahci/CMakeFiles/ahci.dir/enumerate_pci.c.obj

.debug_loc      0x0000000000000000        0x0
 .debug_loc     0x0000000000000000        0x0 src/drivers/storage/ahci/CMakeFiles/ahci.dir/__/__/__/oboskrnl/driver_api/syscall_interface.asm.obj

.debug_str      0x0000000000000000       0x72
 .debug_str     0x0000000000000000       0x12 src/drivers/storage/ahci/CMakeFiles/ahci.dir/dmain.c.obj
 .debug_str     0x0000000000000012       0x60 src/drivers/storage/ahci/CMakeFiles/ahci.dir/enumerate_pci.c.obj

.comment        0x0000000000000000       0x12
 .comment       0x0000000000000000       0x12 src/drivers/storage/ahci/CMakeFiles/ahci.dir/dmain.c.obj
                                         0x13 (size before relaxing)
 .comment       0x0000000000000012       0x13 src/drivers/storage/ahci/CMakeFiles/ahci.dir/enumerate_pci.c.obj

.debug_rnglists
                0x0000000000000000       0x2f
 .debug_rnglists
                0x0000000000000000       0x2f src/drivers/storage/ahci/CMakeFiles/ahci.dir/enumerate_pci.c.obj
