
Memory Configuration

Name             Origin             Length             Attributes
*default*        0x0000000000000000 0xffffffffffffffff

Linker script and memory map

LOAD src/drivers/storage/nvme/CMakeFiles/nvme.dir/__/__/__/oboskrnl/driver_api/syscall_interface.asm.obj
LOAD src/drivers/storage/nvme/CMakeFiles/nvme.dir/dmain.c.obj
LOAD src/drivers/storage/nvme/CMakeFiles/nvme.dir/enumerate_pci.c.obj
                0x0000000008000000                . = 0x8000000

.text           0x0000000008000000      0x5a4
 *(.multiboot)
 *(.text)
 .text          0x0000000008000000       0x77 src/drivers/storage/nvme/CMakeFiles/nvme.dir/__/__/__/oboskrnl/driver_api/syscall_interface.asm.obj
                0x0000000008000000                RegisterDriver
                0x0000000008000008                RegisterInterruptHandler
                0x0000000008000010                PicSendEoi
                0x0000000008000018                EnableIRQ
                0x0000000008000020                DisableIRQ
                0x0000000008000028                RegisterReadCallback
                0x0000000008000030                PrintChar
                0x0000000008000038                GetMultibootModule
                0x0000000008000040                RegisterFileReadCallback
                0x0000000008000048                RegisterFileExistsCallback
                0x0000000008000050                MapPhysicalTo
                0x0000000008000058                UnmapPhysicalTo
                0x0000000008000060                Printf
                0x0000000008000068                GetPhysicalAddress
                0x0000000008000070                CallSyscall
 .text          0x0000000008000077       0xa8 src/drivers/storage/nvme/CMakeFiles/nvme.dir/dmain.c.obj
                0x0000000008000077                testBit
                0x000000000800009a                memzero
                0x00000000080000d6                _start
 .text          0x000000000800011f      0x485 src/drivers/storage/nvme/CMakeFiles/nvme.dir/enumerate_pci.c.obj
                0x000000000800011f                outb
                0x000000000800013c                outw
                0x0000000008000159                outl
                0x0000000008000171                inb
                0x000000000800018b                inw
                0x00000000080001a7                inl
                0x00000000080001c0                pciReadByteRegister
                0x000000000800024a                pciReadWordRegister
                0x00000000080002d5                pciReadDwordRegister
                0x0000000008000358                pciWriteDwordRegister
                0x00000000080003d7                enumerateBus
                0x0000000008000520                enumeratePci

.iplt           0x00000000080005a4        0x0
 .iplt          0x00000000080005a4        0x0 src/drivers/storage/nvme/CMakeFiles/nvme.dir/__/__/__/oboskrnl/driver_api/syscall_interface.asm.obj

.rela.dyn       0x00000000080005a8        0x0
 .rela.got      0x00000000080005a8        0x0 src/drivers/storage/nvme/CMakeFiles/nvme.dir/__/__/__/oboskrnl/driver_api/syscall_interface.asm.obj
 .rela.iplt     0x00000000080005a8        0x0 src/drivers/storage/nvme/CMakeFiles/nvme.dir/__/__/__/oboskrnl/driver_api/syscall_interface.asm.obj

.rodata
 *(.rodata)

.data           0x0000000008001000        0x0
 *(.data)
 .data          0x0000000008001000        0x0 src/drivers/storage/nvme/CMakeFiles/nvme.dir/dmain.c.obj
 .data          0x0000000008001000        0x0 src/drivers/storage/nvme/CMakeFiles/nvme.dir/enumerate_pci.c.obj

.got            0x00000000080005a8        0x0
 .got           0x00000000080005a8        0x0 src/drivers/storage/nvme/CMakeFiles/nvme.dir/__/__/__/oboskrnl/driver_api/syscall_interface.asm.obj

.got.plt        0x00000000080005a8        0x0
 .got.plt       0x00000000080005a8        0x0 src/drivers/storage/nvme/CMakeFiles/nvme.dir/__/__/__/oboskrnl/driver_api/syscall_interface.asm.obj

.igot.plt       0x00000000080005a8        0x0
 .igot.plt      0x00000000080005a8        0x0 src/drivers/storage/nvme/CMakeFiles/nvme.dir/__/__/__/oboskrnl/driver_api/syscall_interface.asm.obj

.eh_frame       0x00000000080005a8      0x2b0
 .eh_frame      0x00000000080005a8       0xa0 src/drivers/storage/nvme/CMakeFiles/nvme.dir/dmain.c.obj
                                         0xa8 (size before relaxing)
 .eh_frame      0x0000000008000648      0x210 src/drivers/storage/nvme/CMakeFiles/nvme.dir/enumerate_pci.c.obj
                                        0x258 (size before relaxing)

.bss            0x0000000008001000        0x8
 *(COMMON)
 *(.bss)
 .bss           0x0000000008001000        0x8 src/drivers/storage/nvme/CMakeFiles/nvme.dir/dmain.c.obj
                0x0000000008001000                g_abar
 .bss           0x0000000008001008        0x0 src/drivers/storage/nvme/CMakeFiles/nvme.dir/enumerate_pci.c.obj
OUTPUT(/mnt/c/Code/obos/out/nvme elf64-x86-64)

.debug_aranges  0x0000000000000000       0x90
 .debug_aranges
                0x0000000000000000       0x30 src/drivers/storage/nvme/CMakeFiles/nvme.dir/__/__/__/oboskrnl/driver_api/syscall_interface.asm.obj
 .debug_aranges
                0x0000000000000030       0x30 src/drivers/storage/nvme/CMakeFiles/nvme.dir/dmain.c.obj
 .debug_aranges
                0x0000000000000060       0x30 src/drivers/storage/nvme/CMakeFiles/nvme.dir/enumerate_pci.c.obj

.debug_pubnames
                0x0000000000000000        0x0
 .debug_pubnames
                0x0000000000000000        0x0 src/drivers/storage/nvme/CMakeFiles/nvme.dir/__/__/__/oboskrnl/driver_api/syscall_interface.asm.obj

.debug_info     0x0000000000000000     0x1877
 .debug_info    0x0000000000000000       0x83 src/drivers/storage/nvme/CMakeFiles/nvme.dir/__/__/__/oboskrnl/driver_api/syscall_interface.asm.obj
 .debug_info    0x0000000000000083     0x109e src/drivers/storage/nvme/CMakeFiles/nvme.dir/dmain.c.obj
 .debug_info    0x0000000000001121      0x756 src/drivers/storage/nvme/CMakeFiles/nvme.dir/enumerate_pci.c.obj

.debug_abbrev   0x0000000000000000      0x2ee
 .debug_abbrev  0x0000000000000000       0x1b src/drivers/storage/nvme/CMakeFiles/nvme.dir/__/__/__/oboskrnl/driver_api/syscall_interface.asm.obj
 .debug_abbrev  0x000000000000001b      0x1b5 src/drivers/storage/nvme/CMakeFiles/nvme.dir/dmain.c.obj
 .debug_abbrev  0x00000000000001d0      0x11e src/drivers/storage/nvme/CMakeFiles/nvme.dir/enumerate_pci.c.obj

.debug_line     0x0000000000000000      0xbaf
 .debug_line    0x0000000000000000       0x9f src/drivers/storage/nvme/CMakeFiles/nvme.dir/__/__/__/oboskrnl/driver_api/syscall_interface.asm.obj
 .debug_line    0x000000000000009f      0x243 src/drivers/storage/nvme/CMakeFiles/nvme.dir/dmain.c.obj
 .debug_line    0x00000000000002e2      0x8cd src/drivers/storage/nvme/CMakeFiles/nvme.dir/enumerate_pci.c.obj

.debug_frame    0x0000000000000000      0x300
 .debug_frame   0x0000000000000000        0x0 src/drivers/storage/nvme/CMakeFiles/nvme.dir/__/__/__/oboskrnl/driver_api/syscall_interface.asm.obj
 .debug_frame   0x0000000000000000       0xa8 src/drivers/storage/nvme/CMakeFiles/nvme.dir/dmain.c.obj
 .debug_frame   0x00000000000000a8      0x258 src/drivers/storage/nvme/CMakeFiles/nvme.dir/enumerate_pci.c.obj

.debug_loc      0x0000000000000000        0x0
 .debug_loc     0x0000000000000000        0x0 src/drivers/storage/nvme/CMakeFiles/nvme.dir/__/__/__/oboskrnl/driver_api/syscall_interface.asm.obj

.debug_str      0x0000000000000000       0x6c
 .debug_str     0x0000000000000000        0xc src/drivers/storage/nvme/CMakeFiles/nvme.dir/dmain.c.obj
 .debug_str     0x000000000000000c       0x60 src/drivers/storage/nvme/CMakeFiles/nvme.dir/enumerate_pci.c.obj

.comment        0x0000000000000000       0x12
 .comment       0x0000000000000000       0x12 src/drivers/storage/nvme/CMakeFiles/nvme.dir/dmain.c.obj
                                         0x13 (size before relaxing)
 .comment       0x0000000000000012       0x13 src/drivers/storage/nvme/CMakeFiles/nvme.dir/enumerate_pci.c.obj

.debug_rnglists
                0x0000000000000000       0x2f
 .debug_rnglists
                0x0000000000000000       0x2f src/drivers/storage/nvme/CMakeFiles/nvme.dir/enumerate_pci.c.obj
