
Memory Configuration

Name             Origin             Length             Attributes
*default*        0x0000000000000000 0xffffffffffffffff

Linker script and memory map

LOAD src/drivers/storage/nvme/CMakeFiles/nvme.dir/__/__/__/oboskrnl/driver_api/syscall_interface.asm.obj
LOAD src/drivers/storage/nvme/CMakeFiles/nvme.dir/dmain.c.obj
LOAD src/drivers/storage/nvme/CMakeFiles/nvme.dir/enumerate_pci.c.obj
                [!provide]                        PROVIDE (__executable_start = SEGMENT_START ("text-segment", 0x400000))
                0x00000000004000b0                . = (SEGMENT_START ("text-segment", 0x400000) + SIZEOF_HEADERS)

.interp
 *(.interp)

.note.gnu.build-id
 *(.note.gnu.build-id)

.hash
 *(.hash)

.gnu.hash
 *(.gnu.hash)

.dynsym
 *(.dynsym)

.dynstr
 *(.dynstr)

.gnu.version
 *(.gnu.version)

.gnu.version_d
 *(.gnu.version_d)

.gnu.version_r
 *(.gnu.version_r)

.rela.dyn       0x00000000004000b0        0x0
 *(.rela.init)
 *(.rela.text .rela.text.* .rela.gnu.linkonce.t.*)
 *(.rela.fini)
 *(.rela.rodata .rela.rodata.* .rela.gnu.linkonce.r.*)
 *(.rela.data .rela.data.* .rela.gnu.linkonce.d.*)
 *(.rela.tdata .rela.tdata.* .rela.gnu.linkonce.td.*)
 *(.rela.tbss .rela.tbss.* .rela.gnu.linkonce.tb.*)
 *(.rela.ctors)
 *(.rela.dtors)
 *(.rela.got)
 .rela.got      0x00000000004000b0        0x0 src/drivers/storage/nvme/CMakeFiles/nvme.dir/__/__/__/oboskrnl/driver_api/syscall_interface.asm.obj
 *(.rela.bss .rela.bss.* .rela.gnu.linkonce.b.*)
 *(.rela.ldata .rela.ldata.* .rela.gnu.linkonce.l.*)
 *(.rela.lbss .rela.lbss.* .rela.gnu.linkonce.lb.*)
 *(.rela.lrodata .rela.lrodata.* .rela.gnu.linkonce.lr.*)
 *(.rela.ifunc)

.rela.plt       0x00000000004000b0        0x0
 *(.rela.plt)
                [!provide]                        PROVIDE (__rela_iplt_start = .)
 *(.rela.iplt)
 .rela.iplt     0x00000000004000b0        0x0 src/drivers/storage/nvme/CMakeFiles/nvme.dir/__/__/__/oboskrnl/driver_api/syscall_interface.asm.obj
                [!provide]                        PROVIDE (__rela_iplt_end = .)

.relr.dyn
 *(.relr.dyn)

.init
 *(SORT_NONE(.init))

.plt            0x00000000004000b0        0x0
 *(.plt)
 *(.iplt)
 .iplt          0x00000000004000b0        0x0 src/drivers/storage/nvme/CMakeFiles/nvme.dir/__/__/__/oboskrnl/driver_api/syscall_interface.asm.obj

.plt.got
 *(.plt.got)

.plt.sec
 *(.plt.sec)

.text           0x00000000004000b0      0x5a4
 *(.text.unlikely .text.*_unlikely .text.unlikely.*)
 *(.text.exit .text.exit.*)
 *(.text.startup .text.startup.*)
 *(.text.hot .text.hot.*)
 *(SORT_BY_NAME(.text.sorted.*))
 *(.text .stub .text.* .gnu.linkonce.t.*)
 .text          0x00000000004000b0       0x77 src/drivers/storage/nvme/CMakeFiles/nvme.dir/__/__/__/oboskrnl/driver_api/syscall_interface.asm.obj
                0x00000000004000b0                RegisterDriver
                0x00000000004000b8                RegisterInterruptHandler
                0x00000000004000c0                PicSendEoi
                0x00000000004000c8                EnableIRQ
                0x00000000004000d0                DisableIRQ
                0x00000000004000d8                RegisterReadCallback
                0x00000000004000e0                PrintChar
                0x00000000004000e8                GetMultibootModule
                0x00000000004000f0                RegisterFileReadCallback
                0x00000000004000f8                RegisterFileExistsCallback
                0x0000000000400100                MapPhysicalTo
                0x0000000000400108                UnmapPhysicalTo
                0x0000000000400110                Printf
                0x0000000000400118                GetPhysicalAddress
                0x0000000000400120                CallSyscall
 .text          0x0000000000400127       0xa8 src/drivers/storage/nvme/CMakeFiles/nvme.dir/dmain.c.obj
                0x0000000000400127                testBit
                0x000000000040014a                memzero
                0x0000000000400186                _start
 .text          0x00000000004001cf      0x485 src/drivers/storage/nvme/CMakeFiles/nvme.dir/enumerate_pci.c.obj
                0x00000000004001cf                outb
                0x00000000004001ec                outw
                0x0000000000400209                outl
                0x0000000000400221                inb
                0x000000000040023b                inw
                0x0000000000400257                inl
                0x0000000000400270                pciReadByteRegister
                0x00000000004002fa                pciReadWordRegister
                0x0000000000400385                pciReadDwordRegister
                0x0000000000400408                pciWriteDwordRegister
                0x0000000000400487                enumerateBus
                0x00000000004005d0                enumeratePci
 *(.gnu.warning)

.fini
 *(SORT_NONE(.fini))
                [!provide]                        PROVIDE (__etext = .)
                [!provide]                        PROVIDE (_etext = .)
                [!provide]                        PROVIDE (etext = .)

.rodata
 *(.rodata .rodata.* .gnu.linkonce.r.*)

.rodata1
 *(.rodata1)

.eh_frame_hdr
 *(.eh_frame_hdr)
 *(.eh_frame_entry .eh_frame_entry.*)

.eh_frame
 *(.eh_frame)
 *(.eh_frame.*)

.sframe
 *(.sframe)
 *(.sframe.*)

.gcc_except_table
 *(.gcc_except_table .gcc_except_table.*)

.gnu_extab
 *(.gnu_extab*)

.exception_ranges
 *(.exception_ranges*)
                0x0000000000401654                . = DATA_SEGMENT_ALIGN (CONSTANT (MAXPAGESIZE), CONSTANT (COMMONPAGESIZE))

.eh_frame       0x0000000000401658      0x2b0
 *(.eh_frame)
 .eh_frame      0x0000000000401658       0xa0 src/drivers/storage/nvme/CMakeFiles/nvme.dir/dmain.c.obj
                                         0xa8 (size before relaxing)
 .eh_frame      0x00000000004016f8      0x210 src/drivers/storage/nvme/CMakeFiles/nvme.dir/enumerate_pci.c.obj
                                        0x258 (size before relaxing)
 *(.eh_frame.*)

.sframe
 *(.sframe)
 *(.sframe.*)

.gnu_extab
 *(.gnu_extab)

.gcc_except_table
 *(.gcc_except_table .gcc_except_table.*)

.exception_ranges
 *(.exception_ranges*)

.tdata          0x0000000000401908        0x0
                [!provide]                        PROVIDE (__tdata_start = .)
 *(.tdata .tdata.* .gnu.linkonce.td.*)

.tbss
 *(.tbss .tbss.* .gnu.linkonce.tb.*)
 *(.tcommon)

.preinit_array  0x0000000000401908        0x0
                [!provide]                        PROVIDE (__preinit_array_start = .)
 *(.preinit_array)
                [!provide]                        PROVIDE (__preinit_array_end = .)

.init_array     0x0000000000401908        0x0
                [!provide]                        PROVIDE (__init_array_start = .)
 *(SORT_BY_INIT_PRIORITY(.init_array.*) SORT_BY_INIT_PRIORITY(.ctors.*))
 *(.init_array EXCLUDE_FILE(*crtend?.o *crtend.o *crtbegin?.o *crtbegin.o) .ctors)
                [!provide]                        PROVIDE (__init_array_end = .)

.fini_array     0x0000000000401908        0x0
                [!provide]                        PROVIDE (__fini_array_start = .)
 *(SORT_BY_INIT_PRIORITY(.fini_array.*) SORT_BY_INIT_PRIORITY(.dtors.*))
 *(.fini_array EXCLUDE_FILE(*crtend?.o *crtend.o *crtbegin?.o *crtbegin.o) .dtors)
                [!provide]                        PROVIDE (__fini_array_end = .)

.ctors
 *crtbegin.o(.ctors)
 *crtbegin?.o(.ctors)
 *(EXCLUDE_FILE(*crtend?.o *crtend.o) .ctors)
 *(SORT_BY_NAME(.ctors.*))
 *(.ctors)

.dtors
 *crtbegin.o(.dtors)
 *crtbegin?.o(.dtors)
 *(EXCLUDE_FILE(*crtend?.o *crtend.o) .dtors)
 *(SORT_BY_NAME(.dtors.*))
 *(.dtors)

.jcr
 *(.jcr)

.data.rel.ro
 *(.data.rel.ro.local* .gnu.linkonce.d.rel.ro.local.*)
 *(.data.rel.ro .data.rel.ro.* .gnu.linkonce.d.rel.ro.*)

.dynamic
 *(.dynamic)

.got            0x0000000000401908        0x0
 *(.got)
 .got           0x0000000000401908        0x0 src/drivers/storage/nvme/CMakeFiles/nvme.dir/__/__/__/oboskrnl/driver_api/syscall_interface.asm.obj
 *(.igot)
                0x0000000000401908                . = DATA_SEGMENT_RELRO_END (., (SIZEOF (.got.plt) >= 0x18)?0x18:0x0)

.got.plt        0x0000000000401908        0x0
 *(.got.plt)
 .got.plt       0x0000000000401908        0x0 src/drivers/storage/nvme/CMakeFiles/nvme.dir/__/__/__/oboskrnl/driver_api/syscall_interface.asm.obj
 *(.igot.plt)
 .igot.plt      0x0000000000401908        0x0 src/drivers/storage/nvme/CMakeFiles/nvme.dir/__/__/__/oboskrnl/driver_api/syscall_interface.asm.obj

.data           0x0000000000401908        0x0
 *(.data .data.* .gnu.linkonce.d.*)
 .data          0x0000000000401908        0x0 src/drivers/storage/nvme/CMakeFiles/nvme.dir/dmain.c.obj
 .data          0x0000000000401908        0x0 src/drivers/storage/nvme/CMakeFiles/nvme.dir/enumerate_pci.c.obj

.data1
 *(.data1)
                0x0000000000401908                _edata = .
                [!provide]                        PROVIDE (edata = .)
                0x0000000000401908                . = .
                0x0000000000401908                __bss_start = .

.bss            0x0000000000401908        0x8
 *(.dynbss)
 *(.bss .bss.* .gnu.linkonce.b.*)
 .bss           0x0000000000401908        0x8 src/drivers/storage/nvme/CMakeFiles/nvme.dir/dmain.c.obj
                0x0000000000401908                g_abar
 .bss           0x0000000000401910        0x0 src/drivers/storage/nvme/CMakeFiles/nvme.dir/enumerate_pci.c.obj
 *(COMMON)
                0x0000000000401910                . = ALIGN ((. != 0x0)?0x8:0x1)

.lbss
 *(.dynlbss)
 *(.lbss .lbss.* .gnu.linkonce.lb.*)
 *(LARGE_COMMON)
                0x0000000000401910                . = ALIGN (0x8)
                0x0000000000401910                . = SEGMENT_START ("ldata-segment", .)

.lrodata
 *(.lrodata .lrodata.* .gnu.linkonce.lr.*)

.ldata          0x0000000000403910        0x0
 *(.ldata .ldata.* .gnu.linkonce.l.*)
                0x0000000000403910                . = ALIGN ((. != 0x0)?0x8:0x1)
                0x0000000000403910                . = ALIGN (0x8)
                0x0000000000401910                _end = .
                [!provide]                        PROVIDE (end = .)
                0x0000000000403910                . = DATA_SEGMENT_END (.)

.stab
 *(.stab)

.stabstr
 *(.stabstr)

.stab.excl
 *(.stab.excl)

.stab.exclstr
 *(.stab.exclstr)

.stab.index
 *(.stab.index)

.stab.indexstr
 *(.stab.indexstr)

.comment        0x0000000000000000       0x12
 *(.comment)
 .comment       0x0000000000000000       0x12 src/drivers/storage/nvme/CMakeFiles/nvme.dir/dmain.c.obj
                                         0x13 (size before relaxing)
 .comment       0x0000000000000012       0x13 src/drivers/storage/nvme/CMakeFiles/nvme.dir/enumerate_pci.c.obj

.gnu.build.attributes
 *(.gnu.build.attributes .gnu.build.attributes.*)

.debug
 *(.debug)

.line
 *(.line)

.debug_srcinfo
 *(.debug_srcinfo)

.debug_sfnames
 *(.debug_sfnames)

.debug_aranges  0x0000000000000000       0x90
 *(.debug_aranges)
 .debug_aranges
                0x0000000000000000       0x30 src/drivers/storage/nvme/CMakeFiles/nvme.dir/__/__/__/oboskrnl/driver_api/syscall_interface.asm.obj
 .debug_aranges
                0x0000000000000030       0x30 src/drivers/storage/nvme/CMakeFiles/nvme.dir/dmain.c.obj
 .debug_aranges
                0x0000000000000060       0x30 src/drivers/storage/nvme/CMakeFiles/nvme.dir/enumerate_pci.c.obj

.debug_pubnames
                0x0000000000000000        0x0
 *(.debug_pubnames)
 .debug_pubnames
                0x0000000000000000        0x0 src/drivers/storage/nvme/CMakeFiles/nvme.dir/__/__/__/oboskrnl/driver_api/syscall_interface.asm.obj

.debug_info     0x0000000000000000     0x1877
 *(.debug_info .gnu.linkonce.wi.*)
 .debug_info    0x0000000000000000       0x83 src/drivers/storage/nvme/CMakeFiles/nvme.dir/__/__/__/oboskrnl/driver_api/syscall_interface.asm.obj
 .debug_info    0x0000000000000083     0x109e src/drivers/storage/nvme/CMakeFiles/nvme.dir/dmain.c.obj
 .debug_info    0x0000000000001121      0x756 src/drivers/storage/nvme/CMakeFiles/nvme.dir/enumerate_pci.c.obj

.debug_abbrev   0x0000000000000000      0x2ee
 *(.debug_abbrev)
 .debug_abbrev  0x0000000000000000       0x1b src/drivers/storage/nvme/CMakeFiles/nvme.dir/__/__/__/oboskrnl/driver_api/syscall_interface.asm.obj
 .debug_abbrev  0x000000000000001b      0x1b5 src/drivers/storage/nvme/CMakeFiles/nvme.dir/dmain.c.obj
 .debug_abbrev  0x00000000000001d0      0x11e src/drivers/storage/nvme/CMakeFiles/nvme.dir/enumerate_pci.c.obj

.debug_line     0x0000000000000000      0xbaf
 *(.debug_line .debug_line.* .debug_line_end)
 .debug_line    0x0000000000000000       0x9f src/drivers/storage/nvme/CMakeFiles/nvme.dir/__/__/__/oboskrnl/driver_api/syscall_interface.asm.obj
 .debug_line    0x000000000000009f      0x243 src/drivers/storage/nvme/CMakeFiles/nvme.dir/dmain.c.obj
 .debug_line    0x00000000000002e2      0x8cd src/drivers/storage/nvme/CMakeFiles/nvme.dir/enumerate_pci.c.obj

.debug_frame    0x0000000000000000      0x300
 *(.debug_frame)
 .debug_frame   0x0000000000000000        0x0 src/drivers/storage/nvme/CMakeFiles/nvme.dir/__/__/__/oboskrnl/driver_api/syscall_interface.asm.obj
 .debug_frame   0x0000000000000000       0xa8 src/drivers/storage/nvme/CMakeFiles/nvme.dir/dmain.c.obj
 .debug_frame   0x00000000000000a8      0x258 src/drivers/storage/nvme/CMakeFiles/nvme.dir/enumerate_pci.c.obj

.debug_str      0x0000000000000000       0x6c
 *(.debug_str)
 .debug_str     0x0000000000000000        0xc src/drivers/storage/nvme/CMakeFiles/nvme.dir/dmain.c.obj
 .debug_str     0x000000000000000c       0x60 src/drivers/storage/nvme/CMakeFiles/nvme.dir/enumerate_pci.c.obj

.debug_loc      0x0000000000000000        0x0
 *(.debug_loc)
 .debug_loc     0x0000000000000000        0x0 src/drivers/storage/nvme/CMakeFiles/nvme.dir/__/__/__/oboskrnl/driver_api/syscall_interface.asm.obj

.debug_macinfo
 *(.debug_macinfo)

.debug_weaknames
 *(.debug_weaknames)

.debug_funcnames
 *(.debug_funcnames)

.debug_typenames
 *(.debug_typenames)

.debug_varnames
 *(.debug_varnames)

.debug_pubtypes
 *(.debug_pubtypes)

.debug_ranges
 *(.debug_ranges)

.debug_addr
 *(.debug_addr)

.debug_line_str
 *(.debug_line_str)

.debug_loclists
 *(.debug_loclists)

.debug_macro
 *(.debug_macro)

.debug_names
 *(.debug_names)

.debug_rnglists
                0x0000000000000000       0x2f
 *(.debug_rnglists)
 .debug_rnglists
                0x0000000000000000       0x2f src/drivers/storage/nvme/CMakeFiles/nvme.dir/enumerate_pci.c.obj

.debug_str_offsets
 *(.debug_str_offsets)

.debug_sup
 *(.debug_sup)

.gnu.attributes
 *(.gnu.attributes)

/DISCARD/
 *(.note.GNU-stack)
 *(.gnu_debuglink)
 *(.gnu.lto_*)
OUTPUT(/mnt/c/Code/obos/out/nvme elf64-x86-64)
