
Discarded input sections

 .gnu.linkonce.t._ZN4obos6memory7PageMap21computeIndexAtAddressEyh
                0x0000000000000000       0x31 src/oboskrnl/CMakeFiles/oboskrnl.dir/memory_manager/paging/x86-64/allocate.cpp.obj
 .gnu.linkonce.t._ZN4obos6Handle7getTypeEv
                0x0000000000000000       0x13 src/oboskrnl/CMakeFiles/oboskrnl.dir/multitasking/threadHandle.cpp.obj
 .gnu.linkonce.t._ZN4obos6HandleD2Ev
                0x0000000000000000       0x1d src/oboskrnl/CMakeFiles/oboskrnl.dir/multitasking/threadHandle.cpp.obj
 .gnu.linkonce.t._ZN4obos12x86_64_flagscvyEv
                0x0000000000000000       0x16 src/oboskrnl/CMakeFiles/oboskrnl.dir/multitasking/threadHandle.cpp.obj
 .gnu.linkonce.t._ZN4obos12multitasking12ThreadHandleD1Ev
                0x0000000000000000       0x35 src/oboskrnl/CMakeFiles/oboskrnl.dir/multitasking/threadHandle.cpp.obj
 .gnu.linkonce.r._ZTVN4obos12x86_64_flagsE
                0x0000000000000000       0x40 src/oboskrnl/CMakeFiles/oboskrnl.dir/multitasking/threadHandle.cpp.obj
 .gnu.linkonce.r._ZTVN4obos6HandleE
                0x0000000000000000       0x38 src/oboskrnl/CMakeFiles/oboskrnl.dir/multitasking/threadHandle.cpp.obj
 .gnu.linkonce.t._ZN4obos12x86_64_flagscvyEv
                0x0000000000000000       0x16 src/oboskrnl/CMakeFiles/oboskrnl.dir/multitasking/multitasking.cpp.obj
 .gnu.linkonce.t._ZNK4obos6memory7PageMap10getPageMapEv
                0x0000000000000000       0x15 src/oboskrnl/CMakeFiles/oboskrnl.dir/multitasking/multitasking.cpp.obj
 .gnu.linkonce.t._ZN4obos12x86_64_flagsC1Ev
                0x0000000000000000       0x29 src/oboskrnl/CMakeFiles/oboskrnl.dir/multitasking/multitasking.cpp.obj
 .gnu.linkonce.t._ZN4obos15interrupt_frameC1Ev
                0x0000000000000000       0x21 src/oboskrnl/CMakeFiles/oboskrnl.dir/multitasking/multitasking.cpp.obj
 .gnu.linkonce.t._ZN4obos12multitasking6ThreadC1Ev
                0x0000000000000000      0x100 src/oboskrnl/CMakeFiles/oboskrnl.dir/multitasking/multitasking.cpp.obj
 .gnu.linkonce.t._ZN4obos12multitasking6ThreadD1Ev
                0x0000000000000000       0x53 src/oboskrnl/CMakeFiles/oboskrnl.dir/multitasking/multitasking.cpp.obj
 .gnu.linkonce.t._ZN4obos12multitasking6ThreadD0Ev
                0x0000000000000000       0x2b src/oboskrnl/CMakeFiles/oboskrnl.dir/multitasking/multitasking.cpp.obj
 .gnu.linkonce.r._ZTVN4obos12multitasking6ThreadE
                0x0000000000000000       0x20 src/oboskrnl/CMakeFiles/oboskrnl.dir/multitasking/multitasking.cpp.obj
 .gnu.linkonce.r._ZTVN4obos12x86_64_flagsE
                0x0000000000000000       0x40 src/oboskrnl/CMakeFiles/oboskrnl.dir/multitasking/multitasking.cpp.obj
 .gnu.linkonce.t._ZN4obos12x86_64_flagscvyEv
                0x0000000000000000       0x16 src/oboskrnl/CMakeFiles/oboskrnl.dir/multitasking/thread.cpp.obj
 .gnu.linkonce.t._ZN4obos12x86_64_flagsC1Ev
                0x0000000000000000       0x29 src/oboskrnl/CMakeFiles/oboskrnl.dir/multitasking/thread.cpp.obj
 .gnu.linkonce.t._ZN4obos15interrupt_frameC1Ev
                0x0000000000000000       0x21 src/oboskrnl/CMakeFiles/oboskrnl.dir/multitasking/thread.cpp.obj
 .gnu.linkonce.t._ZN4obos12multitasking6ThreadD1Ev
                0x0000000000000000       0x53 src/oboskrnl/CMakeFiles/oboskrnl.dir/multitasking/thread.cpp.obj
 .gnu.linkonce.t._ZN4obos12multitasking6ThreadD0Ev
                0x0000000000000000       0x2b src/oboskrnl/CMakeFiles/oboskrnl.dir/multitasking/thread.cpp.obj
 .gnu.linkonce.r._ZTVN4obos12multitasking6ThreadE
                0x0000000000000000       0x20 src/oboskrnl/CMakeFiles/oboskrnl.dir/multitasking/thread.cpp.obj
 .gnu.linkonce.r._ZTVN4obos12x86_64_flagsE
                0x0000000000000000       0x40 src/oboskrnl/CMakeFiles/oboskrnl.dir/multitasking/thread.cpp.obj
 .gnu.linkonce.t._ZN4obos6Handle7getTypeEv
                0x0000000000000000       0x13 src/oboskrnl/CMakeFiles/oboskrnl.dir/multitasking/mutex/mutexHandle.cpp.obj
 .gnu.linkonce.t._ZN4obos6Handle13getReferencesEv
                0x0000000000000000       0x1a src/oboskrnl/CMakeFiles/oboskrnl.dir/multitasking/mutex/mutexHandle.cpp.obj
 .gnu.linkonce.t._ZN4obos6HandleD2Ev
                0x0000000000000000       0x1d src/oboskrnl/CMakeFiles/oboskrnl.dir/multitasking/mutex/mutexHandle.cpp.obj
 .gnu.linkonce.t._ZN4obos6HandleC2Ev
                0x0000000000000000       0x41 src/oboskrnl/CMakeFiles/oboskrnl.dir/multitasking/mutex/mutexHandle.cpp.obj
 .gnu.linkonce.t._ZN4obos12multitasking5MutexC1Ev
                0x0000000000000000       0x29 src/oboskrnl/CMakeFiles/oboskrnl.dir/multitasking/mutex/mutexHandle.cpp.obj
 .gnu.linkonce.r._ZTVN4obos6HandleE
                0x0000000000000000       0x38 src/oboskrnl/CMakeFiles/oboskrnl.dir/multitasking/mutex/mutexHandle.cpp.obj
 .gnu.linkonce.t._ZNK4obos6memory7PageMap10getPageMapEv
                0x0000000000000000       0x15 src/oboskrnl/CMakeFiles/oboskrnl.dir/process/process.cpp.obj
[...]
Memory Configuration

Name             Origin             Length             Attributes
*default*        0x0000000000000000 0xffffffffffffffff

Linker script and memory map

LOAD src/oboskrnl/CMakeFiles/oboskrnl.dir/boot/x86-64/kernel_bootstrap.asm.obj
LOAD src/oboskrnl/CMakeFiles/oboskrnl.dir/x86-64/inline-asm.asm.obj
LOAD src/oboskrnl/CMakeFiles/oboskrnl.dir/descriptors/idt/x86-64/handlers.asm.obj
LOAD src/oboskrnl/CMakeFiles/oboskrnl.dir/descriptors/idt/x86-64/idt.asm.obj
LOAD src/oboskrnl/CMakeFiles/oboskrnl.dir/utils/memcpy_x86-64.asm.obj
LOAD src/oboskrnl/CMakeFiles/oboskrnl.dir/memory_manager/paging/x86-64/init.asm.obj
LOAD src/oboskrnl/CMakeFiles/oboskrnl.dir/multitasking/multitasking_x86-64.asm.obj
LOAD src/oboskrnl/CMakeFiles/oboskrnl.dir/driver_api/interrupts.asm.obj
LOAD src/oboskrnl/CMakeFiles/oboskrnl.dir/syscalls/interrupts.asm.obj
LOAD src/oboskrnl/CMakeFiles/oboskrnl.dir/descriptors/gdt/gdt_x86-64.asm.obj
LOAD src/oboskrnl/CMakeFiles/oboskrnl.dir/driver_api/x86_64/dInterrupts.asm.obj
LOAD src/oboskrnl/CMakeFiles/oboskrnl.dir/vfs/x86_64/driverCall.asm.obj
LOAD src/oboskrnl/CMakeFiles/oboskrnl.dir/descriptors/idt/x86-64/idt.cpp.obj
LOAD src/oboskrnl/CMakeFiles/oboskrnl.dir/x86-64/exception_handlers.cpp.obj
LOAD src/oboskrnl/CMakeFiles/oboskrnl.dir/memory_manager/paging/x86-64/init.cpp.obj
LOAD src/oboskrnl/CMakeFiles/oboskrnl.dir/memory_manager/paging/x86-64/allocate.cpp.obj
LOAD src/oboskrnl/CMakeFiles/oboskrnl.dir/memory_manager/x86-64/physical.cpp.obj
LOAD src/oboskrnl/CMakeFiles/oboskrnl.dir/boot/kmain.cpp.obj
LOAD src/oboskrnl/CMakeFiles/oboskrnl.dir/console.cpp.obj
LOAD src/oboskrnl/CMakeFiles/oboskrnl.dir/klog.cpp.obj
LOAD src/oboskrnl/CMakeFiles/oboskrnl.dir/inline-asm.cpp.obj
LOAD src/oboskrnl/CMakeFiles/oboskrnl.dir/utils/bitfields.cpp.obj
LOAD src/oboskrnl/CMakeFiles/oboskrnl.dir/descriptors/idt/pic.cpp.obj
LOAD src/oboskrnl/CMakeFiles/oboskrnl.dir/external/list/list_iterator.c.obj
LOAD src/oboskrnl/CMakeFiles/oboskrnl.dir/utils/memory.cpp.obj
LOAD src/oboskrnl/CMakeFiles/oboskrnl.dir/memory_manager/paging/liballoc_hooks.cpp.obj
LOAD src/oboskrnl/CMakeFiles/oboskrnl.dir/memory_manager/liballoc/liballoc.cpp.obj
LOAD src/oboskrnl/CMakeFiles/oboskrnl.dir/multitasking/threadHandle.cpp.obj
LOAD src/oboskrnl/CMakeFiles/oboskrnl.dir/external/list/list_node.c.obj
LOAD src/oboskrnl/CMakeFiles/oboskrnl.dir/external/list/list.c.obj
LOAD src/oboskrnl/CMakeFiles/oboskrnl.dir/multitasking/multitasking.cpp.obj
LOAD src/oboskrnl/CMakeFiles/oboskrnl.dir/elf/elf.cpp.obj
LOAD src/oboskrnl/CMakeFiles/oboskrnl.dir/multitasking/thread.cpp.obj
LOAD src/oboskrnl/CMakeFiles/oboskrnl.dir/multitasking/mutex/mutex.cpp.obj
LOAD src/oboskrnl/CMakeFiles/oboskrnl.dir/multitasking/mutex/mutexHandle.cpp.obj
LOAD src/oboskrnl/CMakeFiles/oboskrnl.dir/process/process.cpp.obj
LOAD src/oboskrnl/CMakeFiles/oboskrnl.dir/driver_api/interrupts.cpp.obj
LOAD src/oboskrnl/CMakeFiles/oboskrnl.dir/driver_api/syscalls.cpp.obj
LOAD src/oboskrnl/CMakeFiles/oboskrnl.dir/syscalls/syscalls.cpp.obj
LOAD src/oboskrnl/CMakeFiles/oboskrnl.dir/external/amalgamated-dist/Zydis.c.obj
LOAD src/oboskrnl/CMakeFiles/oboskrnl.dir/descriptors/gdt/gdt.cpp.obj
LOAD src/oboskrnl/CMakeFiles/oboskrnl.dir/vfs/mount.cpp.obj
LOAD /home/omar/opt/cross/lib/gcc/x86_64-elf/11.4.0/libgcc.a
                0x0000000000100000                . = 0x100000
                0x0000000000100000                _kernel_start = .

.multiboot.data
                0x0000000000100000     0x8432
 *(.multiboot.data)
 .multiboot.data
                0x0000000000100000     0x8432 src/oboskrnl/CMakeFiles/oboskrnl.dir/boot/x86-64/kernel_bootstrap.asm.obj
                0x0000000000101000                boot_page_table1
                0x0000000000105000                boot_page_level3_map
                0x0000000000107000                boot_page_level4_map

.multiboot.text
                0x0000000000108432      0x10f
 *(.multiboot.text)
 .multiboot.text
                0x0000000000108432      0x10f src/oboskrnl/CMakeFiles/oboskrnl.dir/boot/x86-64/kernel_bootstrap.asm.obj
                0x0000000000108445                _start
                0xffffffff80108541                . = (. + 0xffffffff80000000)

.text           0xffffffff80109000    0x2784d load address 0x0000000000109000
                0xffffffff80109000                _stext = .
 *(.text)
 .text          0xffffffff80109000       0x55 src/oboskrnl/CMakeFiles/oboskrnl.dir/boot/x86-64/kernel_bootstrap.asm.obj
                0xffffffff8010903e                _ZN4obos15RestartComputerEv
                0xffffffff8010904b                idleTask
 *fill*         0xffffffff80109055        0xb 
 .text          0xffffffff80109060       0x17 src/oboskrnl/CMakeFiles/oboskrnl.dir/x86-64/inline-asm.asm.obj
                0xffffffff80109060                _Z9getEflagsv
                0xffffffff80109068                _Z6getEIPv
                0xffffffff8010906b                getEBP
                0xffffffff8010906f                _ZN4obos6memory19GetPageFaultAddressEv
                0xffffffff80109073                _ZN4obos6memory8tlbFlushEy
 *fill*         0xffffffff80109077        0x9 
 .text          0xffffffff80109080      0x213 src/oboskrnl/CMakeFiles/oboskrnl.dir/descriptors/idt/x86-64/handlers.asm.obj
                0xffffffff80109080                isr0
                0xffffffff8010908a                isr1
                0xffffffff80109094                isr2
                0xffffffff8010909e                isr3
                0xffffffff801090a8                isr4
                0xffffffff801090b2                isr5
                0xffffffff801090bc                isr6
                0xffffffff801090c6                isr7
                0xffffffff801090d0                isr8
                0xffffffff801090d8                isr9
                0xffffffff801090e2                isr10
                0xffffffff801090ea                isr11
                0xffffffff801090f2                isr12
                0xffffffff801090fa                isr13
                0xffffffff80109102                isr14
                0xffffffff8010910a                isr15
                0xffffffff80109114                isr16
                0xffffffff8010911e                isr17
                0xffffffff80109128                isr18
                0xffffffff80109132                isr19
                0xffffffff8010913c                isr20
                0xffffffff80109146                isr21
                0xffffffff8010914e                isr22
                0xffffffff80109158                isr23
                0xffffffff80109162                isr24
                0xffffffff8010916c                isr25
                0xffffffff80109176                isr26
                0xffffffff80109180                isr27
                0xffffffff8010918a                isr28
                0xffffffff80109194                isr29
                0xffffffff8010919c                isr30
                0xffffffff801091a1                isr31
                0xffffffff801091a8                isr32
                0xffffffff801091af                isr33
                0xffffffff801091b6                isr34
                0xffffffff801091bd                isr35
                0xffffffff801091c4                isr36
                0xffffffff801091cb                isr37
                0xffffffff801091d2                isr38
                0xffffffff801091d9                isr39
                0xffffffff801091e0                isr40
                0xffffffff801091e7                isr41
                0xffffffff801091ee                isr42
                0xffffffff801091f5                isr43
                0xffffffff801091fc                isr44
                0xffffffff80109203                isr45
                0xffffffff8010920a                isr46
                0xffffffff80109211                isr47
                0xffffffff80109218                isr48
                0xffffffff8010921f                isr_common_stub
 *fill*         0xffffffff80109293        0xd 
 .text          0xffffffff801092a0        0x4 src/oboskrnl/CMakeFiles/oboskrnl.dir/descriptors/idt/x86-64/idt.asm.obj
                0xffffffff801092a0                _ZN4obos8idtFlushEy
 *fill*         0xffffffff801092a4        0xc 
 .text          0xffffffff801092b0       0xd8 src/oboskrnl/CMakeFiles/oboskrnl.dir/utils/memcpy_x86-64.asm.obj
                0xffffffff801092b0                memcpy
                0xffffffff801092b0                _ZN4obos5utils6memcpyEPvPKvy
                0xffffffff801092e3                _ZN4obos5utils7memzeroEPvy
                0xffffffff801092ff                _ZN4obos5utils8dwMemsetEPjjy
                0xffffffff80109325                _ZN4obos5utils8dwMemcpyEPjPKjy
                0xffffffff80109354                memset
                0xffffffff80109354                _ZN4obos5utils6memsetEPvjy
                0xffffffff80109370                _ZN4obos5utils6strlenEPKc
 *fill*         0xffffffff80109388        0x8 
 .text          0xffffffff80109390       0x1d src/oboskrnl/CMakeFiles/oboskrnl.dir/memory_manager/paging/x86-64/init.asm.obj
                0xffffffff80109390                _ZN4obos6memory25CPUSupportsExecuteDisableEv
 *fill*         0xffffffff801093ad        0x3 
 .text          0xffffffff801093b0       0xbd src/oboskrnl/CMakeFiles/oboskrnl.dir/multitasking/multitasking_x86-64.asm.obj
                0xffffffff801093b0                _ZN4obos12multitasking15switchToTaskAsmEv
                0xffffffff80109405                _ZN4obos12multitasking20switchToUserModeTaskEv
                0xffffffff8010945a                callSwitchToTaskImpl
 *fill*         0xffffffff8010946d        0x3 
 .text          0xffffffff80109470       0x14 src/oboskrnl/CMakeFiles/oboskrnl.dir/driver_api/interrupts.asm.obj
                0xffffffff80109470                isr80
 *fill*         0xffffffff80109484        0xc 
 .text          0xffffffff80109490       0xef src/oboskrnl/CMakeFiles/oboskrnl.dir/syscalls/interrupts.asm.obj
                0xffffffff80109490                isr64
 *fill*         0xffffffff8010957f        0x1 
 .text          0xffffffff80109580       0x3c src/oboskrnl/CMakeFiles/oboskrnl.dir/descriptors/gdt/gdt_x86-64.asm.obj
                0xffffffff80109580                _ZN4obos16InitializeGDTASMEv
 *fill*         0xffffffff801095bc        0x4 
 .text          0xffffffff801095c0       0x25 src/oboskrnl/CMakeFiles/oboskrnl.dir/driver_api/x86_64/dInterrupts.asm.obj
                0xffffffff801095c0                callDriverIrqHandler
 *fill*         0xffffffff801095e5        0xb 
 .text          0xffffffff801095f0       0x28 src/oboskrnl/CMakeFiles/oboskrnl.dir/vfs/x86_64/driverCall.asm.obj
                0xffffffff801095f0                callDriverIterateCallback
 .text          0xffffffff80109618      0xb06 src/oboskrnl/CMakeFiles/oboskrnl.dir/descriptors/idt/x86-64/idt.cpp.obj
                0xffffffff80109618                _ZN4obos8IdtEntryC2Eythh
                0xffffffff80109618                _ZN4obos8IdtEntryC1Eythh
                0xffffffff801096a2                _ZN4obos13InitializeIdtEv
                0xffffffff8010a0f8                _ZN4obos24RegisterInterruptHandlerEhPFvPKNS_15interrupt_frameEE
 .text          0xffffffff8010a11e      0xd61 src/oboskrnl/CMakeFiles/oboskrnl.dir/x86-64/exception_handlers.cpp.obj
                0xffffffff8010a11e                _ZN4obos9pageFaultEPKNS_15interrupt_frameE
                0xffffffff8010a89b                _ZN4obos21debugExceptionHandlerEPKNS_15interrupt_frameE
                0xffffffff8010abe4                _ZN4obos23defaultExceptionHandlerEPKNS_15interrupt_frameE
 *fill*         0xffffffff8010ae7f        0x1 
 .text          0xffffffff8010ae80      0x420 src/oboskrnl/CMakeFiles/oboskrnl.dir/memory_manager/paging/x86-64/init.cpp.obj
                0xffffffff8010ae80                _ZN4obos6memory7PageMapC2Ev
                0xffffffff8010ae80                _ZN4obos6memory7PageMapC1Ev
                0xffffffff8010aec6                _ZN4obos6memory7PageMapC1EPy
                0xffffffff8010aec6                _ZN4obos6memory7PageMapC2EPy
                0xffffffff8010aef4                _ZN4obos6memory7PageMap23getLevel3PageMapAddressEt
                0xffffffff8010af26                _ZN4obos6memory7PageMap16getLevel3PageMapEt
                0xffffffff8010af68                _ZN4obos6memory7PageMap16getPageDirectoryEtt
                0xffffffff8010afbc                _ZN4obos6memory7PageMap24getPageDirectoryRealtiveEtt
                0xffffffff8010b000                _ZN4obos6memory7PageMap12getPageTableEttt
                0xffffffff8010b05a                _ZN4obos6memory7PageMap20getPageTableRealtiveEttt
                0xffffffff8010b0a4                _ZN4obos6memory7PageMap17getPageTableEntryEtttt
                0xffffffff8010b108                _ZN4obos6memory7PageMap21getRealPageTableEntryEtttt
                0xffffffff8010b15e                _ZN4obos6memory7PageMap12switchToThisEv
                0xffffffff8010b182                _ZN4obos6memory7PageMapD2Ev
                0xffffffff8010b182                _ZN4obos6memory7PageMapD1Ev
                0xffffffff8010b1ac                _ZN4obos6memory16InitializePagingEv
 .text          0xffffffff8010b2a0     0x1180 src/oboskrnl/CMakeFiles/oboskrnl.dir/memory_manager/paging/x86-64/allocate.cpp.obj
                0xffffffff8010b2a0                _ZN4obos6memory14kmap_pageTableEPv
                0xffffffff8010b338                _ZN4obos6memory24allocatePagingStructuresEyy
                0xffffffff8010b6a6                _ZN4obos6memory12VirtualAllocEPvyyb
                0xffffffff8010b9f7                _ZN4obos6memory11VirtualFreeEPvy
                0xffffffff8010bc9d                _ZN4obos6memory17HasVirtualAddressEPKvyb
                0xffffffff8010bf81                _ZN4obos6memory13MemoryProtectEPvyyb
                0xffffffff8010c2cc                _ZN4obos6memory13kmap_physicalEPvyS1_b
 .text          0xffffffff8010c420      0x54f src/oboskrnl/CMakeFiles/oboskrnl.dir/memory_manager/x86-64/physical.cpp.obj
                0xffffffff8010c5a2                _ZN4obos6memory31InitializePhysicalMemoryManagerEv
                0xffffffff8010c797                _ZN4obos6memory19kalloc_physicalPageEv
                0xffffffff8010c8b3                _ZN4obos6memory18kfree_physicalPageEPv
 *fill*         0xffffffff8010c96f        0x1 
 .text          0xffffffff8010c970     0x11b6 src/oboskrnl/CMakeFiles/oboskrnl.dir/boot/kmain.cpp.obj
                0xffffffff8010cbe3                _ZN4obos5kmainEP14multiboot_infoj
                0xffffffff8010d2f8                _ZN4obos8kmainThrEv
                0xffffffff8010d934                __cxa_pure_virtual
                0xffffffff8010d959                __cxa_atexit
                0xffffffff8010da00                __cxa_finalize
 .text          0xffffffff8010db26      0xd8b src/oboskrnl/CMakeFiles/oboskrnl.dir/console.cpp.obj
                0xffffffff8010ddfe                _ZN4obos17InitializeConsoleEjj
                0xffffffff8010df96                _ZN4obos15SetConsoleColorEjj
                0xffffffff8010e002                _ZN4obos15GetConsoleColorERjS0_
                0xffffffff8010e2ee                _ZN4obos13ConsoleOutputEPKcyb
                0xffffffff8010e380                _ZN4obos19ConsoleOutputStringEPKcb
                0xffffffff8010e416                _ZN4obos15ConsoleFillLineEcb
                0xffffffff8010e4a5                _ZN4obos22ConsoleOutputCharacterEcb
                0xffffffff8010e50b                _ZN4obos22ConsoleOutputCharacterEcjjb
                0xffffffff8010e5ad                _ZN4obos25SetTerminalCursorPositionEjj
                0xffffffff8010e5d0                _ZN4obos25GetTerminalCursorPositionERjS0_
                0xffffffff8010e793                _ZN4obos12ClearConsoleEv
                0xffffffff8010e813                _ZN4obos11swapBuffersEv
 .text          0xffffffff8010e8b1     0x1706 src/oboskrnl/CMakeFiles/oboskrnl.dir/klog.cpp.obj
                0xffffffff8010e9a7                _Z10strreversePci
                0xffffffff8010ea34                _Z13itoa_unsignedyPci
                0xffffffff8010eb0b                _ZN4obos22consoleOutputCharacterEhPv
                0xffffffff8010eb52                _ZN4obos8_vprintfEPFvhPvES0_PKcP13__va_list_tag
                0xffffffff8010f2b6                _ZN4obos6printfEPKcz
                0xffffffff8010f379                _ZN4obos7sprintfEPcPKcz
                0xffffffff8010f3e9                _ZN4obos7vprintfEPKcP13__va_list_tag
                0xffffffff8010f445                _ZN4obos6kpanicEPvS0_PKcz
                0xffffffff8010f601                _ZN4obos14printf_noFlushEPKcz
                0xffffffff8010f65a                _ZN4obos15printStackTraceEPvPKc
                0xffffffff8010f817                _ZN4obos11disassembleEPvPKc
                0xffffffff8010fa39                _ZN4obos7countToEPKcc
                0xffffffff8010faa7                _ZN4obos7hex2binEPKcj
                0xffffffff8010fb91                _ZN4obos9addr2funcEPvRPcRy
                0xffffffff8010fd41                _ZN4obos9addr2fileEPvRPc
                0xffffffff8010febd                _ZN4obos4randEv
                0xffffffff8010feee                _ZN4obos5srandEj
                0xffffffff8010ff1a                _ZN4obos4poopEv
 .text          0xffffffff8010ffb7      0x808 src/oboskrnl/CMakeFiles/oboskrnl.dir/inline-asm.cpp.obj
                0xffffffff8010ffb7                _Z4outbth
                0xffffffff8010ffd8                _Z4outwtt
                0xffffffff8010fff9                _Z3inbt
                0xffffffff80110017                _Z3inwt
                0xffffffff80110037                _Z7io_waitv
                0xffffffff8011004d                _Z3cliv
                0xffffffff80110062                _Z3stiv
                0xffffffff80110077                _Z3hltv
                0xffffffff8011007f                _Z4_inth
                0xffffffff8011073b                _ZN4obos18EnterKernelSectionEv
                0xffffffff80110759                _ZN4obos18LeaveKernelSectionEv
                0xffffffff80110795                _ZN4obos12EnterSyscallEv
                0xffffffff801107aa                _ZN4obos11ExitSyscallEv
 *fill*         0xffffffff801107bf        0x1 
 .text          0xffffffff801107c0      0x427 src/oboskrnl/CMakeFiles/oboskrnl.dir/utils/bitfields.cpp.obj
                0xffffffff801107c0                _ZN4obos5utils12BitfieldBaseC2Ev
                0xffffffff801107c0                _ZN4obos5utils12BitfieldBaseC1Ev
                0xffffffff801107ea                _ZN4obos5utils12BitfieldBase6setBitEy
                0xffffffff80110814                _ZN4obos5utils12BitfieldBase8clearBitEy
                0xffffffff80110842                _ZNK4obos5utils12BitfieldBase6getBitEy
                0xffffffff80110868                _ZNK4obos5utils12BitfieldBaseixEy
                0xffffffff80110898                _ZN4obos5utils12BitfieldBasecvyEv
                0xffffffff801108ae                _ZN4obos5utils12BitfieldBasecvbEv
                0xffffffff801108d0                _ZN4obos5utils8BitfieldC2Ev
                0xffffffff801108d0                _ZN4obos5utils8BitfieldC1Ev
                0xffffffff801108fa                _ZN4obos5utils8Bitfield6setBitEh
                0xffffffff80110938                _ZN4obos5utils8Bitfield8clearBitEh
                0xffffffff80110976                _ZNK4obos5utils8Bitfield6getBitEh
                0xffffffff801109c6                _ZNK4obos5utils8BitfieldixEh
                0xffffffff801109f6                _ZN4obos5utils8BitfieldcvbEv
                0xffffffff80110a10                _ZN4obos5utils15IntegerBitfieldC2Ev
                0xffffffff80110a10                _ZN4obos5utils15IntegerBitfieldC1Ev
                0xffffffff80110a3a                _ZN4obos5utils15IntegerBitfieldC1Ey
                0xffffffff80110a3a                _ZN4obos5utils15IntegerBitfieldC2Ey
                0xffffffff80110a74                _ZN4obos5utils15IntegerBitfield11setBitfieldEy
                0xffffffff80110a93                _ZN4obos5utils16setBitInBitfieldERjh
                0xffffffff80110ac4                _ZN4obos5utils18clearBitInBitfieldERjh
                0xffffffff80110af7                _ZN4obos5utils17testBitInBitfieldEjh
                0xffffffff80110b36                _ZN4obos5utils16setBitInBitfieldERyh
                0xffffffff80110b6c                _ZN4obos5utils18clearBitInBitfieldERyh
                0xffffffff80110ba5                _ZN4obos5utils17testBitInBitfieldEyh
 *fill*         0xffffffff80110be7        0x1 
 .text          0xffffffff80110be8      0x4e2 src/oboskrnl/CMakeFiles/oboskrnl.dir/descriptors/idt/pic.cpp.obj
                0xffffffff80110be8                _ZN4obos3PicC2Ett
                0xffffffff80110be8                _ZN4obos3PicC1Ett
                0xffffffff80110c36                _ZN4obos3Pic8setPortsEtt
                0xffffffff80110c72                _ZN4obos3Pic15sendCommandByteEh
                0xffffffff80110cba                _ZN4obos3Pic15sendCommandWordEt
                0xffffffff80110d04                _ZN4obos3Pic12sendDataByteEh
                0xffffffff80110d4e                _ZN4obos3Pic12sendDataWordEt
                0xffffffff80110d98                _ZN4obos3Pic15recvCommandByteEv
                0xffffffff80110dce                _ZN4obos3Pic15recvCommandWordEv
                0xffffffff80110e04                _ZN4obos3Pic12recvDataByteEv
                0xffffffff80110e3c                _ZN4obos3Pic12recvDataWordEv
                0xffffffff80110e74                _ZN4obos3Pic7sendEOIEv
                0xffffffff80110e98                _ZN4obos3Pic5remapEhh
                0xffffffff80110efc                _ZN4obos3Pic9enableIrqEh
                0xffffffff80110f56                _ZN4obos3Pic10disableIrqEh
                0xffffffff80110fb0                _ZN4obos3Pic7disableEv
                0xffffffff80110fd4                _ZN4obos3Pic15issuedInterruptEh
                0xffffffff80111022                _ZN4obos7SendEOIEh
 .text          0xffffffff801110ca       0xed src/oboskrnl/CMakeFiles/oboskrnl.dir/external/list/list_iterator.c.obj
                0xffffffff801110ca                list_iterator_new
                0xffffffff80111107                list_iterator_new_from_node
                0xffffffff8011114d                list_iterator_next
                0xffffffff80111194                list_iterator_destroy
 .text          0xffffffff801111b7      0x237 src/oboskrnl/CMakeFiles/oboskrnl.dir/utils/memory.cpp.obj
                0xffffffff801111b7                memcmp
                0xffffffff801111e4                _ZN4obos5utils6memcmpEPKvS2_y
                0xffffffff801112d9                _ZN4obos5utils6memchrEPvhy
                0xffffffff8011135b                _ZN4obos5utils6memchrEPKvhy
                0xffffffff80111388                _ZN4obos5utils6strcmpEPKcS2_
 .text          0xffffffff801113ee      0x1bf src/oboskrnl/CMakeFiles/oboskrnl.dir/memory_manager/paging/liballoc_hooks.cpp.obj
                0xffffffff801113ee                liballoc_alloc
                0xffffffff8011144a                liballoc_free
                0xffffffff80111481                liballoc_lock
                0xffffffff80111491                liballoc_unlock
                0xffffffff801114a1                _Znwm
                0xffffffff801114cd                _Znam
                0xffffffff801114e7                _ZdlPv
                0xffffffff80111502                _ZdaPv
                0xffffffff8011151d                _ZdlPvm
                0xffffffff8011153c                _ZdaPvm
                0xffffffff8011155b                _ZnwmPv
                0xffffffff80111571                _ZnamPv
                0xffffffff80111587                _ZdlPvS_
                0xffffffff8011159a                _ZdaPvS_
 .text          0xffffffff801115ad      0x693 src/oboskrnl/CMakeFiles/oboskrnl.dir/memory_manager/liballoc/liballoc.cpp.obj
                0xffffffff801115ad                _Z20allocateNewPageBlocky
                0xffffffff8011169e                _Z13freePageBlockP9pageBlock
                0xffffffff80111734                _Z14allocate_mutexv
                0xffffffff8011177c                kmalloc
                0xffffffff801119c3                kcalloc
                0xffffffff80111a07                krealloc
                0xffffffff80111a9d                kfree
 .text          0xffffffff80111c40      0xf1e src/oboskrnl/CMakeFiles/oboskrnl.dir/multitasking/threadHandle.cpp.obj
                0xffffffff80111c40                _ZN4obos12multitasking12ThreadHandleC1Ev
                0xffffffff80111c40                _ZN4obos12multitasking12ThreadHandleC2Ev
                0xffffffff80111ca6                _ZN4obos12multitasking12ThreadHandle12CreateThreadENS0_6Thread10priority_tEPFvPvES4_jy
                0xffffffff80111d3c                _ZN4obos12multitasking12ThreadHandle10OpenThreadEj
                0xffffffff80111df4                _ZN4obos12multitasking12ThreadHandle10OpenThreadEPNS0_6ThreadE
                0xffffffff80111e8a                _ZN4obos12multitasking12ThreadHandle11PauseThreadEb
                0xffffffff80111f2c                _ZN4obos12multitasking12ThreadHandle12ResumeThreadEv
                0xffffffff80111f8a                _ZN4obos12multitasking12ThreadHandle17SetThreadPriorityENS0_6Thread10priority_tE
                0xffffffff80112144                _ZN4obos12multitasking12ThreadHandle15SetThreadStatusEj
                0xffffffff801121fc                _ZN4obos12multitasking12ThreadHandle15TerminateThreadEj
                0xffffffff80112338                _ZN4obos12multitasking12ThreadHandle6GetTidEv
                0xffffffff80112366                _ZN4obos12multitasking12ThreadHandle11GetExitCodeEv
                0xffffffff801123c2                _ZN4obos12multitasking12ThreadHandle17GetThreadPriorityEv
                0xffffffff80112406                _ZN4obos12multitasking12ThreadHandle15GetThreadStatusEv
                0xffffffff801124b8                _ZN4obos12multitasking12ThreadHandle17WaitForThreadExitEv
                0xffffffff80112676                _ZN4obos12multitasking12ThreadHandle25WaitForThreadStatusChangeEj
                0xffffffff801127ba                _ZN4obos12multitasking12ThreadHandle9duplicateEv
                0xffffffff8011286e                _ZN4obos12multitasking12ThreadHandle11closeHandleEv
                0xffffffff80112a25                _ZN4obos12multitasking10ExitThreadEj
                0xffffffff80112ad9                _ZN4obos12multitasking19GetCurrentThreadTidEv
                0xffffffff80112afc                _ZN4obos12multitasking24GetCurrentThreadPriorityEv
                0xffffffff80112b0c                _ZN4obos12multitasking22GetCurrentThreadStatusEv
                0xffffffff80112b1c                _ZN4obos12multitasking22GetCurrentThreadHandleEv
 .text          0xffffffff80112b5e       0x51 src/oboskrnl/CMakeFiles/oboskrnl.dir/external/list/list_node.c.obj
                0xffffffff80112b5e                list_node_new
 .text          0xffffffff80112baf      0x58a src/oboskrnl/CMakeFiles/oboskrnl.dir/external/list/list.c.obj
                0xffffffff80112baf                list_new
                0xffffffff80112c13                list_destroy
                0xffffffff80112c94                list_rpush
                0xffffffff80112d46                list_rpop
                0xffffffff80112dea                list_lpop
                0xffffffff80112e89                list_lpush
                0xffffffff80112f37                list_find
                0xffffffff80112fe7                list_at
                0xffffffff80113087                list_remove
 *fill*         0xffffffff80113139        0x7 
 .text          0xffffffff80113140      0x70b src/oboskrnl/CMakeFiles/oboskrnl.dir/multitasking/multitasking.cpp.obj
                0xffffffff80113140                _ZN4obos12multitasking10canRanTaskEPNS0_6ThreadE
                0xffffffff80113340                _ZN4obos12multitasking12switchToTaskEPNS0_6ThreadE
                0xffffffff801133d0                _ZN4obos12multitasking11findNewTaskEPKNS_15interrupt_frameE
                0xffffffff80113600                _ZN4obos12multitasking15SetPITFrequencyEt
                0xffffffff80113660                _ZN4obos12multitasking10DisablePITEv
                0xffffffff80113680                _ZN4obos12multitasking22InitializeMultitaskingEv
 .text          0xffffffff8011384b      0x297 src/oboskrnl/CMakeFiles/oboskrnl.dir/elf/elf.cpp.obj
                0xffffffff80113a19                _ZN4obos9elfLoader11LoadElfFileEPhyRyS2_b
 .text          0xffffffff80113ae2      0x442 src/oboskrnl/CMakeFiles/oboskrnl.dir/multitasking/thread.cpp.obj
                0xffffffff80113ae2                _ZN4obos12multitasking6ThreadC1ENS1_10priority_tEPFvPvES3_jy
                0xffffffff80113ae2                _ZN4obos12multitasking6ThreadC2ENS1_10priority_tEPFvPvES3_jy
                0xffffffff80113c18                _ZN4obos12multitasking6Thread12CreateThreadENS1_10priority_tEPFvPvES3_jy
 .text          0xffffffff80113f24      0x18d src/oboskrnl/CMakeFiles/oboskrnl.dir/multitasking/mutex/mutex.cpp.obj
                0xffffffff80113f24                _ZN4obos12multitasking17MutexLockCallbackEPNS0_6ThreadEPv
                0xffffffff80113f64                _ZN4obos12multitasking5Mutex4LockEb
                0xffffffff80114036                _ZN4obos12multitasking5Mutex6UnlockEv
                0xffffffff80114088                _ZN4obos12multitasking5MutexD2Ev
                0xffffffff80114088                _ZN4obos12multitasking5MutexD1Ev
 *fill*         0xffffffff801140b1        0x1 
 .text          0xffffffff801140b2      0x2db src/oboskrnl/CMakeFiles/oboskrnl.dir/multitasking/mutex/mutexHandle.cpp.obj
                0xffffffff801140b2                _ZN4obos12multitasking11MutexHandleC2Ev
                0xffffffff801140b2                _ZN4obos12multitasking11MutexHandleC1Ev
                0xffffffff8011415a                _ZN4obos12multitasking11MutexHandle9duplicateEv
                0xffffffff801141e0                _ZN4obos12multitasking11MutexHandle11closeHandleEv
                0xffffffff80114288                _ZN4obos12multitasking11MutexHandle4LockEb
                0xffffffff801142d4                _ZN4obos12multitasking11MutexHandle6UnlockEv
                0xffffffff8011430a                _ZN4obos12multitasking11MutexHandle8IsLockedEv
                0xffffffff8011432c                _ZN4obos12multitasking11MutexHandleD2Ev
                0xffffffff8011432c                _ZN4obos12multitasking11MutexHandleD1Ev
                0xffffffff80114362                _ZN4obos12multitasking11MutexHandleD0Ev
 *fill*         0xffffffff8011438d        0x1 
 .text          0xffffffff8011438e      0xb67 src/oboskrnl/CMakeFiles/oboskrnl.dir/process/process.cpp.obj
                0xffffffff8011438e                _ZN4obos7process7ProcessC1Ev
                0xffffffff8011438e                _ZN4obos7process7ProcessC2Ev
                0xffffffff80114403                _ZN4obos7process16DriverEntryPointEPv
                0xffffffff8011455e                _ZN4obos7process7Process13CreateProcessEPhyPvb
                0xffffffff80114adc                _ZN4obos7process7Process16TerminateProcessEj
                0xffffffff80114d68                _ZN4obos7process7Process15doContextSwitchEv
                0xffffffff80114d86                _ZN4obos7process7Process21UncommitProcessMemoryEv
 .text          0xffffffff80114ef5       0x8c src/oboskrnl/CMakeFiles/oboskrnl.dir/driver_api/interrupts.cpp.obj
                0xffffffff80114ef5                _Z10do_nothingv
                0xffffffff80114f00                _ZN4obos9driverAPI20ResetSyscallHandlersEv
                0xffffffff80114f36                _ZN4obos9driverAPI22RegisterSyscallHandlerEhy
                0xffffffff80114f5c                _ZN4obos9driverAPI24UnregisterSyscallHandlerEh
 .text          0xffffffff80114f81      0xf6a src/oboskrnl/CMakeFiles/oboskrnl.dir/driver_api/syscalls.cpp.obj
                0xffffffff80114f81                _ZN4obos9driverAPI16RegisterSyscallsEv
 .text          0xffffffff80115eeb     0x1ab3 src/oboskrnl/CMakeFiles/oboskrnl.dir/syscalls/syscalls.cpp.obj
                0xffffffff80115fb3                _ZN4obos7process16RegisterSyscallsEv
 .text          0xffffffff8011799e    0x186ee src/oboskrnl/CMakeFiles/oboskrnl.dir/external/amalgamated-dist/Zydis.c.obj
                0xffffffff80119e43                ZydisDecodeOperands
                0xffffffff8011eda7                ZydisDecoderInit
                0xffffffff8011ee3b                ZydisDecoderEnableMode
                0xffffffff8011ee79                ZydisDecoderDecodeFull
                0xffffffff8011efa8                ZydisDecoderDecodeInstruction
                0xffffffff8011f10a                ZydisDecoderDecodeOperands
                0xffffffff8011f1b8                ZydisDecoderTreeGetChildNode
                0xffffffff8011f7c2                ZydisGetInstructionEncodingInfo
                0xffffffff801245e6                ZydisBuildRegisterOperand
                0xffffffff80125709                ZydisEncoderEncodeInstruction
                0xffffffff8012576e                ZydisEncoderEncodeInstructionAbsolute
                0xffffffff80125d95                ZydisEncoderDecodedInstructionToEncoderRequest
                0xffffffff80126340                ZydisEncoderNopFill
                0xffffffff801263c6                ZydisGetRelInfo
                0xffffffff8012647a                ZydisGetEncodableInstructions
                0xffffffff80126bd4                ZydisFormatterBufferInit
                0xffffffff80126c65                ZydisFormatterBufferInitTokenized
                0xffffffff80126d24                ZydisFormatterInit
                0xffffffff80126d6d                ZydisFormatterSetProperty
                0xffffffff80127428                ZydisFormatterSetHook
                0xffffffff801274f3                ZydisFormatterFormatInstruction
                0xffffffff801276b0                ZydisFormatterFormatOperand
                0xffffffff80127951                ZydisFormatterTokenizeInstruction
                0xffffffff80127b57                ZydisFormatterTokenizeOperand
                0xffffffff80127e47                ZydisFormatterATTFormatInstruction
                0xffffffff80128556                ZydisFormatterATTFormatOperandMEM
                0xffffffff80128a12                ZydisFormatterATTPrintMnemonic
                0xffffffff80128d82                ZydisFormatterATTPrintRegister
                0xffffffff80128e48                ZydisFormatterATTPrintAddressABS
                0xffffffff80128ee9                ZydisFormatterATTPrintDISP
                0xffffffff80129251                ZydisFormatterATTPrintIMM
                0xffffffff801292d4                ZydisFormatterHelperGetExplicitSize
                0xffffffff801294ce                ZydisFormatterBaseFormatOperandREG
                0xffffffff8012950c                ZydisFormatterBaseFormatOperandPTR
                0xffffffff801298e7                ZydisFormatterBaseFormatOperandIMM
                0xffffffff801299a0                ZydisFormatterBasePrintAddressABS
                0xffffffff80129bf1                ZydisFormatterBasePrintAddressREL
                0xffffffff80129fff                ZydisFormatterBasePrintIMM
                0xffffffff8012a464                ZydisFormatterBasePrintSegment
                0xffffffff8012a64e                ZydisFormatterBasePrintPrefixes
                0xffffffff8012b5cf                ZydisFormatterBasePrintDecorator
                0xffffffff8012cac2                ZydisFormatterTokenGetValue
                0xffffffff8012cb15                ZydisFormatterTokenNext
                0xffffffff8012cb76                ZydisFormatterBufferGetToken
                0xffffffff8012cbca                ZydisFormatterBufferGetString
                0xffffffff8012cc2a                ZydisFormatterBufferAppend
                0xffffffff8012cd4e                ZydisFormatterBufferRemember
                0xffffffff8012cda8                ZydisFormatterBufferRestore
                0xffffffff8012ce69                ZydisFormatterIntelFormatInstruction
                0xffffffff8012d57a                ZydisFormatterIntelFormatOperandMEM
                0xffffffff8012da52                ZydisFormatterIntelPrintMnemonic
                0xffffffff8012dbfe                ZydisFormatterIntelPrintRegister
                0xffffffff8012dce0                ZydisFormatterIntelPrintDISP
                0xffffffff8012e1ae                ZydisFormatterIntelPrintTypecast
                0xffffffff8012e608                ZydisFormatterIntelFormatInstructionMASM
                0xffffffff8012e641                ZydisFormatterIntelPrintAddressMASM
                0xffffffff8012e8da                ZydisCategoryGetString
                0xffffffff8012e8ff                ZydisISASetGetString
                0xffffffff8012e927                ZydisISAExtGetString
                0xffffffff8012e94c                ZydisMnemonicGetString
                0xffffffff8012e97f                ZydisMnemonicGetStringWrapped
                0xffffffff8012e9af                ZydisRegisterEncode
                0xffffffff8012ea2d                ZydisRegisterGetId
                0xffffffff8012ea63                ZydisRegisterGetClass
                0xffffffff8012ea98                ZydisRegisterGetWidth
                0xffffffff8012eaf2                ZydisRegisterGetLargestEnclosing
                0xffffffff8012ebf0                ZydisRegisterGetString
                0xffffffff8012ec23                ZydisRegisterGetStringWrapped
                0xffffffff8012ec53                ZydisRegisterClassGetWidth
                0xffffffff8012ecaa                ZydisGetInstructionSegments
                0xffffffff8012f269                ZydisGetInstructionDefinition
                0xffffffff8012f36e                ZydisGetOperandDefinitions
                0xffffffff8012f3d5                ZydisGetElementInfo
                0xffffffff8012f40d                ZydisGetAccessedFlags
                0xffffffff8012f47e                ZydisStringAppendDecU64
                0xffffffff8012f664                ZydisStringAppendHexU64
                0xffffffff8012f8f2                ZydisStringAppendDecU
                0xffffffff8012f981                ZydisStringAppendHexU
                0xffffffff8012fa1c                ZydisCalcAbsoluteAddress
                0xffffffff8012fc38                ZydisCalcAbsoluteAddressEx
                0xffffffff8012fd93                ZydisGetVersion
                0xffffffff8012fda3                ZydisIsFeatureEnabled
                0xffffffff8013000c                ZydisDisassembleIntel
                0xffffffff8013004c                ZydisDisassembleATT
 .text          0xffffffff8013008c       0xf2 src/oboskrnl/CMakeFiles/oboskrnl.dir/descriptors/gdt/gdt.cpp.obj
                0xffffffff8013008c                _ZN4obos13InitializeGdtEv
                0xffffffff80130164                _ZN4obos11SetTSSStackEPv
 .text          0xffffffff8013017e      0x6a5 src/oboskrnl/CMakeFiles/oboskrnl.dir/vfs/mount.cpp.obj
                0xffffffff80130404                _ZN4obos3vfs10MountDriveEtNS0_10mountFlagsEyy
                0xffffffff801306d6                _ZN4obos3vfs12UnmountDriveEt
                0xffffffff80130823                _glb_text_start = .
 *(.glb.text)
 .glb.text      0xffffffff80130823       0x2a src/oboskrnl/CMakeFiles/oboskrnl.dir/process/process.cpp.obj
                0xffffffff80130823                _ZN4obos7process14ProcEntryPointEPv
                0xffffffff8013084d                _glb_text_end = .
                0xffffffff8013084d                __etext = .

.iplt           0xffffffff8013084d        0x0 load address 0x000000000013084d
 .iplt          0xffffffff8013084d        0x0 src/oboskrnl/CMakeFiles/oboskrnl.dir/boot/x86-64/kernel_bootstrap.asm.obj

.gnu.linkonce.t._ZN4obos12x86_64_flagscvyEv
                0xffffffff8013084e       0x16 load address 0x000000000013084e
 .gnu.linkonce.t._ZN4obos12x86_64_flagscvyEv
                0xffffffff8013084e       0x16 src/oboskrnl/CMakeFiles/oboskrnl.dir/x86-64/exception_handlers.cpp.obj
                0xffffffff8013084e                _ZN4obos12x86_64_flagscvyEv

.gnu.linkonce.t._ZN4obos6memory7PageMap21computeIndexAtAddressEyh
                0xffffffff80130864       0x31 load address 0x0000000000130864
 .gnu.linkonce.t._ZN4obos6memory7PageMap21computeIndexAtAddressEyh
                0xffffffff80130864       0x31 src/oboskrnl/CMakeFiles/oboskrnl.dir/x86-64/exception_handlers.cpp.obj
                0xffffffff80130864                _ZN4obos6memory7PageMap21computeIndexAtAddressEyh

.gnu.linkonce.t._ZN4obos5utils12BitfieldBaseC2ERKS1_
                0xffffffff80130896       0x31 load address 0x0000000000130896
 .gnu.linkonce.t._ZN4obos5utils12BitfieldBaseC2ERKS1_
                0xffffffff80130896       0x31 src/oboskrnl/CMakeFiles/oboskrnl.dir/x86-64/exception_handlers.cpp.obj
                0xffffffff80130896                _ZN4obos5utils12BitfieldBaseC2ERKS1_

.gnu.linkonce.t._ZN4obos12x86_64_flagsC1ERKS0_
                0xffffffff801308c8       0x34 load address 0x00000000001308c8
 .gnu.linkonce.t._ZN4obos12x86_64_flagsC1ERKS0_
                0xffffffff801308c8       0x34 src/oboskrnl/CMakeFiles/oboskrnl.dir/x86-64/exception_handlers.cpp.obj
                0xffffffff801308c8                _ZN4obos12x86_64_flagsC1ERKS0_

.gnu.linkonce.t._ZNK4obos6memory7PageMap10getPageMapEv
                0xffffffff801308fc       0x15 load address 0x00000000001308fc
 .gnu.linkonce.t._ZNK4obos6memory7PageMap10getPageMapEv
                0xffffffff801308fc       0x15 src/oboskrnl/CMakeFiles/oboskrnl.dir/memory_manager/paging/x86-64/init.cpp.obj
                0xffffffff801308fc                _ZNK4obos6memory7PageMap10getPageMapEv

.gnu.linkonce.t._ZN4obos7process7Process14allocatedBlockC1Ev
                0xffffffff80130912       0x26 load address 0x0000000000130912
 .gnu.linkonce.t._ZN4obos7process7Process14allocatedBlockC1Ev
                0xffffffff80130912       0x26 src/oboskrnl/CMakeFiles/oboskrnl.dir/memory_manager/paging/x86-64/allocate.cpp.obj
                0xffffffff80130912                _ZN4obos7process7Process14allocatedBlockC1Ev

.gnu.linkonce.t._ZN4obos6Handle7getTypeEv
                0xffffffff80130938       0x13 load address 0x0000000000130938
 .gnu.linkonce.t._ZN4obos6Handle7getTypeEv
                0xffffffff80130938       0x13 src/oboskrnl/CMakeFiles/oboskrnl.dir/boot/kmain.cpp.obj
                0xffffffff80130938                _ZN4obos6Handle7getTypeEv

.gnu.linkonce.t._ZN4obos6HandleD2Ev
                0xffffffff8013094c       0x1d load address 0x000000000013094c
 .gnu.linkonce.t._ZN4obos6HandleD2Ev
                0xffffffff8013094c       0x1d src/oboskrnl/CMakeFiles/oboskrnl.dir/boot/kmain.cpp.obj
                0xffffffff8013094c                _ZN4obos6HandleD2Ev

.gnu.linkonce.t._ZN4obos12multitasking12ThreadHandleD1Ev
                0xffffffff8013096a       0x35 load address 0x000000000013096a
 .gnu.linkonce.t._ZN4obos12multitasking12ThreadHandleD1Ev
                0xffffffff8013096a       0x35 src/oboskrnl/CMakeFiles/oboskrnl.dir/boot/kmain.cpp.obj
                0xffffffff8013096a                _ZN4obos12multitasking12ThreadHandleD1Ev

.gnu.linkonce.t._ZN4obos12multitasking5Mutex8IsLockedEv
                0xffffffff801309a0       0x15 load address 0x00000000001309a0
 .gnu.linkonce.t._ZN4obos12multitasking5Mutex8IsLockedEv
                0xffffffff801309a0       0x15 src/oboskrnl/CMakeFiles/oboskrnl.dir/memory_manager/liballoc/liballoc.cpp.obj
                0xffffffff801309a0                _ZN4obos12multitasking5Mutex8IsLockedEv

.gnu.linkonce.t._ZN9safe_lockC1EPN4obos12multitasking5MutexE
                0xffffffff801309b6       0x29 load address 0x00000000001309b6
 .gnu.linkonce.t._ZN9safe_lockC1EPN4obos12multitasking5MutexE
                0xffffffff801309b6       0x29 src/oboskrnl/CMakeFiles/oboskrnl.dir/memory_manager/liballoc/liballoc.cpp.obj
                0xffffffff801309b6                _ZN9safe_lockC1EPN4obos12multitasking5MutexE

.gnu.linkonce.t._ZN9safe_lock4LockEb
                0xffffffff801309e0       0x4a load address 0x00000000001309e0
 .gnu.linkonce.t._ZN9safe_lock4LockEb
                0xffffffff801309e0       0x4a src/oboskrnl/CMakeFiles/oboskrnl.dir/memory_manager/liballoc/liballoc.cpp.obj
                0xffffffff801309e0                _ZN9safe_lock4LockEb

.gnu.linkonce.t._ZN9safe_lock6UnlockEv
                0xffffffff80130a2a       0x2a load address 0x0000000000130a2a
 .gnu.linkonce.t._ZN9safe_lock6UnlockEv
                0xffffffff80130a2a       0x2a src/oboskrnl/CMakeFiles/oboskrnl.dir/memory_manager/liballoc/liballoc.cpp.obj
                0xffffffff80130a2a                _ZN9safe_lock6UnlockEv

.gnu.linkonce.t._ZN9safe_lockD1Ev
                0xffffffff80130a54       0x1b load address 0x0000000000130a54
 .gnu.linkonce.t._ZN9safe_lockD1Ev
                0xffffffff80130a54       0x1b src/oboskrnl/CMakeFiles/oboskrnl.dir/memory_manager/liballoc/liballoc.cpp.obj
                0xffffffff80130a54                _ZN9safe_lockD1Ev

.gnu.linkonce.t._ZN4obos12multitasking5MutexC1Ev
                0xffffffff80130a70       0x29 load address 0x0000000000130a70
 .gnu.linkonce.t._ZN4obos12multitasking5MutexC1Ev
                0xffffffff80130a70       0x29 src/oboskrnl/CMakeFiles/oboskrnl.dir/memory_manager/liballoc/liballoc.cpp.obj
                0xffffffff80130a70                _ZN4obos12multitasking5MutexC1Ev

.gnu.linkonce.t._ZN4obos6Handle13getReferencesEv
                0xffffffff80130a9a       0x1a load address 0x0000000000130a9a
 .gnu.linkonce.t._ZN4obos6Handle13getReferencesEv
                0xffffffff80130a9a       0x1a src/oboskrnl/CMakeFiles/oboskrnl.dir/multitasking/threadHandle.cpp.obj
                0xffffffff80130a9a                _ZN4obos6Handle13getReferencesEv

.gnu.linkonce.t._ZN4obos12x86_64_flagsC1Ev
                0xffffffff80130ab4       0x29 load address 0x0000000000130ab4
 .gnu.linkonce.t._ZN4obos12x86_64_flagsC1Ev
                0xffffffff80130ab4       0x29 src/oboskrnl/CMakeFiles/oboskrnl.dir/multitasking/threadHandle.cpp.obj
                0xffffffff80130ab4                _ZN4obos12x86_64_flagsC1Ev

.gnu.linkonce.t._ZN4obos15interrupt_frameC1Ev
                0xffffffff80130ade       0x21 load address 0x0000000000130ade
 .gnu.linkonce.t._ZN4obos15interrupt_frameC1Ev
                0xffffffff80130ade       0x21 src/oboskrnl/CMakeFiles/oboskrnl.dir/multitasking/threadHandle.cpp.obj
                0xffffffff80130ade                _ZN4obos15interrupt_frameC1Ev

.gnu.linkonce.t._ZN4obos12multitasking6ThreadC1Ev
                0xffffffff80130b00      0x100 load address 0x0000000000130b00
 .gnu.linkonce.t._ZN4obos12multitasking6ThreadC1Ev
                0xffffffff80130b00      0x100 src/oboskrnl/CMakeFiles/oboskrnl.dir/multitasking/threadHandle.cpp.obj
                0xffffffff80130b00                _ZN4obos12multitasking6ThreadC1Ev

.gnu.linkonce.t._ZN4obos12multitasking6ThreadD1Ev
                0xffffffff80130c00       0x53 load address 0x0000000000130c00
 .gnu.linkonce.t._ZN4obos12multitasking6ThreadD1Ev
                0xffffffff80130c00       0x53 src/oboskrnl/CMakeFiles/oboskrnl.dir/multitasking/threadHandle.cpp.obj
                0xffffffff80130c00                _ZN4obos12multitasking6ThreadD1Ev

.gnu.linkonce.t._ZN4obos12multitasking6ThreadD0Ev
                0xffffffff80130c54       0x2b load address 0x0000000000130c54
 .gnu.linkonce.t._ZN4obos12multitasking6ThreadD0Ev
                0xffffffff80130c54       0x2b src/oboskrnl/CMakeFiles/oboskrnl.dir/multitasking/threadHandle.cpp.obj
                0xffffffff80130c54                _ZN4obos12multitasking6ThreadD0Ev

.gnu.linkonce.t._ZN4obos12multitasking12ThreadHandle7getTypeEv
                0xffffffff80130c80       0x13 load address 0x0000000000130c80
 .gnu.linkonce.t._ZN4obos12multitasking12ThreadHandle7getTypeEv
                0xffffffff80130c80       0x13 src/oboskrnl/CMakeFiles/oboskrnl.dir/multitasking/threadHandle.cpp.obj
                0xffffffff80130c80                _ZN4obos12multitasking12ThreadHandle7getTypeEv

.gnu.linkonce.t._ZN4obos12multitasking12ThreadHandleD0Ev
                0xffffffff80130c94       0x2b load address 0x0000000000130c94
 .gnu.linkonce.t._ZN4obos12multitasking12ThreadHandleD0Ev
                0xffffffff80130c94       0x2b src/oboskrnl/CMakeFiles/oboskrnl.dir/multitasking/threadHandle.cpp.obj
                0xffffffff80130c94                _ZN4obos12multitasking12ThreadHandleD0Ev

.gnu.linkonce.t._ZN4obos6HandleC2Ev
                0xffffffff80130cc0       0x41 load address 0x0000000000130cc0
 .gnu.linkonce.t._ZN4obos6HandleC2Ev
                0xffffffff80130cc0       0x41 src/oboskrnl/CMakeFiles/oboskrnl.dir/multitasking/threadHandle.cpp.obj
                0xffffffff80130cc0                _ZN4obos6HandleC2Ev

.gnu.linkonce.t._ZN4obos12x86_64_flagsC1Ey
                0xffffffff80130d10       0x39 load address 0x0000000000130d10
 .gnu.linkonce.t._ZN4obos12x86_64_flagsC1Ey
                0xffffffff80130d10       0x39 src/oboskrnl/CMakeFiles/oboskrnl.dir/multitasking/multitasking.cpp.obj
                0xffffffff80130d10                _ZN4obos12x86_64_flagsC1Ey

.gnu.linkonce.t._ZN4obos5utils12BitfieldBaseaSERKS1_
                0xffffffff80130d50       0x26 load address 0x0000000000130d50
 .gnu.linkonce.t._ZN4obos5utils12BitfieldBaseaSERKS1_
                0xffffffff80130d50       0x26 src/oboskrnl/CMakeFiles/oboskrnl.dir/multitasking/multitasking.cpp.obj
                0xffffffff80130d50                _ZN4obos5utils12BitfieldBaseaSERKS1_

.gnu.linkonce.t._ZN4obos12x86_64_flagsaSERKS0_
                0xffffffff80130d80       0x29 load address 0x0000000000130d80
 .gnu.linkonce.t._ZN4obos12x86_64_flagsaSERKS0_
                0xffffffff80130d80       0x29 src/oboskrnl/CMakeFiles/oboskrnl.dir/multitasking/multitasking.cpp.obj
                0xffffffff80130d80                _ZN4obos12x86_64_flagsaSERKS0_

.gnu.linkonce.t._ZN4obos15interrupt_frameaSERKS0_
                0xffffffff80130db0      0x1ce load address 0x0000000000130db0
 .gnu.linkonce.t._ZN4obos15interrupt_frameaSERKS0_
                0xffffffff80130db0      0x1ce src/oboskrnl/CMakeFiles/oboskrnl.dir/multitasking/multitasking.cpp.obj
                0xffffffff80130db0                _ZN4obos15interrupt_frameaSERKS0_

.gnu.linkonce.t._ZN4obos5utils12BitfieldBaseaSEOS1_
                0xffffffff80130f80       0x26 load address 0x0000000000130f80
 .gnu.linkonce.t._ZN4obos5utils12BitfieldBaseaSEOS1_
                0xffffffff80130f80       0x26 src/oboskrnl/CMakeFiles/oboskrnl.dir/multitasking/multitasking.cpp.obj
                0xffffffff80130f80                _ZN4obos5utils12BitfieldBaseaSEOS1_

.gnu.linkonce.t._ZN4obos12x86_64_flagsaSEOS0_
                0xffffffff80130fb0       0x29 load address 0x0000000000130fb0
 .gnu.linkonce.t._ZN4obos12x86_64_flagsaSEOS0_
                0xffffffff80130fb0       0x29 src/oboskrnl/CMakeFiles/oboskrnl.dir/multitasking/multitasking.cpp.obj
                0xffffffff80130fb0                _ZN4obos12x86_64_flagsaSEOS0_

.gnu.linkonce.t._ZN4obos12multitasking11MutexHandle7getTypeEv
                0xffffffff80130fda       0x13 load address 0x0000000000130fda
 .gnu.linkonce.t._ZN4obos12multitasking11MutexHandle7getTypeEv
                0xffffffff80130fda       0x13 src/oboskrnl/CMakeFiles/oboskrnl.dir/multitasking/mutex/mutexHandle.cpp.obj
                0xffffffff80130fda                _ZN4obos12multitasking11MutexHandle7getTypeEv

.gnu.linkonce.t._ZN4obos3vfs10commonNodeD2Ev
                0xffffffff80130fee       0x1d load address 0x0000000000130fee
 .gnu.linkonce.t._ZN4obos3vfs10commonNodeD2Ev
                0xffffffff80130fee       0x1d src/oboskrnl/CMakeFiles/oboskrnl.dir/vfs/mount.cpp.obj
                0xffffffff80130fee                _ZN4obos3vfs10commonNodeD2Ev

.gnu.linkonce.t._ZN4obos3vfs9mountNode7getTypeEv
                0xffffffff8013100c       0x13 load address 0x000000000013100c
 .gnu.linkonce.t._ZN4obos3vfs9mountNode7getTypeEv
                0xffffffff8013100c       0x13 src/oboskrnl/CMakeFiles/oboskrnl.dir/vfs/mount.cpp.obj
                0xffffffff8013100c                _ZN4obos3vfs9mountNode7getTypeEv

.gnu.linkonce.t._ZN4obos3vfs9mountNodeD1Ev
                0xffffffff80131020       0x29 load address 0x0000000000131020
 .gnu.linkonce.t._ZN4obos3vfs9mountNodeD1Ev
                0xffffffff80131020       0x29 src/oboskrnl/CMakeFiles/oboskrnl.dir/vfs/mount.cpp.obj
                0xffffffff80131020                _ZN4obos3vfs9mountNodeD1Ev

.gnu.linkonce.t._ZN4obos3vfs9mountNodeD0Ev
                0xffffffff8013104a       0x2b load address 0x000000000013104a
 .gnu.linkonce.t._ZN4obos3vfs9mountNodeD0Ev
                0xffffffff8013104a       0x2b src/oboskrnl/CMakeFiles/oboskrnl.dir/vfs/mount.cpp.obj
                0xffffffff8013104a                _ZN4obos3vfs9mountNodeD0Ev

.gnu.linkonce.t._ZN4obos3vfs13directoryNode7getTypeEv
                0xffffffff80131076       0x13 load address 0x0000000000131076
 .gnu.linkonce.t._ZN4obos3vfs13directoryNode7getTypeEv
                0xffffffff80131076       0x13 src/oboskrnl/CMakeFiles/oboskrnl.dir/vfs/mount.cpp.obj
                0xffffffff80131076                _ZN4obos3vfs13directoryNode7getTypeEv

.gnu.linkonce.t._ZN4obos3vfs13directoryNodeD1Ev
                0xffffffff8013108a       0x29 load address 0x000000000013108a
 .gnu.linkonce.t._ZN4obos3vfs13directoryNodeD1Ev
                0xffffffff8013108a       0x29 src/oboskrnl/CMakeFiles/oboskrnl.dir/vfs/mount.cpp.obj
                0xffffffff8013108a                _ZN4obos3vfs13directoryNodeD1Ev

.gnu.linkonce.t._ZN4obos3vfs13directoryNodeD0Ev
                0xffffffff801310b4       0x2b load address 0x00000000001310b4
 .gnu.linkonce.t._ZN4obos3vfs13directoryNodeD0Ev
                0xffffffff801310b4       0x2b src/oboskrnl/CMakeFiles/oboskrnl.dir/vfs/mount.cpp.obj
                0xffffffff801310b4                _ZN4obos3vfs13directoryNodeD0Ev

.gnu.linkonce.t._ZN4obos3vfs8fileNode7getTypeEv
                0xffffffff801310e0       0x13 load address 0x00000000001310e0
 .gnu.linkonce.t._ZN4obos3vfs8fileNode7getTypeEv
                0xffffffff801310e0       0x13 src/oboskrnl/CMakeFiles/oboskrnl.dir/vfs/mount.cpp.obj
                0xffffffff801310e0                _ZN4obos3vfs8fileNode7getTypeEv

.gnu.linkonce.t._ZN4obos3vfs8fileNodeD1Ev
                0xffffffff801310f4       0x29 load address 0x00000000001310f4
 .gnu.linkonce.t._ZN4obos3vfs8fileNodeD1Ev
                0xffffffff801310f4       0x29 src/oboskrnl/CMakeFiles/oboskrnl.dir/vfs/mount.cpp.obj
                0xffffffff801310f4                _ZN4obos3vfs8fileNodeD1Ev

.gnu.linkonce.t._ZN4obos3vfs8fileNodeD0Ev
                0xffffffff8013111e       0x2b load address 0x000000000013111e
 .gnu.linkonce.t._ZN4obos3vfs8fileNodeD0Ev
                0xffffffff8013111e       0x2b src/oboskrnl/CMakeFiles/oboskrnl.dir/vfs/mount.cpp.obj
                0xffffffff8013111e                _ZN4obos3vfs8fileNodeD0Ev

.gnu.linkonce.t._ZN4obos3vfs10commonNodeC2Ev
                0xffffffff8013114a       0x1d load address 0x000000000013114a
 .gnu.linkonce.t._ZN4obos3vfs10commonNodeC2Ev
                0xffffffff8013114a       0x1d src/oboskrnl/CMakeFiles/oboskrnl.dir/vfs/mount.cpp.obj
                0xffffffff8013114a                _ZN4obos3vfs10commonNodeC2Ev

.gnu.linkonce.t._ZN4obos3vfs13directoryNodeC1Ev
                0xffffffff80131168       0x29 load address 0x0000000000131168
 .gnu.linkonce.t._ZN4obos3vfs13directoryNodeC1Ev
                0xffffffff80131168       0x29 src/oboskrnl/CMakeFiles/oboskrnl.dir/vfs/mount.cpp.obj
                0xffffffff80131168                _ZN4obos3vfs13directoryNodeC1Ev

.gnu.linkonce.t._ZN4obos3vfs8fileNodeC1Ev
                0xffffffff80131192       0x29 load address 0x0000000000131192
 .gnu.linkonce.t._ZN4obos3vfs8fileNodeC1Ev
                0xffffffff80131192       0x29 src/oboskrnl/CMakeFiles/oboskrnl.dir/vfs/mount.cpp.obj
                0xffffffff80131192                _ZN4obos3vfs8fileNodeC1Ev

.gnu.linkonce.t._ZN4obos3vfs9mountNodeC1Ev
                0xffffffff801311bc       0x29 load address 0x00000000001311bc
 .gnu.linkonce.t._ZN4obos3vfs9mountNodeC1Ev
                0xffffffff801311bc       0x29 src/oboskrnl/CMakeFiles/oboskrnl.dir/vfs/mount.cpp.obj
                0xffffffff801311bc                _ZN4obos3vfs9mountNodeC1Ev

.rodata         0xffffffff80132000    0x6e6e0 load address 0x0000000000132000
 *(.rodata)
 .rodata        0xffffffff80132000      0x439 src/oboskrnl/CMakeFiles/oboskrnl.dir/x86-64/exception_handlers.cpp.obj
 *fill*         0xffffffff80132439        0x7 
 .rodata        0xffffffff80132440       0x10 src/oboskrnl/CMakeFiles/oboskrnl.dir/memory_manager/paging/x86-64/init.cpp.obj
 .rodata        0xffffffff80132450       0x12 src/oboskrnl/CMakeFiles/oboskrnl.dir/memory_manager/paging/x86-64/allocate.cpp.obj
 *fill*         0xffffffff80132462        0x6 
 .rodata        0xffffffff80132468       0x10 src/oboskrnl/CMakeFiles/oboskrnl.dir/memory_manager/x86-64/physical.cpp.obj
 .rodata        0xffffffff80132478      0x495 src/oboskrnl/CMakeFiles/oboskrnl.dir/boot/kmain.cpp.obj
 *fill*         0xffffffff8013290d        0x3 
 .rodata        0xffffffff80132910       0x88 src/oboskrnl/CMakeFiles/oboskrnl.dir/console.cpp.obj
 .rodata        0xffffffff80132998      0x260 src/oboskrnl/CMakeFiles/oboskrnl.dir/klog.cpp.obj
 .rodata        0xffffffff80132bf8      0x808 src/oboskrnl/CMakeFiles/oboskrnl.dir/inline-asm.cpp.obj
 .rodata        0xffffffff80133400       0x98 src/oboskrnl/CMakeFiles/oboskrnl.dir/memory_manager/liballoc/liballoc.cpp.obj
 .rodata        0xffffffff80133498       0xa2 src/oboskrnl/CMakeFiles/oboskrnl.dir/multitasking/threadHandle.cpp.obj
 *fill*         0xffffffff8013353a        0x6 
 .rodata        0xffffffff80133540      0x140 src/oboskrnl/CMakeFiles/oboskrnl.dir/multitasking/multitasking.cpp.obj
 .rodata        0xffffffff80133680       0x50 src/oboskrnl/CMakeFiles/oboskrnl.dir/elf/elf.cpp.obj
 .rodata        0xffffffff801336d0       0xa2 src/oboskrnl/CMakeFiles/oboskrnl.dir/multitasking/thread.cpp.obj
 .rodata        0xffffffff80133772        0x2 src/oboskrnl/CMakeFiles/oboskrnl.dir/multitasking/mutex/mutex.cpp.obj
 .rodata        0xffffffff80133774        0x2 src/oboskrnl/CMakeFiles/oboskrnl.dir/multitasking/mutex/mutexHandle.cpp.obj
 *fill*         0xffffffff80133776        0x2 
 .rodata        0xffffffff80133778      0x107 src/oboskrnl/CMakeFiles/oboskrnl.dir/process/process.cpp.obj
 *fill*         0xffffffff8013387f        0x1 
 .rodata        0xffffffff80133880       0x70 src/oboskrnl/CMakeFiles/oboskrnl.dir/driver_api/syscalls.cpp.obj
 .rodata        0xffffffff801338f0        0x2 src/oboskrnl/CMakeFiles/oboskrnl.dir/syscalls/syscalls.cpp.obj
 *fill*         0xffffffff801338f2        0xe 
 .rodata        0xffffffff80133900    0x6cde0 src/oboskrnl/CMakeFiles/oboskrnl.dir/external/amalgamated-dist/Zydis.c.obj
                0xffffffff80134120                FILTERS_XOP
                0xffffffff80134160                FILTERS_VEX
                0xffffffff801341e0                FILTERS_EMVEX
                0xffffffff80134280                FILTERS_OPCODE
                0xffffffff8013cc80                FILTERS_MODE
                0xffffffff8013cca0                FILTERS_MODE_COMPACT
                0xffffffff8013d390                FILTERS_PREFIX_GROUP1
                0xffffffff8013d3a8                FILTERS_MODRM_MOD
                0xffffffff8013d3c0                FILTERS_MODRM_MOD_COMPACT
                0xffffffff8013ff20                FILTERS_MODRM_REG
                0xffffffff80140a80                FILTERS_MODRM_RM
                0xffffffff80141120                FILTERS_MANDATORY_PREFIX
                0xffffffff80142aa0                FILTERS_OPERAND_SIZE
                0xffffffff80142c20                FILTERS_ADDRESS_SIZE
                0xffffffff80142e40                FILTERS_VECTOR_LENGTH
                0xffffffff80146540                FILTERS_REX_W
                0xffffffff80148d42                FILTERS_REX_B
                0xffffffff80148d60                FILTERS_EVEX_B
                0xffffffff8014a7c0                FILTERS_MVEX_E
                0xffffffff8014aaa0                FILTERS_MODE_AMD
                0xffffffff8014ab20                FILTERS_MODE_KNC
                0xffffffff8014ab50                FILTERS_MODE_MPX
                0xffffffff8014ab60                FILTERS_MODE_CET
                0xffffffff8014ab80                FILTERS_MODE_LZCNT
                0xffffffff8014ab90                FILTERS_MODE_TZCNT
                0xffffffff8014ab9c                FILTERS_MODE_WBNOINVD
                0xffffffff8014aba2                FILTERS_MODE_CLDEMOTE
                0xffffffff8014aba8                FILTERS_MODE_CENTAUR
                0xffffffff8014abae                zydis_decoder_tree_root
                0xffffffff8014b200                encoder_instruction_lookup
                0xffffffff8014cd80                encoder_instructions
                0xffffffff80169c60                ISTR_DEFINITIONS_LEGACY
                0xffffffff80170640                ISTR_DEFINITIONS_3DNOW
                0xffffffff80170880                ISTR_DEFINITIONS_XOP
                0xffffffff80171180                ISTR_DEFINITIONS_VEX
                0xffffffff80176940                ISTR_DEFINITIONS_EVEX
                0xffffffff80184d00                ISTR_DEFINITIONS_MVEX
                0xffffffff801864e0                OPERAND_DEFINITIONS
                0xffffffff801a06e0                _ZN4obos6memory9__erodataE = .

.gnu.linkonce.r._ZTVN4obos12x86_64_flagsE
                0xffffffff801a06e0       0x40 load address 0x00000000001a06e0
 .gnu.linkonce.r._ZTVN4obos12x86_64_flagsE
                0xffffffff801a06e0       0x40 src/oboskrnl/CMakeFiles/oboskrnl.dir/x86-64/exception_handlers.cpp.obj
                0xffffffff801a06e0                _ZTVN4obos12x86_64_flagsE

.gnu.linkonce.r._ZTVN4obos6HandleE
                0xffffffff801a0720       0x38 load address 0x00000000001a0720
 .gnu.linkonce.r._ZTVN4obos6HandleE
                0xffffffff801a0720       0x38 src/oboskrnl/CMakeFiles/oboskrnl.dir/boot/kmain.cpp.obj
                0xffffffff801a0720                _ZTVN4obos6HandleE

.gnu.linkonce.r._ZTVN4obos5utils8BitfieldE
                0xffffffff801a0758       0x60 load address 0x00000000001a0758
 .gnu.linkonce.r._ZTVN4obos5utils8BitfieldE
                0xffffffff801a0758       0x60 src/oboskrnl/CMakeFiles/oboskrnl.dir/utils/bitfields.cpp.obj
                0xffffffff801a0758                _ZTVN4obos5utils8BitfieldE

.gnu.linkonce.r._ZTVN4obos5utils12BitfieldBaseE
                0xffffffff801a07b8       0x40 load address 0x00000000001a07b8
 .gnu.linkonce.r._ZTVN4obos5utils12BitfieldBaseE
                0xffffffff801a07b8       0x40 src/oboskrnl/CMakeFiles/oboskrnl.dir/utils/bitfields.cpp.obj
                0xffffffff801a07b8                _ZTVN4obos5utils12BitfieldBaseE

.gnu.linkonce.r._ZTVN4obos5utils15IntegerBitfieldE
                0xffffffff801a07f8       0x60 load address 0x00000000001a07f8
 .gnu.linkonce.r._ZTVN4obos5utils15IntegerBitfieldE
                0xffffffff801a07f8       0x60 src/oboskrnl/CMakeFiles/oboskrnl.dir/utils/bitfields.cpp.obj
                0xffffffff801a07f8                _ZTVN4obos5utils15IntegerBitfieldE

.gnu.linkonce.r._ZTVN4obos12multitasking12ThreadHandleE
                0xffffffff801a0858       0x38 load address 0x00000000001a0858
 .gnu.linkonce.r._ZTVN4obos12multitasking12ThreadHandleE
                0xffffffff801a0858       0x38 src/oboskrnl/CMakeFiles/oboskrnl.dir/multitasking/threadHandle.cpp.obj
                0xffffffff801a0858                _ZTVN4obos12multitasking12ThreadHandleE

.gnu.linkonce.r._ZTVN4obos12multitasking6ThreadE
                0xffffffff801a0890       0x20 load address 0x00000000001a0890
 .gnu.linkonce.r._ZTVN4obos12multitasking6ThreadE
                0xffffffff801a0890       0x20 src/oboskrnl/CMakeFiles/oboskrnl.dir/multitasking/threadHandle.cpp.obj
                0xffffffff801a0890                _ZTVN4obos12multitasking6ThreadE

.gnu.linkonce.r._ZTVN4obos12multitasking11MutexHandleE
                0xffffffff801a08b0       0x38 load address 0x00000000001a08b0
 .gnu.linkonce.r._ZTVN4obos12multitasking11MutexHandleE
                0xffffffff801a08b0       0x38 src/oboskrnl/CMakeFiles/oboskrnl.dir/multitasking/mutex/mutexHandle.cpp.obj
                0xffffffff801a08b0                _ZTVN4obos12multitasking11MutexHandleE

.gnu.linkonce.r._ZTVN4obos3vfs8fileNodeE
                0xffffffff801a08e8       0x28 load address 0x00000000001a08e8
 .gnu.linkonce.r._ZTVN4obos3vfs8fileNodeE
                0xffffffff801a08e8       0x28 src/oboskrnl/CMakeFiles/oboskrnl.dir/vfs/mount.cpp.obj
                0xffffffff801a08e8                _ZTVN4obos3vfs8fileNodeE

.gnu.linkonce.r._ZTVN4obos3vfs13directoryNodeE
                0xffffffff801a0910       0x28 load address 0x00000000001a0910
 .gnu.linkonce.r._ZTVN4obos3vfs13directoryNodeE
                0xffffffff801a0910       0x28 src/oboskrnl/CMakeFiles/oboskrnl.dir/vfs/mount.cpp.obj
                0xffffffff801a0910                _ZTVN4obos3vfs13directoryNodeE

.gnu.linkonce.r._ZTVN4obos3vfs9mountNodeE
                0xffffffff801a0938       0x28 load address 0x00000000001a0938
 .gnu.linkonce.r._ZTVN4obos3vfs9mountNodeE
                0xffffffff801a0938       0x28 src/oboskrnl/CMakeFiles/oboskrnl.dir/vfs/mount.cpp.obj
                0xffffffff801a0938                _ZTVN4obos3vfs9mountNodeE

.gnu.linkonce.r._ZTVN4obos3vfs10commonNodeE
                0xffffffff801a0960       0x28 load address 0x00000000001a0960
 .gnu.linkonce.r._ZTVN4obos3vfs10commonNodeE
                0xffffffff801a0960       0x28 src/oboskrnl/CMakeFiles/oboskrnl.dir/vfs/mount.cpp.obj
                0xffffffff801a0960                _ZTVN4obos3vfs10commonNodeE

.rela.dyn       0xffffffff801a0988        0x0 load address 0x00000000001a0988
 .rela.got      0xffffffff801a0988        0x0 src/oboskrnl/CMakeFiles/oboskrnl.dir/boot/x86-64/kernel_bootstrap.asm.obj
 .rela.iplt     0xffffffff801a0988        0x0 src/oboskrnl/CMakeFiles/oboskrnl.dir/boot/x86-64/kernel_bootstrap.asm.obj
 .rela.gnu.linkonce.t._ZN4obos5utils12BitfieldBaseC2ERKS1_
                0xffffffff801a0988        0x0 src/oboskrnl/CMakeFiles/oboskrnl.dir/boot/x86-64/kernel_bootstrap.asm.obj
 .rela.gnu.linkonce.t._ZN4obos12x86_64_flagsC1ERKS0_
                0xffffffff801a0988        0x0 src/oboskrnl/CMakeFiles/oboskrnl.dir/boot/x86-64/kernel_bootstrap.asm.obj
 .rela.gnu.linkonce.r._ZTVN4obos12x86_64_flagsE
                0xffffffff801a0988        0x0 src/oboskrnl/CMakeFiles/oboskrnl.dir/boot/x86-64/kernel_bootstrap.asm.obj
 .rela.text     0xffffffff801a0988        0x0 src/oboskrnl/CMakeFiles/oboskrnl.dir/boot/x86-64/kernel_bootstrap.asm.obj
 .rela.gnu.linkonce.t._ZN4obos6HandleD2Ev
                0xffffffff801a0988        0x0 src/oboskrnl/CMakeFiles/oboskrnl.dir/boot/x86-64/kernel_bootstrap.asm.obj
 .rela.gnu.linkonce.t._ZN4obos12multitasking12ThreadHandleD1Ev
                0xffffffff801a0988        0x0 src/oboskrnl/CMakeFiles/oboskrnl.dir/boot/x86-64/kernel_bootstrap.asm.obj
 .rela.gnu.linkonce.r._ZTVN4obos6HandleE
                0xffffffff801a0988        0x0 src/oboskrnl/CMakeFiles/oboskrnl.dir/boot/x86-64/kernel_bootstrap.asm.obj
 .rela.gnu.linkonce.t._ZN4obos12x86_64_flagsC1Ev
                0xffffffff801a0988        0x0 src/oboskrnl/CMakeFiles/oboskrnl.dir/boot/x86-64/kernel_bootstrap.asm.obj
 .rela.gnu.linkonce.t._ZN4obos12multitasking6ThreadC1Ev
                0xffffffff801a0988        0x0 src/oboskrnl/CMakeFiles/oboskrnl.dir/boot/x86-64/kernel_bootstrap.asm.obj
 .rela.gnu.linkonce.t._ZN4obos12multitasking6ThreadD1Ev
                0xffffffff801a0988        0x0 src/oboskrnl/CMakeFiles/oboskrnl.dir/boot/x86-64/kernel_bootstrap.asm.obj
 .rela.gnu.linkonce.t._ZN4obos6HandleC2Ev
                0xffffffff801a0988        0x0 src/oboskrnl/CMakeFiles/oboskrnl.dir/boot/x86-64/kernel_bootstrap.asm.obj
 .rela.gnu.linkonce.r._ZTVN4obos12multitasking12ThreadHandleE
                0xffffffff801a0988        0x0 src/oboskrnl/CMakeFiles/oboskrnl.dir/boot/x86-64/kernel_bootstrap.asm.obj
 .rela.gnu.linkonce.r._ZTVN4obos12multitasking6ThreadE
                0xffffffff801a0988        0x0 src/oboskrnl/CMakeFiles/oboskrnl.dir/boot/x86-64/kernel_bootstrap.asm.obj
 .rela.gnu.linkonce.t._ZN4obos12x86_64_flagsC1Ey
                0xffffffff801a0988        0x0 src/oboskrnl/CMakeFiles/oboskrnl.dir/boot/x86-64/kernel_bootstrap.asm.obj
 .rela.gnu.linkonce.r._ZTVN4obos12multitasking11MutexHandleE
                0xffffffff801a0988        0x0 src/oboskrnl/CMakeFiles/oboskrnl.dir/boot/x86-64/kernel_bootstrap.asm.obj
 .rela.gnu.linkonce.t._ZN4obos3vfs10commonNodeD2Ev
                0xffffffff801a0988        0x0 src/oboskrnl/CMakeFiles/oboskrnl.dir/boot/x86-64/kernel_bootstrap.asm.obj
 .rela.gnu.linkonce.t._ZN4obos3vfs9mountNodeD1Ev
                0xffffffff801a0988        0x0 src/oboskrnl/CMakeFiles/oboskrnl.dir/boot/x86-64/kernel_bootstrap.asm.obj
 .rela.gnu.linkonce.t._ZN4obos3vfs13directoryNodeD1Ev
                0xffffffff801a0988        0x0 src/oboskrnl/CMakeFiles/oboskrnl.dir/boot/x86-64/kernel_bootstrap.asm.obj
 .rela.gnu.linkonce.t._ZN4obos3vfs8fileNodeD1Ev
                0xffffffff801a0988        0x0 src/oboskrnl/CMakeFiles/oboskrnl.dir/boot/x86-64/kernel_bootstrap.asm.obj
 .rela.gnu.linkonce.t._ZN4obos3vfs10commonNodeC2Ev
                0xffffffff801a0988        0x0 src/oboskrnl/CMakeFiles/oboskrnl.dir/boot/x86-64/kernel_bootstrap.asm.obj
 .rela.gnu.linkonce.t._ZN4obos3vfs13directoryNodeC1Ev
                0xffffffff801a0988        0x0 src/oboskrnl/CMakeFiles/oboskrnl.dir/boot/x86-64/kernel_bootstrap.asm.obj
 .rela.gnu.linkonce.t._ZN4obos3vfs8fileNodeC1Ev
                0xffffffff801a0988        0x0 src/oboskrnl/CMakeFiles/oboskrnl.dir/boot/x86-64/kernel_bootstrap.asm.obj
 .rela.gnu.linkonce.t._ZN4obos3vfs9mountNodeC1Ev
                0xffffffff801a0988        0x0 src/oboskrnl/CMakeFiles/oboskrnl.dir/boot/x86-64/kernel_bootstrap.asm.obj
 .rela.gnu.linkonce.r._ZTVN4obos3vfs8fileNodeE
                0xffffffff801a0988        0x0 src/oboskrnl/CMakeFiles/oboskrnl.dir/boot/x86-64/kernel_bootstrap.asm.obj
 .rela.gnu.linkonce.r._ZTVN4obos3vfs13directoryNodeE
                0xffffffff801a0988        0x0 src/oboskrnl/CMakeFiles/oboskrnl.dir/boot/x86-64/kernel_bootstrap.asm.obj
 .rela.gnu.linkonce.r._ZTVN4obos3vfs9mountNodeE
                0xffffffff801a0988        0x0 src/oboskrnl/CMakeFiles/oboskrnl.dir/boot/x86-64/kernel_bootstrap.asm.obj
 .rela.gnu.linkonce.r._ZTVN4obos3vfs10commonNodeE
                0xffffffff801a0988        0x0 src/oboskrnl/CMakeFiles/oboskrnl.dir/boot/x86-64/kernel_bootstrap.asm.obj

.data           0xffffffff801a1000      0xccc load address 0x00000000001a1000
 *(.data)
 .data          0xffffffff801a1000        0x0 src/oboskrnl/CMakeFiles/oboskrnl.dir/descriptors/idt/x86-64/handlers.asm.obj
 .data          0xffffffff801a1000       0x10 src/oboskrnl/CMakeFiles/oboskrnl.dir/syscalls/interrupts.asm.obj
 .data          0xffffffff801a1010       0x42 src/oboskrnl/CMakeFiles/oboskrnl.dir/descriptors/gdt/gdt_x86-64.asm.obj
                0xffffffff801a1010                GDT
                0xffffffff801a1038                TSS
 .data          0xffffffff801a1052        0x0 src/oboskrnl/CMakeFiles/oboskrnl.dir/descriptors/idt/x86-64/idt.cpp.obj
 .data          0xffffffff801a1052        0x0 src/oboskrnl/CMakeFiles/oboskrnl.dir/x86-64/exception_handlers.cpp.obj
 .data          0xffffffff801a1052        0x0 src/oboskrnl/CMakeFiles/oboskrnl.dir/memory_manager/paging/x86-64/init.cpp.obj
 .data          0xffffffff801a1052        0x0 src/oboskrnl/CMakeFiles/oboskrnl.dir/memory_manager/paging/x86-64/allocate.cpp.obj
 .data          0xffffffff801a1052        0x0 src/oboskrnl/CMakeFiles/oboskrnl.dir/memory_manager/x86-64/physical.cpp.obj
 *fill*         0xffffffff801a1052        0x6 
 .data          0xffffffff801a1058        0x8 src/oboskrnl/CMakeFiles/oboskrnl.dir/boot/kmain.cpp.obj
                0xffffffff801a1058                __dso_handle
 .data          0xffffffff801a1060        0x0 src/oboskrnl/CMakeFiles/oboskrnl.dir/console.cpp.obj
 .data          0xffffffff801a1060        0x8 src/oboskrnl/CMakeFiles/oboskrnl.dir/klog.cpp.obj
 .data          0xffffffff801a1068        0x0 src/oboskrnl/CMakeFiles/oboskrnl.dir/inline-asm.cpp.obj
 .data          0xffffffff801a1068        0x0 src/oboskrnl/CMakeFiles/oboskrnl.dir/utils/bitfields.cpp.obj
 .data          0xffffffff801a1068        0x0 src/oboskrnl/CMakeFiles/oboskrnl.dir/descriptors/idt/pic.cpp.obj
 .data          0xffffffff801a1068        0x0 src/oboskrnl/CMakeFiles/oboskrnl.dir/external/list/list_iterator.c.obj
 .data          0xffffffff801a1068        0x0 src/oboskrnl/CMakeFiles/oboskrnl.dir/utils/memory.cpp.obj
 .data          0xffffffff801a1068        0x8 src/oboskrnl/CMakeFiles/oboskrnl.dir/memory_manager/paging/liballoc_hooks.cpp.obj
                0xffffffff801a1068                liballoc_base
 .data          0xffffffff801a1070       0x10 src/oboskrnl/CMakeFiles/oboskrnl.dir/memory_manager/liballoc/liballoc.cpp.obj
 .data          0xffffffff801a1080        0x0 src/oboskrnl/CMakeFiles/oboskrnl.dir/multitasking/threadHandle.cpp.obj
 .data          0xffffffff801a1080        0x0 src/oboskrnl/CMakeFiles/oboskrnl.dir/external/list/list_node.c.obj
 .data          0xffffffff801a1080        0x0 src/oboskrnl/CMakeFiles/oboskrnl.dir/external/list/list.c.obj
 .data          0xffffffff801a1080        0x8 src/oboskrnl/CMakeFiles/oboskrnl.dir/multitasking/multitasking.cpp.obj
                0xffffffff801a1080                _ZN4obos12multitasking12g_timerTicksE
 .data          0xffffffff801a1088        0x0 src/oboskrnl/CMakeFiles/oboskrnl.dir/elf/elf.cpp.obj
 .data          0xffffffff801a1088        0x4 src/oboskrnl/CMakeFiles/oboskrnl.dir/multitasking/thread.cpp.obj
                0xffffffff801a1088                _ZN4obos12multitasking15g_nextThreadTidE
 .data          0xffffffff801a108c        0x0 src/oboskrnl/CMakeFiles/oboskrnl.dir/multitasking/mutex/mutex.cpp.obj
 .data          0xffffffff801a108c        0x0 src/oboskrnl/CMakeFiles/oboskrnl.dir/multitasking/mutex/mutexHandle.cpp.obj
 .data          0xffffffff801a108c        0x0 src/oboskrnl/CMakeFiles/oboskrnl.dir/process/process.cpp.obj
 .data          0xffffffff801a108c        0x0 src/oboskrnl/CMakeFiles/oboskrnl.dir/driver_api/interrupts.cpp.obj
 *fill*         0xffffffff801a108c        0x4 
 .data          0xffffffff801a1090        0x8 src/oboskrnl/CMakeFiles/oboskrnl.dir/driver_api/syscalls.cpp.obj
                0xffffffff801a1090                _ZN4obos9driverAPI27g_registeredDriversCapacityE
 .data          0xffffffff801a1098        0x0 src/oboskrnl/CMakeFiles/oboskrnl.dir/syscalls/syscalls.cpp.obj
 *fill*         0xffffffff801a1098        0x8 
 .data          0xffffffff801a10a0      0xc2c src/oboskrnl/CMakeFiles/oboskrnl.dir/external/amalgamated-dist/Zydis.c.obj
 .data          0xffffffff801a1ccc        0x0 src/oboskrnl/CMakeFiles/oboskrnl.dir/descriptors/gdt/gdt.cpp.obj
 .data          0xffffffff801a1ccc        0x0 src/oboskrnl/CMakeFiles/oboskrnl.dir/vfs/mount.cpp.obj

.got            0xffffffff801a1cd0        0x0 load address 0x00000000001a1cd0
 .got           0xffffffff801a1cd0        0x0 src/oboskrnl/CMakeFiles/oboskrnl.dir/boot/x86-64/kernel_bootstrap.asm.obj

.got.plt        0xffffffff801a1cd0        0x0 load address 0x00000000001a1cd0
 .got.plt       0xffffffff801a1cd0        0x0 src/oboskrnl/CMakeFiles/oboskrnl.dir/boot/x86-64/kernel_bootstrap.asm.obj

.igot.plt       0xffffffff801a1cd0        0x0 load address 0x00000000001a1cd0
 .igot.plt      0xffffffff801a1cd0        0x0 src/oboskrnl/CMakeFiles/oboskrnl.dir/boot/x86-64/kernel_bootstrap.asm.obj

.eh_frame       0xffffffff801a1cd0     0x7bac load address 0x00000000001a1cd0
 .eh_frame      0xffffffff801a1cd0       0xc0 src/oboskrnl/CMakeFiles/oboskrnl.dir/descriptors/idt/x86-64/idt.cpp.obj
 .eh_frame      0xffffffff801a1d90      0x200 src/oboskrnl/CMakeFiles/oboskrnl.dir/x86-64/exception_handlers.cpp.obj
                                        0x218 (size before relaxing)
 .eh_frame      0xffffffff801a1f90      0x380 src/oboskrnl/CMakeFiles/oboskrnl.dir/memory_manager/paging/x86-64/init.cpp.obj
                                        0x398 (size before relaxing)
 .eh_frame      0xffffffff801a2310      0x238 src/oboskrnl/CMakeFiles/oboskrnl.dir/memory_manager/paging/x86-64/allocate.cpp.obj
                                        0x288 (size before relaxing)
 .eh_frame      0xffffffff801a2548      0x120 src/oboskrnl/CMakeFiles/oboskrnl.dir/memory_manager/x86-64/physical.cpp.obj
                                        0x138 (size before relaxing)
 .eh_frame      0xffffffff801a2668      0x348 src/oboskrnl/CMakeFiles/oboskrnl.dir/boot/kmain.cpp.obj
                                        0x360 (size before relaxing)
 .eh_frame      0xffffffff801a29b0      0x440 src/oboskrnl/CMakeFiles/oboskrnl.dir/console.cpp.obj
                                        0x458 (size before relaxing)
 .eh_frame      0xffffffff801a2df0      0x518 src/oboskrnl/CMakeFiles/oboskrnl.dir/klog.cpp.obj
                                        0x530 (size before relaxing)
 .eh_frame      0xffffffff801a3308      0x2d8 src/oboskrnl/CMakeFiles/oboskrnl.dir/inline-asm.cpp.obj
                                        0x2f0 (size before relaxing)
 .eh_frame      0xffffffff801a35e0      0x4d0 src/oboskrnl/CMakeFiles/oboskrnl.dir/utils/bitfields.cpp.obj
                                        0x4e8 (size before relaxing)
 .eh_frame      0xffffffff801a3ab0      0x3b8 src/oboskrnl/CMakeFiles/oboskrnl.dir/descriptors/idt/pic.cpp.obj
                                        0x3d0 (size before relaxing)
 .eh_frame      0xffffffff801a3e68       0xe0 src/oboskrnl/CMakeFiles/oboskrnl.dir/external/list/list_iterator.c.obj
                                         0xf8 (size before relaxing)
 .eh_frame      0xffffffff801a3f48      0x120 src/oboskrnl/CMakeFiles/oboskrnl.dir/utils/memory.cpp.obj
                                        0x138 (size before relaxing)
 .eh_frame      0xffffffff801a4068      0x310 src/oboskrnl/CMakeFiles/oboskrnl.dir/memory_manager/paging/liballoc_hooks.cpp.obj
                                        0x328 (size before relaxing)
 .eh_frame      0xffffffff801a4378      0x360 src/oboskrnl/CMakeFiles/oboskrnl.dir/memory_manager/liballoc/liballoc.cpp.obj
                                        0x378 (size before relaxing)
 .eh_frame      0xffffffff801a46d8      0x8e0 src/oboskrnl/CMakeFiles/oboskrnl.dir/multitasking/threadHandle.cpp.obj
                                        0x9d8 (size before relaxing)
 .eh_frame      0xffffffff801a4fb8       0x38 src/oboskrnl/CMakeFiles/oboskrnl.dir/external/list/list_node.c.obj
                                         0x50 (size before relaxing)
 .eh_frame      0xffffffff801a4ff0      0x1f8 src/oboskrnl/CMakeFiles/oboskrnl.dir/external/list/list.c.obj
                                        0x210 (size before relaxing)
 .eh_frame      0xffffffff801a51e8      0x380 src/oboskrnl/CMakeFiles/oboskrnl.dir/multitasking/multitasking.cpp.obj
                                        0x520 (size before relaxing)
 .eh_frame      0xffffffff801a5568       0x70 src/oboskrnl/CMakeFiles/oboskrnl.dir/elf/elf.cpp.obj
                                         0x88 (size before relaxing)
 .eh_frame      0xffffffff801a55d8       0x70 src/oboskrnl/CMakeFiles/oboskrnl.dir/multitasking/thread.cpp.obj
                                        0x1a0 (size before relaxing)
 .eh_frame      0xffffffff801a5648       0xe0 src/oboskrnl/CMakeFiles/oboskrnl.dir/multitasking/mutex/mutex.cpp.obj
                                         0xf8 (size before relaxing)
 .eh_frame      0xffffffff801a5728      0x208 src/oboskrnl/CMakeFiles/oboskrnl.dir/multitasking/mutex/mutexHandle.cpp.obj
                                        0x338 (size before relaxing)
 .eh_frame      0xffffffff801a5930      0x260 src/oboskrnl/CMakeFiles/oboskrnl.dir/process/process.cpp.obj
                                        0x518 (size before relaxing)
 .eh_frame      0xffffffff801a5b90       0xe0 src/oboskrnl/CMakeFiles/oboskrnl.dir/driver_api/interrupts.cpp.obj
                                         0xf8 (size before relaxing)
 .eh_frame      0xffffffff801a5c70      0x3d8 src/oboskrnl/CMakeFiles/oboskrnl.dir/driver_api/syscalls.cpp.obj
                                        0x460 (size before relaxing)
 .eh_frame      0xffffffff801a6048      0x968 src/oboskrnl/CMakeFiles/oboskrnl.dir/syscalls/syscalls.cpp.obj
                                        0x980 (size before relaxing)
 .eh_frame      0xffffffff801a69b0     0x2a98 src/oboskrnl/CMakeFiles/oboskrnl.dir/external/amalgamated-dist/Zydis.c.obj
                                       0x2ab0 (size before relaxing)
 .eh_frame      0xffffffff801a9448       0x70 src/oboskrnl/CMakeFiles/oboskrnl.dir/descriptors/gdt/gdt.cpp.obj
                                         0x88 (size before relaxing)
 .eh_frame      0xffffffff801a94b8      0x3c4 src/oboskrnl/CMakeFiles/oboskrnl.dir/vfs/mount.cpp.obj
                                        0x418 (size before relaxing)

.ctors          0xffffffff801a9880       0x18 load address 0x00000000001a9880
 .ctors         0xffffffff801a9880        0x8 src/oboskrnl/CMakeFiles/oboskrnl.dir/memory_manager/paging/x86-64/init.cpp.obj
 .ctors         0xffffffff801a9888        0x8 src/oboskrnl/CMakeFiles/oboskrnl.dir/console.cpp.obj
 .ctors         0xffffffff801a9890        0x8 src/oboskrnl/CMakeFiles/oboskrnl.dir/memory_manager/liballoc/liballoc.cpp.obj

.bss            0xffffffff801aa000    0x119e9 load address 0x00000000001aa000
 *(COMMON)
 *(.bss)
 .bss           0xffffffff801aa000     0x1820 src/oboskrnl/CMakeFiles/oboskrnl.dir/descriptors/idt/x86-64/idt.cpp.obj
                0xffffffff801aa000                _ZN4obos19g_interruptHandlersE
 .bss           0xffffffff801ab820        0x0 src/oboskrnl/CMakeFiles/oboskrnl.dir/x86-64/exception_handlers.cpp.obj
 .bss           0xffffffff801ab820       0x28 src/oboskrnl/CMakeFiles/oboskrnl.dir/memory_manager/paging/x86-64/init.cpp.obj
                0xffffffff801ab820                _ZN4obos6memory15g_level4PageMapE
                0xffffffff801ab830                _ZN4obos6memory15g_kernelPageMapE
                0xffffffff801ab840                _ZN4obos6memory10g_zeroPageE
 *fill*         0xffffffff801ab848      0x7b8 
 .bss           0xffffffff801ac000     0x2000 src/oboskrnl/CMakeFiles/oboskrnl.dir/memory_manager/paging/x86-64/allocate.cpp.obj
                0xffffffff801ac000                _ZN4obos6memory27g_pageTableMapPageDirectoryE
 .bss           0xffffffff801ae000       0x28 src/oboskrnl/CMakeFiles/oboskrnl.dir/memory_manager/x86-64/physical.cpp.obj
                0xffffffff801ae000                _ZN4obos6memory24g_physicalMemoryBitfieldE
                0xffffffff801ae008                _ZN4obos6memory14g_sizeOfMemoryE
                0xffffffff801ae010                _ZN4obos6memory17g_nPagesAllocatedE
                0xffffffff801ae018                _ZN4obos6memory15g_bitfieldCountE
                0xffffffff801ae020                _ZN4obos6memory12g_mmapLengthE
 *fill*         0xffffffff801ae028       0x18 
 .bss           0xffffffff801ae040     0x19b9 src/oboskrnl/CMakeFiles/oboskrnl.dir/boot/kmain.cpp.obj
                0xffffffff801ae040                _ZN4obos15g_multibootInfoE
                0xffffffff801ae048                _ZN4obos15g_kernelProcessE
                0xffffffff801ae060                __atexitFuncs
                0xffffffff801af860                __atexitFuncCount
 *fill*         0xffffffff801af9f9        0x7 
 .bss           0xffffffff801afa00       0x81 src/oboskrnl/CMakeFiles/oboskrnl.dir/console.cpp.obj
                0xffffffff801afa00                _ZN4obos17s_foregroundColorE
                0xffffffff801afa04                _ZN4obos17s_backgroundColorE
                0xffffffff801afa08                _ZN4obos16s_terminalColumnE
                0xffffffff801afa0c                _ZN4obos13s_terminalRowE
                0xffffffff801afa10                _ZN4obos20s_reachedEndTerminalE
                0xffffffff801afa18                _ZN4obos13s_framebufferE
                0xffffffff801afa20                _ZN4obos12s_backbufferE
                0xffffffff801afa28                _ZN4obos18s_framebufferWidthE
                0xffffffff801afa30                _ZN4obos19s_framebufferHeightE
                0xffffffff801afa38                _ZN4obos16s_nCharsVerticalE
                0xffffffff801afa40                _ZN4obos18s_nCharsHorizontalE
                0xffffffff801afa48                _ZN4obos4fontE
 .bss           0xffffffff801afa81        0x0 src/oboskrnl/CMakeFiles/oboskrnl.dir/klog.cpp.obj
 *fill*         0xffffffff801afa81        0x3 
 .bss           0xffffffff801afa84        0x8 src/oboskrnl/CMakeFiles/oboskrnl.dir/inline-asm.cpp.obj
                0xffffffff801afa84                inKernelSection
                0xffffffff801afa88                _ZN4obos11countCalledE
 .bss           0xffffffff801afa8c        0x0 src/oboskrnl/CMakeFiles/oboskrnl.dir/utils/bitfields.cpp.obj
 .bss           0xffffffff801afa8c        0x0 src/oboskrnl/CMakeFiles/oboskrnl.dir/descriptors/idt/pic.cpp.obj
 .bss           0xffffffff801afa8c        0x0 src/oboskrnl/CMakeFiles/oboskrnl.dir/external/list/list_iterator.c.obj
 .bss           0xffffffff801afa8c        0x0 src/oboskrnl/CMakeFiles/oboskrnl.dir/utils/memory.cpp.obj
 *fill*         0xffffffff801afa8c        0x4 
 .bss           0xffffffff801afa90        0x8 src/oboskrnl/CMakeFiles/oboskrnl.dir/memory_manager/paging/liballoc_hooks.cpp.obj
                0xffffffff801afa90                _ZN4obos25g_nLiballocPagesAllocatedE
 .bss           0xffffffff801afa98       0x28 src/oboskrnl/CMakeFiles/oboskrnl.dir/memory_manager/liballoc/liballoc.cpp.obj
                0xffffffff801afa98                pageBlockHead
                0xffffffff801afaa0                pageBlockTail
                0xffffffff801afaa8                nPageBlocks
                0xffffffff801afab0                totalPagesAllocated
 .bss           0xffffffff801afac0        0x0 src/oboskrnl/CMakeFiles/oboskrnl.dir/multitasking/threadHandle.cpp.obj
 .bss           0xffffffff801afac0        0x0 src/oboskrnl/CMakeFiles/oboskrnl.dir/external/list/list_node.c.obj
 .bss           0xffffffff801afac0        0x0 src/oboskrnl/CMakeFiles/oboskrnl.dir/external/list/list.c.obj
 *fill*         0xffffffff801afac0      0x540 
 .bss           0xffffffff801b0000     0x2000 src/oboskrnl/CMakeFiles/oboskrnl.dir/multitasking/multitasking.cpp.obj
                0xffffffff801b0000                _ZN4obos12multitasking9g_threadsE
                0xffffffff801b0020                _ZN4obos12multitasking20g_threadPriorityListE
                0xffffffff801b0040                _ZN4obos12multitasking15g_currentThreadE
                0xffffffff801b0048                _ZN4obos12multitasking13g_initializedE
                0xffffffff801b0050                _ZN4obos12multitasking16g_schedulerMutexE
 .bss           0xffffffff801b2000        0x0 src/oboskrnl/CMakeFiles/oboskrnl.dir/elf/elf.cpp.obj
 .bss           0xffffffff801b2000        0x0 src/oboskrnl/CMakeFiles/oboskrnl.dir/multitasking/thread.cpp.obj
 .bss           0xffffffff801b2000        0x0 src/oboskrnl/CMakeFiles/oboskrnl.dir/multitasking/mutex/mutex.cpp.obj
 .bss           0xffffffff801b2000        0x0 src/oboskrnl/CMakeFiles/oboskrnl.dir/multitasking/mutex/mutexHandle.cpp.obj
 .bss           0xffffffff801b2000       0x1c src/oboskrnl/CMakeFiles/oboskrnl.dir/process/process.cpp.obj
                0xffffffff801b2000                _ZN4obos7process15g_nextProcessIdE
                0xffffffff801b2008                _ZN4obos7process13g_processListE
                0xffffffff801b2010                _ZN4obos7process18ProcEntryPointBaseE
 *fill*         0xffffffff801b201c        0x4 
 .bss           0xffffffff801b2020      0x800 src/oboskrnl/CMakeFiles/oboskrnl.dir/driver_api/interrupts.cpp.obj
                0xffffffff801b2020                _ZN4obos9driverAPI14g_syscallTableE
 .bss           0xffffffff801b2820      0x120 src/oboskrnl/CMakeFiles/oboskrnl.dir/driver_api/syscalls.cpp.obj
                0xffffffff801b2820                _ZN4obos9driverAPI19g_registeredDriversE
 .bss           0xffffffff801b2940     0x1000 src/oboskrnl/CMakeFiles/oboskrnl.dir/syscalls/syscalls.cpp.obj
                0xffffffff801b2940                _ZN4obos7process14g_syscallTableE
 .bss           0xffffffff801b3940        0x0 src/oboskrnl/CMakeFiles/oboskrnl.dir/external/amalgamated-dist/Zydis.c.obj
 .bss           0xffffffff801b3940       0x68 src/oboskrnl/CMakeFiles/oboskrnl.dir/descriptors/gdt/gdt.cpp.obj
                0xffffffff801b3940                _ZN4obos10s_tssEntryE
 *fill*         0xffffffff801b39a8        0x8 
 .bss           0xffffffff801b39b0       0x39 src/oboskrnl/CMakeFiles/oboskrnl.dir/vfs/mount.cpp.obj
                0xffffffff801b39b0                _ZN4obos3vfs15g_mountedInitRDE
 *(.bootstrap_stack)
 .bootstrap_stack
                0xffffffff801b39e9     0x8000 src/oboskrnl/CMakeFiles/oboskrnl.dir/boot/x86-64/kernel_bootstrap.asm.obj
                0xffffffff801b39e9                _ZN4obos12stack_bottomE
                0xffffffff801b79e9                _ZN4obos9stack_topE
                0xffffffff801b79e9                _ZN4obos15thrstack_bottomE
                0xffffffff801bb9e9                _ZN4obos12thrstack_topE
                0xffffffff801bb9e9                _kernel_end = .
                0x0000000000400000                _ZN4obos6memory8endImageE = 0x400000
                0xffffffff80000000                _ZN4obos11kernelStartE = 0xffffffff80000000
                0xffffffffffffffff                _ZN4obos6memory9endKernelE = 0xffffffffffffffff
OUTPUT(/mnt/c/Code/obos/out/oboskrnl elf64-x86-64)

.debug_aranges  0x0000000000000000      0xd10
 .debug_aranges
                0x0000000000000000       0x30 src/oboskrnl/CMakeFiles/oboskrnl.dir/boot/x86-64/kernel_bootstrap.asm.obj
 .debug_aranges
                0x0000000000000030       0x30 src/oboskrnl/CMakeFiles/oboskrnl.dir/x86-64/inline-asm.asm.obj
 .debug_aranges
                0x0000000000000060       0x30 src/oboskrnl/CMakeFiles/oboskrnl.dir/descriptors/idt/x86-64/handlers.asm.obj
 .debug_aranges
                0x0000000000000090       0x30 src/oboskrnl/CMakeFiles/oboskrnl.dir/descriptors/idt/x86-64/idt.asm.obj
 .debug_aranges
                0x00000000000000c0       0x30 src/oboskrnl/CMakeFiles/oboskrnl.dir/utils/memcpy_x86-64.asm.obj
 .debug_aranges
                0x00000000000000f0       0x30 src/oboskrnl/CMakeFiles/oboskrnl.dir/memory_manager/paging/x86-64/init.asm.obj
 .debug_aranges
                0x0000000000000120       0x30 src/oboskrnl/CMakeFiles/oboskrnl.dir/multitasking/multitasking_x86-64.asm.obj
 .debug_aranges
                0x0000000000000150       0x30 src/oboskrnl/CMakeFiles/oboskrnl.dir/driver_api/interrupts.asm.obj
 .debug_aranges
                0x0000000000000180       0x30 src/oboskrnl/CMakeFiles/oboskrnl.dir/syscalls/interrupts.asm.obj
 .debug_aranges
                0x00000000000001b0       0x30 src/oboskrnl/CMakeFiles/oboskrnl.dir/descriptors/gdt/gdt_x86-64.asm.obj
 .debug_aranges
                0x00000000000001e0       0x30 src/oboskrnl/CMakeFiles/oboskrnl.dir/driver_api/x86_64/dInterrupts.asm.obj
 .debug_aranges
                0x0000000000000210       0x30 src/oboskrnl/CMakeFiles/oboskrnl.dir/vfs/x86_64/driverCall.asm.obj
 .debug_aranges
                0x0000000000000240       0x30 src/oboskrnl/CMakeFiles/oboskrnl.dir/descriptors/idt/x86-64/idt.cpp.obj
 .debug_aranges
                0x0000000000000270       0x70 src/oboskrnl/CMakeFiles/oboskrnl.dir/x86-64/exception_handlers.cpp.obj
 .debug_aranges
                0x00000000000002e0       0x40 src/oboskrnl/CMakeFiles/oboskrnl.dir/memory_manager/paging/x86-64/init.cpp.obj
 .debug_aranges
                0x0000000000000320       0x50 src/oboskrnl/CMakeFiles/oboskrnl.dir/memory_manager/paging/x86-64/allocate.cpp.obj
 .debug_aranges
                0x0000000000000370       0x30 src/oboskrnl/CMakeFiles/oboskrnl.dir/memory_manager/x86-64/physical.cpp.obj
 .debug_aranges
                0x00000000000003a0       0x60 src/oboskrnl/CMakeFiles/oboskrnl.dir/boot/kmain.cpp.obj
 .debug_aranges
                0x0000000000000400       0x30 src/oboskrnl/CMakeFiles/oboskrnl.dir/console.cpp.obj
 .debug_aranges
                0x0000000000000430       0x30 src/oboskrnl/CMakeFiles/oboskrnl.dir/klog.cpp.obj
 .debug_aranges
                0x0000000000000460       0x30 src/oboskrnl/CMakeFiles/oboskrnl.dir/inline-asm.cpp.obj
 .debug_aranges
                0x0000000000000490       0x30 src/oboskrnl/CMakeFiles/oboskrnl.dir/utils/bitfields.cpp.obj
 .debug_aranges
                0x00000000000004c0       0x30 src/oboskrnl/CMakeFiles/oboskrnl.dir/descriptors/idt/pic.cpp.obj
 .debug_aranges
                0x00000000000004f0       0x30 src/oboskrnl/CMakeFiles/oboskrnl.dir/external/list/list_iterator.c.obj
 .debug_aranges
                0x0000000000000520       0x30 src/oboskrnl/CMakeFiles/oboskrnl.dir/utils/memory.cpp.obj
 .debug_aranges
                0x0000000000000550       0x30 src/oboskrnl/CMakeFiles/oboskrnl.dir/memory_manager/paging/liballoc_hooks.cpp.obj
 .debug_aranges
                0x0000000000000580       0x90 src/oboskrnl/CMakeFiles/oboskrnl.dir/memory_manager/liballoc/liballoc.cpp.obj
 .debug_aranges