
Discarded input sections

 .gnu.linkonce.t._ZN4obos6memory7PageMap21computeIndexAtAddressEyh
                0x0000000000000000       0x31 src/oboskrnl/CMakeFiles/oboskrnl.dir/memory_manager/paging/x86-64/allocate.cpp.obj
 .gnu.linkonce.t._ZN4obos6Handle7getTypeEv
                0x0000000000000000       0x13 src/oboskrnl/CMakeFiles/oboskrnl.dir/multitasking/threadHandle.cpp.obj
 .gnu.linkonce.t._ZN4obos6HandleD2Ev
                0x0000000000000000       0x1d src/oboskrnl/CMakeFiles/oboskrnl.dir/multitasking/threadHandle.cpp.obj
 .gnu.linkonce.t._ZN4obos12multitasking12ThreadHandleD1Ev
                0x0000000000000000       0x35 src/oboskrnl/CMakeFiles/oboskrnl.dir/multitasking/threadHandle.cpp.obj
 .gnu.linkonce.r._ZTVN4obos6HandleE
                0x0000000000000000       0x38 src/oboskrnl/CMakeFiles/oboskrnl.dir/multitasking/threadHandle.cpp.obj
 .gnu.linkonce.t._ZN4obos12multitasking6ThreadD1Ev
                0x0000000000000000       0x53 src/oboskrnl/CMakeFiles/oboskrnl.dir/multitasking/multitasking.cpp.obj
 .gnu.linkonce.t._ZN4obos12multitasking6ThreadD0Ev
                0x0000000000000000       0x2b src/oboskrnl/CMakeFiles/oboskrnl.dir/multitasking/multitasking.cpp.obj
 .gnu.linkonce.t._ZN4obos12multitasking6ThreadC1Ev
                0x0000000000000000       0xd1 src/oboskrnl/CMakeFiles/oboskrnl.dir/multitasking/multitasking.cpp.obj
 .gnu.linkonce.r._ZTVN4obos12multitasking6ThreadE
                0x0000000000000000       0x20 src/oboskrnl/CMakeFiles/oboskrnl.dir/multitasking/multitasking.cpp.obj
 .gnu.linkonce.t._ZN4obos12multitasking6ThreadD1Ev
                0x0000000000000000       0x53 src/oboskrnl/CMakeFiles/oboskrnl.dir/multitasking/thread.cpp.obj
 .gnu.linkonce.t._ZN4obos12multitasking6ThreadD0Ev
                0x0000000000000000       0x2b src/oboskrnl/CMakeFiles/oboskrnl.dir/multitasking/thread.cpp.obj
 .gnu.linkonce.r._ZTVN4obos12multitasking6ThreadE
                0x0000000000000000       0x20 src/oboskrnl/CMakeFiles/oboskrnl.dir/multitasking/thread.cpp.obj
 .gnu.linkonce.t._ZN4obos6Handle7getTypeEv
                0x0000000000000000       0x13 src/oboskrnl/CMakeFiles/oboskrnl.dir/multitasking/mutex/mutexHandle.cpp.obj
 .gnu.linkonce.t._ZN4obos6Handle13getReferencesEv
                0x0000000000000000       0x1a src/oboskrnl/CMakeFiles/oboskrnl.dir/multitasking/mutex/mutexHandle.cpp.obj
 .gnu.linkonce.t._ZN4obos6HandleD2Ev
                0x0000000000000000       0x1d src/oboskrnl/CMakeFiles/oboskrnl.dir/multitasking/mutex/mutexHandle.cpp.obj
 .gnu.linkonce.t._ZN4obos6HandleC2Ev
                0x0000000000000000       0x41 src/oboskrnl/CMakeFiles/oboskrnl.dir/multitasking/mutex/mutexHandle.cpp.obj
 .gnu.linkonce.r._ZTVN4obos6HandleE
                0x0000000000000000       0x38 src/oboskrnl/CMakeFiles/oboskrnl.dir/multitasking/mutex/mutexHandle.cpp.obj
 .gnu.linkonce.t._ZN4obos12multitasking6ThreadD1Ev
                0x0000000000000000       0x53 src/oboskrnl/CMakeFiles/oboskrnl.dir/process/process.cpp.obj
 .gnu.linkonce.t._ZN4obos12multitasking6ThreadD0Ev
                0x0000000000000000       0x2b src/oboskrnl/CMakeFiles/oboskrnl.dir/process/process.cpp.obj
 .gnu.linkonce.t._ZN4obos6Handle7getTypeEv
                0x0000000000000000       0x13 src/oboskrnl/CMakeFiles/oboskrnl.dir/process/process.cpp.obj
 .gnu.linkonce.t._ZN4obos6HandleD2Ev
                0x0000000000000000       0x1d src/oboskrnl/CMakeFiles/oboskrnl.dir/process/process.cpp.obj
 .gnu.linkonce.t._ZN4obos12multitasking12ThreadHandleD1Ev
                0x0000000000000000       0x35 src/oboskrnl/CMakeFiles/oboskrnl.dir/process/process.cpp.obj
 .gnu.linkonce.t._ZN4obos12multitasking12ThreadHandleD0Ev
                0x0000000000000000       0x2b src/oboskrnl/CMakeFiles/oboskrnl.dir/process/process.cpp.obj
 .gnu.linkonce.t._ZN4obos12multitasking6ThreadC1Ev
                0x0000000000000000       0xd1 src/oboskrnl/CMakeFiles/oboskrnl.dir/process/process.cpp.obj
 .gnu.linkonce.r._ZTVN4obos6HandleE
                0x0000000000000000       0x38 src/oboskrnl/CMakeFiles/oboskrnl.dir/process/process.cpp.obj
 .gnu.linkonce.r._ZTVN4obos12multitasking6ThreadE
                0x0000000000000000       0x20 src/oboskrnl/CMakeFiles/oboskrnl.dir/process/process.cpp.obj
 .gnu.linkonce.t._ZN4obos6memory7PageMap21computeIndexAtAddressEyh
                0x0000000000000000       0x31 src/oboskrnl/CMakeFiles/oboskrnl.dir/driver_api/syscalls.cpp.obj

Memory Configuration

Name             Origin             Length             Attributes
*default*        0x0000000000000000 0xffffffffffffffff

Linker script and memory map

LOAD src/oboskrnl/CMakeFiles/oboskrnl.dir/boot/x86-64/kernel_bootstrap.asm.obj
LOAD src/oboskrnl/CMakeFiles/oboskrnl.dir/x86-64/inline-asm.asm.obj
LOAD src/oboskrnl/CMakeFiles/oboskrnl.dir/descriptors/idt/x86-64/handlers.asm.obj
LOAD src/oboskrnl/CMakeFiles/oboskrnl.dir/descriptors/idt/x86-64/idt.asm.obj
LOAD src/oboskrnl/CMakeFiles/oboskrnl.dir/utils/memcpy_x86-64.asm.obj
LOAD src/oboskrnl/CMakeFiles/oboskrnl.dir/memory_manager/paging/x86-64/init.asm.obj
LOAD src/oboskrnl/CMakeFiles/oboskrnl.dir/multitasking/multitasking_x86-64.asm.obj
LOAD src/oboskrnl/CMakeFiles/oboskrnl.dir/descriptors/idt/x86-64/idt.cpp.obj
LOAD src/oboskrnl/CMakeFiles/oboskrnl.dir/x86-64/exception_handlers.cpp.obj
LOAD src/oboskrnl/CMakeFiles/oboskrnl.dir/memory_manager/paging/x86-64/init.cpp.obj
LOAD src/oboskrnl/CMakeFiles/oboskrnl.dir/memory_manager/paging/x86-64/allocate.cpp.obj
LOAD src/oboskrnl/CMakeFiles/oboskrnl.dir/memory_manager/x86-64/physical.cpp.obj
LOAD src/oboskrnl/CMakeFiles/oboskrnl.dir/boot/kmain.cpp.obj
LOAD src/oboskrnl/CMakeFiles/oboskrnl.dir/console.cpp.obj
LOAD src/oboskrnl/CMakeFiles/oboskrnl.dir/klog.cpp.obj
LOAD src/oboskrnl/CMakeFiles/oboskrnl.dir/inline-asm.cpp.obj
LOAD src/oboskrnl/CMakeFiles/oboskrnl.dir/utils/bitfields.cpp.obj
LOAD src/oboskrnl/CMakeFiles/oboskrnl.dir/descriptors/idt/pic.cpp.obj
LOAD src/oboskrnl/CMakeFiles/oboskrnl.dir/external/list/list_iterator.c.obj
LOAD src/oboskrnl/CMakeFiles/oboskrnl.dir/utils/memory.cpp.obj
LOAD src/oboskrnl/CMakeFiles/oboskrnl.dir/memory_manager/paging/liballoc_hooks.cpp.obj
LOAD src/oboskrnl/CMakeFiles/oboskrnl.dir/memory_manager/liballoc/liballoc.c.obj
LOAD src/oboskrnl/CMakeFiles/oboskrnl.dir/multitasking/threadHandle.cpp.obj
LOAD src/oboskrnl/CMakeFiles/oboskrnl.dir/external/list/list_node.c.obj
LOAD src/oboskrnl/CMakeFiles/oboskrnl.dir/external/list/list.c.obj
LOAD src/oboskrnl/CMakeFiles/oboskrnl.dir/multitasking/multitasking.cpp.obj
LOAD src/oboskrnl/CMakeFiles/oboskrnl.dir/elf/elf.cpp.obj
LOAD src/oboskrnl/CMakeFiles/oboskrnl.dir/multitasking/thread.cpp.obj
LOAD src/oboskrnl/CMakeFiles/oboskrnl.dir/multitasking/mutex/mutex.cpp.obj
LOAD src/oboskrnl/CMakeFiles/oboskrnl.dir/multitasking/mutex/mutexHandle.cpp.obj
LOAD src/oboskrnl/CMakeFiles/oboskrnl.dir/process/process.cpp.obj
LOAD src/oboskrnl/CMakeFiles/oboskrnl.dir/driver_api/interrupts.cpp.obj
LOAD src/oboskrnl/CMakeFiles/oboskrnl.dir/driver_api/syscalls.cpp.obj
LOAD src/oboskrnl/CMakeFiles/oboskrnl.dir/syscalls/syscalls.cpp.obj
LOAD src/oboskrnl/CMakeFiles/oboskrnl.dir/external/amalgamated-dist/Zydis.c.obj
LOAD src/oboskrnl/CMakeFiles/oboskrnl.dir/descriptors/gdt/gdt.cpp.obj
LOAD /home/omar/opt/cross/lib/gcc/x86_64-elf/11.4.0/libgcc.a
                0x0000000000100000                . = 0x100000
                0x0000000000100000                _kernel_start = .

.multiboot.data
                0x0000000000100000     0x842e
 *(.multiboot.data)
 .multiboot.data
                0x0000000000100000     0x842e src/oboskrnl/CMakeFiles/oboskrnl.dir/boot/x86-64/kernel_bootstrap.asm.obj
                0x0000000000105000                boot_page_level3_map
                0x0000000000107000                boot_page_level4_map

.multiboot.text
                0x000000000010842e      0x115
 *(.multiboot.text)
 .multiboot.text
                0x000000000010842e      0x115 src/oboskrnl/CMakeFiles/oboskrnl.dir/boot/x86-64/kernel_bootstrap.asm.obj
                0x000000000010843e                _start
                0xffffffff80108543                . = (. + 0xffffffff80000000)

.text           0xffffffff80109000    0x2631d load address 0x0000000000109000
                0xffffffff80109000                _stext = .
 *(.text)
 .text          0xffffffff80109000       0x4b src/oboskrnl/CMakeFiles/oboskrnl.dir/boot/x86-64/kernel_bootstrap.asm.obj
                0xffffffff8010903e                _ZN4obos15RestartComputerEv
 *fill*         0xffffffff8010904b        0x5 
 .text          0xffffffff80109050       0x17 src/oboskrnl/CMakeFiles/oboskrnl.dir/x86-64/inline-asm.asm.obj
                0xffffffff80109050                _Z9getEflagsv
                0xffffffff80109058                _Z6getEIPv
                0xffffffff8010905b                getEBP
                0xffffffff8010905f                _ZN4obos6memory19GetPageFaultAddressEv
                0xffffffff80109063                _ZN4obos6memory8tlbFlushEy
 *fill*         0xffffffff80109067        0x9 
 .text          0xffffffff80109070      0x213 src/oboskrnl/CMakeFiles/oboskrnl.dir/descriptors/idt/x86-64/handlers.asm.obj
                0xffffffff80109070                isr0
                0xffffffff8010907a                isr1
                0xffffffff80109084                isr2
                0xffffffff8010908e                isr3
                0xffffffff80109098                isr4
                0xffffffff801090a2                isr5
                0xffffffff801090ac                isr6
                0xffffffff801090b6                isr7
                0xffffffff801090c0                isr8
                0xffffffff801090c8                isr9
                0xffffffff801090d2                isr10
                0xffffffff801090da                isr11
                0xffffffff801090e2                isr12
                0xffffffff801090ea                isr13
                0xffffffff801090f2                isr14
                0xffffffff801090fa                isr15
                0xffffffff80109104                isr16
                0xffffffff8010910e                isr17
                0xffffffff80109118                isr18
                0xffffffff80109122                isr19
                0xffffffff8010912c                isr20
                0xffffffff80109136                isr21
                0xffffffff8010913e                isr22
                0xffffffff80109148                isr23
                0xffffffff80109152                isr24
                0xffffffff8010915c                isr25
                0xffffffff80109166                isr26
                0xffffffff80109170                isr27
                0xffffffff8010917a                isr28
                0xffffffff80109184                isr29
                0xffffffff8010918c                isr30
                0xffffffff80109191                isr31
                0xffffffff80109198                isr32
                0xffffffff8010919f                isr33
                0xffffffff801091a6                isr34
                0xffffffff801091ad                isr35
                0xffffffff801091b4                isr36
                0xffffffff801091bb                isr37
                0xffffffff801091c2                isr38
                0xffffffff801091c9                isr39
                0xffffffff801091d0                isr40
                0xffffffff801091d7                isr41
                0xffffffff801091de                isr42
                0xffffffff801091e5                isr43
                0xffffffff801091ec                isr44
                0xffffffff801091f3                isr45
                0xffffffff801091fa                isr46
                0xffffffff80109201                isr47
                0xffffffff80109208                isr48
                0xffffffff8010920f                isr_common_stub
 *fill*         0xffffffff80109283        0xd 
 .text          0xffffffff80109290        0x4 src/oboskrnl/CMakeFiles/oboskrnl.dir/descriptors/idt/x86-64/idt.asm.obj
                0xffffffff80109290                _ZN4obos8idtFlushEy
 *fill*         0xffffffff80109294        0xc 
 .text          0xffffffff801092a0       0xd2 src/oboskrnl/CMakeFiles/oboskrnl.dir/utils/memcpy_x86-64.asm.obj
                0xffffffff801092a0                memcpy
                0xffffffff801092a0                _ZN4obos5utils6memcpyEPvPKvy
                0xffffffff801092d3                _ZN4obos5utils7memzeroEPvy
                0xffffffff801092ef                _ZN4obos5utils8dwMemsetEPjjy
                0xffffffff80109315                _ZN4obos5utils8dwMemcpyEPjPKjy
                0xffffffff8010933f                memset
                0xffffffff8010933f                _ZN4obos5utils6memsetEPvjj
                0xffffffff8010935a                _ZN4obos5utils6strlenEPKc
 *fill*         0xffffffff80109372        0xe 
 .text          0xffffffff80109380       0x1d src/oboskrnl/CMakeFiles/oboskrnl.dir/memory_manager/paging/x86-64/init.asm.obj
                0xffffffff80109380                _ZN4obos6memory25CPUSupportsExecuteDisableEv
 *fill*         0xffffffff8010939d        0x3 
 .text          0xffffffff801093a0       0x73 src/oboskrnl/CMakeFiles/oboskrnl.dir/multitasking/multitasking_x86-64.asm.obj
                0xffffffff801093a0                _ZN4obos12multitasking15switchToTaskAsmEv
                0xffffffff80109411                _ZN4obos12multitasking20switchToUserModeTaskEv
 *fill*         0xffffffff80109413        0x1 
 .text          0xffffffff80109414      0xa9b src/oboskrnl/CMakeFiles/oboskrnl.dir/descriptors/idt/x86-64/idt.cpp.obj
                0xffffffff80109414                _ZN4obos8IdtEntryC2Eythh
                0xffffffff80109414                _ZN4obos8IdtEntryC1Eythh
                0xffffffff80109499                _ZN4obos13InitializeIdtEv
                0xffffffff80109e89                _ZN4obos24RegisterInterruptHandlerEhPFvPKNS_15interrupt_frameEE
 .text          0xffffffff80109eaf      0x936 src/oboskrnl/CMakeFiles/oboskrnl.dir/x86-64/exception_handlers.cpp.obj
                0xffffffff80109eaf                _ZN4obos9pageFaultEPKNS_15interrupt_frameE
                0xffffffff8010a500                _ZN4obos23defaultExceptionHandlerEPKNS_15interrupt_frameE
 *fill*         0xffffffff8010a7e5        0x1 
 .text          0xffffffff8010a7e6      0x3e9 src/oboskrnl/CMakeFiles/oboskrnl.dir/memory_manager/paging/x86-64/init.cpp.obj
                0xffffffff8010a7e6                _ZN4obos6memory7PageMapC2Ev
                0xffffffff8010a7e6                _ZN4obos6memory7PageMapC1Ev
                0xffffffff8010a82c                _ZN4obos6memory7PageMapC1EPy
                0xffffffff8010a82c                _ZN4obos6memory7PageMapC2EPy
                0xffffffff8010a85a                _ZN4obos6memory7PageMap23getLevel3PageMapAddressEt
                0xffffffff8010a88c                _ZN4obos6memory7PageMap16getLevel3PageMapEt
                0xffffffff8010a8ce                _ZN4obos6memory7PageMap16getPageDirectoryEtt
                0xffffffff8010a922                _ZN4obos6memory7PageMap24getPageDirectoryRealtiveEtt
                0xffffffff8010a966                _ZN4obos6memory7PageMap12getPageTableEttt
                0xffffffff8010a9c0                _ZN4obos6memory7PageMap20getPageTableRealtiveEttt
                0xffffffff8010aa0a                _ZN4obos6memory7PageMap17getPageTableEntryEtttt
                0xffffffff8010aa6e                _ZN4obos6memory7PageMap21getRealPageTableEntryEtttt
                0xffffffff8010aac4                _ZN4obos6memory7PageMap12switchToThisEv
                0xffffffff8010aae8                _ZN4obos6memory7PageMapD2Ev
                0xffffffff8010aae8                _ZN4obos6memory7PageMapD1Ev
                0xffffffff8010ab12                _ZN4obos6memory16InitializePagingEv
 .text          0xffffffff8010abcf      0xe37 src/oboskrnl/CMakeFiles/oboskrnl.dir/memory_manager/paging/x86-64/allocate.cpp.obj
                0xffffffff8010abcf                _ZN4obos6memory14kmap_pageTableEPv
                0xffffffff8010b002                _ZN4obos6memory12VirtualAllocEPvyy
                0xffffffff8010b24b                _ZN4obos6memory11VirtualFreeEPvy
                0xffffffff8010b407                _ZN4obos6memory17HasVirtualAddressEPKvy
                0xffffffff8010b635                _ZN4obos6memory13MemoryProtectEPvyy
                0xffffffff8010b8c6                _ZN4obos6memory13kmap_physicalEPvyS1_b
 .text          0xffffffff8010ba06      0x48a src/oboskrnl/CMakeFiles/oboskrnl.dir/memory_manager/x86-64/physical.cpp.obj
                0xffffffff8010bb20                _ZN4obos6memory31InitializePhysicalMemoryManagerEv
                0xffffffff8010bcca                _ZN4obos6memory19kalloc_physicalPageEv
                0xffffffff8010bdd4                _ZN4obos6memory18kfree_physicalPageEPv
 .text          0xffffffff8010be90      0xe92 src/oboskrnl/CMakeFiles/oboskrnl.dir/boot/kmain.cpp.obj
                0xffffffff8010be90                _ZN4obos5kmainEP14multiboot_infoj
                0xffffffff8010c5d0                _ZN4obos8kmainThrEv
                0xffffffff8010cb30                __cxa_pure_virtual
                0xffffffff8010cb55                __cxa_atexit
                0xffffffff8010cbfc                __cxa_finalize
 .text          0xffffffff8010cd22      0xd25 src/oboskrnl/CMakeFiles/oboskrnl.dir/console.cpp.obj
                0xffffffff8010cffa                _ZN4obos17InitializeConsoleEjj
                0xffffffff8010d1bc                _ZN4obos15SetConsoleColorEjj
                0xffffffff8010d1df                _ZN4obos15GetConsoleColorERjS0_
                0xffffffff8010d484                _ZN4obos13ConsoleOutputEPKcyb
                0xffffffff8010d516                _ZN4obos19ConsoleOutputStringEPKcb
                0xffffffff8010d5ac                _ZN4obos15ConsoleFillLineEcb
                0xffffffff8010d63b                _ZN4obos22ConsoleOutputCharacterEcb
                0xffffffff8010d6a1                _ZN4obos22ConsoleOutputCharacterEcjjb
                0xffffffff8010d743                _ZN4obos25SetTerminalCursorPositionEjj
                0xffffffff8010d766                _ZN4obos25GetTerminalCursorPositionERjS0_
                0xffffffff8010d929                _ZN4obos12ClearConsoleEv
                0xffffffff8010d9a9                _ZN4obos11swapBuffersEv
 .text          0xffffffff8010da47     0x17b9 src/oboskrnl/CMakeFiles/oboskrnl.dir/klog.cpp.obj
                0xffffffff8010db2a                _Z10strreversePci
                0xffffffff8010dbb7                _Z13itoa_unsignedjPci
                0xffffffff8010dc7b                _ZN4obos22consoleOutputCharacterEhPv
                0xffffffff8010dcc2                _ZN4obos8_vprintfEPFvhPvES0_PKcP13__va_list_tag
                0xffffffff8010e39f                _ZN4obos6printfEPKcz
                0xffffffff8010e4b7                _ZN4obos7sprintfEPcPKcz
                0xffffffff8010e591                _ZN4obos7vprintfEPKcP13__va_list_tag
                0xffffffff8010e5dc                _ZN4obos6kpanicEPvS0_PKcz
                0xffffffff8010e80f                _ZN4obos14printf_noFlushEPKcz
                0xffffffff8010e8bd                _ZN4obos15printStackTraceEPvPKc
                0xffffffff8010ea70                _ZN4obos11disassembleEPvPKc
                0xffffffff8010ec8d                _ZN4obos7countToEPKcc
                0xffffffff8010ecfb                _ZN4obos7hex2binEPKcj
                0xffffffff8010edd2                _ZN4obos9addr2funcEPvRPcRy
                0xffffffff8010ef86                _ZN4obos9addr2fileEPvRPc
                0xffffffff8010f106                _ZN4obos4randEv
                0xffffffff8010f137                _ZN4obos5srandEj
                0xffffffff8010f163                _ZN4obos4poopEv
 .text          0xffffffff8010f200      0x85e src/oboskrnl/CMakeFiles/oboskrnl.dir/inline-asm.cpp.obj
                0xffffffff8010f200                _Z4outbth
                0xffffffff8010f221                _Z4outwtt
                0xffffffff8010f242                _Z3inbt
                0xffffffff8010f260                _Z3inwt
                0xffffffff8010f280                _Z7io_waitv
                0xffffffff8010f296                _Z3cliv
                0xffffffff8010f2ab                _Z3stiv
                0xffffffff8010f2c0                _Z3hltv
                0xffffffff8010f2c8                _Z4_inth
                0xffffffff8010f984                _ZN4obos18EnterKernelSectionEv
                0xffffffff8010f9cd                _ZN4obos18LeaveKernelSectionEv
                0xffffffff8010fa34                _ZN4obos12EnterSyscallEv
                0xffffffff8010fa49                _ZN4obos11ExitSyscallEv
 .text          0xffffffff8010fa5e      0x42e src/oboskrnl/CMakeFiles/oboskrnl.dir/utils/bitfields.cpp.obj
                0xffffffff8010fa7c                _ZN4obos5utils12BitfieldBaseC2Ev
                0xffffffff8010fa7c                _ZN4obos5utils12BitfieldBaseC1Ev
                0xffffffff8010faa4                _ZN4obos5utils12BitfieldBase6setBitEj
                0xffffffff8010faca                _ZN4obos5utils12BitfieldBase8clearBitEj
                0xffffffff8010faf2                _ZNK4obos5utils12BitfieldBase6getBitEj
                0xffffffff8010fb14                _ZNK4obos5utils12BitfieldBaseixEj
                0xffffffff8010fb42                _ZN4obos5utils12BitfieldBasecvjEv
                0xffffffff8010fb58                _ZN4obos5utils12BitfieldBasecvbEv
                0xffffffff8010fb74                _ZN4obos5utils8BitfieldC2Ev
                0xffffffff8010fb74                _ZN4obos5utils8BitfieldC1Ev
                0xffffffff8010fb9e                _ZN4obos5utils8Bitfield6setBitEh
                0xffffffff8010fbd8                _ZN4obos5utils8Bitfield8clearBitEh
                0xffffffff8010fc12                _ZNK4obos5utils8Bitfield6getBitEh
                0xffffffff8010fc64                _ZNK4obos5utils8BitfieldixEh
                0xffffffff8010fc94                _ZN4obos5utils8BitfieldcvbEv
                0xffffffff8010fcae                _ZN4obos5utils15IntegerBitfieldC2Ev
                0xffffffff8010fcae                _ZN4obos5utils15IntegerBitfieldC1Ev
                0xffffffff8010fcd8                _ZN4obos5utils15IntegerBitfieldC2Ej
                0xffffffff8010fcd8                _ZN4obos5utils15IntegerBitfieldC1Ej
                0xffffffff8010fd0e                _ZN4obos5utils15IntegerBitfield11setBitfieldEj
                0xffffffff8010fd2a                _ZN4obos5utils16setBitInBitfieldERjh
                0xffffffff8010fd5b                _ZN4obos5utils18clearBitInBitfieldERjh
                0xffffffff8010fd8e                _ZN4obos5utils17testBitInBitfieldEjh
                0xffffffff8010fddb                _ZN4obos5utils16setBitInBitfieldERyh
                0xffffffff8010fe11                _ZN4obos5utils18clearBitInBitfieldERyh
                0xffffffff8010fe4a                _ZN4obos5utils17testBitInBitfieldEyh
 .text          0xffffffff8010fe8c      0x4b4 src/oboskrnl/CMakeFiles/oboskrnl.dir/descriptors/idt/pic.cpp.obj
                0xffffffff8010fe8c                _ZN4obos3PicC2Ett
                0xffffffff8010fe8c                _ZN4obos3PicC1Ett
                0xffffffff8010feda                _ZN4obos3Pic8setPortsEtt
                0xffffffff8010ff16                _ZN4obos3Pic15sendCommandByteEh
                0xffffffff8010ff58                _ZN4obos3Pic15sendCommandWordEt
                0xffffffff8010ff9a                _ZN4obos3Pic12sendDataByteEh
                0xffffffff8010ffdc                _ZN4obos3Pic12sendDataWordEt
                0xffffffff80110020                _ZN4obos3Pic15recvCommandByteEv
                0xffffffff80110056                _ZN4obos3Pic15recvCommandWordEv
                0xffffffff8011008c                _ZN4obos3Pic12recvDataByteEv
                0xffffffff801100c4                _ZN4obos3Pic12recvDataWordEv
                0xffffffff801100fc                _ZN4obos3Pic7sendEOIEv
                0xffffffff8011011c                _ZN4obos3Pic5remapEhh
                0xffffffff8011017e                _ZN4obos3Pic9enableIrqEh
                0xffffffff801101d4                _ZN4obos3Pic10disableIrqEh
                0xffffffff8011022a                _ZN4obos3Pic7disableEv
                0xffffffff8011024a                _ZN4obos3Pic15issuedInterruptEh
                0xffffffff80110298                _ZN4obos7SendEOIEh
 .text          0xffffffff80110340       0xed src/oboskrnl/CMakeFiles/oboskrnl.dir/external/list/list_iterator.c.obj
                0xffffffff80110340                list_iterator_new
                0xffffffff8011037d                list_iterator_new_from_node
                0xffffffff801103c3                list_iterator_next
                0xffffffff8011040a                list_iterator_destroy
 .text          0xffffffff8011042d      0x228 src/oboskrnl/CMakeFiles/oboskrnl.dir/utils/memory.cpp.obj
                0xffffffff8011042d                memcmp
                0xffffffff8011045a                _ZN4obos5utils6memcmpEPKvS2_y
                0xffffffff80110545                _ZN4obos5utils6memchrEPvhy
                0xffffffff801105c2                _ZN4obos5utils6memchrEPKvhy
                0xffffffff801105ef                _ZN4obos5utils6strcmpEPKcS2_
 .text          0xffffffff80110655      0x1b5 src/oboskrnl/CMakeFiles/oboskrnl.dir/memory_manager/paging/liballoc_hooks.cpp.obj
                0xffffffff80110655                liballoc_alloc
                0xffffffff801106af                liballoc_free
                0xffffffff801106e6                liballoc_lock
                0xffffffff801106f6                liballoc_unlock
                0xffffffff80110706                _Znwm
                0xffffffff80110725                _Znam
                0xffffffff80110744                _ZdlPv
                0xffffffff8011075f                _ZdaPv
                0xffffffff8011077a                _ZdlPvm
                0xffffffff80110799                _ZdaPvm
                0xffffffff801107b8                _ZnwmPv
                0xffffffff801107ce                _ZnamPv
                0xffffffff801107e4                _ZdlPvS_
                0xffffffff801107f7                _ZdaPvS_
 .text          0xffffffff8011080a      0xdcc src/oboskrnl/CMakeFiles/oboskrnl.dir/memory_manager/liballoc/liballoc.c.obj
                0xffffffff801109de                kmalloc
                0xffffffff8011117a                kfree
                0xffffffff80111415                kcalloc
                0xffffffff80111463                krealloc
 .text          0xffffffff801115d6      0xf24 src/oboskrnl/CMakeFiles/oboskrnl.dir/multitasking/threadHandle.cpp.obj
                0xffffffff801115d6                _ZN4obos12multitasking12ThreadHandleC1Ev
                0xffffffff801115d6                _ZN4obos12multitasking12ThreadHandleC2Ev
                0xffffffff8011163c                _ZN4obos12multitasking12ThreadHandle12CreateThreadENS0_6Thread10priority_tEPFvPvES4_jy
                0xffffffff801116e8                _ZN4obos12multitasking12ThreadHandle10OpenThreadEj
                0xffffffff801117a0                _ZN4obos12multitasking12ThreadHandle10OpenThreadEPNS0_6ThreadE
                0xffffffff80111836                _ZN4obos12multitasking12ThreadHandle11PauseThreadEb
                0xffffffff801118d8                _ZN4obos12multitasking12ThreadHandle12ResumeThreadEv
                0xffffffff80111936                _ZN4obos12multitasking12ThreadHandle17SetThreadPriorityENS0_6Thread10priority_tE
                0xffffffff80111af0                _ZN4obos12multitasking12ThreadHandle15SetThreadStatusEj
                0xffffffff80111ba8                _ZN4obos12multitasking12ThreadHandle15TerminateThreadEj
                0xffffffff80111ce4                _ZN4obos12multitasking12ThreadHandle6GetTidEv
                0xffffffff80111d12                _ZN4obos12multitasking12ThreadHandle11GetExitCodeEv
                0xffffffff80111d6e                _ZN4obos12multitasking12ThreadHandle17GetThreadPriorityEv
                0xffffffff80111db2                _ZN4obos12multitasking12ThreadHandle15GetThreadStatusEv
                0xffffffff80111e5c                _ZN4obos12multitasking12ThreadHandle17WaitForThreadExitEv
                0xffffffff80112012                _ZN4obos12multitasking12ThreadHandle25WaitForThreadStatusChangeEj
                0xffffffff80112156                _ZN4obos12multitasking12ThreadHandle9duplicateEv
                0xffffffff8011220a                _ZN4obos12multitasking12ThreadHandle11closeHandleEv
                0xffffffff801123c1                _ZN4obos12multitasking10ExitThreadEj
                0xffffffff80112475                _ZN4obos12multitasking19GetCurrentThreadTidEv
                0xffffffff80112498                _ZN4obos12multitasking24GetCurrentThreadPriorityEv
                0xffffffff801124a8                _ZN4obos12multitasking22GetCurrentThreadStatusEv
                0xffffffff801124b8                _ZN4obos12multitasking22GetCurrentThreadHandleEv
 .text          0xffffffff801124fa       0x51 src/oboskrnl/CMakeFiles/oboskrnl.dir/external/list/list_node.c.obj
                0xffffffff801124fa                list_node_new
 .text          0xffffffff8011254b      0x58a src/oboskrnl/CMakeFiles/oboskrnl.dir/external/list/list.c.obj
                0xffffffff8011254b                list_new
                0xffffffff801125af                list_destroy
                0xffffffff80112630                list_rpush
                0xffffffff801126e2                list_rpop
                0xffffffff80112786                list_lpop
                0xffffffff80112825                list_lpush
                0xffffffff801128d3                list_find
                0xffffffff80112983                list_at
                0xffffffff80112a23                list_remove
 .text          0xffffffff80112ad5      0x9d7 src/oboskrnl/CMakeFiles/oboskrnl.dir/multitasking/multitasking.cpp.obj
                0xffffffff80112ad5                _ZN4obos12multitasking10canRanTaskEPNS0_6ThreadE
                0xffffffff80112b14                _ZN4obos12multitasking12switchToTaskEPNS0_6ThreadE
                0xffffffff80112c70                _ZN4obos12multitasking11findNewTaskEPKNS_15interrupt_frameE
                0xffffffff801132d3                _ZN4obos12multitasking22InitializeMultitaskingEv
 .text          0xffffffff801134ac       0x1f src/oboskrnl/CMakeFiles/oboskrnl.dir/elf/elf.cpp.obj
                0xffffffff801134ac                _ZN4obos9elfLoader11LoadElfFileEPhyRyS2_
 *fill*         0xffffffff801134cb        0x1 
 .text          0xffffffff801134cc      0x3b6 src/oboskrnl/CMakeFiles/oboskrnl.dir/multitasking/thread.cpp.obj
                0xffffffff801134cc                _ZN4obos12multitasking6ThreadC1ENS1_10priority_tEPFvPvES3_jy
                0xffffffff801134cc                _ZN4obos12multitasking6ThreadC2ENS1_10priority_tEPFvPvES3_jy
                0xffffffff801135d4                _ZN4obos12multitasking6Thread12CreateThreadENS1_10priority_tEPFvPvES3_jy
 .text          0xffffffff80113882      0x18d src/oboskrnl/CMakeFiles/oboskrnl.dir/multitasking/mutex/mutex.cpp.obj
                0xffffffff80113882                _ZN4obos12multitasking17MutexLockCallbackEPNS0_6ThreadEPv
                0xffffffff801138c2                _ZN4obos12multitasking5Mutex4LockEb
                0xffffffff80113994                _ZN4obos12multitasking5Mutex6UnlockEv
                0xffffffff801139e6                _ZN4obos12multitasking5MutexD2Ev
                0xffffffff801139e6                _ZN4obos12multitasking5MutexD1Ev
 *fill*         0xffffffff80113a0f        0x1 
 .text          0xffffffff80113a10      0x2b9 src/oboskrnl/CMakeFiles/oboskrnl.dir/multitasking/mutex/mutexHandle.cpp.obj
                0xffffffff80113a10                _ZN4obos12multitasking11MutexHandleC2Ev
                0xffffffff80113a10                _ZN4obos12multitasking11MutexHandleC1Ev
                0xffffffff80113ab8                _ZN4obos12multitasking11MutexHandle9duplicateEv
                0xffffffff80113b3e                _ZN4obos12multitasking11MutexHandle11closeHandleEv
                0xffffffff80113be6                _ZN4obos12multitasking11MutexHandle4LockEb
                0xffffffff80113c32                _ZN4obos12multitasking11MutexHandle6UnlockEv
                0xffffffff80113c68                _ZN4obos12multitasking11MutexHandleD2Ev
                0xffffffff80113c68                _ZN4obos12multitasking11MutexHandleD1Ev
                0xffffffff80113c9e                _ZN4obos12multitasking11MutexHandleD0Ev
 *fill*         0xffffffff80113cc9        0x1 
 .text          0xffffffff80113cca      0x6dc src/oboskrnl/CMakeFiles/oboskrnl.dir/process/process.cpp.obj
                0xffffffff80113cca                _ZN4obos7process7ProcessC1Ev
                0xffffffff80113cca                _ZN4obos7process7ProcessC2Ev
                0xffffffff80113d97                _ZN4obos7process16DriverEntryPointEPv
                0xffffffff80113e80                _ZN4obos7process7Process13CreateProcessEPhyPvb
                0xffffffff80114108                _ZN4obos7process7Process16TerminateProcessEj
                0xffffffff80114388                _ZN4obos7process7Process15doContextSwitchEv
 .text          0xffffffff801143a6       0x8c src/oboskrnl/CMakeFiles/oboskrnl.dir/driver_api/interrupts.cpp.obj
                0xffffffff801143a6                _Z10do_nothingv
                0xffffffff801143b1                _ZN4obos9driverAPI20ResetSyscallHandlersEv
                0xffffffff801143e7                _ZN4obos9driverAPI22RegisterSyscallHandlerEhy
                0xffffffff8011440d                _ZN4obos9driverAPI24UnregisterSyscallHandlerEh
 .text          0xffffffff80114432      0xcda src/oboskrnl/CMakeFiles/oboskrnl.dir/driver_api/syscalls.cpp.obj
                0xffffffff80114432                _ZN4obos9driverAPI16RegisterSyscallsEv
 .text          0xffffffff8011510c     0x1abf src/oboskrnl/CMakeFiles/oboskrnl.dir/syscalls/syscalls.cpp.obj
                0xffffffff801151cf                _ZN4obos7process16RegisterSyscallsEv
 .text          0xffffffff80116bcb    0x18712 src/oboskrnl/CMakeFiles/oboskrnl.dir/external/amalgamated-dist/Zydis.c.obj
                0xffffffff80119070                ZydisDecodeOperands
                0xffffffff8011dfd4                ZydisDecoderInit
                0xffffffff8011e068                ZydisDecoderEnableMode
                0xffffffff8011e0a6                ZydisDecoderDecodeFull
                0xffffffff8011e1d5                ZydisDecoderDecodeInstruction
                0xffffffff8011e337                ZydisDecoderDecodeOperands
                0xffffffff8011e3e5                ZydisDecoderTreeGetChildNode
                0xffffffff8011e9ef                ZydisGetInstructionEncodingInfo
                0xffffffff80123813                ZydisBuildRegisterOperand
                0xffffffff8012494b                ZydisEncoderEncodeInstruction
                0xffffffff801249b0                ZydisEncoderEncodeInstructionAbsolute
                0xffffffff80124fd7                ZydisEncoderDecodedInstructionToEncoderRequest
                0xffffffff80125582                ZydisEncoderNopFill
                0xffffffff80125608                ZydisGetRelInfo
                0xffffffff801256bc                ZydisGetEncodableInstructions
                0xffffffff80125e16                ZydisFormatterBufferInit
                0xffffffff80125ea7                ZydisFormatterBufferInitTokenized
                0xffffffff80125f66                ZydisFormatterInit
                0xffffffff80125faf                ZydisFormatterSetProperty
                0xffffffff8012666a                ZydisFormatterSetHook
                0xffffffff80126735                ZydisFormatterFormatInstruction
                0xffffffff801268f5                ZydisFormatterFormatOperand
                0xffffffff80126b9f                ZydisFormatterTokenizeInstruction
                0xffffffff80126da5                ZydisFormatterTokenizeOperand
                0xffffffff80127098                ZydisFormatterATTFormatInstruction
                0xffffffff801277a7                ZydisFormatterATTFormatOperandMEM
                0xffffffff80127c63                ZydisFormatterATTPrintMnemonic
                0xffffffff80127fd3                ZydisFormatterATTPrintRegister
                0xffffffff80128099                ZydisFormatterATTPrintAddressABS
                0xffffffff8012813a                ZydisFormatterATTPrintDISP
                0xffffffff801284a2                ZydisFormatterATTPrintIMM
                0xffffffff80128525                ZydisFormatterHelperGetExplicitSize
                0xffffffff8012871f                ZydisFormatterBaseFormatOperandREG
                0xffffffff8012875d                ZydisFormatterBaseFormatOperandPTR
                0xffffffff80128b38                ZydisFormatterBaseFormatOperandIMM
                0xffffffff80128bf1                ZydisFormatterBasePrintAddressABS
                0xffffffff80128e42                ZydisFormatterBasePrintAddressREL
                0xffffffff80129250                ZydisFormatterBasePrintIMM
                0xffffffff801296b5                ZydisFormatterBasePrintSegment
                0xffffffff8012989f                ZydisFormatterBasePrintPrefixes
                0xffffffff8012a820                ZydisFormatterBasePrintDecorator
                0xffffffff8012bd13                ZydisFormatterTokenGetValue
                0xffffffff8012bd66                ZydisFormatterTokenNext
                0xffffffff8012bdc7                ZydisFormatterBufferGetToken
                0xffffffff8012be1b                ZydisFormatterBufferGetString
                0xffffffff8012be7b                ZydisFormatterBufferAppend
                0xffffffff8012bf9f                ZydisFormatterBufferRemember
                0xffffffff8012bff9                ZydisFormatterBufferRestore
                0xffffffff8012c0ba                ZydisFormatterIntelFormatInstruction
                0xffffffff8012c7cb                ZydisFormatterIntelFormatOperandMEM
                0xffffffff8012cca3                ZydisFormatterIntelPrintMnemonic
                0xffffffff8012ce4f                ZydisFormatterIntelPrintRegister
                0xffffffff8012cf31                ZydisFormatterIntelPrintDISP
                0xffffffff8012d3ff                ZydisFormatterIntelPrintTypecast
                0xffffffff8012d859                ZydisFormatterIntelFormatInstructionMASM
                0xffffffff8012d892                ZydisFormatterIntelPrintAddressMASM
                0xffffffff8012db2b                ZydisCategoryGetString
                0xffffffff8012db50                ZydisISASetGetString
                0xffffffff8012db78                ZydisISAExtGetString
                0xffffffff8012db9d                ZydisMnemonicGetString
                0xffffffff8012dbd0                ZydisMnemonicGetStringWrapped
                0xffffffff8012dc00                ZydisRegisterEncode
                0xffffffff8012dc7e                ZydisRegisterGetId
                0xffffffff8012dcb4                ZydisRegisterGetClass
                0xffffffff8012dce9                ZydisRegisterGetWidth
                0xffffffff8012dd43                ZydisRegisterGetLargestEnclosing
                0xffffffff8012de41                ZydisRegisterGetString
                0xffffffff8012de74                ZydisRegisterGetStringWrapped
                0xffffffff8012dea4                ZydisRegisterClassGetWidth
                0xffffffff8012defb                ZydisGetInstructionSegments
                0xffffffff8012e4ba                ZydisGetInstructionDefinition
                0xffffffff8012e5bf                ZydisGetOperandDefinitions
                0xffffffff8012e626                ZydisGetElementInfo
                0xffffffff8012e65e                ZydisGetAccessedFlags
                0xffffffff8012e6cf                ZydisStringAppendDecU64
                0xffffffff8012e8b5                ZydisStringAppendHexU64
                0xffffffff8012eb43                ZydisStringAppendDecU
                0xffffffff8012ebd2                ZydisStringAppendHexU
                0xffffffff8012ec6d                ZydisCalcAbsoluteAddress
                0xffffffff8012ee89                ZydisCalcAbsoluteAddressEx
                0xffffffff8012efe4                ZydisGetVersion
                0xffffffff8012eff4                ZydisIsFeatureEnabled
                0xffffffff8012f25d                ZydisDisassembleIntel
                0xffffffff8012f29d                ZydisDisassembleATT
 .text          0xffffffff8012f2dd       0x16 src/oboskrnl/CMakeFiles/oboskrnl.dir/descriptors/gdt/gdt.cpp.obj
                0xffffffff8012f2dd                _ZN4obos13InitializeGdtEv
                0xffffffff8012f2e4                _ZN4obos11SetTSSStackEPv
                0xffffffff8012f2f3                _glb_text_start = .
 *(.glb.text)
 .glb.text      0xffffffff8012f2f3       0x2a src/oboskrnl/CMakeFiles/oboskrnl.dir/process/process.cpp.obj
                0xffffffff8012f2f3                _ZN4obos7process14ProcEntryPointEPv
                0xffffffff8012f31d                _glb_text_end = .

.iplt           0xffffffff8012f31d        0x0 load address 0x000000000012f31d
 .iplt          0xffffffff8012f31d        0x0 src/oboskrnl/CMakeFiles/oboskrnl.dir/boot/x86-64/kernel_bootstrap.asm.obj

.gnu.linkonce.t._ZN4obos6memory7PageMap21computeIndexAtAddressEyh
                0xffffffff8012f31d       0x31 load address 0x000000000012f31d
 .gnu.linkonce.t._ZN4obos6memory7PageMap21computeIndexAtAddressEyh
                0xffffffff8012f31d       0x31 src/oboskrnl/CMakeFiles/oboskrnl.dir/x86-64/exception_handlers.cpp.obj
                0xffffffff8012f31d                _ZN4obos6memory7PageMap21computeIndexAtAddressEyh

.gnu.linkonce.t._ZN4obos6Handle7getTypeEv
                0xffffffff8012f34e       0x13 load address 0x000000000012f34e
 .gnu.linkonce.t._ZN4obos6Handle7getTypeEv
                0xffffffff8012f34e       0x13 src/oboskrnl/CMakeFiles/oboskrnl.dir/boot/kmain.cpp.obj
                0xffffffff8012f34e                _ZN4obos6Handle7getTypeEv

.gnu.linkonce.t._ZN4obos6HandleD2Ev
                0xffffffff8012f362       0x1d load address 0x000000000012f362
 .gnu.linkonce.t._ZN4obos6HandleD2Ev
                0xffffffff8012f362       0x1d src/oboskrnl/CMakeFiles/oboskrnl.dir/boot/kmain.cpp.obj
                0xffffffff8012f362                _ZN4obos6HandleD2Ev

.gnu.linkonce.t._ZN4obos12multitasking12ThreadHandleD1Ev
                0xffffffff8012f380       0x35 load address 0x000000000012f380
 .gnu.linkonce.t._ZN4obos12multitasking12ThreadHandleD1Ev
                0xffffffff8012f380       0x35 src/oboskrnl/CMakeFiles/oboskrnl.dir/boot/kmain.cpp.obj
                0xffffffff8012f380                _ZN4obos12multitasking12ThreadHandleD1Ev

.gnu.linkonce.t._ZN4obos6Handle13getReferencesEv
                0xffffffff8012f3b6       0x1a load address 0x000000000012f3b6
 .gnu.linkonce.t._ZN4obos6Handle13getReferencesEv
                0xffffffff8012f3b6       0x1a src/oboskrnl/CMakeFiles/oboskrnl.dir/multitasking/threadHandle.cpp.obj
                0xffffffff8012f3b6                _ZN4obos6Handle13getReferencesEv

.gnu.linkonce.t._ZN4obos12multitasking6ThreadD1Ev
                0xffffffff8012f3d0       0x53 load address 0x000000000012f3d0
 .gnu.linkonce.t._ZN4obos12multitasking6ThreadD1Ev
                0xffffffff8012f3d0       0x53 src/oboskrnl/CMakeFiles/oboskrnl.dir/multitasking/threadHandle.cpp.obj
                0xffffffff8012f3d0                _ZN4obos12multitasking6ThreadD1Ev

.gnu.linkonce.t._ZN4obos12multitasking6ThreadD0Ev
                0xffffffff8012f424       0x2b load address 0x000000000012f424
 .gnu.linkonce.t._ZN4obos12multitasking6ThreadD0Ev
                0xffffffff8012f424       0x2b src/oboskrnl/CMakeFiles/oboskrnl.dir/multitasking/threadHandle.cpp.obj
                0xffffffff8012f424                _ZN4obos12multitasking6ThreadD0Ev

.gnu.linkonce.t._ZN4obos12multitasking12ThreadHandle7getTypeEv
                0xffffffff8012f450       0x13 load address 0x000000000012f450
 .gnu.linkonce.t._ZN4obos12multitasking12ThreadHandle7getTypeEv
                0xffffffff8012f450       0x13 src/oboskrnl/CMakeFiles/oboskrnl.dir/multitasking/threadHandle.cpp.obj
                0xffffffff8012f450                _ZN4obos12multitasking12ThreadHandle7getTypeEv

.gnu.linkonce.t._ZN4obos12multitasking12ThreadHandleD0Ev
                0xffffffff8012f464       0x2b load address 0x000000000012f464
 .gnu.linkonce.t._ZN4obos12multitasking12ThreadHandleD0Ev
                0xffffffff8012f464       0x2b src/oboskrnl/CMakeFiles/oboskrnl.dir/multitasking/threadHandle.cpp.obj
                0xffffffff8012f464                _ZN4obos12multitasking12ThreadHandleD0Ev

.gnu.linkonce.t._ZN4obos6HandleC2Ev
                0xffffffff8012f490       0x41 load address 0x000000000012f490
 .gnu.linkonce.t._ZN4obos6HandleC2Ev
                0xffffffff8012f490       0x41 src/oboskrnl/CMakeFiles/oboskrnl.dir/multitasking/threadHandle.cpp.obj
                0xffffffff8012f490                _ZN4obos6HandleC2Ev

.gnu.linkonce.t._ZN4obos12multitasking6ThreadC1Ev
                0xffffffff8012f4d2       0xd1 load address 0x000000000012f4d2
 .gnu.linkonce.t._ZN4obos12multitasking6ThreadC1Ev
                0xffffffff8012f4d2       0xd1 src/oboskrnl/CMakeFiles/oboskrnl.dir/multitasking/threadHandle.cpp.obj
                0xffffffff8012f4d2                _ZN4obos12multitasking6ThreadC1Ev

.gnu.linkonce.t._ZN4obos12multitasking11MutexHandle7getTypeEv
                0xffffffff8012f5a4       0x13 load address 0x000000000012f5a4
 .gnu.linkonce.t._ZN4obos12multitasking11MutexHandle7getTypeEv
                0xffffffff8012f5a4       0x13 src/oboskrnl/CMakeFiles/oboskrnl.dir/multitasking/mutex/mutexHandle.cpp.obj
                0xffffffff8012f5a4                _ZN4obos12multitasking11MutexHandle7getTypeEv

.gnu.linkonce.t._ZN4obos12multitasking5MutexC1Ev
                0xffffffff8012f5b8       0x29 load address 0x000000000012f5b8
 .gnu.linkonce.t._ZN4obos12multitasking5MutexC1Ev
                0xffffffff8012f5b8       0x29 src/oboskrnl/CMakeFiles/oboskrnl.dir/multitasking/mutex/mutexHandle.cpp.obj
                0xffffffff8012f5b8                _ZN4obos12multitasking5MutexC1Ev

.rodata         0xffffffff80130000    0x6e480 load address 0x0000000000130000
 *(.rodata)
 .rodata        0xffffffff80130000      0x3a8 src/oboskrnl/CMakeFiles/oboskrnl.dir/x86-64/exception_handlers.cpp.obj
 .rodata        0xffffffff801303a8       0x10 src/oboskrnl/CMakeFiles/oboskrnl.dir/memory_manager/paging/x86-64/init.cpp.obj
 .rodata        0xffffffff801303b8       0x10 src/oboskrnl/CMakeFiles/oboskrnl.dir/memory_manager/paging/x86-64/allocate.cpp.obj
 .rodata        0xffffffff801303c8       0x10 src/oboskrnl/CMakeFiles/oboskrnl.dir/memory_manager/x86-64/physical.cpp.obj
 .rodata        0xffffffff801303d8      0x4c5 src/oboskrnl/CMakeFiles/oboskrnl.dir/boot/kmain.cpp.obj
 *fill*         0xffffffff8013089d        0x3 
 .rodata        0xffffffff801308a0       0x88 src/oboskrnl/CMakeFiles/oboskrnl.dir/console.cpp.obj
 .rodata        0xffffffff80130928      0x230 src/oboskrnl/CMakeFiles/oboskrnl.dir/klog.cpp.obj
 .rodata        0xffffffff80130b58      0x800 src/oboskrnl/CMakeFiles/oboskrnl.dir/inline-asm.cpp.obj
 .rodata        0xffffffff80131358       0x9f src/oboskrnl/CMakeFiles/oboskrnl.dir/multitasking/threadHandle.cpp.obj
 *fill*         0xffffffff801313f7        0x1 
 .rodata        0xffffffff801313f8       0x9f src/oboskrnl/CMakeFiles/oboskrnl.dir/multitasking/multitasking.cpp.obj
 *fill*         0xffffffff80131497        0x1 
 .rodata        0xffffffff80131498       0x9f src/oboskrnl/CMakeFiles/oboskrnl.dir/multitasking/thread.cpp.obj
 *fill*         0xffffffff80131537        0x1 
 .rodata        0xffffffff80131538       0xff src/oboskrnl/CMakeFiles/oboskrnl.dir/process/process.cpp.obj
 *fill*         0xffffffff80131637        0x1 
 .rodata        0xffffffff80131638       0x68 src/oboskrnl/CMakeFiles/oboskrnl.dir/driver_api/syscalls.cpp.obj
 .rodata        0xffffffff801316a0    0x6cde0 src/oboskrnl/CMakeFiles/oboskrnl.dir/external/amalgamated-dist/Zydis.c.obj
                0xffffffff80131ec0                FILTERS_XOP
                0xffffffff80131f00                FILTERS_VEX
                0xffffffff80131f80                FILTERS_EMVEX
                0xffffffff80132020                FILTERS_OPCODE
                0xffffffff8013aa20                FILTERS_MODE
                0xffffffff8013aa40                FILTERS_MODE_COMPACT
                0xffffffff8013b130                FILTERS_PREFIX_GROUP1
                0xffffffff8013b148                FILTERS_MODRM_MOD
                0xffffffff8013b160                FILTERS_MODRM_MOD_COMPACT
                0xffffffff8013dcc0                FILTERS_MODRM_REG
                0xffffffff8013e820                FILTERS_MODRM_RM
                0xffffffff8013eec0                FILTERS_MANDATORY_PREFIX
                0xffffffff80140840                FILTERS_OPERAND_SIZE
                0xffffffff801409c0                FILTERS_ADDRESS_SIZE
                0xffffffff80140be0                FILTERS_VECTOR_LENGTH
                0xffffffff801442e0                FILTERS_REX_W
                0xffffffff80146ae2                FILTERS_REX_B
                0xffffffff80146b00                FILTERS_EVEX_B
                0xffffffff80148560                FILTERS_MVEX_E
                0xffffffff80148840                FILTERS_MODE_AMD
                0xffffffff801488c0                FILTERS_MODE_KNC
                0xffffffff801488f0                FILTERS_MODE_MPX
                0xffffffff80148900                FILTERS_MODE_CET
                0xffffffff80148920                FILTERS_MODE_LZCNT
                0xffffffff80148930                FILTERS_MODE_TZCNT
                0xffffffff8014893c                FILTERS_MODE_WBNOINVD
                0xffffffff80148942                FILTERS_MODE_CLDEMOTE
                0xffffffff80148948                FILTERS_MODE_CENTAUR
                0xffffffff8014894e                zydis_decoder_tree_root
                0xffffffff80148fa0                encoder_instruction_lookup
                0xffffffff8014ab20                encoder_instructions
                0xffffffff80167a00                ISTR_DEFINITIONS_LEGACY
                0xffffffff8016e3e0                ISTR_DEFINITIONS_3DNOW
                0xffffffff8016e620                ISTR_DEFINITIONS_XOP
                0xffffffff8016ef20                ISTR_DEFINITIONS_VEX
                0xffffffff801746e0                ISTR_DEFINITIONS_EVEX
                0xffffffff80182aa0                ISTR_DEFINITIONS_MVEX
                0xffffffff80184280                OPERAND_DEFINITIONS
                0xffffffff8019e480                _ZN4obos6memory9__erodataE = .

.gnu.linkonce.r._ZTVN4obos6HandleE
                0xffffffff8019e480       0x38 load address 0x000000000019e480
 .gnu.linkonce.r._ZTVN4obos6HandleE
                0xffffffff8019e480       0x38 src/oboskrnl/CMakeFiles/oboskrnl.dir/boot/kmain.cpp.obj
                0xffffffff8019e480                _ZTVN4obos6HandleE

.gnu.linkonce.r._ZTVN4obos5utils8BitfieldE
                0xffffffff8019e4b8       0x60 load address 0x000000000019e4b8
 .gnu.linkonce.r._ZTVN4obos5utils8BitfieldE
                0xffffffff8019e4b8       0x60 src/oboskrnl/CMakeFiles/oboskrnl.dir/utils/bitfields.cpp.obj
                0xffffffff8019e4b8                _ZTVN4obos5utils8BitfieldE

.gnu.linkonce.r._ZTVN4obos5utils12BitfieldBaseE
                0xffffffff8019e518       0x40 load address 0x000000000019e518
 .gnu.linkonce.r._ZTVN4obos5utils12BitfieldBaseE
                0xffffffff8019e518       0x40 src/oboskrnl/CMakeFiles/oboskrnl.dir/utils/bitfields.cpp.obj
                0xffffffff8019e518                _ZTVN4obos5utils12BitfieldBaseE

.gnu.linkonce.r._ZTVN4obos5utils15IntegerBitfieldE
                0xffffffff8019e558       0x60 load address 0x000000000019e558
 .gnu.linkonce.r._ZTVN4obos5utils15IntegerBitfieldE
                0xffffffff8019e558       0x60 src/oboskrnl/CMakeFiles/oboskrnl.dir/utils/bitfields.cpp.obj
                0xffffffff8019e558                _ZTVN4obos5utils15IntegerBitfieldE

.gnu.linkonce.r._ZTVN4obos12multitasking12ThreadHandleE
                0xffffffff8019e5b8       0x38 load address 0x000000000019e5b8
 .gnu.linkonce.r._ZTVN4obos12multitasking12ThreadHandleE
                0xffffffff8019e5b8       0x38 src/oboskrnl/CMakeFiles/oboskrnl.dir/multitasking/threadHandle.cpp.obj
                0xffffffff8019e5b8                _ZTVN4obos12multitasking12ThreadHandleE

.gnu.linkonce.r._ZTVN4obos12multitasking6ThreadE
                0xffffffff8019e5f0       0x20 load address 0x000000000019e5f0
 .gnu.linkonce.r._ZTVN4obos12multitasking6ThreadE
                0xffffffff8019e5f0       0x20 src/oboskrnl/CMakeFiles/oboskrnl.dir/multitasking/threadHandle.cpp.obj
                0xffffffff8019e5f0                _ZTVN4obos12multitasking6ThreadE

.gnu.linkonce.r._ZTVN4obos12multitasking11MutexHandleE
                0xffffffff8019e610       0x38 load address 0x000000000019e610
 .gnu.linkonce.r._ZTVN4obos12multitasking11MutexHandleE
                0xffffffff8019e610       0x38 src/oboskrnl/CMakeFiles/oboskrnl.dir/multitasking/mutex/mutexHandle.cpp.obj
                0xffffffff8019e610                _ZTVN4obos12multitasking11MutexHandleE

.rela.dyn       0xffffffff8019e648        0x0 load address 0x000000000019e648
 .rela.got      0xffffffff8019e648        0x0 src/oboskrnl/CMakeFiles/oboskrnl.dir/boot/x86-64/kernel_bootstrap.asm.obj
 .rela.iplt     0xffffffff8019e648        0x0 src/oboskrnl/CMakeFiles/oboskrnl.dir/boot/x86-64/kernel_bootstrap.asm.obj
 .rela.text     0xffffffff8019e648        0x0 src/oboskrnl/CMakeFiles/oboskrnl.dir/boot/x86-64/kernel_bootstrap.asm.obj
 .rela.gnu.linkonce.t._ZN4obos6HandleD2Ev
                0xffffffff8019e648        0x0 src/oboskrnl/CMakeFiles/oboskrnl.dir/boot/x86-64/kernel_bootstrap.asm.obj
 .rela.gnu.linkonce.t._ZN4obos12multitasking12ThreadHandleD1Ev
                0xffffffff8019e648        0x0 src/oboskrnl/CMakeFiles/oboskrnl.dir/boot/x86-64/kernel_bootstrap.asm.obj
 .rela.gnu.linkonce.r._ZTVN4obos6HandleE
                0xffffffff8019e648        0x0 src/oboskrnl/CMakeFiles/oboskrnl.dir/boot/x86-64/kernel_bootstrap.asm.obj
 .rela.gnu.linkonce.t._ZN4obos12multitasking6ThreadD1Ev
                0xffffffff8019e648        0x0 src/oboskrnl/CMakeFiles/oboskrnl.dir/boot/x86-64/kernel_bootstrap.asm.obj
 .rela.gnu.linkonce.t._ZN4obos6HandleC2Ev
                0xffffffff8019e648        0x0 src/oboskrnl/CMakeFiles/oboskrnl.dir/boot/x86-64/kernel_bootstrap.asm.obj
 .rela.gnu.linkonce.t._ZN4obos12multitasking6ThreadC1Ev
                0xffffffff8019e648        0x0 src/oboskrnl/CMakeFiles/oboskrnl.dir/boot/x86-64/kernel_bootstrap.asm.obj
 .rela.gnu.linkonce.r._ZTVN4obos12multitasking12ThreadHandleE
                0xffffffff8019e648        0x0 src/oboskrnl/CMakeFiles/oboskrnl.dir/boot/x86-64/kernel_bootstrap.asm.obj
 .rela.gnu.linkonce.r._ZTVN4obos12multitasking6ThreadE
                0xffffffff8019e648        0x0 src/oboskrnl/CMakeFiles/oboskrnl.dir/boot/x86-64/kernel_bootstrap.asm.obj
 .rela.gnu.linkonce.r._ZTVN4obos12multitasking11MutexHandleE
                0xffffffff8019e648        0x0 src/oboskrnl/CMakeFiles/oboskrnl.dir/boot/x86-64/kernel_bootstrap.asm.obj

.data           0xffffffff8019f000      0xc6c load address 0x000000000019f000
 *(.data)
 .data          0xffffffff8019f000        0x0 src/oboskrnl/CMakeFiles/oboskrnl.dir/descriptors/idt/x86-64/handlers.asm.obj
 .data          0xffffffff8019f000       0x10 src/oboskrnl/CMakeFiles/oboskrnl.dir/multitasking/multitasking_x86-64.asm.obj
 .data          0xffffffff8019f010        0x0 src/oboskrnl/CMakeFiles/oboskrnl.dir/descriptors/idt/x86-64/idt.cpp.obj
 .data          0xffffffff8019f010        0x0 src/oboskrnl/CMakeFiles/oboskrnl.dir/x86-64/exception_handlers.cpp.obj
 .data          0xffffffff8019f010        0x0 src/oboskrnl/CMakeFiles/oboskrnl.dir/memory_manager/paging/x86-64/init.cpp.obj
 .data          0xffffffff8019f010        0x0 src/oboskrnl/CMakeFiles/oboskrnl.dir/memory_manager/paging/x86-64/allocate.cpp.obj
 .data          0xffffffff8019f010        0x0 src/oboskrnl/CMakeFiles/oboskrnl.dir/memory_manager/x86-64/physical.cpp.obj
 .data          0xffffffff8019f010        0x8 src/oboskrnl/CMakeFiles/oboskrnl.dir/boot/kmain.cpp.obj
                0xffffffff8019f010                __dso_handle
 .data          0xffffffff8019f018        0x0 src/oboskrnl/CMakeFiles/oboskrnl.dir/console.cpp.obj
 .data          0xffffffff8019f018        0x8 src/oboskrnl/CMakeFiles/oboskrnl.dir/klog.cpp.obj
 .data          0xffffffff8019f020        0x0 src/oboskrnl/CMakeFiles/oboskrnl.dir/inline-asm.cpp.obj
 .data          0xffffffff8019f020        0x0 src/oboskrnl/CMakeFiles/oboskrnl.dir/utils/bitfields.cpp.obj
 .data          0xffffffff8019f020        0x0 src/oboskrnl/CMakeFiles/oboskrnl.dir/descriptors/idt/pic.cpp.obj
 .data          0xffffffff8019f020        0x0 src/oboskrnl/CMakeFiles/oboskrnl.dir/external/list/list_iterator.c.obj
 .data          0xffffffff8019f020        0x0 src/oboskrnl/CMakeFiles/oboskrnl.dir/utils/memory.cpp.obj
 .data          0xffffffff8019f020        0x8 src/oboskrnl/CMakeFiles/oboskrnl.dir/memory_manager/paging/liballoc_hooks.cpp.obj
                0xffffffff8019f020                liballoc_base
 .data          0xffffffff8019f028        0x8 src/oboskrnl/CMakeFiles/oboskrnl.dir/memory_manager/liballoc/liballoc.c.obj
 .data          0xffffffff8019f030        0x0 src/oboskrnl/CMakeFiles/oboskrnl.dir/multitasking/threadHandle.cpp.obj
 .data          0xffffffff8019f030        0x0 src/oboskrnl/CMakeFiles/oboskrnl.dir/external/list/list_node.c.obj
 .data          0xffffffff8019f030        0x0 src/oboskrnl/CMakeFiles/oboskrnl.dir/external/list/list.c.obj
 .data          0xffffffff8019f030        0x0 src/oboskrnl/CMakeFiles/oboskrnl.dir/multitasking/multitasking.cpp.obj
 .data          0xffffffff8019f030        0x0 src/oboskrnl/CMakeFiles/oboskrnl.dir/elf/elf.cpp.obj
 .data          0xffffffff8019f030        0x4 src/oboskrnl/CMakeFiles/oboskrnl.dir/multitasking/thread.cpp.obj
                0xffffffff8019f030                _ZN4obos12multitasking15g_nextThreadTidE
 .data          0xffffffff8019f034        0x0 src/oboskrnl/CMakeFiles/oboskrnl.dir/multitasking/mutex/mutex.cpp.obj
 .data          0xffffffff8019f034        0x0 src/oboskrnl/CMakeFiles/oboskrnl.dir/multitasking/mutex/mutexHandle.cpp.obj
 .data          0xffffffff8019f034        0x0 src/oboskrnl/CMakeFiles/oboskrnl.dir/process/process.cpp.obj
 .data          0xffffffff8019f034        0x0 src/oboskrnl/CMakeFiles/oboskrnl.dir/driver_api/interrupts.cpp.obj
 *fill*         0xffffffff8019f034        0x4 
 .data          0xffffffff8019f038        0x8 src/oboskrnl/CMakeFiles/oboskrnl.dir/driver_api/syscalls.cpp.obj
                0xffffffff8019f038                _ZN4obos9driverAPI27g_registeredDriversCapacityE
 .data          0xffffffff8019f040        0x0 src/oboskrnl/CMakeFiles/oboskrnl.dir/syscalls/syscalls.cpp.obj
 .data          0xffffffff8019f040      0xc2c src/oboskrnl/CMakeFiles/oboskrnl.dir/external/amalgamated-dist/Zydis.c.obj
 .data          0xffffffff8019fc6c        0x0 src/oboskrnl/CMakeFiles/oboskrnl.dir/descriptors/gdt/gdt.cpp.obj

.got            0xffffffff8019fc70        0x0 load address 0x000000000019fc70
 .got           0xffffffff8019fc70        0x0 src/oboskrnl/CMakeFiles/oboskrnl.dir/boot/x86-64/kernel_bootstrap.asm.obj

.got.plt        0xffffffff8019fc70        0x0 load address 0x000000000019fc70
 .got.plt       0xffffffff8019fc70        0x0 src/oboskrnl/CMakeFiles/oboskrnl.dir/boot/x86-64/kernel_bootstrap.asm.obj

.igot.plt       0xffffffff8019fc70        0x0 load address 0x000000000019fc70
 .igot.plt      0xffffffff8019fc70        0x0 src/oboskrnl/CMakeFiles/oboskrnl.dir/boot/x86-64/kernel_bootstrap.asm.obj

.eh_frame       0xffffffff8019fc70     0x6fa4 load address 0x000000000019fc70
 .eh_frame      0xffffffff8019fc70       0xc0 src/oboskrnl/CMakeFiles/oboskrnl.dir/descriptors/idt/x86-64/idt.cpp.obj
 .eh_frame      0xffffffff8019fd30       0xf8 src/oboskrnl/CMakeFiles/oboskrnl.dir/x86-64/exception_handlers.cpp.obj
                                        0x110 (size before relaxing)
 .eh_frame      0xffffffff8019fe28      0x348 src/oboskrnl/CMakeFiles/oboskrnl.dir/memory_manager/paging/x86-64/init.cpp.obj
                                        0x360 (size before relaxing)
 .eh_frame      0xffffffff801a0170      0x1f0 src/oboskrnl/CMakeFiles/oboskrnl.dir/memory_manager/paging/x86-64/allocate.cpp.obj
                                        0x240 (size before relaxing)
 .eh_frame      0xffffffff801a0360      0x120 src/oboskrnl/CMakeFiles/oboskrnl.dir/memory_manager/x86-64/physical.cpp.obj
                                        0x138 (size before relaxing)
 .eh_frame      0xffffffff801a0480      0x1d8 src/oboskrnl/CMakeFiles/oboskrnl.dir/boot/kmain.cpp.obj
                                        0x1f0 (size before relaxing)
 .eh_frame      0xffffffff801a0658      0x440 src/oboskrnl/CMakeFiles/oboskrnl.dir/console.cpp.obj
                                        0x458 (size before relaxing)
 .eh_frame      0xffffffff801a0a98      0x518 src/oboskrnl/CMakeFiles/oboskrnl.dir/klog.cpp.obj
                                        0x530 (size before relaxing)
 .eh_frame      0xffffffff801a0fb0      0x2d8 src/oboskrnl/CMakeFiles/oboskrnl.dir/inline-asm.cpp.obj
                                        0x2f0 (size before relaxing)
 .eh_frame      0xffffffff801a1288      0x520 src/oboskrnl/CMakeFiles/oboskrnl.dir/utils/bitfields.cpp.obj
                                        0x538 (size before relaxing)
 .eh_frame      0xffffffff801a17a8      0x3b8 src/oboskrnl/CMakeFiles/oboskrnl.dir/descriptors/idt/pic.cpp.obj
                                        0x3d0 (size before relaxing)
 .eh_frame      0xffffffff801a1b60       0xe0 src/oboskrnl/CMakeFiles/oboskrnl.dir/external/list/list_iterator.c.obj
                                         0xf8 (size before relaxing)
 .eh_frame      0xffffffff801a1c40      0x120 src/oboskrnl/CMakeFiles/oboskrnl.dir/utils/memory.cpp.obj
                                        0x138 (size before relaxing)
 .eh_frame      0xffffffff801a1d60      0x310 src/oboskrnl/CMakeFiles/oboskrnl.dir/memory_manager/paging/liballoc_hooks.cpp.obj
                                        0x328 (size before relaxing)
 .eh_frame      0xffffffff801a2070      0x188 src/oboskrnl/CMakeFiles/oboskrnl.dir/memory_manager/liballoc/liballoc.c.obj
                                        0x1a0 (size before relaxing)
 .eh_frame      0xffffffff801a21f8      0x870 src/oboskrnl/CMakeFiles/oboskrnl.dir/multitasking/threadHandle.cpp.obj
                                        0x930 (size before relaxing)
 .eh_frame      0xffffffff801a2a68       0x38 src/oboskrnl/CMakeFiles/oboskrnl.dir/external/list/list_node.c.obj
                                         0x50 (size before relaxing)
 .eh_frame      0xffffffff801a2aa0      0x1f8 src/oboskrnl/CMakeFiles/oboskrnl.dir/external/list/list.c.obj
                                        0x210 (size before relaxing)
 .eh_frame      0xffffffff801a2c98       0xf0 src/oboskrnl/CMakeFiles/oboskrnl.dir/multitasking/multitasking.cpp.obj
                                        0x1b0 (size before relaxing)
 .eh_frame      0xffffffff801a2d88       0x38 src/oboskrnl/CMakeFiles/oboskrnl.dir/elf/elf.cpp.obj
                                         0x50 (size before relaxing)
 .eh_frame      0xffffffff801a2dc0       0x70 src/oboskrnl/CMakeFiles/oboskrnl.dir/multitasking/thread.cpp.obj
                                         0xf8 (size before relaxing)
 .eh_frame      0xffffffff801a2e30       0xe0 src/oboskrnl/CMakeFiles/oboskrnl.dir/multitasking/mutex/mutex.cpp.obj
                                         0xf8 (size before relaxing)
 .eh_frame      0xffffffff801a2f10      0x208 src/oboskrnl/CMakeFiles/oboskrnl.dir/multitasking/mutex/mutexHandle.cpp.obj
                                        0x300 (size before relaxing)
 .eh_frame      0xffffffff801a3118      0x210 src/oboskrnl/CMakeFiles/oboskrnl.dir/process/process.cpp.obj
                                        0x3b0 (size before relaxing)
 .eh_frame      0xffffffff801a3328       0xe0 src/oboskrnl/CMakeFiles/oboskrnl.dir/driver_api/interrupts.cpp.obj
                                         0xf8 (size before relaxing)
 .eh_frame      0xffffffff801a3408      0x3a0 src/oboskrnl/CMakeFiles/oboskrnl.dir/driver_api/syscalls.cpp.obj
                                        0x3f0 (size before relaxing)
 .eh_frame      0xffffffff801a37a8      0x968 src/oboskrnl/CMakeFiles/oboskrnl.dir/syscalls/syscalls.cpp.obj
                                        0x980 (size before relaxing)
 .eh_frame      0xffffffff801a4110     0x2a98 src/oboskrnl/CMakeFiles/oboskrnl.dir/external/amalgamated-dist/Zydis.c.obj
                                       0x2ab0 (size before relaxing)
 .eh_frame      0xffffffff801a6ba8       0x6c src/oboskrnl/CMakeFiles/oboskrnl.dir/descriptors/gdt/gdt.cpp.obj
                                         0x88 (size before relaxing)

.ctors          0xffffffff801a6c18       0x10 load address 0x00000000001a6c18
 .ctors         0xffffffff801a6c18        0x8 src/oboskrnl/CMakeFiles/oboskrnl.dir/memory_manager/paging/x86-64/init.cpp.obj
 .ctors         0xffffffff801a6c20        0x8 src/oboskrnl/CMakeFiles/oboskrnl.dir/console.cpp.obj

.bss            0xffffffff801a7000     0xf400 load address 0x00000000001a7000
 *(COMMON)
 *(.bss)
 .bss           0xffffffff801a7000     0x1820 src/oboskrnl/CMakeFiles/oboskrnl.dir/descriptors/idt/x86-64/idt.cpp.obj
                0xffffffff801a7000                _ZN4obos19g_interruptHandlersE
 .bss           0xffffffff801a8820        0x0 src/oboskrnl/CMakeFiles/oboskrnl.dir/x86-64/exception_handlers.cpp.obj
 .bss           0xffffffff801a8820       0x28 src/oboskrnl/CMakeFiles/oboskrnl.dir/memory_manager/paging/x86-64/init.cpp.obj
                0xffffffff801a8820                _ZN4obos6memory15g_level4PageMapE
                0xffffffff801a8830                _ZN4obos6memory15g_kernelPageMapE
                0xffffffff801a8840                _ZN4obos6memory10g_zeroPageE
 *fill*         0xffffffff801a8848      0x7b8 
 .bss           0xffffffff801a9000     0x2000 src/oboskrnl/CMakeFiles/oboskrnl.dir/memory_manager/paging/x86-64/allocate.cpp.obj
 .bss           0xffffffff801ab000       0x28 src/oboskrnl/CMakeFiles/oboskrnl.dir/memory_manager/x86-64/physical.cpp.obj
                0xffffffff801ab000                _ZN4obos6memory24g_physicalMemoryBitfieldE
                0xffffffff801ab008                _ZN4obos6memory14g_sizeOfMemoryE
                0xffffffff801ab010                _ZN4obos6memory17g_nPagesAllocatedE
                0xffffffff801ab018                _ZN4obos6memory15g_bitfieldCountE
                0xffffffff801ab020                _ZN4obos6memory12g_mmapLengthE
 *fill*         0xffffffff801ab028       0x18 
 .bss           0xffffffff801ab040     0x1920 src/oboskrnl/CMakeFiles/oboskrnl.dir/boot/kmain.cpp.obj
                0xffffffff801ab040                _ZN4obos15g_multibootInfoE
                0xffffffff801ab048                _ZN4obos15g_kernelProcessE
                0xffffffff801ab060                __atexitFuncs
                0xffffffff801ac860                __atexitFuncCount
 .bss           0xffffffff801ac960       0x81 src/oboskrnl/CMakeFiles/oboskrnl.dir/console.cpp.obj
                0xffffffff801ac960                _ZN4obos17s_foregroundColorE
                0xffffffff801ac964                _ZN4obos17s_backgroundColorE
                0xffffffff801ac968                _ZN4obos16s_terminalColumnE
                0xffffffff801ac96c                _ZN4obos13s_terminalRowE
                0xffffffff801ac970                _ZN4obos20s_reachedEndTerminalE
                0xffffffff801ac978                _ZN4obos13s_framebufferE
                0xffffffff801ac980                _ZN4obos12s_backbufferE
                0xffffffff801ac988                _ZN4obos18s_framebufferWidthE
                0xffffffff801ac990                _ZN4obos19s_framebufferHeightE
                0xffffffff801ac998                _ZN4obos16s_nCharsVerticalE
                0xffffffff801ac9a0                _ZN4obos18s_nCharsHorizontalE
                0xffffffff801ac9a8                _ZN4obos4fontE
 .bss           0xffffffff801ac9e1        0x0 src/oboskrnl/CMakeFiles/oboskrnl.dir/klog.cpp.obj
 *fill*         0xffffffff801ac9e1        0x3 
 .bss           0xffffffff801ac9e4        0x8 src/oboskrnl/CMakeFiles/oboskrnl.dir/inline-asm.cpp.obj
 .bss           0xffffffff801ac9ec        0x0 src/oboskrnl/CMakeFiles/oboskrnl.dir/utils/bitfields.cpp.obj
 .bss           0xffffffff801ac9ec        0x0 src/oboskrnl/CMakeFiles/oboskrnl.dir/descriptors/idt/pic.cpp.obj
 .bss           0xffffffff801ac9ec        0x0 src/oboskrnl/CMakeFiles/oboskrnl.dir/external/list/list_iterator.c.obj
 .bss           0xffffffff801ac9ec        0x0 src/oboskrnl/CMakeFiles/oboskrnl.dir/utils/memory.cpp.obj
 *fill*         0xffffffff801ac9ec        0x4 
 .bss           0xffffffff801ac9f0        0x8 src/oboskrnl/CMakeFiles/oboskrnl.dir/memory_manager/paging/liballoc_hooks.cpp.obj
                0xffffffff801ac9f0                _ZN4obos25g_nLiballocPagesAllocatedE
 .bss           0xffffffff801ac9f8       0x38 src/oboskrnl/CMakeFiles/oboskrnl.dir/memory_manager/liballoc/liballoc.c.obj
 .bss           0xffffffff801aca30        0x0 src/oboskrnl/CMakeFiles/oboskrnl.dir/multitasking/threadHandle.cpp.obj
 .bss           0xffffffff801aca30        0x0 src/oboskrnl/CMakeFiles/oboskrnl.dir/external/list/list_node.c.obj
 .bss           0xffffffff801aca30        0x0 src/oboskrnl/CMakeFiles/oboskrnl.dir/external/list/list.c.obj
 *fill*         0xffffffff801aca30       0x10 
 .bss           0xffffffff801aca40       0x79 src/oboskrnl/CMakeFiles/oboskrnl.dir/multitasking/multitasking.cpp.obj
                0xffffffff801aca40                _ZN4obos12multitasking9g_threadsE
                0xffffffff801aca60                _ZN4obos12multitasking20g_threadPriorityListE
                0xffffffff801aca80                _ZN4obos12multitasking15g_currentThreadE
                0xffffffff801aca88                _ZN4obos12multitasking13g_initializedE
                0xffffffff801aca90                _ZN4obos12multitasking16g_schedulerMutexE
 .bss           0xffffffff801acab9        0x0 src/oboskrnl/CMakeFiles/oboskrnl.dir/elf/elf.cpp.obj
 .bss           0xffffffff801acab9        0x0 src/oboskrnl/CMakeFiles/oboskrnl.dir/multitasking/thread.cpp.obj
 .bss           0xffffffff801acab9        0x0 src/oboskrnl/CMakeFiles/oboskrnl.dir/multitasking/mutex/mutex.cpp.obj
 .bss           0xffffffff801acab9        0x0 src/oboskrnl/CMakeFiles/oboskrnl.dir/multitasking/mutex/mutexHandle.cpp.obj
 *fill*         0xffffffff801acab9        0x7 
 .bss           0xffffffff801acac0       0x14 src/oboskrnl/CMakeFiles/oboskrnl.dir/process/process.cpp.obj
                0xffffffff801acac0                _ZN4obos7process15g_nextProcessIdE
                0xffffffff801acac8                _ZN4obos7process13g_processListE
 *fill*         0xffffffff801acad4        0xc 
 .bss           0xffffffff801acae0      0x800 src/oboskrnl/CMakeFiles/oboskrnl.dir/driver_api/interrupts.cpp.obj
                0xffffffff801acae0                _ZN4obos9driverAPI14g_syscallTableE
 .bss           0xffffffff801ad2e0      0x120 src/oboskrnl/CMakeFiles/oboskrnl.dir/driver_api/syscalls.cpp.obj
                0xffffffff801ad2e0                _ZN4obos9driverAPI19g_registeredDriversE
 .bss           0xffffffff801ad400     0x1000 src/oboskrnl/CMakeFiles/oboskrnl.dir/syscalls/syscalls.cpp.obj
                0xffffffff801ad400                _ZN4obos7process14g_syscallTableE
 .bss           0xffffffff801ae400        0x0 src/oboskrnl/CMakeFiles/oboskrnl.dir/external/amalgamated-dist/Zydis.c.obj
 .bss           0xffffffff801ae400        0x0 src/oboskrnl/CMakeFiles/oboskrnl.dir/descriptors/gdt/gdt.cpp.obj
 *(.bootstrap_stack)
 .bootstrap_stack
                0xffffffff801ae400     0x8000 src/oboskrnl/CMakeFiles/oboskrnl.dir/boot/x86-64/kernel_bootstrap.asm.obj
                0xffffffff801ae400                _ZN4obos12stack_bottomE
                0xffffffff801b2400                _ZN4obos9stack_topE
                0xffffffff801b2400                _ZN4obos15thrstack_bottomE
                0xffffffff801b6400                _ZN4obos12thrstack_topE
                0xffffffff801b6400                _kernel_end = .
                0x0000000000400000                _ZN4obos6memory8endImageE = 0x400000
                0xffffffff80000000                _ZN4obos11kernelStartE = 0xffffffff80000000
                0xffffffffffffffff                _ZN4obos6memory9endKernelE = 0xffffffffffffffff
OUTPUT(/mnt/c/Code/obos/out/oboskrnl elf64-x86-64)

.debug_aranges  0x0000000000000000      0x8f0
 .debug_aranges
                0x0000000000000000       0x30 src/oboskrnl/CMakeFiles/oboskrnl.dir/boot/x86-64/kernel_bootstrap.asm.obj
 .debug_aranges
                0x0000000000000030       0x30 src/oboskrnl/CMakeFiles/oboskrnl.dir/x86-64/inline-asm.asm.obj
 .debug_aranges
                0x0000000000000060       0x30 src/oboskrnl/CMakeFiles/oboskrnl.dir/descriptors/idt/x86-64/handlers.asm.obj
 .debug_aranges
                0x0000000000000090       0x30 src/oboskrnl/CMakeFiles/oboskrnl.dir/descriptors/idt/x86-64/idt.asm.obj
 .debug_aranges
                0x00000000000000c0       0x30 src/oboskrnl/CMakeFiles/oboskrnl.dir/utils/memcpy_x86-64.asm.obj
 .debug_aranges
                0x00000000000000f0       0x30 src/oboskrnl/CMakeFiles/oboskrnl.dir/memory_manager/paging/x86-64/init.asm.obj
 .debug_aranges
                0x0000000000000120       0x30 src/oboskrnl/CMakeFiles/oboskrnl.dir/multitasking/multitasking_x86-64.asm.obj
 .debug_aranges
                0x0000000000000150       0x30 src/oboskrnl/CMakeFiles/oboskrnl.dir/descriptors/idt/x86-64/idt.cpp.obj
 .debug_aranges
                0x0000000000000180       0x40 src/oboskrnl/CMakeFiles/oboskrnl.dir/x86-64/exception_handlers.cpp.obj
 .debug_aranges
                0x00000000000001c0       0x30 src/oboskrnl/CMakeFiles/oboskrnl.dir/memory_manager/paging/x86-64/init.cpp.obj
 .debug_aranges
                0x00000000000001f0       0x40 src/oboskrnl/CMakeFiles/oboskrnl.dir/memory_manager/paging/x86-64/allocate.cpp.obj
 .debug_aranges
                0x0000000000000230       0x30 src/oboskrnl/CMakeFiles/oboskrnl.dir/memory_manager/x86-64/physical.cpp.obj
 .debug_aranges
                0x0000000000000260       0x60 src/oboskrnl/CMakeFiles/oboskrnl.dir/boot/kmain.cpp.obj
 .debug_aranges
                0x00000000000002c0       0x30 src/oboskrnl/CMakeFiles/oboskrnl.dir/console.cpp.obj
 .debug_aranges
                0x00000000000002f0       0x30 src/oboskrnl/CMakeFiles/oboskrnl.dir/klog.cpp.obj
 .debug_aranges
                0x0000000000000320       0x30 src/oboskrnl/CMakeFiles/oboskrnl.dir/inline-asm.cpp.obj
 .debug_aranges
                0x0000000000000350       0x30 src/oboskrnl/CMakeFiles/oboskrnl.dir/utils/bitfields.cpp.obj
 .debug_aranges
                0x0000000000000380       0x30 src/oboskrnl/CMakeFiles/oboskrnl.dir/descriptors/idt/pic.cpp.obj
 .debug_aranges
                0x00000000000003b0       0x30 src/oboskrnl/CMakeFiles/oboskrnl.dir/external/list/list_iterator.c.obj
 .debug_aranges
                0x00000000000003e0       0x30 src/oboskrnl/CMakeFiles/oboskrnl.dir/utils/memory.cpp.obj
 .debug_aranges
                0x0000000000000410       0x30 src/oboskrnl/CMakeFiles/oboskrnl.dir/memory_manager/paging/liballoc_hooks.cpp.obj
 .debug_aranges
                0x0000000000000440       0x30 src/oboskrnl/CMakeFiles/oboskrnl.dir/memory_manager/liballoc/liballoc.c.obj
 .debug_aranges
                0x0000000000000470       0xd0 src/oboskrnl/CMakeFiles/oboskrnl.dir/multitasking/threadHandle.cpp.obj
 .debug_aranges
                0x0000000000000540       0x30 src/oboskrnl/CMakeFiles/oboskrnl.dir/external/list/list_node.c.obj
 .debug_aranges
                0x0000000000000570       0x30 src/oboskrnl/CMakeFiles/oboskrnl.dir/external/list/list.c.obj
 .debug_aranges
                0x00000000000005a0       0x60 src/oboskrnl/CMakeFiles/oboskrnl.dir/multitasking/multitasking.cpp.obj
 .debug_aranges
                0x0000000000000600       0x30 src/oboskrnl/CMakeFiles/oboskrnl.dir/elf/elf.cpp.obj
 .debug_aranges
                0x0000000000000630       0x50 src/oboskrnl/CMakeFiles/oboskrnl.dir/multitasking/thread.cpp.obj
 .debug_aranges
                0x0000000000000680       0x30 src/oboskrnl/CMakeFiles/oboskrnl.dir/multitasking/mutex/mutex.cpp.obj
 .debug_aranges
                0x00000000000006b0       0x90 src/oboskrnl/CMakeFiles/oboskrnl.dir/multitasking/mutex/mutexHandle.cpp.obj
 .debug_aranges
                0x0000000000000740       0xb0 src/oboskrnl/CMakeFiles/oboskrnl.dir/process/process.cpp.obj
 .debug_aranges
                0x00000000000007f0       0x30 src/oboskrnl/CMakeFiles/oboskrnl.dir/driver_api/interrupts.cpp.obj
 .debug_aranges
                0x0000000000000820       0x40 src/oboskrnl/CMakeFiles/oboskrnl.dir/driver_api/syscalls.cpp.obj
 .debug_aranges
                0x0000000000000860       0x30 src/oboskrnl/CMakeFiles/oboskrnl.dir/syscalls/syscalls.cpp.obj
 .debug_aranges
                0x0000000000000890       0x30 src/oboskrnl/CMakeFiles/oboskrnl.dir/external/amalgamated-dist/Zydis.c.obj
 .debug_aranges
                0x00000000000008c0       0x30 src/oboskrnl/CMakeFiles/oboskrnl.dir/descriptors/gdt/gdt.cpp.obj

.debug_pubnames
                0x0000000000000000        0x0
 .debug_pubnames
                0x0000000000000000        0x0 src/oboskrnl/CMakeFiles/oboskrnl.dir/boot/x86-64/kernel_bootstrap.asm.obj
 .debug_pubnames
                0x0000000000000000        0x0 src/oboskrnl/CMakeFiles/oboskrnl.dir/x86-64/inline-asm.asm.obj
 .debug_pubnames
                0x0000000000000000        0x0 src/oboskrnl/CMakeFiles/oboskrnl.dir/descriptors/idt/x86-64/handlers.asm.obj
 .debug_pubnames
                0x0000000000000000        0x0 src/oboskrnl/CMakeFiles/oboskrnl.dir/descriptors/idt/x86-64/idt.asm.obj
 .debug_pubnames
                0x0000000000000000        0x0 src/oboskrnl/CMakeFiles/oboskrnl.dir/utils/memcpy_x86-64.asm.obj
 .debug_pubnames
                0x0000000000000000        0x0 src/oboskrnl/CMakeFiles/oboskrnl.dir/memory_manager/paging/x86-64/init.asm.obj
 .debug_pubnames
                0x0000000000000000        0x0 src/oboskrnl/CMakeFiles/oboskrnl.dir/multitasking/multitasking_x86-64.asm.obj

.debug_info     0x0000000000000000    0x61c2d
 .debug_info    0x0000000000000000       0x83 src/oboskrnl/CMakeFiles/oboskrnl.dir/boot/x86-64/kernel_bootstrap.asm.obj
 .debug_info    0x0000000000000083       0x78 src/oboskrnl/CMakeFiles/oboskrnl.dir/x86-64/inline-asm.asm.obj
[...]
 .debug_abbrev  0x00000000000014c2      0x38e src/oboskrnl/CMakeFiles/oboskrnl.dir/console.cpp.obj
 .debug_abbrev  0x0000000000001850      0x5e8 src/oboskrnl/CMakeFiles/oboskrnl.dir/klog.cpp.obj
 .debug_abbrev  0x0000000000001e38      0x3fb src/oboskrnl/CMakeFiles/oboskrnl.dir/inline-asm.cpp.obj
 .debug_abbrev  0x0000000000002233      0x33d src/oboskrnl/CMakeFiles/oboskrnl.dir/utils/bitfields.cpp.obj
 .debug_abbrev  0x0000000000002570      0x231 src/oboskrnl/CMakeFiles/oboskrnl.dir/descriptors/idt/pic.cpp.obj
 .debug_abbrev  0x00000000000027a1      0x174 src/oboskrnl/CMakeFiles/oboskrnl.dir/external/list/list_iterator.c.obj
 .debug_abbrev  0x0000000000002915       0xfd src/oboskrnl/CMakeFiles/oboskrnl.dir/utils/memory.cpp.obj
 .debug_abbrev  0x0000000000002a12      0x1f1 src/oboskrnl/CMakeFiles/oboskrnl.dir/memory_manager/paging/liballoc_hooks.cpp.obj
 .debug_abbrev  0x0000000000002c03      0x201 src/oboskrnl/CMakeFiles/oboskrnl.dir/memory_manager/liballoc/liballoc.c.obj
 .debug_abbrev  0x0000000000002e04      0x5f7 src/oboskrnl/CMakeFiles/oboskrnl.dir/multitasking/threadHandle.cpp.obj
 .debug_abbrev  0x00000000000033fb       0xbd src/oboskrnl/CMakeFiles/oboskrnl.dir/external/list/list_node.c.obj
 .debug_abbrev  0x00000000000034b8      0x1ae src/oboskrnl/CMakeFiles/oboskrnl.dir/external/list/list.c.obj
 .debug_abbrev  0x0000000000003666      0x4a3 src/oboskrnl/CMakeFiles/oboskrnl.dir/multitasking/multitasking.cpp.obj
 .debug_abbrev  0x0000000000003b09       0x91 src/oboskrnl/CMakeFiles/oboskrnl.dir/elf/elf.cpp.obj
 .debug_abbrev  0x0000000000003b9a      0x3dd src/oboskrnl/CMakeFiles/oboskrnl.dir/multitasking/thread.cpp.obj
 .debug_abbrev  0x0000000000003f77      0x38f src/oboskrnl/CMakeFiles/oboskrnl.dir/multitasking/mutex/mutex.cpp.obj
 .debug_abbrev  0x0000000000004306      0x419 src/oboskrnl/CMakeFiles/oboskrnl.dir/multitasking/mutex/mutexHandle.cpp.obj
 .debug_abbrev  0x000000000000471f      0x628 src/oboskrnl/CMakeFiles/oboskrnl.dir/process/process.cpp.obj
 .debug_abbrev  0x0000000000004d47      0x10a src/oboskrnl/CMakeFiles/oboskrnl.dir/driver_api/interrupts.cpp.obj
 .debug_abbrev  0x0000000000004e51      0x5b3 src/oboskrnl/CMakeFiles/oboskrnl.dir/driver_api/syscalls.cpp.obj
 .debug_abbrev  0x0000000000005404      0x624 src/oboskrnl/CMakeFiles/oboskrnl.dir/syscalls/syscalls.cpp.obj
 .debug_abbrev  0x0000000000005a28      0x3c5 src/oboskrnl/CMakeFiles/oboskrnl.dir/external/amalgamated-dist/Zydis.c.obj
 .debug_abbrev  0x0000000000005ded       0x82 src/oboskrnl/CMakeFiles/oboskrnl.dir/descriptors/gdt/gdt.cpp.obj

.debug_line     0x0000000000000000    0x35873
 .debug_line    0x0000000000000000       0x8b src/oboskrnl/CMakeFiles/oboskrnl.dir/boot/x86-64/kernel_bootstrap.asm.obj
 .debug_line    0x000000000000008b       0x77 src/oboskrnl/CMakeFiles/oboskrnl.dir/x86-64/inline-asm.asm.obj
 .debug_line    0x0000000000000102      0x188 src/oboskrnl/CMakeFiles/oboskrnl.dir/descriptors/idt/x86-64/handlers.asm.obj
 .debug_line    0x000000000000028a       0x74 src/oboskrnl/CMakeFiles/oboskrnl.dir/descriptors/idt/x86-64/idt.asm.obj
 .debug_line    0x00000000000002fe       0xbe src/oboskrnl/CMakeFiles/oboskrnl.dir/utils/memcpy_x86-64.asm.obj
 .debug_line    0x00000000000003bc       0x83 src/oboskrnl/CMakeFiles/oboskrnl.dir/memory_manager/paging/x86-64/init.asm.obj
 .debug_line    0x000000000000043f       0x91 src/oboskrnl/CMakeFiles/oboskrnl.dir/multitasking/multitasking_x86-64.asm.obj
 .debug_line    0x00000000000004d0      0x520 src/oboskrnl/CMakeFiles/oboskrnl.dir/descriptors/idt/x86-64/idt.cpp.obj
 .debug_line    0x00000000000009f0      0xcf6 src/oboskrnl/CMakeFiles/oboskrnl.dir/x86-64/exception_handlers.cpp.obj
 .debug_line    0x00000000000016e6      0x742 src/oboskrnl/CMakeFiles/oboskrnl.dir/memory_manager/paging/x86-64/init.cpp.obj
 .debug_line    0x0000000000001e28     0x15de src/oboskrnl/CMakeFiles/oboskrnl.dir/memory_manager/paging/x86-64/allocate.cpp.obj
 .debug_line    0x0000000000003406      0x949 src/oboskrnl/CMakeFiles/oboskrnl.dir/memory_manager/x86-64/physical.cpp.obj
 .debug_line    0x0000000000003d4f     0x1847 src/oboskrnl/CMakeFiles/oboskrnl.dir/boot/kmain.cpp.obj
 .debug_line    0x0000000000005596     0x146e src/oboskrnl/CMakeFiles/oboskrnl.dir/console.cpp.obj
 .debug_line    0x0000000000006a04     0x2088 src/oboskrnl/CMakeFiles/oboskrnl.dir/klog.cpp.obj
 .debug_line    0x0000000000008a8c     0x13db src/oboskrnl/CMakeFiles/oboskrnl.dir/inline-asm.cpp.obj
 .debug_line    0x0000000000009e67      0x724 src/oboskrnl/CMakeFiles/oboskrnl.dir/utils/bitfields.cpp.obj
 .debug_line    0x000000000000a58b      0x8b6 src/oboskrnl/CMakeFiles/oboskrnl.dir/descriptors/idt/pic.cpp.obj
 .debug_line    0x000000000000ae41      0x27e src/oboskrnl/CMakeFiles/oboskrnl.dir/external/list/list_iterator.c.obj
 .debug_line    0x000000000000b0bf      0x46e src/oboskrnl/CMakeFiles/oboskrnl.dir/utils/memory.cpp.obj
 .debug_line    0x000000000000b52d      0x412 src/oboskrnl/CMakeFiles/oboskrnl.dir/memory_manager/paging/liballoc_hooks.cpp.obj
 .debug_line    0x000000000000b93f     0x1717 src/oboskrnl/CMakeFiles/oboskrnl.dir/memory_manager/liballoc/liballoc.c.obj
 .debug_line    0x000000000000d056     0x1f15 src/oboskrnl/CMakeFiles/oboskrnl.dir/multitasking/threadHandle.cpp.obj
 .debug_line    0x000000000000ef6b      0x1a4 src/oboskrnl/CMakeFiles/oboskrnl.dir/external/list/list_node.c.obj
 .debug_line    0x000000000000f10f      0xaf4 src/oboskrnl/CMakeFiles/oboskrnl.dir/external/list/list.c.obj
 .debug_line    0x000000000000fc03     0x10a5 src/oboskrnl/CMakeFiles/oboskrnl.dir/multitasking/multitasking.cpp.obj
 .debug_line    0x0000000000010ca8      0x111 src/oboskrnl/CMakeFiles/oboskrnl.dir/elf/elf.cpp.obj
 .debug_line    0x0000000000010db9      0x661 src/oboskrnl/CMakeFiles/oboskrnl.dir/multitasking/thread.cpp.obj
 .debug_line    0x000000000001141a      0x5ab src/oboskrnl/CMakeFiles/oboskrnl.dir/multitasking/mutex/mutex.cpp.obj
 .debug_line    0x00000000000119c5      0x79e src/oboskrnl/CMakeFiles/oboskrnl.dir/multitasking/mutex/mutexHandle.cpp.obj
 .debug_line    0x0000000000012163      0xd1d src/oboskrnl/CMakeFiles/oboskrnl.dir/process/process.cpp.obj
 .debug_line    0x0000000000012e80      0x258 src/oboskrnl/CMakeFiles/oboskrnl.dir/driver_api/interrupts.cpp.obj
 .debug_line    0x00000000000130d8     0x1814 src/oboskrnl/CMakeFiles/oboskrnl.dir/driver_api/syscalls.cpp.obj
 .debug_line    0x00000000000148ec     0x2fa9 src/oboskrnl/CMakeFiles/oboskrnl.dir/syscalls/syscalls.cpp.obj
 .debug_line    0x0000000000017895    0x1ded1 src/oboskrnl/CMakeFiles/oboskrnl.dir/external/amalgamated-dist/Zydis.c.obj
 .debug_line    0x0000000000035766      0x10d src/oboskrnl/CMakeFiles/oboskrnl.dir/descriptors/gdt/gdt.cpp.obj

.debug_frame    0x0000000000000000     0x76e0
 .debug_frame   0x0000000000000000        0x0 src/oboskrnl/CMakeFiles/oboskrnl.dir/boot/x86-64/kernel_bootstrap.asm.obj
 .debug_frame   0x0000000000000000        0x0 src/oboskrnl/CMakeFiles/oboskrnl.dir/x86-64/inline-asm.asm.obj
 .debug_frame   0x0000000000000000        0x0 src/oboskrnl/CMakeFiles/oboskrnl.dir/descriptors/idt/x86-64/handlers.asm.obj
 .debug_frame   0x0000000000000000        0x0 src/oboskrnl/CMakeFiles/oboskrnl.dir/descriptors/idt/x86-64/idt.asm.obj
 .debug_frame   0x0000000000000000        0x0 src/oboskrnl/CMakeFiles/oboskrnl.dir/utils/memcpy_x86-64.asm.obj
 .debug_frame   0x0000000000000000        0x0 src/oboskrnl/CMakeFiles/oboskrnl.dir/memory_manager/paging/x86-64/init.asm.obj
 .debug_frame   0x0000000000000000        0x0 src/oboskrnl/CMakeFiles/oboskrnl.dir/multitasking/multitasking_x86-64.asm.obj
 .debug_frame   0x0000000000000000       0xc0 src/oboskrnl/CMakeFiles/oboskrnl.dir/descriptors/idt/x86-64/idt.cpp.obj
 .debug_frame   0x00000000000000c0      0x110 src/oboskrnl/CMakeFiles/oboskrnl.dir/x86-64/exception_handlers.cpp.obj
 .debug_frame   0x00000000000001d0      0x360 src/oboskrnl/CMakeFiles/oboskrnl.dir/memory_manager/paging/x86-64/init.cpp.obj
 .debug_frame   0x0000000000000530      0x240 src/oboskrnl/CMakeFiles/oboskrnl.dir/memory_manager/paging/x86-64/allocate.cpp.obj
 .debug_frame   0x0000000000000770      0x138 src/oboskrnl/CMakeFiles/oboskrnl.dir/memory_manager/x86-64/physical.cpp.obj
 .debug_frame   0x00000000000008a8      0x1f0 src/oboskrnl/CMakeFiles/oboskrnl.dir/boot/kmain.cpp.obj
 .debug_frame   0x0000000000000a98      0x458 src/oboskrnl/CMakeFiles/oboskrnl.dir/console.cpp.obj
 .debug_frame   0x0000000000000ef0      0x530 src/oboskrnl/CMakeFiles/oboskrnl.dir/klog.cpp.obj
 .debug_frame   0x0000000000001420      0x2f0 src/oboskrnl/CMakeFiles/oboskrnl.dir/inline-asm.cpp.obj
 .debug_frame   0x0000000000001710      0x538 src/oboskrnl/CMakeFiles/oboskrnl.dir/utils/bitfields.cpp.obj
 .debug_frame   0x0000000000001c48      0x3d0 src/oboskrnl/CMakeFiles/oboskrnl.dir/descriptors/idt/pic.cpp.obj
 .debug_frame   0x0000000000002018       0xf8 src/oboskrnl/CMakeFiles/oboskrnl.dir/external/list/list_iterator.c.obj
 .debug_frame   0x0000000000002110      0x138 src/oboskrnl/CMakeFiles/oboskrnl.dir/utils/memory.cpp.obj
 .debug_frame   0x0000000000002248      0x328 src/oboskrnl/CMakeFiles/oboskrnl.dir/memory_manager/paging/liballoc_hooks.cpp.obj
 .debug_frame   0x0000000000002570      0x1a0 src/oboskrnl/CMakeFiles/oboskrnl.dir/memory_manager/liballoc/liballoc.c.obj
 .debug_frame   0x0000000000002710      0x930 src/oboskrnl/CMakeFiles/oboskrnl.dir/multitasking/threadHandle.cpp.obj
 .debug_frame   0x0000000000003040       0x50 src/oboskrnl/CMakeFiles/oboskrnl.dir/external/list/list_node.c.obj
 .debug_frame   0x0000000000003090      0x210 src/oboskrnl/CMakeFiles/oboskrnl.dir/external/list/list.c.obj
 .debug_frame   0x00000000000032a0      0x1b0 src/oboskrnl/CMakeFiles/oboskrnl.dir/multitasking/multitasking.cpp.obj
 .debug_frame   0x0000000000003450       0x50 src/oboskrnl/CMakeFiles/oboskrnl.dir/elf/elf.cpp.obj
 .debug_frame   0x00000000000034a0       0xf8 src/oboskrnl/CMakeFiles/oboskrnl.dir/multitasking/thread.cpp.obj
 .debug_frame   0x0000000000003598       0xf8 src/oboskrnl/CMakeFiles/oboskrnl.dir/multitasking/mutex/mutex.cpp.obj
 .debug_frame   0x0000000000003690      0x300 src/oboskrnl/CMakeFiles/oboskrnl.dir/multitasking/mutex/mutexHandle.cpp.obj
 .debug_frame   0x0000000000003990      0x3b0 src/oboskrnl/CMakeFiles/oboskrnl.dir/process/process.cpp.obj
 .debug_frame   0x0000000000003d40       0xf8 src/oboskrnl/CMakeFiles/oboskrnl.dir/driver_api/interrupts.cpp.obj
 .debug_frame   0x0000000000003e38      0x3f0 src/oboskrnl/CMakeFiles/oboskrnl.dir/driver_api/syscalls.cpp.obj
 .debug_frame   0x0000000000004228      0x980 src/oboskrnl/CMakeFiles/oboskrnl.dir/syscalls/syscalls.cpp.obj
 .debug_frame   0x0000000000004ba8     0x2ab0 src/oboskrnl/CMakeFiles/oboskrnl.dir/external/amalgamated-dist/Zydis.c.obj
 .debug_frame   0x0000000000007658       0x88 src/oboskrnl/CMakeFiles/oboskrnl.dir/descriptors/gdt/gdt.cpp.obj

.debug_loc      0x0000000000000000        0x0
 .debug_loc     0x0000000000000000        0x0 src/oboskrnl/CMakeFiles/oboskrnl.dir/boot/x86-64/kernel_bootstrap.asm.obj
 .debug_loc     0x0000000000000000        0x0 src/oboskrnl/CMakeFiles/oboskrnl.dir/x86-64/inline-asm.asm.obj
 .debug_loc     0x0000000000000000        0x0 src/oboskrnl/CMakeFiles/oboskrnl.dir/descriptors/idt/x86-64/handlers.asm.obj
 .debug_loc     0x0000000000000000        0x0 src/oboskrnl/CMakeFiles/oboskrnl.dir/descriptors/idt/x86-64/idt.asm.obj
 .debug_loc     0x0000000000000000        0x0 src/oboskrnl/CMakeFiles/oboskrnl.dir/utils/memcpy_x86-64.asm.obj
 .debug_loc     0x0000000000000000        0x0 src/oboskrnl/CMakeFiles/oboskrnl.dir/memory_manager/paging/x86-64/init.asm.obj
 .debug_loc     0x0000000000000000        0x0 src/oboskrnl/CMakeFiles/oboskrnl.dir/multitasking/multitasking_x86-64.asm.obj

.debug_str      0x0000000000000000     0x132d
 .debug_str     0x0000000000000000        0x9 src/oboskrnl/CMakeFiles/oboskrnl.dir/descriptors/idt/x86-64/idt.cpp.obj
 .debug_str     0x0000000000000009       0x2a src/oboskrnl/CMakeFiles/oboskrnl.dir/x86-64/exception_handlers.cpp.obj
 .debug_str     0x0000000000000033       0x3d src/oboskrnl/CMakeFiles/oboskrnl.dir/memory_manager/paging/x86-64/init.cpp.obj
 .debug_str     0x0000000000000070       0x48 src/oboskrnl/CMakeFiles/oboskrnl.dir/memory_manager/paging/x86-64/allocate.cpp.obj
 .debug_str     0x00000000000000b8       0x1f src/oboskrnl/CMakeFiles/oboskrnl.dir/memory_manager/x86-64/physical.cpp.obj
 .debug_str     0x00000000000000d7      0x314 src/oboskrnl/CMakeFiles/oboskrnl.dir/boot/kmain.cpp.obj
 .debug_str     0x00000000000003eb       0x69 src/oboskrnl/CMakeFiles/oboskrnl.dir/console.cpp.obj
 .debug_str     0x0000000000000454      0x16f src/oboskrnl/CMakeFiles/oboskrnl.dir/klog.cpp.obj
 .debug_str     0x00000000000005c3       0x2a src/oboskrnl/CMakeFiles/oboskrnl.dir/inline-asm.cpp.obj
 .debug_str     0x00000000000005ed       0x94 src/oboskrnl/CMakeFiles/oboskrnl.dir/utils/bitfields.cpp.obj
 .debug_str     0x0000000000000681       0x39 src/oboskrnl/CMakeFiles/oboskrnl.dir/descriptors/idt/pic.cpp.obj
 .debug_str     0x00000000000006ba        0xa src/oboskrnl/CMakeFiles/oboskrnl.dir/external/list/list_iterator.c.obj
 .debug_str     0x00000000000006c4        0x0 src/oboskrnl/CMakeFiles/oboskrnl.dir/utils/memory.cpp.obj
 .debug_str     0x00000000000006c4       0x46 src/oboskrnl/CMakeFiles/oboskrnl.dir/memory_manager/paging/liballoc_hooks.cpp.obj
 .debug_str     0x000000000000070a       0x26 src/oboskrnl/CMakeFiles/oboskrnl.dir/memory_manager/liballoc/liballoc.c.obj
 .debug_str     0x0000000000000730      0x105 src/oboskrnl/CMakeFiles/oboskrnl.dir/multitasking/threadHandle.cpp.obj
 .debug_str     0x0000000000000835        0x0 src/oboskrnl/CMakeFiles/oboskrnl.dir/external/list/list_node.c.obj
 .debug_str     0x0000000000000835       0x14 src/oboskrnl/CMakeFiles/oboskrnl.dir/external/list/list.c.obj
 .debug_str     0x0000000000000849       0x36 src/oboskrnl/CMakeFiles/oboskrnl.dir/multitasking/multitasking.cpp.obj
 .debug_str     0x000000000000087f        0x0 src/oboskrnl/CMakeFiles/oboskrnl.dir/elf/elf.cpp.obj
 .debug_str     0x000000000000087f       0x5e src/oboskrnl/CMakeFiles/oboskrnl.dir/multitasking/thread.cpp.obj
 .debug_str     0x00000000000008dd       0x2a src/oboskrnl/CMakeFiles/oboskrnl.dir/multitasking/mutex/mutex.cpp.obj
 .debug_str     0x0000000000000907       0x62 src/oboskrnl/CMakeFiles/oboskrnl.dir/multitasking/mutex/mutexHandle.cpp.obj
 .debug_str     0x0000000000000969       0x5c src/oboskrnl/CMakeFiles/oboskrnl.dir/process/process.cpp.obj
 .debug_str     0x00000000000009c5        0x0 src/oboskrnl/CMakeFiles/oboskrnl.dir/driver_api/interrupts.cpp.obj
 .debug_str     0x00000000000009c5       0x86 src/oboskrnl/CMakeFiles/oboskrnl.dir/driver_api/syscalls.cpp.obj
 .debug_str     0x0000000000000a4b      0x291 src/oboskrnl/CMakeFiles/oboskrnl.dir/syscalls/syscalls.cpp.obj
 .debug_str     0x0000000000000cdc      0x651 src/oboskrnl/CMakeFiles/oboskrnl.dir/external/amalgamated-dist/Zydis.c.obj
 .debug_str     0x000000000000132d        0x0 src/oboskrnl/CMakeFiles/oboskrnl.dir/descriptors/gdt/gdt.cpp.obj

.comment        0x0000000000000000       0x12
 .comment       0x0000000000000000       0x12 src/oboskrnl/CMakeFiles/oboskrnl.dir/descriptors/idt/x86-64/idt.cpp.obj
                                         0x13 (size before relaxing)
 .comment       0x0000000000000012       0x13 src/oboskrnl/CMakeFiles/oboskrnl.dir/x86-64/exception_handlers.cpp.obj
 .comment       0x0000000000000012       0x13 src/oboskrnl/CMakeFiles/oboskrnl.dir/memory_manager/paging/x86-64/init.cpp.obj
 .comment       0x0000000000000012       0x13 src/oboskrnl/CMakeFiles/oboskrnl.dir/memory_manager/paging/x86-64/allocate.cpp.obj
 .comment       0x0000000000000012       0x13 src/oboskrnl/CMakeFiles/oboskrnl.dir/memory_manager/x86-64/physical.cpp.obj
 .comment       0x0000000000000012       0x13 src/oboskrnl/CMakeFiles/oboskrnl.dir/boot/kmain.cpp.obj
 .comment       0x0000000000000012       0x13 src/oboskrnl/CMakeFiles/oboskrnl.dir/console.cpp.obj
 .comment       0x0000000000000012       0x13 src/oboskrnl/CMakeFiles/oboskrnl.dir/klog.cpp.obj
 .comment       0x0000000000000012       0x13 src/oboskrnl/CMakeFiles/oboskrnl.dir/inline-asm.cpp.obj
 .comment       0x0000000000000012       0x13 src/oboskrnl/CMakeFiles/oboskrnl.dir/utils/bitfields.cpp.obj
 .comment       0x0000000000000012       0x13 src/oboskrnl/CMakeFiles/oboskrnl.dir/descriptors/idt/pic.cpp.obj
 .comment       0x0000000000000012       0x13 src/oboskrnl/CMakeFiles/oboskrnl.dir/external/list/list_iterator.c.obj
 .comment       0x0000000000000012       0x13 src/oboskrnl/CMakeFiles/oboskrnl.dir/utils/memory.cpp.obj
 .comment       0x0000000000000012       0x13 src/oboskrnl/CMakeFiles/oboskrnl.dir/memory_manager/paging/liballoc_hooks.cpp.obj
 .comment       0x0000000000000012       0x13 src/oboskrnl/CMakeFiles/oboskrnl.dir/memory_manager/liballoc/liballoc.c.obj
 .comment       0x0000000000000012       0x13 src/oboskrnl/CMakeFiles/oboskrnl.dir/multitasking/threadHandle.cpp.obj
 .comment       0x0000000000000012       0x13 src/oboskrnl/CMakeFiles/oboskrnl.dir/external/list/list_node.c.obj
 .comment       0x0000000000000012       0x13 src/oboskrnl/CMakeFiles/oboskrnl.dir/external/list/list.c.obj
 .comment       0x0000000000000012       0x13 src/oboskrnl/CMakeFiles/oboskrnl.dir/multitasking/multitasking.cpp.obj
 .comment       0x0000000000000012       0x13 src/oboskrnl/CMakeFiles/oboskrnl.dir/elf/elf.cpp.obj
 .comment       0x0000000000000012       0x13 src/oboskrnl/CMakeFiles/oboskrnl.dir/multitasking/thread.cpp.obj
 .comment       0x0000000000000012       0x13 src/oboskrnl/CMakeFiles/oboskrnl.dir/multitasking/mutex/mutex.cpp.obj
 .comment       0x0000000000000012       0x13 src/oboskrnl/CMakeFiles/oboskrnl.dir/multitasking/mutex/mutexHandle.cpp.obj
 .comment       0x0000000000000012       0x13 src/oboskrnl/CMakeFiles/oboskrnl.dir/process/process.cpp.obj
 .comment       0x0000000000000012       0x13 src/oboskrnl/CMakeFiles/oboskrnl.dir/driver_api/interrupts.cpp.obj
 .comment       0x0000000000000012       0x13 src/oboskrnl/CMakeFiles/oboskrnl.dir/driver_api/syscalls.cpp.obj
 .comment       0x0000000000000012       0x13 src/oboskrnl/CMakeFiles/oboskrnl.dir/syscalls/syscalls.cpp.obj
 .comment       0x0000000000000012       0x13 src/oboskrnl/CMakeFiles/oboskrnl.dir/external/amalgamated-dist/Zydis.c.obj
 .comment       0x0000000000000012       0x13 src/oboskrnl/CMakeFiles/oboskrnl.dir/descriptors/gdt/gdt.cpp.obj

.debug_rnglists
                0x0000000000000000      0x69e
 .debug_rnglists
                0x0000000000000000       0x2f src/oboskrnl/CMakeFiles/oboskrnl.dir/x86-64/exception_handlers.cpp.obj
 .debug_rnglists
                0x000000000000002f       0x2f src/oboskrnl/CMakeFiles/oboskrnl.dir/memory_manager/paging/x86-64/allocate.cpp.obj
 .debug_rnglists
                0x000000000000005e       0x51 src/oboskrnl/CMakeFiles/oboskrnl.dir/boot/kmain.cpp.obj
 .debug_rnglists
                0x00000000000000af       0x52 src/oboskrnl/CMakeFiles/oboskrnl.dir/klog.cpp.obj
 .debug_rnglists
                0x0000000000000101       0xc8 src/oboskrnl/CMakeFiles/oboskrnl.dir/multitasking/threadHandle.cpp.obj
 .debug_rnglists
                0x00000000000001c9       0x51 src/oboskrnl/CMakeFiles/oboskrnl.dir/multitasking/multitasking.cpp.obj
 .debug_rnglists
                0x000000000000021a       0x40 src/oboskrnl/CMakeFiles/oboskrnl.dir/multitasking/thread.cpp.obj
 .debug_rnglists
                0x000000000000025a       0x84 src/oboskrnl/CMakeFiles/oboskrnl.dir/multitasking/mutex/mutexHandle.cpp.obj
 .debug_rnglists
                0x00000000000002de       0xa6 src/oboskrnl/CMakeFiles/oboskrnl.dir/process/process.cpp.obj
 .debug_rnglists
                0x0000000000000384       0xde src/oboskrnl/CMakeFiles/oboskrnl.dir/driver_api/syscalls.cpp.obj
 .debug_rnglists
                0x0000000000000462      0x23c src/oboskrnl/CMakeFiles/oboskrnl.dir/external/amalgamated-dist/Zydis.c.obj
