
Discarded input sections

 .gnu.linkonce.t._ZN4obos6memory7PageMap21computeIndexAtAddressEyh
                0x0000000000000000       0x31 src/oboskrnl/CMakeFiles/oboskrnl.dir/memory_manager/paging/x86-64/allocate.cpp.obj
 .gnu.linkonce.t._ZN4obos6Handle7getTypeEv
                0x0000000000000000       0x13 src/oboskrnl/CMakeFiles/oboskrnl.dir/multitasking/threadHandle.cpp.obj
 .gnu.linkonce.t._ZN4obos6HandleD2Ev
                0x0000000000000000       0x1d src/oboskrnl/CMakeFiles/oboskrnl.dir/multitasking/threadHandle.cpp.obj
 .gnu.linkonce.t._ZN4obos12multitasking12ThreadHandleD1Ev
                0x0000000000000000       0x35 src/oboskrnl/CMakeFiles/oboskrnl.dir/multitasking/threadHandle.cpp.obj
 .gnu.linkonce.r._ZTVN4obos6HandleE
                0x0000000000000000       0x38 src/oboskrnl/CMakeFiles/oboskrnl.dir/multitasking/threadHandle.cpp.obj
 .gnu.linkonce.t._ZN4obos12multitasking6ThreadD1Ev
                0x0000000000000000       0x53 src/oboskrnl/CMakeFiles/oboskrnl.dir/multitasking/multitasking.cpp.obj
 .gnu.linkonce.t._ZN4obos12multitasking6ThreadD0Ev
                0x0000000000000000       0x2b src/oboskrnl/CMakeFiles/oboskrnl.dir/multitasking/multitasking.cpp.obj
 .gnu.linkonce.t._ZN4obos12multitasking6ThreadC1Ev
                0x0000000000000000       0xe0 src/oboskrnl/CMakeFiles/oboskrnl.dir/multitasking/multitasking.cpp.obj
 .gnu.linkonce.r._ZTVN4obos12multitasking6ThreadE
                0x0000000000000000       0x20 src/oboskrnl/CMakeFiles/oboskrnl.dir/multitasking/multitasking.cpp.obj
 .gnu.linkonce.t._ZN4obos12multitasking6ThreadD1Ev
                0x0000000000000000       0x53 src/oboskrnl/CMakeFiles/oboskrnl.dir/multitasking/thread.cpp.obj
 .gnu.linkonce.t._ZN4obos12multitasking6ThreadD0Ev
                0x0000000000000000       0x2b src/oboskrnl/CMakeFiles/oboskrnl.dir/multitasking/thread.cpp.obj
 .gnu.linkonce.r._ZTVN4obos12multitasking6ThreadE
                0x0000000000000000       0x20 src/oboskrnl/CMakeFiles/oboskrnl.dir/multitasking/thread.cpp.obj
 .gnu.linkonce.t._ZN4obos6Handle7getTypeEv
                0x0000000000000000       0x13 src/oboskrnl/CMakeFiles/oboskrnl.dir/multitasking/mutex/mutexHandle.cpp.obj
 .gnu.linkonce.t._ZN4obos6Handle13getReferencesEv
                0x0000000000000000       0x1a src/oboskrnl/CMakeFiles/oboskrnl.dir/multitasking/mutex/mutexHandle.cpp.obj
 .gnu.linkonce.t._ZN4obos6HandleD2Ev
                0x0000000000000000       0x1d src/oboskrnl/CMakeFiles/oboskrnl.dir/multitasking/mutex/mutexHandle.cpp.obj
 .gnu.linkonce.t._ZN4obos6HandleC2Ev
                0x0000000000000000       0x41 src/oboskrnl/CMakeFiles/oboskrnl.dir/multitasking/mutex/mutexHandle.cpp.obj
 .gnu.linkonce.r._ZTVN4obos6HandleE
                0x0000000000000000       0x38 src/oboskrnl/CMakeFiles/oboskrnl.dir/multitasking/mutex/mutexHandle.cpp.obj
 .gnu.linkonce.t._ZNK4obos6memory7PageMap10getPageMapEv
                0x0000000000000000       0x15 src/oboskrnl/CMakeFiles/oboskrnl.dir/process/process.cpp.obj
 .gnu.linkonce.t._ZN4obos6memory7PageMap21computeIndexAtAddressEyh
                0x0000000000000000       0x31 src/oboskrnl/CMakeFiles/oboskrnl.dir/process/process.cpp.obj
 .gnu.linkonce.t._ZN4obos12multitasking6ThreadD1Ev
                0x0000000000000000       0x53 src/oboskrnl/CMakeFiles/oboskrnl.dir/process/process.cpp.obj
 .gnu.linkonce.t._ZN4obos12multitasking6ThreadD0Ev
                0x0000000000000000       0x2b src/oboskrnl/CMakeFiles/oboskrnl.dir/process/process.cpp.obj
 .gnu.linkonce.t._ZN4obos6Handle7getTypeEv
                0x0000000000000000       0x13 src/oboskrnl/CMakeFiles/oboskrnl.dir/process/process.cpp.obj
 .gnu.linkonce.t._ZN4obos6HandleD2Ev
                0x0000000000000000       0x1d src/oboskrnl/CMakeFiles/oboskrnl.dir/process/process.cpp.obj
 .gnu.linkonce.t._ZN4obos12multitasking12ThreadHandleD1Ev
                0x0000000000000000       0x35 src/oboskrnl/CMakeFiles/oboskrnl.dir/process/process.cpp.obj
 .gnu.linkonce.t._ZN4obos12multitasking12ThreadHandleD0Ev
                0x0000000000000000       0x2b src/oboskrnl/CMakeFiles/oboskrnl.dir/process/process.cpp.obj
 .gnu.linkonce.t._ZN4obos12multitasking6ThreadC1Ev
                0x0000000000000000       0xe0 src/oboskrnl/CMakeFiles/oboskrnl.dir/process/process.cpp.obj
 .gnu.linkonce.r._ZTVN4obos6HandleE
                0x0000000000000000       0x38 src/oboskrnl/CMakeFiles/oboskrnl.dir/process/process.cpp.obj
 .gnu.linkonce.r._ZTVN4obos12multitasking6ThreadE
                0x0000000000000000       0x20 src/oboskrnl/CMakeFiles/oboskrnl.dir/process/process.cpp.obj
 .gnu.linkonce.t._ZNK4obos6memory7PageMap10getPageMapEv
                0x0000000000000000       0x15 src/oboskrnl/CMakeFiles/oboskrnl.dir/driver_api/syscalls.cpp.obj
 .gnu.linkonce.t._ZN4obos6memory7PageMap21computeIndexAtAddressEyh
                0x0000000000000000       0x31 src/oboskrnl/CMakeFiles/oboskrnl.dir/driver_api/syscalls.cpp.obj
 .gnu.linkonce.t._ZNK4obos6memory7PageMap10getPageMapEv
[...]
Memory Configuration

Name             Origin             Length             Attributes
*default*        0x0000000000000000 0xffffffffffffffff

Linker script and memory map

LOAD src/oboskrnl/CMakeFiles/oboskrnl.dir/boot/x86-64/kernel_bootstrap.asm.obj
LOAD src/oboskrnl/CMakeFiles/oboskrnl.dir/x86-64/inline-asm.asm.obj
LOAD src/oboskrnl/CMakeFiles/oboskrnl.dir/descriptors/idt/x86-64/handlers.asm.obj
LOAD src/oboskrnl/CMakeFiles/oboskrnl.dir/descriptors/idt/x86-64/idt.asm.obj
LOAD src/oboskrnl/CMakeFiles/oboskrnl.dir/utils/memcpy_x86-64.asm.obj
LOAD src/oboskrnl/CMakeFiles/oboskrnl.dir/memory_manager/paging/x86-64/init.asm.obj
LOAD src/oboskrnl/CMakeFiles/oboskrnl.dir/multitasking/multitasking_x86-64.asm.obj
LOAD src/oboskrnl/CMakeFiles/oboskrnl.dir/driver_api/interrupts.asm.obj
LOAD src/oboskrnl/CMakeFiles/oboskrnl.dir/syscalls/interrupts.asm.obj
LOAD src/oboskrnl/CMakeFiles/oboskrnl.dir/descriptors/gdt/gdt_x86-64.asm.obj
LOAD src/oboskrnl/CMakeFiles/oboskrnl.dir/driver_api/x86_64/dInterrupts.asm.obj
LOAD src/oboskrnl/CMakeFiles/oboskrnl.dir/vfs/x86_64/driverCall.asm.obj
LOAD src/oboskrnl/CMakeFiles/oboskrnl.dir/descriptors/idt/x86-64/idt.cpp.obj
LOAD src/oboskrnl/CMakeFiles/oboskrnl.dir/x86-64/exception_handlers.cpp.obj
LOAD src/oboskrnl/CMakeFiles/oboskrnl.dir/memory_manager/paging/x86-64/init.cpp.obj
LOAD src/oboskrnl/CMakeFiles/oboskrnl.dir/memory_manager/paging/x86-64/allocate.cpp.obj
LOAD src/oboskrnl/CMakeFiles/oboskrnl.dir/memory_manager/x86-64/physical.cpp.obj
LOAD src/oboskrnl/CMakeFiles/oboskrnl.dir/boot/kmain.cpp.obj
LOAD src/oboskrnl/CMakeFiles/oboskrnl.dir/console.cpp.obj
LOAD src/oboskrnl/CMakeFiles/oboskrnl.dir/klog.cpp.obj
LOAD src/oboskrnl/CMakeFiles/oboskrnl.dir/inline-asm.cpp.obj
LOAD src/oboskrnl/CMakeFiles/oboskrnl.dir/utils/bitfields.cpp.obj
LOAD src/oboskrnl/CMakeFiles/oboskrnl.dir/descriptors/idt/pic.cpp.obj
LOAD src/oboskrnl/CMakeFiles/oboskrnl.dir/external/list/list_iterator.c.obj
LOAD src/oboskrnl/CMakeFiles/oboskrnl.dir/utils/memory.cpp.obj
LOAD src/oboskrnl/CMakeFiles/oboskrnl.dir/memory_manager/paging/liballoc_hooks.cpp.obj
LOAD src/oboskrnl/CMakeFiles/oboskrnl.dir/memory_manager/liballoc/liballoc.c.obj
LOAD src/oboskrnl/CMakeFiles/oboskrnl.dir/multitasking/threadHandle.cpp.obj
LOAD src/oboskrnl/CMakeFiles/oboskrnl.dir/external/list/list_node.c.obj
LOAD src/oboskrnl/CMakeFiles/oboskrnl.dir/external/list/list.c.obj
LOAD src/oboskrnl/CMakeFiles/oboskrnl.dir/multitasking/multitasking.cpp.obj
LOAD src/oboskrnl/CMakeFiles/oboskrnl.dir/elf/elf.cpp.obj
LOAD src/oboskrnl/CMakeFiles/oboskrnl.dir/multitasking/thread.cpp.obj
LOAD src/oboskrnl/CMakeFiles/oboskrnl.dir/multitasking/mutex/mutex.cpp.obj
LOAD src/oboskrnl/CMakeFiles/oboskrnl.dir/multitasking/mutex/mutexHandle.cpp.obj
LOAD src/oboskrnl/CMakeFiles/oboskrnl.dir/process/process.cpp.obj
LOAD src/oboskrnl/CMakeFiles/oboskrnl.dir/driver_api/interrupts.cpp.obj
LOAD src/oboskrnl/CMakeFiles/oboskrnl.dir/driver_api/syscalls.cpp.obj
LOAD src/oboskrnl/CMakeFiles/oboskrnl.dir/syscalls/syscalls.cpp.obj
LOAD src/oboskrnl/CMakeFiles/oboskrnl.dir/external/amalgamated-dist/Zydis.c.obj
LOAD src/oboskrnl/CMakeFiles/oboskrnl.dir/descriptors/gdt/gdt.cpp.obj
LOAD src/oboskrnl/CMakeFiles/oboskrnl.dir/vfs/mount.cpp.obj
LOAD /home/omar/opt/cross/lib/gcc/x86_64-elf/11.4.0/libgcc.a
                0x0000000000100000                . = 0x100000
                0x0000000000100000                _kernel_start = .

.multiboot.data
                0x0000000000100000     0x8432
 *(.multiboot.data)
 .multiboot.data
                0x0000000000100000     0x8432 src/oboskrnl/CMakeFiles/oboskrnl.dir/boot/x86-64/kernel_bootstrap.asm.obj
                0x0000000000101000                boot_page_table1
                0x0000000000105000                boot_page_level3_map
                0x0000000000107000                boot_page_level4_map

.multiboot.text
                0x0000000000108432      0x10f
 *(.multiboot.text)
 .multiboot.text
                0x0000000000108432      0x10f src/oboskrnl/CMakeFiles/oboskrnl.dir/boot/x86-64/kernel_bootstrap.asm.obj
                0x0000000000108445                _start
                0xffffffff80108541                . = (. + 0xffffffff80000000)

.text           0xffffffff80109000    0x284b7 load address 0x0000000000109000
                0xffffffff80109000                _stext = .
 *(.text)
 .text          0xffffffff80109000       0x4b src/oboskrnl/CMakeFiles/oboskrnl.dir/boot/x86-64/kernel_bootstrap.asm.obj
                0xffffffff8010903e                _ZN4obos15RestartComputerEv
 *fill*         0xffffffff8010904b        0x5 
 .text          0xffffffff80109050       0x17 src/oboskrnl/CMakeFiles/oboskrnl.dir/x86-64/inline-asm.asm.obj
                0xffffffff80109050                _Z9getEflagsv
                0xffffffff80109058                _Z6getEIPv
                0xffffffff8010905b                getEBP
                0xffffffff8010905f                _ZN4obos6memory19GetPageFaultAddressEv
                0xffffffff80109063                _ZN4obos6memory8tlbFlushEy
 *fill*         0xffffffff80109067        0x9 
 .text          0xffffffff80109070      0x213 src/oboskrnl/CMakeFiles/oboskrnl.dir/descriptors/idt/x86-64/handlers.asm.obj
                0xffffffff80109070                isr0
                0xffffffff8010907a                isr1
                0xffffffff80109084                isr2
                0xffffffff8010908e                isr3
                0xffffffff80109098                isr4
                0xffffffff801090a2                isr5
                0xffffffff801090ac                isr6
                0xffffffff801090b6                isr7
                0xffffffff801090c0                isr8
                0xffffffff801090c8                isr9
                0xffffffff801090d2                isr10
                0xffffffff801090da                isr11
                0xffffffff801090e2                isr12
                0xffffffff801090ea                isr13
                0xffffffff801090f2                isr14
                0xffffffff801090fa                isr15
                0xffffffff80109104                isr16
                0xffffffff8010910e                isr17
                0xffffffff80109118                isr18
                0xffffffff80109122                isr19
                0xffffffff8010912c                isr20
                0xffffffff80109136                isr21
                0xffffffff8010913e                isr22
                0xffffffff80109148                isr23
                0xffffffff80109152                isr24
                0xffffffff8010915c                isr25
                0xffffffff80109166                isr26
                0xffffffff80109170                isr27
                0xffffffff8010917a                isr28
                0xffffffff80109184                isr29
                0xffffffff8010918c                isr30
                0xffffffff80109191                isr31
                0xffffffff80109198                isr32
                0xffffffff8010919f                isr33
                0xffffffff801091a6                isr34
                0xffffffff801091ad                isr35
                0xffffffff801091b4                isr36
                0xffffffff801091bb                isr37
                0xffffffff801091c2                isr38
                0xffffffff801091c9                isr39
                0xffffffff801091d0                isr40
                0xffffffff801091d7                isr41
                0xffffffff801091de                isr42
                0xffffffff801091e5                isr43
                0xffffffff801091ec                isr44
                0xffffffff801091f3                isr45
                0xffffffff801091fa                isr46
                0xffffffff80109201                isr47
                0xffffffff80109208                isr48
                0xffffffff8010920f                isr_common_stub
 *fill*         0xffffffff80109283        0xd 
 .text          0xffffffff80109290        0x4 src/oboskrnl/CMakeFiles/oboskrnl.dir/descriptors/idt/x86-64/idt.asm.obj
                0xffffffff80109290                _ZN4obos8idtFlushEy
 *fill*         0xffffffff80109294        0xc 
 .text          0xffffffff801092a0       0xd7 src/oboskrnl/CMakeFiles/oboskrnl.dir/utils/memcpy_x86-64.asm.obj
                0xffffffff801092a0                memcpy
                0xffffffff801092a0                _ZN4obos5utils6memcpyEPvPKvy
                0xffffffff801092d3                _ZN4obos5utils7memzeroEPvy
                0xffffffff801092ef                _ZN4obos5utils8dwMemsetEPjjy
                0xffffffff80109315                _ZN4obos5utils8dwMemcpyEPjPKjy
                0xffffffff80109344                memset
                0xffffffff80109344                _ZN4obos5utils6memsetEPvjj
                0xffffffff8010935f                _ZN4obos5utils6strlenEPKc
 *fill*         0xffffffff80109377        0x9 
 .text          0xffffffff80109380       0x1d src/oboskrnl/CMakeFiles/oboskrnl.dir/memory_manager/paging/x86-64/init.asm.obj
                0xffffffff80109380                _ZN4obos6memory25CPUSupportsExecuteDisableEv
 *fill*         0xffffffff8010939d        0x3 
 .text          0xffffffff801093a0       0xaa src/oboskrnl/CMakeFiles/oboskrnl.dir/multitasking/multitasking_x86-64.asm.obj
                0xffffffff801093a0                _ZN4obos12multitasking15switchToTaskAsmEv
                0xffffffff801093f5                _ZN4obos12multitasking20switchToUserModeTaskEv
 *fill*         0xffffffff8010944a        0x6 
 .text          0xffffffff80109450       0x14 src/oboskrnl/CMakeFiles/oboskrnl.dir/driver_api/interrupts.asm.obj
                0xffffffff80109450                isr80
 *fill*         0xffffffff80109464        0xc 
 .text          0xffffffff80109470       0xef src/oboskrnl/CMakeFiles/oboskrnl.dir/syscalls/interrupts.asm.obj
                0xffffffff80109470                isr64
 *fill*         0xffffffff8010955f        0x1 
 .text          0xffffffff80109560       0x3c src/oboskrnl/CMakeFiles/oboskrnl.dir/descriptors/gdt/gdt_x86-64.asm.obj
                0xffffffff80109560                _ZN4obos16InitializeGDTASMEv
 *fill*         0xffffffff8010959c        0x4 
 .text          0xffffffff801095a0       0x25 src/oboskrnl/CMakeFiles/oboskrnl.dir/driver_api/x86_64/dInterrupts.asm.obj
                0xffffffff801095a0                callDriverIrqHandler
 *fill*         0xffffffff801095c5        0xb 
 .text          0xffffffff801095d0       0x28 src/oboskrnl/CMakeFiles/oboskrnl.dir/vfs/x86_64/driverCall.asm.obj
                0xffffffff801095d0                callDriverIterateCallback
 .text          0xffffffff801095f8      0xb06 src/oboskrnl/CMakeFiles/oboskrnl.dir/descriptors/idt/x86-64/idt.cpp.obj
                0xffffffff801095f8                _ZN4obos8IdtEntryC2Eythh
                0xffffffff801095f8                _ZN4obos8IdtEntryC1Eythh
                0xffffffff80109682                _ZN4obos13InitializeIdtEv
                0xffffffff8010a0d8                _ZN4obos24RegisterInterruptHandlerEhPFvPKNS_15interrupt_frameEE
 .text          0xffffffff8010a0fe      0xd23 src/oboskrnl/CMakeFiles/oboskrnl.dir/x86-64/exception_handlers.cpp.obj
                0xffffffff8010a0fe                _ZN4obos9pageFaultEPKNS_15interrupt_frameE
                0xffffffff8010a7f4                _ZN4obos21debugExceptionHandlerEPKNS_15interrupt_frameE
                0xffffffff8010ab3c                _ZN4obos23defaultExceptionHandlerEPKNS_15interrupt_frameE
 *fill*         0xffffffff8010ae21        0x1 
 .text          0xffffffff8010ae22      0x420 src/oboskrnl/CMakeFiles/oboskrnl.dir/memory_manager/paging/x86-64/init.cpp.obj
                0xffffffff8010ae22                _ZN4obos6memory7PageMapC2Ev
                0xffffffff8010ae22                _ZN4obos6memory7PageMapC1Ev
                0xffffffff8010ae68                _ZN4obos6memory7PageMapC1EPy
                0xffffffff8010ae68                _ZN4obos6memory7PageMapC2EPy
                0xffffffff8010ae96                _ZN4obos6memory7PageMap23getLevel3PageMapAddressEt
                0xffffffff8010aec8                _ZN4obos6memory7PageMap16getLevel3PageMapEt
                0xffffffff8010af0a                _ZN4obos6memory7PageMap16getPageDirectoryEtt
                0xffffffff8010af5e                _ZN4obos6memory7PageMap24getPageDirectoryRealtiveEtt
                0xffffffff8010afa2                _ZN4obos6memory7PageMap12getPageTableEttt
                0xffffffff8010affc                _ZN4obos6memory7PageMap20getPageTableRealtiveEttt
                0xffffffff8010b046                _ZN4obos6memory7PageMap17getPageTableEntryEtttt
                0xffffffff8010b0aa                _ZN4obos6memory7PageMap21getRealPageTableEntryEtttt
                0xffffffff8010b100                _ZN4obos6memory7PageMap12switchToThisEv
                0xffffffff8010b124                _ZN4obos6memory7PageMapD2Ev
                0xffffffff8010b124                _ZN4obos6memory7PageMapD1Ev
                0xffffffff8010b14e                _ZN4obos6memory16InitializePagingEv
 .text          0xffffffff8010b242     0x1160 src/oboskrnl/CMakeFiles/oboskrnl.dir/memory_manager/paging/x86-64/allocate.cpp.obj
                0xffffffff8010b242                _ZN4obos6memory14kmap_pageTableEPv
                0xffffffff8010b2da                _ZN4obos6memory24allocatePagingStructuresEyy
                0xffffffff8010b648                _ZN4obos6memory12VirtualAllocEPvyyb
                0xffffffff8010b979                _ZN4obos6memory11VirtualFreeEPvy
                0xffffffff8010bc1f                _ZN4obos6memory17HasVirtualAddressEPKvyb
                0xffffffff8010bf03                _ZN4obos6memory13MemoryProtectEPvyyb
                0xffffffff8010c24e                _ZN4obos6memory13kmap_physicalEPvyS1_b
 .text          0xffffffff8010c3a2      0x54f src/oboskrnl/CMakeFiles/oboskrnl.dir/memory_manager/x86-64/physical.cpp.obj
                0xffffffff8010c524                _ZN4obos6memory31InitializePhysicalMemoryManagerEv
                0xffffffff8010c719                _ZN4obos6memory19kalloc_physicalPageEv
                0xffffffff8010c835                _ZN4obos6memory18kfree_physicalPageEPv
 *fill*         0xffffffff8010c8f1        0x1 
 .text          0xffffffff8010c8f2     0x1228 src/oboskrnl/CMakeFiles/oboskrnl.dir/boot/kmain.cpp.obj
                0xffffffff8010c951                _ZN4obos5kmainEP14multiboot_infoj
                0xffffffff8010d11d                _ZN4obos8kmainThrEv
                0xffffffff8010d928                __cxa_pure_virtual
                0xffffffff8010d94d                __cxa_atexit
                0xffffffff8010d9f4                __cxa_finalize
 .text          0xffffffff8010db1a      0xd8b src/oboskrnl/CMakeFiles/oboskrnl.dir/console.cpp.obj
                0xffffffff8010ddf2                _ZN4obos17InitializeConsoleEjj
                0xffffffff8010df8a                _ZN4obos15SetConsoleColorEjj
                0xffffffff8010dff6                _ZN4obos15GetConsoleColorERjS0_
                0xffffffff8010e2e2                _ZN4obos13ConsoleOutputEPKcyb
                0xffffffff8010e374                _ZN4obos19ConsoleOutputStringEPKcb
                0xffffffff8010e40a                _ZN4obos15ConsoleFillLineEcb
                0xffffffff8010e499                _ZN4obos22ConsoleOutputCharacterEcb
                0xffffffff8010e4ff                _ZN4obos22ConsoleOutputCharacterEcjjb
                0xffffffff8010e5a1                _ZN4obos25SetTerminalCursorPositionEjj
                0xffffffff8010e5c4                _ZN4obos25GetTerminalCursorPositionERjS0_
                0xffffffff8010e787                _ZN4obos12ClearConsoleEv
                0xffffffff8010e807                _ZN4obos11swapBuffersEv
 .text          0xffffffff8010e8a5     0x1822 src/oboskrnl/CMakeFiles/oboskrnl.dir/klog.cpp.obj
                0xffffffff8010e99b                _Z10strreversePci
                0xffffffff8010ea28                _Z13itoa_unsignedyPci
                0xffffffff8010eaff                _ZN4obos22consoleOutputCharacterEhPv
                0xffffffff8010eb46                _ZN4obos8_vprintfEPFvhPvES0_PKcP13__va_list_tag
                0xffffffff8010f239                _ZN4obos6printfEPKcz
                0xffffffff8010f351                _ZN4obos7sprintfEPcPKcz
                0xffffffff8010f42b                _ZN4obos7vprintfEPKcP13__va_list_tag
                0xffffffff8010f487                _ZN4obos6kpanicEPvS0_PKcz
                0xffffffff8010f6bc                _ZN4obos14printf_noFlushEPKcz
                0xffffffff8010f76a                _ZN4obos15printStackTraceEPvPKc
                0xffffffff8010f927                _ZN4obos11disassembleEPvPKc
                0xffffffff8010fb49                _ZN4obos7countToEPKcc
                0xffffffff8010fbb7                _ZN4obos7hex2binEPKcj
                0xffffffff8010fca1                _ZN4obos9addr2funcEPvRPcRy
                0xffffffff8010fe51                _ZN4obos9addr2fileEPvRPc
                0xffffffff8010ffcd                _ZN4obos4randEv
                0xffffffff8010fffe                _ZN4obos5srandEj
                0xffffffff8011002a                _ZN4obos4poopEv
 .text          0xffffffff801100c7      0x85e src/oboskrnl/CMakeFiles/oboskrnl.dir/inline-asm.cpp.obj
                0xffffffff801100c7                _Z4outbth
                0xffffffff801100e8                _Z4outwtt
                0xffffffff80110109                _Z3inbt
                0xffffffff80110127                _Z3inwt
                0xffffffff80110147                _Z7io_waitv
                0xffffffff8011015d                _Z3cliv
                0xffffffff80110172                _Z3stiv
                0xffffffff80110187                _Z3hltv
                0xffffffff8011018f                _Z4_inth
                0xffffffff8011084b                _ZN4obos18EnterKernelSectionEv
                0xffffffff80110894                _ZN4obos18LeaveKernelSectionEv
                0xffffffff801108fb                _ZN4obos12EnterSyscallEv
                0xffffffff80110910                _ZN4obos11ExitSyscallEv
 *fill*         0xffffffff80110925        0x1 
 .text          0xffffffff80110926      0x42e src/oboskrnl/CMakeFiles/oboskrnl.dir/utils/bitfields.cpp.obj
                0xffffffff80110944                _ZN4obos5utils12BitfieldBaseC2Ev
                0xffffffff80110944                _ZN4obos5utils12BitfieldBaseC1Ev
                0xffffffff8011096c                _ZN4obos5utils12BitfieldBase6setBitEj
                0xffffffff80110992                _ZN4obos5utils12BitfieldBase8clearBitEj
                0xffffffff801109ba                _ZNK4obos5utils12BitfieldBase6getBitEj
                0xffffffff801109dc                _ZNK4obos5utils12BitfieldBaseixEj
                0xffffffff80110a0a                _ZN4obos5utils12BitfieldBasecvjEv
                0xffffffff80110a20                _ZN4obos5utils12BitfieldBasecvbEv
                0xffffffff80110a3c                _ZN4obos5utils8BitfieldC2Ev
                0xffffffff80110a3c                _ZN4obos5utils8BitfieldC1Ev
                0xffffffff80110a66                _ZN4obos5utils8Bitfield6setBitEh
                0xffffffff80110aa0                _ZN4obos5utils8Bitfield8clearBitEh
                0xffffffff80110ada                _ZNK4obos5utils8Bitfield6getBitEh
                0xffffffff80110b2c                _ZNK4obos5utils8BitfieldixEh
                0xffffffff80110b5c                _ZN4obos5utils8BitfieldcvbEv
                0xffffffff80110b76                _ZN4obos5utils15IntegerBitfieldC2Ev
                0xffffffff80110b76                _ZN4obos5utils15IntegerBitfieldC1Ev
                0xffffffff80110ba0                _ZN4obos5utils15IntegerBitfieldC2Ej
                0xffffffff80110ba0                _ZN4obos5utils15IntegerBitfieldC1Ej
                0xffffffff80110bd6                _ZN4obos5utils15IntegerBitfield11setBitfieldEj
                0xffffffff80110bf2                _ZN4obos5utils16setBitInBitfieldERjh
                0xffffffff80110c23                _ZN4obos5utils18clearBitInBitfieldERjh
                0xffffffff80110c56                _ZN4obos5utils17testBitInBitfieldEjh
                0xffffffff80110ca3                _ZN4obos5utils16setBitInBitfieldERyh
                0xffffffff80110cd9                _ZN4obos5utils18clearBitInBitfieldERyh
                0xffffffff80110d12                _ZN4obos5utils17testBitInBitfieldEyh
 .text          0xffffffff80110d54      0x4b4 src/oboskrnl/CMakeFiles/oboskrnl.dir/descriptors/idt/pic.cpp.obj
                0xffffffff80110d54                _ZN4obos3PicC2Ett
                0xffffffff80110d54                _ZN4obos3PicC1Ett
                0xffffffff80110da2                _ZN4obos3Pic8setPortsEtt
                0xffffffff80110dde                _ZN4obos3Pic15sendCommandByteEh
                0xffffffff80110e20                _ZN4obos3Pic15sendCommandWordEt
                0xffffffff80110e62                _ZN4obos3Pic12sendDataByteEh
                0xffffffff80110ea4                _ZN4obos3Pic12sendDataWordEt
                0xffffffff80110ee8                _ZN4obos3Pic15recvCommandByteEv
                0xffffffff80110f1e                _ZN4obos3Pic15recvCommandWordEv
                0xffffffff80110f54                _ZN4obos3Pic12recvDataByteEv
                0xffffffff80110f8c                _ZN4obos3Pic12recvDataWordEv
                0xffffffff80110fc4                _ZN4obos3Pic7sendEOIEv
                0xffffffff80110fe4                _ZN4obos3Pic5remapEhh
                0xffffffff80111046                _ZN4obos3Pic9enableIrqEh
                0xffffffff8011109c                _ZN4obos3Pic10disableIrqEh
                0xffffffff801110f2                _ZN4obos3Pic7disableEv
                0xffffffff80111112                _ZN4obos3Pic15issuedInterruptEh
                0xffffffff80111160                _ZN4obos7SendEOIEh
 .text          0xffffffff80111208       0xed src/oboskrnl/CMakeFiles/oboskrnl.dir/external/list/list_iterator.c.obj
                0xffffffff80111208                list_iterator_new
                0xffffffff80111245                list_iterator_new_from_node
                0xffffffff8011128b                list_iterator_next
                0xffffffff801112d2                list_iterator_destroy
 .text          0xffffffff801112f5      0x237 src/oboskrnl/CMakeFiles/oboskrnl.dir/utils/memory.cpp.obj
                0xffffffff801112f5                memcmp
                0xffffffff80111322                _ZN4obos5utils6memcmpEPKvS2_y
                0xffffffff80111417                _ZN4obos5utils6memchrEPvhy
                0xffffffff80111499                _ZN4obos5utils6memchrEPKvhy
                0xffffffff801114c6                _ZN4obos5utils6strcmpEPKcS2_
 .text          0xffffffff8011152c      0x1b7 src/oboskrnl/CMakeFiles/oboskrnl.dir/memory_manager/paging/liballoc_hooks.cpp.obj
                0xffffffff8011152c                liballoc_alloc
                0xffffffff80111588                liballoc_free
                0xffffffff801115bf                liballoc_lock
                0xffffffff801115cf                liballoc_unlock
                0xffffffff801115df                _Znwm
                0xffffffff801115fe                _Znam
                0xffffffff8011161d                _ZdlPv
                0xffffffff80111638                _ZdaPv
                0xffffffff80111653                _ZdlPvm
                0xffffffff80111672                _ZdaPvm
                0xffffffff80111691                _ZnwmPv
                0xffffffff801116a7                _ZnamPv
                0xffffffff801116bd                _ZdlPvS_
                0xffffffff801116d0                _ZdaPvS_
 .text          0xffffffff801116e3      0xdcc src/oboskrnl/CMakeFiles/oboskrnl.dir/memory_manager/liballoc/liballoc.c.obj
                0xffffffff801118b7                kmalloc
                0xffffffff80112053                kfree
                0xffffffff801122ee                kcalloc
                0xffffffff8011233c                krealloc
 *fill*         0xffffffff801124af        0x1 
 .text          0xffffffff801124b0      0xf24 src/oboskrnl/CMakeFiles/oboskrnl.dir/multitasking/threadHandle.cpp.obj
                0xffffffff801124b0                _ZN4obos12multitasking12ThreadHandleC1Ev
                0xffffffff801124b0                _ZN4obos12multitasking12ThreadHandleC2Ev
                0xffffffff80112516                _ZN4obos12multitasking12ThreadHandle12CreateThreadENS0_6Thread10priority_tEPFvPvES4_jy
                0xffffffff801125c2                _ZN4obos12multitasking12ThreadHandle10OpenThreadEj
                0xffffffff8011267a                _ZN4obos12multitasking12ThreadHandle10OpenThreadEPNS0_6ThreadE
                0xffffffff80112710                _ZN4obos12multitasking12ThreadHandle11PauseThreadEb
                0xffffffff801127b2                _ZN4obos12multitasking12ThreadHandle12ResumeThreadEv
                0xffffffff80112810                _ZN4obos12multitasking12ThreadHandle17SetThreadPriorityENS0_6Thread10priority_tE
                0xffffffff801129ca                _ZN4obos12multitasking12ThreadHandle15SetThreadStatusEj
                0xffffffff80112a82                _ZN4obos12multitasking12ThreadHandle15TerminateThreadEj
                0xffffffff80112bbe                _ZN4obos12multitasking12ThreadHandle6GetTidEv
                0xffffffff80112bec                _ZN4obos12multitasking12ThreadHandle11GetExitCodeEv
                0xffffffff80112c48                _ZN4obos12multitasking12ThreadHandle17GetThreadPriorityEv
                0xffffffff80112c8c                _ZN4obos12multitasking12ThreadHandle15GetThreadStatusEv
                0xffffffff80112d36                _ZN4obos12multitasking12ThreadHandle17WaitForThreadExitEv
                0xffffffff80112eec                _ZN4obos12multitasking12ThreadHandle25WaitForThreadStatusChangeEj
                0xffffffff80113030                _ZN4obos12multitasking12ThreadHandle9duplicateEv
                0xffffffff801130e4                _ZN4obos12multitasking12ThreadHandle11closeHandleEv
                0xffffffff8011329b                _ZN4obos12multitasking10ExitThreadEj
                0xffffffff8011334f                _ZN4obos12multitasking19GetCurrentThreadTidEv
                0xffffffff80113372                _ZN4obos12multitasking24GetCurrentThreadPriorityEv
                0xffffffff80113382                _ZN4obos12multitasking22GetCurrentThreadStatusEv
                0xffffffff80113392                _ZN4obos12multitasking22GetCurrentThreadHandleEv
 .text          0xffffffff801133d4       0x51 src/oboskrnl/CMakeFiles/oboskrnl.dir/external/list/list_node.c.obj
                0xffffffff801133d4                list_node_new
 .text          0xffffffff80113425      0x58a src/oboskrnl/CMakeFiles/oboskrnl.dir/external/list/list.c.obj
                0xffffffff80113425                list_new
                0xffffffff80113489                list_destroy
                0xffffffff8011350a                list_rpush
                0xffffffff801135bc                list_rpop
                0xffffffff80113660                list_lpop
                0xffffffff801136ff                list_lpush
                0xffffffff801137ad                list_find
                0xffffffff8011385d                list_at
                0xffffffff801138fd                list_remove
 .text          0xffffffff801139af      0xa45 src/oboskrnl/CMakeFiles/oboskrnl.dir/multitasking/multitasking.cpp.obj
                0xffffffff801139af                _ZN4obos12multitasking10canRanTaskEPNS0_6ThreadE
                0xffffffff801139ee                _ZN4obos12multitasking12switchToTaskEPNS0_6ThreadE
                0xffffffff80113b85                _ZN4obos12multitasking11findNewTaskEPKNS_15interrupt_frameE
                0xffffffff801141f9                _ZN4obos12multitasking22InitializeMultitaskingEv
 .text          0xffffffff801143f4      0x271 src/oboskrnl/CMakeFiles/oboskrnl.dir/elf/elf.cpp.obj
                0xffffffff801145a3                _ZN4obos9elfLoader11LoadElfFileEPhyRyS2_
 *fill*         0xffffffff80114665        0x1 
 .text          0xffffffff80114666      0x41f src/oboskrnl/CMakeFiles/oboskrnl.dir/multitasking/thread.cpp.obj
                0xffffffff80114666                _ZN4obos12multitasking6ThreadC1ENS1_10priority_tEPFvPvES3_jy
                0xffffffff80114666                _ZN4obos12multitasking6ThreadC2ENS1_10priority_tEPFvPvES3_jy
                0xffffffff8011477e                _ZN4obos12multitasking6Thread12CreateThreadENS1_10priority_tEPFvPvES3_jy
 *fill*         0xffffffff80114a85        0x1 
 .text          0xffffffff80114a86      0x18d src/oboskrnl/CMakeFiles/oboskrnl.dir/multitasking/mutex/mutex.cpp.obj
                0xffffffff80114a86                _ZN4obos12multitasking17MutexLockCallbackEPNS0_6ThreadEPv
                0xffffffff80114ac6                _ZN4obos12multitasking5Mutex4LockEb
                0xffffffff80114b98                _ZN4obos12multitasking5Mutex6UnlockEv
                0xffffffff80114bea                _ZN4obos12multitasking5MutexD2Ev
                0xffffffff80114bea                _ZN4obos12multitasking5MutexD1Ev
 *fill*         0xffffffff80114c13        0x1 
 .text          0xffffffff80114c14      0x2b9 src/oboskrnl/CMakeFiles/oboskrnl.dir/multitasking/mutex/mutexHandle.cpp.obj
                0xffffffff80114c14                _ZN4obos12multitasking11MutexHandleC2Ev
                0xffffffff80114c14                _ZN4obos12multitasking11MutexHandleC1Ev
                0xffffffff80114cbc                _ZN4obos12multitasking11MutexHandle9duplicateEv
                0xffffffff80114d42                _ZN4obos12multitasking11MutexHandle11closeHandleEv
                0xffffffff80114dea                _ZN4obos12multitasking11MutexHandle4LockEb
                0xffffffff80114e36                _ZN4obos12multitasking11MutexHandle6UnlockEv
                0xffffffff80114e6c                _ZN4obos12multitasking11MutexHandleD2Ev
                0xffffffff80114e6c                _ZN4obos12multitasking11MutexHandleD1Ev
                0xffffffff80114ea2                _ZN4obos12multitasking11MutexHandleD0Ev
 *fill*         0xffffffff80114ecd        0x1 
 .text          0xffffffff80114ece      0xbf7 src/oboskrnl/CMakeFiles/oboskrnl.dir/process/process.cpp.obj
                0xffffffff80114ece                _ZN4obos7process7ProcessC1Ev
                0xffffffff80114ece                _ZN4obos7process7ProcessC2Ev
                0xffffffff80114f9b                _ZN4obos7process16DriverEntryPointEPv
                0xffffffff8011511e                _ZN4obos7process7Process13CreateProcessEPhyPvb
                0xffffffff801156ac                _ZN4obos7process7Process16TerminateProcessEj
                0xffffffff80115938                _ZN4obos7process7Process15doContextSwitchEv
                0xffffffff80115956                _ZN4obos7process7Process21UncommitProcessMemoryEv
 .text          0xffffffff80115ac5       0x8c src/oboskrnl/CMakeFiles/oboskrnl.dir/driver_api/interrupts.cpp.obj
                0xffffffff80115ac5                _Z10do_nothingv
                0xffffffff80115ad0                _ZN4obos9driverAPI20ResetSyscallHandlersEv
                0xffffffff80115b06                _ZN4obos9driverAPI22RegisterSyscallHandlerEhy
                0xffffffff80115b2c                _ZN4obos9driverAPI24UnregisterSyscallHandlerEh
 .text          0xffffffff80115b51      0xf6f src/oboskrnl/CMakeFiles/oboskrnl.dir/driver_api/syscalls.cpp.obj
                0xffffffff80115b51                _ZN4obos9driverAPI16RegisterSyscallsEv
 .text          0xffffffff80116ac0     0x1ad2 src/oboskrnl/CMakeFiles/oboskrnl.dir/syscalls/syscalls.cpp.obj
                0xffffffff80116b8d                _ZN4obos7process16RegisterSyscallsEv
 .text          0xffffffff80118592    0x18712 src/oboskrnl/CMakeFiles/oboskrnl.dir/external/amalgamated-dist/Zydis.c.obj
                0xffffffff8011aa37                ZydisDecodeOperands
                0xffffffff8011f99b                ZydisDecoderInit
                0xffffffff8011fa2f                ZydisDecoderEnableMode
                0xffffffff8011fa6d                ZydisDecoderDecodeFull
                0xffffffff8011fb9c                ZydisDecoderDecodeInstruction
                0xffffffff8011fcfe                ZydisDecoderDecodeOperands
                0xffffffff8011fdac                ZydisDecoderTreeGetChildNode
                0xffffffff801203b6                ZydisGetInstructionEncodingInfo
                0xffffffff801251da                ZydisBuildRegisterOperand
                0xffffffff80126312                ZydisEncoderEncodeInstruction
                0xffffffff80126377                ZydisEncoderEncodeInstructionAbsolute
                0xffffffff8012699e                ZydisEncoderDecodedInstructionToEncoderRequest
                0xffffffff80126f49                ZydisEncoderNopFill
                0xffffffff80126fcf                ZydisGetRelInfo
                0xffffffff80127083                ZydisGetEncodableInstructions
                0xffffffff801277dd                ZydisFormatterBufferInit
                0xffffffff8012786e                ZydisFormatterBufferInitTokenized
                0xffffffff8012792d                ZydisFormatterInit
                0xffffffff80127976                ZydisFormatterSetProperty
                0xffffffff80128031                ZydisFormatterSetHook
                0xffffffff801280fc                ZydisFormatterFormatInstruction
                0xffffffff801282bc                ZydisFormatterFormatOperand
                0xffffffff80128566                ZydisFormatterTokenizeInstruction
                0xffffffff8012876c                ZydisFormatterTokenizeOperand
                0xffffffff80128a5f                ZydisFormatterATTFormatInstruction
                0xffffffff8012916e                ZydisFormatterATTFormatOperandMEM
                0xffffffff8012962a                ZydisFormatterATTPrintMnemonic
                0xffffffff8012999a                ZydisFormatterATTPrintRegister
                0xffffffff80129a60                ZydisFormatterATTPrintAddressABS
                0xffffffff80129b01                ZydisFormatterATTPrintDISP
                0xffffffff80129e69                ZydisFormatterATTPrintIMM
                0xffffffff80129eec                ZydisFormatterHelperGetExplicitSize
                0xffffffff8012a0e6                ZydisFormatterBaseFormatOperandREG
                0xffffffff8012a124                ZydisFormatterBaseFormatOperandPTR
                0xffffffff8012a4ff                ZydisFormatterBaseFormatOperandIMM
                0xffffffff8012a5b8                ZydisFormatterBasePrintAddressABS
                0xffffffff8012a809                ZydisFormatterBasePrintAddressREL
                0xffffffff8012ac17                ZydisFormatterBasePrintIMM
                0xffffffff8012b07c                ZydisFormatterBasePrintSegment
                0xffffffff8012b266                ZydisFormatterBasePrintPrefixes
                0xffffffff8012c1e7                ZydisFormatterBasePrintDecorator
                0xffffffff8012d6da                ZydisFormatterTokenGetValue
                0xffffffff8012d72d                ZydisFormatterTokenNext
                0xffffffff8012d78e                ZydisFormatterBufferGetToken
                0xffffffff8012d7e2                ZydisFormatterBufferGetString
                0xffffffff8012d842                ZydisFormatterBufferAppend
                0xffffffff8012d966                ZydisFormatterBufferRemember
                0xffffffff8012d9c0                ZydisFormatterBufferRestore
                0xffffffff8012da81                ZydisFormatterIntelFormatInstruction
                0xffffffff8012e192                ZydisFormatterIntelFormatOperandMEM
                0xffffffff8012e66a                ZydisFormatterIntelPrintMnemonic
                0xffffffff8012e816                ZydisFormatterIntelPrintRegister
                0xffffffff8012e8f8                ZydisFormatterIntelPrintDISP
                0xffffffff8012edc6                ZydisFormatterIntelPrintTypecast
                0xffffffff8012f220                ZydisFormatterIntelFormatInstructionMASM
                0xffffffff8012f259                ZydisFormatterIntelPrintAddressMASM
                0xffffffff8012f4f2                ZydisCategoryGetString
                0xffffffff8012f517                ZydisISASetGetString
                0xffffffff8012f53f                ZydisISAExtGetString
                0xffffffff8012f564                ZydisMnemonicGetString
                0xffffffff8012f597                ZydisMnemonicGetStringWrapped
                0xffffffff8012f5c7                ZydisRegisterEncode
                0xffffffff8012f645                ZydisRegisterGetId
                0xffffffff8012f67b                ZydisRegisterGetClass
                0xffffffff8012f6b0                ZydisRegisterGetWidth
                0xffffffff8012f70a                ZydisRegisterGetLargestEnclosing
                0xffffffff8012f808                ZydisRegisterGetString
                0xffffffff8012f83b                ZydisRegisterGetStringWrapped
                0xffffffff8012f86b                ZydisRegisterClassGetWidth
                0xffffffff8012f8c2                ZydisGetInstructionSegments
                0xffffffff8012fe81                ZydisGetInstructionDefinition
                0xffffffff8012ff86                ZydisGetOperandDefinitions
                0xffffffff8012ffed                ZydisGetElementInfo
                0xffffffff80130025                ZydisGetAccessedFlags
                0xffffffff80130096                ZydisStringAppendDecU64
                0xffffffff8013027c                ZydisStringAppendHexU64
                0xffffffff8013050a                ZydisStringAppendDecU
                0xffffffff80130599                ZydisStringAppendHexU
                0xffffffff80130634                ZydisCalcAbsoluteAddress
                0xffffffff80130850                ZydisCalcAbsoluteAddressEx
                0xffffffff801309ab                ZydisGetVersion
                0xffffffff801309bb                ZydisIsFeatureEnabled
                0xffffffff80130c24                ZydisDisassembleIntel
                0xffffffff80130c64                ZydisDisassembleATT
 .text          0xffffffff80130ca4       0xf2 src/oboskrnl/CMakeFiles/oboskrnl.dir/descriptors/gdt/gdt.cpp.obj
                0xffffffff80130ca4                _ZN4obos13InitializeGdtEv
                0xffffffff80130d7c                _ZN4obos11SetTSSStackEPv
 .text          0xffffffff80130d96      0x6f7 src/oboskrnl/CMakeFiles/oboskrnl.dir/vfs/mount.cpp.obj
                0xffffffff8013106e                _ZN4obos3vfs10MountDriveEtNS0_10mountFlagsEyy
                0xffffffff80131340                _ZN4obos3vfs12UnmountDriveEt
                0xffffffff8013148d                _glb_text_start = .
 *(.glb.text)
 .glb.text      0xffffffff8013148d       0x2a src/oboskrnl/CMakeFiles/oboskrnl.dir/process/process.cpp.obj
                0xffffffff8013148d                _ZN4obos7process14ProcEntryPointEPv
                0xffffffff801314b7                _glb_text_end = .

.iplt           0xffffffff801314b7        0x0 load address 0x00000000001314b7
 .iplt          0xffffffff801314b7        0x0 src/oboskrnl/CMakeFiles/oboskrnl.dir/boot/x86-64/kernel_bootstrap.asm.obj

.gnu.linkonce.t._ZN4obos6memory7PageMap21computeIndexAtAddressEyh
                0xffffffff801314b7       0x31 load address 0x00000000001314b7
 .gnu.linkonce.t._ZN4obos6memory7PageMap21computeIndexAtAddressEyh
                0xffffffff801314b7       0x31 src/oboskrnl/CMakeFiles/oboskrnl.dir/x86-64/exception_handlers.cpp.obj
                0xffffffff801314b7                _ZN4obos6memory7PageMap21computeIndexAtAddressEyh

.gnu.linkonce.t._ZNK4obos6memory7PageMap10getPageMapEv
                0xffffffff801314e8       0x15 load address 0x00000000001314e8
 .gnu.linkonce.t._ZNK4obos6memory7PageMap10getPageMapEv
                0xffffffff801314e8       0x15 src/oboskrnl/CMakeFiles/oboskrnl.dir/memory_manager/paging/x86-64/init.cpp.obj
                0xffffffff801314e8                _ZNK4obos6memory7PageMap10getPageMapEv

.gnu.linkonce.t._ZN4obos7process7Process14allocatedBlockC1Ev
                0xffffffff801314fe       0x26 load address 0x00000000001314fe
 .gnu.linkonce.t._ZN4obos7process7Process14allocatedBlockC1Ev
                0xffffffff801314fe       0x26 src/oboskrnl/CMakeFiles/oboskrnl.dir/memory_manager/paging/x86-64/allocate.cpp.obj
                0xffffffff801314fe                _ZN4obos7process7Process14allocatedBlockC1Ev

.gnu.linkonce.t._ZN4obos6Handle7getTypeEv
                0xffffffff80131524       0x13 load address 0x0000000000131524
 .gnu.linkonce.t._ZN4obos6Handle7getTypeEv
                0xffffffff80131524       0x13 src/oboskrnl/CMakeFiles/oboskrnl.dir/boot/kmain.cpp.obj
                0xffffffff80131524                _ZN4obos6Handle7getTypeEv

.gnu.linkonce.t._ZN4obos6HandleD2Ev
                0xffffffff80131538       0x1d load address 0x0000000000131538
 .gnu.linkonce.t._ZN4obos6HandleD2Ev
                0xffffffff80131538       0x1d src/oboskrnl/CMakeFiles/oboskrnl.dir/boot/kmain.cpp.obj
                0xffffffff80131538                _ZN4obos6HandleD2Ev

.gnu.linkonce.t._ZN4obos12multitasking12ThreadHandleD1Ev
                0xffffffff80131556       0x35 load address 0x0000000000131556
 .gnu.linkonce.t._ZN4obos12multitasking12ThreadHandleD1Ev
                0xffffffff80131556       0x35 src/oboskrnl/CMakeFiles/oboskrnl.dir/boot/kmain.cpp.obj
                0xffffffff80131556                _ZN4obos12multitasking12ThreadHandleD1Ev

.gnu.linkonce.t._ZN4obos6Handle13getReferencesEv
                0xffffffff8013158c       0x1a load address 0x000000000013158c
 .gnu.linkonce.t._ZN4obos6Handle13getReferencesEv
                0xffffffff8013158c       0x1a src/oboskrnl/CMakeFiles/oboskrnl.dir/multitasking/threadHandle.cpp.obj
                0xffffffff8013158c                _ZN4obos6Handle13getReferencesEv

.gnu.linkonce.t._ZN4obos12multitasking6ThreadD1Ev
                0xffffffff801315a6       0x53 load address 0x00000000001315a6
 .gnu.linkonce.t._ZN4obos12multitasking6ThreadD1Ev
                0xffffffff801315a6       0x53 src/oboskrnl/CMakeFiles/oboskrnl.dir/multitasking/threadHandle.cpp.obj
                0xffffffff801315a6                _ZN4obos12multitasking6ThreadD1Ev

.gnu.linkonce.t._ZN4obos12multitasking6ThreadD0Ev
                0xffffffff801315fa       0x2b load address 0x00000000001315fa
 .gnu.linkonce.t._ZN4obos12multitasking6ThreadD0Ev
                0xffffffff801315fa       0x2b src/oboskrnl/CMakeFiles/oboskrnl.dir/multitasking/threadHandle.cpp.obj
                0xffffffff801315fa                _ZN4obos12multitasking6ThreadD0Ev

.gnu.linkonce.t._ZN4obos12multitasking12ThreadHandle7getTypeEv
                0xffffffff80131626       0x13 load address 0x0000000000131626
 .gnu.linkonce.t._ZN4obos12multitasking12ThreadHandle7getTypeEv
                0xffffffff80131626       0x13 src/oboskrnl/CMakeFiles/oboskrnl.dir/multitasking/threadHandle.cpp.obj
                0xffffffff80131626                _ZN4obos12multitasking12ThreadHandle7getTypeEv

.gnu.linkonce.t._ZN4obos12multitasking12ThreadHandleD0Ev
                0xffffffff8013163a       0x2b load address 0x000000000013163a
 .gnu.linkonce.t._ZN4obos12multitasking12ThreadHandleD0Ev
                0xffffffff8013163a       0x2b src/oboskrnl/CMakeFiles/oboskrnl.dir/multitasking/threadHandle.cpp.obj
                0xffffffff8013163a                _ZN4obos12multitasking12ThreadHandleD0Ev

.gnu.linkonce.t._ZN4obos6HandleC2Ev
                0xffffffff80131666       0x41 load address 0x0000000000131666
 .gnu.linkonce.t._ZN4obos6HandleC2Ev
                0xffffffff80131666       0x41 src/oboskrnl/CMakeFiles/oboskrnl.dir/multitasking/threadHandle.cpp.obj
                0xffffffff80131666                _ZN4obos6HandleC2Ev

.gnu.linkonce.t._ZN4obos12multitasking6ThreadC1Ev
                0xffffffff801316a8       0xe0 load address 0x00000000001316a8
 .gnu.linkonce.t._ZN4obos12multitasking6ThreadC1Ev
                0xffffffff801316a8       0xe0 src/oboskrnl/CMakeFiles/oboskrnl.dir/multitasking/threadHandle.cpp.obj
                0xffffffff801316a8                _ZN4obos12multitasking6ThreadC1Ev

.gnu.linkonce.t._ZN4obos12multitasking11MutexHandle7getTypeEv
                0xffffffff80131788       0x13 load address 0x0000000000131788
 .gnu.linkonce.t._ZN4obos12multitasking11MutexHandle7getTypeEv
                0xffffffff80131788       0x13 src/oboskrnl/CMakeFiles/oboskrnl.dir/multitasking/mutex/mutexHandle.cpp.obj
                0xffffffff80131788                _ZN4obos12multitasking11MutexHandle7getTypeEv

.gnu.linkonce.t._ZN4obos12multitasking5MutexC1Ev
                0xffffffff8013179c       0x29 load address 0x000000000013179c
 .gnu.linkonce.t._ZN4obos12multitasking5MutexC1Ev
                0xffffffff8013179c       0x29 src/oboskrnl/CMakeFiles/oboskrnl.dir/multitasking/mutex/mutexHandle.cpp.obj
                0xffffffff8013179c                _ZN4obos12multitasking5MutexC1Ev

.gnu.linkonce.t._ZN4obos3vfs10commonNodeD2Ev
                0xffffffff801317c6       0x1d load address 0x00000000001317c6
 .gnu.linkonce.t._ZN4obos3vfs10commonNodeD2Ev
                0xffffffff801317c6       0x1d src/oboskrnl/CMakeFiles/oboskrnl.dir/vfs/mount.cpp.obj
                0xffffffff801317c6                _ZN4obos3vfs10commonNodeD2Ev

.gnu.linkonce.t._ZN4obos3vfs9mountNode7getTypeEv
                0xffffffff801317e4       0x13 load address 0x00000000001317e4
 .gnu.linkonce.t._ZN4obos3vfs9mountNode7getTypeEv
                0xffffffff801317e4       0x13 src/oboskrnl/CMakeFiles/oboskrnl.dir/vfs/mount.cpp.obj
                0xffffffff801317e4                _ZN4obos3vfs9mountNode7getTypeEv

.gnu.linkonce.t._ZN4obos3vfs9mountNodeD1Ev
                0xffffffff801317f8       0x29 load address 0x00000000001317f8
 .gnu.linkonce.t._ZN4obos3vfs9mountNodeD1Ev
                0xffffffff801317f8       0x29 src/oboskrnl/CMakeFiles/oboskrnl.dir/vfs/mount.cpp.obj
                0xffffffff801317f8                _ZN4obos3vfs9mountNodeD1Ev

.gnu.linkonce.t._ZN4obos3vfs9mountNodeD0Ev
                0xffffffff80131822       0x2b load address 0x0000000000131822
 .gnu.linkonce.t._ZN4obos3vfs9mountNodeD0Ev
                0xffffffff80131822       0x2b src/oboskrnl/CMakeFiles/oboskrnl.dir/vfs/mount.cpp.obj
                0xffffffff80131822                _ZN4obos3vfs9mountNodeD0Ev

.gnu.linkonce.t._ZN4obos3vfs13directoryNode7getTypeEv
                0xffffffff8013184e       0x13 load address 0x000000000013184e
 .gnu.linkonce.t._ZN4obos3vfs13directoryNode7getTypeEv
                0xffffffff8013184e       0x13 src/oboskrnl/CMakeFiles/oboskrnl.dir/vfs/mount.cpp.obj
                0xffffffff8013184e                _ZN4obos3vfs13directoryNode7getTypeEv

.gnu.linkonce.t._ZN4obos3vfs13directoryNodeD1Ev
                0xffffffff80131862       0x29 load address 0x0000000000131862
 .gnu.linkonce.t._ZN4obos3vfs13directoryNodeD1Ev
                0xffffffff80131862       0x29 src/oboskrnl/CMakeFiles/oboskrnl.dir/vfs/mount.cpp.obj
                0xffffffff80131862                _ZN4obos3vfs13directoryNodeD1Ev

.gnu.linkonce.t._ZN4obos3vfs13directoryNodeD0Ev
                0xffffffff8013188c       0x2b load address 0x000000000013188c
 .gnu.linkonce.t._ZN4obos3vfs13directoryNodeD0Ev
                0xffffffff8013188c       0x2b src/oboskrnl/CMakeFiles/oboskrnl.dir/vfs/mount.cpp.obj
                0xffffffff8013188c                _ZN4obos3vfs13directoryNodeD0Ev

.gnu.linkonce.t._ZN4obos3vfs8fileNode7getTypeEv
                0xffffffff801318b8       0x13 load address 0x00000000001318b8
 .gnu.linkonce.t._ZN4obos3vfs8fileNode7getTypeEv
                0xffffffff801318b8       0x13 src/oboskrnl/CMakeFiles/oboskrnl.dir/vfs/mount.cpp.obj
                0xffffffff801318b8                _ZN4obos3vfs8fileNode7getTypeEv

.gnu.linkonce.t._ZN4obos3vfs8fileNodeD1Ev
                0xffffffff801318cc       0x29 load address 0x00000000001318cc
 .gnu.linkonce.t._ZN4obos3vfs8fileNodeD1Ev
                0xffffffff801318cc       0x29 src/oboskrnl/CMakeFiles/oboskrnl.dir/vfs/mount.cpp.obj
                0xffffffff801318cc                _ZN4obos3vfs8fileNodeD1Ev

.gnu.linkonce.t._ZN4obos3vfs8fileNodeD0Ev
                0xffffffff801318f6       0x2b load address 0x00000000001318f6
 .gnu.linkonce.t._ZN4obos3vfs8fileNodeD0Ev
                0xffffffff801318f6       0x2b src/oboskrnl/CMakeFiles/oboskrnl.dir/vfs/mount.cpp.obj
                0xffffffff801318f6                _ZN4obos3vfs8fileNodeD0Ev

.gnu.linkonce.t._ZN4obos3vfs10commonNodeC2Ev
                0xffffffff80131922       0x1d load address 0x0000000000131922
 .gnu.linkonce.t._ZN4obos3vfs10commonNodeC2Ev
                0xffffffff80131922       0x1d src/oboskrnl/CMakeFiles/oboskrnl.dir/vfs/mount.cpp.obj
                0xffffffff80131922                _ZN4obos3vfs10commonNodeC2Ev

.gnu.linkonce.t._ZN4obos3vfs13directoryNodeC1Ev
                0xffffffff80131940       0x29 load address 0x0000000000131940
 .gnu.linkonce.t._ZN4obos3vfs13directoryNodeC1Ev
                0xffffffff80131940       0x29 src/oboskrnl/CMakeFiles/oboskrnl.dir/vfs/mount.cpp.obj
                0xffffffff80131940                _ZN4obos3vfs13directoryNodeC1Ev

.gnu.linkonce.t._ZN4obos3vfs8fileNodeC1Ev
                0xffffffff8013196a       0x29 load address 0x000000000013196a
 .gnu.linkonce.t._ZN4obos3vfs8fileNodeC1Ev
                0xffffffff8013196a       0x29 src/oboskrnl/CMakeFiles/oboskrnl.dir/vfs/mount.cpp.obj
                0xffffffff8013196a                _ZN4obos3vfs8fileNodeC1Ev

.gnu.linkonce.t._ZN4obos3vfs9mountNodeC1Ev
                0xffffffff80131994       0x29 load address 0x0000000000131994
 .gnu.linkonce.t._ZN4obos3vfs9mountNodeC1Ev
                0xffffffff80131994       0x29 src/oboskrnl/CMakeFiles/oboskrnl.dir/vfs/mount.cpp.obj
                0xffffffff80131994                _ZN4obos3vfs9mountNodeC1Ev

.rodata         0xffffffff80132000    0x6e740 load address 0x0000000000132000
 *(.rodata)
 .rodata        0xffffffff80132000      0x45d src/oboskrnl/CMakeFiles/oboskrnl.dir/x86-64/exception_handlers.cpp.obj
 *fill*         0xffffffff8013245d        0x3 
 .rodata        0xffffffff80132460       0x10 src/oboskrnl/CMakeFiles/oboskrnl.dir/memory_manager/paging/x86-64/init.cpp.obj
 .rodata        0xffffffff80132470       0x10 src/oboskrnl/CMakeFiles/oboskrnl.dir/memory_manager/paging/x86-64/allocate.cpp.obj
 .rodata        0xffffffff80132480       0x10 src/oboskrnl/CMakeFiles/oboskrnl.dir/memory_manager/x86-64/physical.cpp.obj
 .rodata        0xffffffff80132490      0x635 src/oboskrnl/CMakeFiles/oboskrnl.dir/boot/kmain.cpp.obj
 *fill*         0xffffffff80132ac5        0x3 
 .rodata        0xffffffff80132ac8       0x88 src/oboskrnl/CMakeFiles/oboskrnl.dir/console.cpp.obj
 .rodata        0xffffffff80132b50      0x260 src/oboskrnl/CMakeFiles/oboskrnl.dir/klog.cpp.obj
 .rodata        0xffffffff80132db0      0x800 src/oboskrnl/CMakeFiles/oboskrnl.dir/inline-asm.cpp.obj
 .rodata        0xffffffff801335b0       0x9f src/oboskrnl/CMakeFiles/oboskrnl.dir/multitasking/threadHandle.cpp.obj
 *fill*         0xffffffff8013364f        0x1 
 .rodata        0xffffffff80133650       0x9f src/oboskrnl/CMakeFiles/oboskrnl.dir/multitasking/multitasking.cpp.obj
 *fill*         0xffffffff801336ef        0x1 
 .rodata        0xffffffff801336f0       0x50 src/oboskrnl/CMakeFiles/oboskrnl.dir/elf/elf.cpp.obj
 .rodata        0xffffffff80133740       0x9f src/oboskrnl/CMakeFiles/oboskrnl.dir/multitasking/thread.cpp.obj
 *fill*         0xffffffff801337df        0x1 
 .rodata        0xffffffff801337e0      0x107 src/oboskrnl/CMakeFiles/oboskrnl.dir/process/process.cpp.obj
 *fill*         0xffffffff801338e7        0x1 
 .rodata        0xffffffff801338e8       0x68 src/oboskrnl/CMakeFiles/oboskrnl.dir/driver_api/syscalls.cpp.obj
 *fill*         0xffffffff80133950       0x10 
 .rodata        0xffffffff80133960    0x6cde0 src/oboskrnl/CMakeFiles/oboskrnl.dir/external/amalgamated-dist/Zydis.c.obj
                0xffffffff80134180                FILTERS_XOP
                0xffffffff801341c0                FILTERS_VEX
                0xffffffff80134240                FILTERS_EMVEX
                0xffffffff801342e0                FILTERS_OPCODE
                0xffffffff8013cce0                FILTERS_MODE
                0xffffffff8013cd00                FILTERS_MODE_COMPACT
                0xffffffff8013d3f0                FILTERS_PREFIX_GROUP1
                0xffffffff8013d408                FILTERS_MODRM_MOD
                0xffffffff8013d420                FILTERS_MODRM_MOD_COMPACT
                0xffffffff8013ff80                FILTERS_MODRM_REG
                0xffffffff80140ae0                FILTERS_MODRM_RM
                0xffffffff80141180                FILTERS_MANDATORY_PREFIX
                0xffffffff80142b00                FILTERS_OPERAND_SIZE
                0xffffffff80142c80                FILTERS_ADDRESS_SIZE
                0xffffffff80142ea0                FILTERS_VECTOR_LENGTH
                0xffffffff801465a0                FILTERS_REX_W
                0xffffffff80148da2                FILTERS_REX_B
                0xffffffff80148dc0                FILTERS_EVEX_B
                0xffffffff8014a820                FILTERS_MVEX_E
                0xffffffff8014ab00                FILTERS_MODE_AMD
                0xffffffff8014ab80                FILTERS_MODE_KNC
                0xffffffff8014abb0                FILTERS_MODE_MPX
                0xffffffff8014abc0                FILTERS_MODE_CET
                0xffffffff8014abe0                FILTERS_MODE_LZCNT
                0xffffffff8014abf0                FILTERS_MODE_TZCNT
                0xffffffff8014abfc                FILTERS_MODE_WBNOINVD
                0xffffffff8014ac02                FILTERS_MODE_CLDEMOTE
                0xffffffff8014ac08                FILTERS_MODE_CENTAUR
                0xffffffff8014ac0e                zydis_decoder_tree_root
                0xffffffff8014b260                encoder_instruction_lookup
                0xffffffff8014cde0                encoder_instructions
                0xffffffff80169cc0                ISTR_DEFINITIONS_LEGACY
                0xffffffff801706a0                ISTR_DEFINITIONS_3DNOW
                0xffffffff801708e0                ISTR_DEFINITIONS_XOP
                0xffffffff801711e0                ISTR_DEFINITIONS_VEX
                0xffffffff801769a0                ISTR_DEFINITIONS_EVEX
                0xffffffff80184d60                ISTR_DEFINITIONS_MVEX
                0xffffffff80186540                OPERAND_DEFINITIONS
                0xffffffff801a0740                _ZN4obos6memory9__erodataE = .

.gnu.linkonce.r._ZTVN4obos6HandleE
                0xffffffff801a0740       0x38 load address 0x00000000001a0740
 .gnu.linkonce.r._ZTVN4obos6HandleE
                0xffffffff801a0740       0x38 src/oboskrnl/CMakeFiles/oboskrnl.dir/boot/kmain.cpp.obj
                0xffffffff801a0740                _ZTVN4obos6HandleE

.gnu.linkonce.r._ZTVN4obos5utils8BitfieldE
                0xffffffff801a0778       0x60 load address 0x00000000001a0778
 .gnu.linkonce.r._ZTVN4obos5utils8BitfieldE
                0xffffffff801a0778       0x60 src/oboskrnl/CMakeFiles/oboskrnl.dir/utils/bitfields.cpp.obj
                0xffffffff801a0778                _ZTVN4obos5utils8BitfieldE

.gnu.linkonce.r._ZTVN4obos5utils12BitfieldBaseE
                0xffffffff801a07d8       0x40 load address 0x00000000001a07d8
 .gnu.linkonce.r._ZTVN4obos5utils12BitfieldBaseE
                0xffffffff801a07d8       0x40 src/oboskrnl/CMakeFiles/oboskrnl.dir/utils/bitfields.cpp.obj
                0xffffffff801a07d8                _ZTVN4obos5utils12BitfieldBaseE

.gnu.linkonce.r._ZTVN4obos5utils15IntegerBitfieldE
                0xffffffff801a0818       0x60 load address 0x00000000001a0818
 .gnu.linkonce.r._ZTVN4obos5utils15IntegerBitfieldE
                0xffffffff801a0818       0x60 src/oboskrnl/CMakeFiles/oboskrnl.dir/utils/bitfields.cpp.obj
                0xffffffff801a0818                _ZTVN4obos5utils15IntegerBitfieldE

.gnu.linkonce.r._ZTVN4obos12multitasking12ThreadHandleE
                0xffffffff801a0878       0x38 load address 0x00000000001a0878
 .gnu.linkonce.r._ZTVN4obos12multitasking12ThreadHandleE
                0xffffffff801a0878       0x38 src/oboskrnl/CMakeFiles/oboskrnl.dir/multitasking/threadHandle.cpp.obj
                0xffffffff801a0878                _ZTVN4obos12multitasking12ThreadHandleE

.gnu.linkonce.r._ZTVN4obos12multitasking6ThreadE
                0xffffffff801a08b0       0x20 load address 0x00000000001a08b0
 .gnu.linkonce.r._ZTVN4obos12multitasking6ThreadE
                0xffffffff801a08b0       0x20 src/oboskrnl/CMakeFiles/oboskrnl.dir/multitasking/threadHandle.cpp.obj
                0xffffffff801a08b0                _ZTVN4obos12multitasking6ThreadE

.gnu.linkonce.r._ZTVN4obos12multitasking11MutexHandleE
                0xffffffff801a08d0       0x38 load address 0x00000000001a08d0
 .gnu.linkonce.r._ZTVN4obos12multitasking11MutexHandleE
                0xffffffff801a08d0       0x38 src/oboskrnl/CMakeFiles/oboskrnl.dir/multitasking/mutex/mutexHandle.cpp.obj
                0xffffffff801a08d0                _ZTVN4obos12multitasking11MutexHandleE

.gnu.linkonce.r._ZTVN4obos3vfs8fileNodeE
                0xffffffff801a0908       0x28 load address 0x00000000001a0908
 .gnu.linkonce.r._ZTVN4obos3vfs8fileNodeE
                0xffffffff801a0908       0x28 src/oboskrnl/CMakeFiles/oboskrnl.dir/vfs/mount.cpp.obj
                0xffffffff801a0908                _ZTVN4obos3vfs8fileNodeE

.gnu.linkonce.r._ZTVN4obos3vfs13directoryNodeE
                0xffffffff801a0930       0x28 load address 0x00000000001a0930
 .gnu.linkonce.r._ZTVN4obos3vfs13directoryNodeE
                0xffffffff801a0930       0x28 src/oboskrnl/CMakeFiles/oboskrnl.dir/vfs/mount.cpp.obj
                0xffffffff801a0930                _ZTVN4obos3vfs13directoryNodeE

.gnu.linkonce.r._ZTVN4obos3vfs9mountNodeE
                0xffffffff801a0958       0x28 load address 0x00000000001a0958
 .gnu.linkonce.r._ZTVN4obos3vfs9mountNodeE
                0xffffffff801a0958       0x28 src/oboskrnl/CMakeFiles/oboskrnl.dir/vfs/mount.cpp.obj
                0xffffffff801a0958                _ZTVN4obos3vfs9mountNodeE

.gnu.linkonce.r._ZTVN4obos3vfs10commonNodeE
                0xffffffff801a0980       0x28 load address 0x00000000001a0980
 .gnu.linkonce.r._ZTVN4obos3vfs10commonNodeE
                0xffffffff801a0980       0x28 src/oboskrnl/CMakeFiles/oboskrnl.dir/vfs/mount.cpp.obj
                0xffffffff801a0980                _ZTVN4obos3vfs10commonNodeE

.rela.dyn       0xffffffff801a09a8        0x0 load address 0x00000000001a09a8
 .rela.got      0xffffffff801a09a8        0x0 src/oboskrnl/CMakeFiles/oboskrnl.dir/boot/x86-64/kernel_bootstrap.asm.obj
 .rela.iplt     0xffffffff801a09a8        0x0 src/oboskrnl/CMakeFiles/oboskrnl.dir/boot/x86-64/kernel_bootstrap.asm.obj
 .rela.text     0xffffffff801a09a8        0x0 src/oboskrnl/CMakeFiles/oboskrnl.dir/boot/x86-64/kernel_bootstrap.asm.obj
 .rela.gnu.linkonce.t._ZN4obos6HandleD2Ev
                0xffffffff801a09a8        0x0 src/oboskrnl/CMakeFiles/oboskrnl.dir/boot/x86-64/kernel_bootstrap.asm.obj
 .rela.gnu.linkonce.t._ZN4obos12multitasking12ThreadHandleD1Ev
                0xffffffff801a09a8        0x0 src/oboskrnl/CMakeFiles/oboskrnl.dir/boot/x86-64/kernel_bootstrap.asm.obj
 .rela.gnu.linkonce.r._ZTVN4obos6HandleE
                0xffffffff801a09a8        0x0 src/oboskrnl/CMakeFiles/oboskrnl.dir/boot/x86-64/kernel_bootstrap.asm.obj
 .rela.gnu.linkonce.t._ZN4obos12multitasking6ThreadD1Ev
                0xffffffff801a09a8        0x0 src/oboskrnl/CMakeFiles/oboskrnl.dir/boot/x86-64/kernel_bootstrap.asm.obj
 .rela.gnu.linkonce.t._ZN4obos6HandleC2Ev
                0xffffffff801a09a8        0x0 src/oboskrnl/CMakeFiles/oboskrnl.dir/boot/x86-64/kernel_bootstrap.asm.obj
 .rela.gnu.linkonce.t._ZN4obos12multitasking6ThreadC1Ev
                0xffffffff801a09a8        0x0 src/oboskrnl/CMakeFiles/oboskrnl.dir/boot/x86-64/kernel_bootstrap.asm.obj
 .rela.gnu.linkonce.r._ZTVN4obos12multitasking12ThreadHandleE
                0xffffffff801a09a8        0x0 src/oboskrnl/CMakeFiles/oboskrnl.dir/boot/x86-64/kernel_bootstrap.asm.obj
 .rela.gnu.linkonce.r._ZTVN4obos12multitasking6ThreadE
                0xffffffff801a09a8        0x0 src/oboskrnl/CMakeFiles/oboskrnl.dir/boot/x86-64/kernel_bootstrap.asm.obj
 .rela.gnu.linkonce.r._ZTVN4obos12multitasking11MutexHandleE
                0xffffffff801a09a8        0x0 src/oboskrnl/CMakeFiles/oboskrnl.dir/boot/x86-64/kernel_bootstrap.asm.obj
 .rela.gnu.linkonce.t._ZN4obos3vfs10commonNodeD2Ev
                0xffffffff801a09a8        0x0 src/oboskrnl/CMakeFiles/oboskrnl.dir/boot/x86-64/kernel_bootstrap.asm.obj
 .rela.gnu.linkonce.t._ZN4obos3vfs9mountNodeD1Ev
                0xffffffff801a09a8        0x0 src/oboskrnl/CMakeFiles/oboskrnl.dir/boot/x86-64/kernel_bootstrap.asm.obj
 .rela.gnu.linkonce.t._ZN4obos3vfs13directoryNodeD1Ev
                0xffffffff801a09a8        0x0 src/oboskrnl/CMakeFiles/oboskrnl.dir/boot/x86-64/kernel_bootstrap.asm.obj
 .rela.gnu.linkonce.t._ZN4obos3vfs8fileNodeD1Ev
                0xffffffff801a09a8        0x0 src/oboskrnl/CMakeFiles/oboskrnl.dir/boot/x86-64/kernel_bootstrap.asm.obj
 .rela.gnu.linkonce.t._ZN4obos3vfs10commonNodeC2Ev
                0xffffffff801a09a8        0x0 src/oboskrnl/CMakeFiles/oboskrnl.dir/boot/x86-64/kernel_bootstrap.asm.obj
 .rela.gnu.linkonce.t._ZN4obos3vfs13directoryNodeC1Ev
                0xffffffff801a09a8        0x0 src/oboskrnl/CMakeFiles/oboskrnl.dir/boot/x86-64/kernel_bootstrap.asm.obj
 .rela.gnu.linkonce.t._ZN4obos3vfs8fileNodeC1Ev
                0xffffffff801a09a8        0x0 src/oboskrnl/CMakeFiles/oboskrnl.dir/boot/x86-64/kernel_bootstrap.asm.obj
 .rela.gnu.linkonce.t._ZN4obos3vfs9mountNodeC1Ev
                0xffffffff801a09a8        0x0 src/oboskrnl/CMakeFiles/oboskrnl.dir/boot/x86-64/kernel_bootstrap.asm.obj
 .rela.gnu.linkonce.r._ZTVN4obos3vfs8fileNodeE
                0xffffffff801a09a8        0x0 src/oboskrnl/CMakeFiles/oboskrnl.dir/boot/x86-64/kernel_bootstrap.asm.obj
 .rela.gnu.linkonce.r._ZTVN4obos3vfs13directoryNodeE
                0xffffffff801a09a8        0x0 src/oboskrnl/CMakeFiles/oboskrnl.dir/boot/x86-64/kernel_bootstrap.asm.obj
 .rela.gnu.linkonce.r._ZTVN4obos3vfs9mountNodeE
                0xffffffff801a09a8        0x0 src/oboskrnl/CMakeFiles/oboskrnl.dir/boot/x86-64/kernel_bootstrap.asm.obj
 .rela.gnu.linkonce.r._ZTVN4obos3vfs10commonNodeE
                0xffffffff801a09a8        0x0 src/oboskrnl/CMakeFiles/oboskrnl.dir/boot/x86-64/kernel_bootstrap.asm.obj

.data           0xffffffff801a1000      0xccc load address 0x00000000001a1000
 *(.data)
 .data          0xffffffff801a1000        0x0 src/oboskrnl/CMakeFiles/oboskrnl.dir/descriptors/idt/x86-64/handlers.asm.obj
 .data          0xffffffff801a1000       0x10 src/oboskrnl/CMakeFiles/oboskrnl.dir/syscalls/interrupts.asm.obj
 .data          0xffffffff801a1010       0x42 src/oboskrnl/CMakeFiles/oboskrnl.dir/descriptors/gdt/gdt_x86-64.asm.obj
                0xffffffff801a1010                GDT
                0xffffffff801a1038                TSS
 .data          0xffffffff801a1052        0x0 src/oboskrnl/CMakeFiles/oboskrnl.dir/descriptors/idt/x86-64/idt.cpp.obj
 .data          0xffffffff801a1052        0x0 src/oboskrnl/CMakeFiles/oboskrnl.dir/x86-64/exception_handlers.cpp.obj
 .data          0xffffffff801a1052        0x0 src/oboskrnl/CMakeFiles/oboskrnl.dir/memory_manager/paging/x86-64/init.cpp.obj
 .data          0xffffffff801a1052        0x0 src/oboskrnl/CMakeFiles/oboskrnl.dir/memory_manager/paging/x86-64/allocate.cpp.obj
 .data          0xffffffff801a1052        0x0 src/oboskrnl/CMakeFiles/oboskrnl.dir/memory_manager/x86-64/physical.cpp.obj
 *fill*         0xffffffff801a1052        0x6 
 .data          0xffffffff801a1058        0x8 src/oboskrnl/CMakeFiles/oboskrnl.dir/boot/kmain.cpp.obj
                0xffffffff801a1058                __dso_handle
 .data          0xffffffff801a1060        0x0 src/oboskrnl/CMakeFiles/oboskrnl.dir/console.cpp.obj
 .data          0xffffffff801a1060        0x8 src/oboskrnl/CMakeFiles/oboskrnl.dir/klog.cpp.obj
 .data          0xffffffff801a1068        0x0 src/oboskrnl/CMakeFiles/oboskrnl.dir/inline-asm.cpp.obj
 .data          0xffffffff801a1068        0x0 src/oboskrnl/CMakeFiles/oboskrnl.dir/utils/bitfields.cpp.obj
 .data          0xffffffff801a1068        0x0 src/oboskrnl/CMakeFiles/oboskrnl.dir/descriptors/idt/pic.cpp.obj
 .data          0xffffffff801a1068        0x0 src/oboskrnl/CMakeFiles/oboskrnl.dir/external/list/list_iterator.c.obj
 .data          0xffffffff801a1068        0x0 src/oboskrnl/CMakeFiles/oboskrnl.dir/utils/memory.cpp.obj
 .data          0xffffffff801a1068        0x8 src/oboskrnl/CMakeFiles/oboskrnl.dir/memory_manager/paging/liballoc_hooks.cpp.obj
                0xffffffff801a1068                liballoc_base
 .data          0xffffffff801a1070        0x8 src/oboskrnl/CMakeFiles/oboskrnl.dir/memory_manager/liballoc/liballoc.c.obj
 .data          0xffffffff801a1078        0x0 src/oboskrnl/CMakeFiles/oboskrnl.dir/multitasking/threadHandle.cpp.obj
 .data          0xffffffff801a1078        0x0 src/oboskrnl/CMakeFiles/oboskrnl.dir/external/list/list_node.c.obj
 .data          0xffffffff801a1078        0x0 src/oboskrnl/CMakeFiles/oboskrnl.dir/external/list/list.c.obj
 .data          0xffffffff801a1078        0x0 src/oboskrnl/CMakeFiles/oboskrnl.dir/multitasking/multitasking.cpp.obj
 .data          0xffffffff801a1078        0x0 src/oboskrnl/CMakeFiles/oboskrnl.dir/elf/elf.cpp.obj
 .data          0xffffffff801a1078        0x4 src/oboskrnl/CMakeFiles/oboskrnl.dir/multitasking/thread.cpp.obj
                0xffffffff801a1078                _ZN4obos12multitasking15g_nextThreadTidE
 .data          0xffffffff801a107c        0x0 src/oboskrnl/CMakeFiles/oboskrnl.dir/multitasking/mutex/mutex.cpp.obj
 .data          0xffffffff801a107c        0x0 src/oboskrnl/CMakeFiles/oboskrnl.dir/multitasking/mutex/mutexHandle.cpp.obj
 .data          0xffffffff801a107c        0x0 src/oboskrnl/CMakeFiles/oboskrnl.dir/process/process.cpp.obj
 .data          0xffffffff801a107c        0x0 src/oboskrnl/CMakeFiles/oboskrnl.dir/driver_api/interrupts.cpp.obj
 *fill*         0xffffffff801a107c        0x4 
 .data          0xffffffff801a1080        0x8 src/oboskrnl/CMakeFiles/oboskrnl.dir/driver_api/syscalls.cpp.obj
                0xffffffff801a1080                _ZN4obos9driverAPI27g_registeredDriversCapacityE
 .data          0xffffffff801a1088        0x0 src/oboskrnl/CMakeFiles/oboskrnl.dir/syscalls/syscalls.cpp.obj
 *fill*         0xffffffff801a1088       0x18 
 .data          0xffffffff801a10a0      0xc2c src/oboskrnl/CMakeFiles/oboskrnl.dir/external/amalgamated-dist/Zydis.c.obj
 .data          0xffffffff801a1ccc        0x0 src/oboskrnl/CMakeFiles/oboskrnl.dir/descriptors/gdt/gdt.cpp.obj
 .data          0xffffffff801a1ccc        0x0 src/oboskrnl/CMakeFiles/oboskrnl.dir/vfs/mount.cpp.obj

.got            0xffffffff801a1cd0        0x0 load address 0x00000000001a1cd0
 .got           0xffffffff801a1cd0        0x0 src/oboskrnl/CMakeFiles/oboskrnl.dir/boot/x86-64/kernel_bootstrap.asm.obj

.got.plt        0xffffffff801a1cd0        0x0 load address 0x00000000001a1cd0
 .got.plt       0xffffffff801a1cd0        0x0 src/oboskrnl/CMakeFiles/oboskrnl.dir/boot/x86-64/kernel_bootstrap.asm.obj

.igot.plt       0xffffffff801a1cd0        0x0 load address 0x00000000001a1cd0
 .igot.plt      0xffffffff801a1cd0        0x0 src/oboskrnl/CMakeFiles/oboskrnl.dir/boot/x86-64/kernel_bootstrap.asm.obj

.eh_frame       0xffffffff801a1cd0     0x77b4 load address 0x00000000001a1cd0
 .eh_frame      0xffffffff801a1cd0       0xc0 src/oboskrnl/CMakeFiles/oboskrnl.dir/descriptors/idt/x86-64/idt.cpp.obj
 .eh_frame      0xffffffff801a1d90      0x158 src/oboskrnl/CMakeFiles/oboskrnl.dir/x86-64/exception_handlers.cpp.obj
                                        0x170 (size before relaxing)
 .eh_frame      0xffffffff801a1ee8      0x380 src/oboskrnl/CMakeFiles/oboskrnl.dir/memory_manager/paging/x86-64/init.cpp.obj
                                        0x398 (size before relaxing)
 .eh_frame      0xffffffff801a2268      0x238 src/oboskrnl/CMakeFiles/oboskrnl.dir/memory_manager/paging/x86-64/allocate.cpp.obj
                                        0x288 (size before relaxing)
 .eh_frame      0xffffffff801a24a0      0x120 src/oboskrnl/CMakeFiles/oboskrnl.dir/memory_manager/x86-64/physical.cpp.obj
                                        0x138 (size before relaxing)
 .eh_frame      0xffffffff801a25c0      0x3c0 src/oboskrnl/CMakeFiles/oboskrnl.dir/boot/kmain.cpp.obj
                                        0x3d8 (size before relaxing)
 .eh_frame      0xffffffff801a2980      0x440 src/oboskrnl/CMakeFiles/oboskrnl.dir/console.cpp.obj
                                        0x458 (size before relaxing)
 .eh_frame      0xffffffff801a2dc0      0x518 src/oboskrnl/CMakeFiles/oboskrnl.dir/klog.cpp.obj
                                        0x530 (size before relaxing)
 .eh_frame      0xffffffff801a32d8      0x2d8 src/oboskrnl/CMakeFiles/oboskrnl.dir/inline-asm.cpp.obj
                                        0x2f0 (size before relaxing)
 .eh_frame      0xffffffff801a35b0      0x520 src/oboskrnl/CMakeFiles/oboskrnl.dir/utils/bitfields.cpp.obj
                                        0x538 (size before relaxing)
 .eh_frame      0xffffffff801a3ad0      0x3b8 src/oboskrnl/CMakeFiles/oboskrnl.dir/descriptors/idt/pic.cpp.obj
                                        0x3d0 (size before relaxing)
 .eh_frame      0xffffffff801a3e88       0xe0 src/oboskrnl/CMakeFiles/oboskrnl.dir/external/list/list_iterator.c.obj
                                         0xf8 (size before relaxing)
 .eh_frame      0xffffffff801a3f68      0x120 src/oboskrnl/CMakeFiles/oboskrnl.dir/utils/memory.cpp.obj
                                        0x138 (size before relaxing)
 .eh_frame      0xffffffff801a4088      0x310 src/oboskrnl/CMakeFiles/oboskrnl.dir/memory_manager/paging/liballoc_hooks.cpp.obj
                                        0x328 (size before relaxing)
 .eh_frame      0xffffffff801a4398      0x188 src/oboskrnl/CMakeFiles/oboskrnl.dir/memory_manager/liballoc/liballoc.c.obj
                                        0x1a0 (size before relaxing)
 .eh_frame      0xffffffff801a4520      0x870 src/oboskrnl/CMakeFiles/oboskrnl.dir/multitasking/threadHandle.cpp.obj
                                        0x930 (size before relaxing)
 .eh_frame      0xffffffff801a4d90       0x38 src/oboskrnl/CMakeFiles/oboskrnl.dir/external/list/list_node.c.obj
                                         0x50 (size before relaxing)
 .eh_frame      0xffffffff801a4dc8      0x1f8 src/oboskrnl/CMakeFiles/oboskrnl.dir/external/list/list.c.obj
                                        0x210 (size before relaxing)
 .eh_frame      0xffffffff801a4fc0       0xf0 src/oboskrnl/CMakeFiles/oboskrnl.dir/multitasking/multitasking.cpp.obj
                                        0x1b0 (size before relaxing)
 .eh_frame      0xffffffff801a50b0       0x70 src/oboskrnl/CMakeFiles/oboskrnl.dir/elf/elf.cpp.obj
                                         0x88 (size before relaxing)
 .eh_frame      0xffffffff801a5120       0x70 src/oboskrnl/CMakeFiles/oboskrnl.dir/multitasking/thread.cpp.obj
                                         0xf8 (size before relaxing)
 .eh_frame      0xffffffff801a5190       0xe0 src/oboskrnl/CMakeFiles/oboskrnl.dir/multitasking/mutex/mutex.cpp.obj
                                         0xf8 (size before relaxing)
 .eh_frame      0xffffffff801a5270      0x208 src/oboskrnl/CMakeFiles/oboskrnl.dir/multitasking/mutex/mutexHandle.cpp.obj
                                        0x300 (size before relaxing)
 .eh_frame      0xffffffff801a5478      0x320 src/oboskrnl/CMakeFiles/oboskrnl.dir/process/process.cpp.obj
                                        0x530 (size before relaxing)
 .eh_frame      0xffffffff801a5798       0xe0 src/oboskrnl/CMakeFiles/oboskrnl.dir/driver_api/interrupts.cpp.obj
                                         0xf8 (size before relaxing)
 .eh_frame      0xffffffff801a5878      0x3d8 src/oboskrnl/CMakeFiles/oboskrnl.dir/driver_api/syscalls.cpp.obj
                                        0x460 (size before relaxing)
 .eh_frame      0xffffffff801a5c50      0x968 src/oboskrnl/CMakeFiles/oboskrnl.dir/syscalls/syscalls.cpp.obj
                                        0x980 (size before relaxing)
 .eh_frame      0xffffffff801a65b8     0x2a98 src/oboskrnl/CMakeFiles/oboskrnl.dir/external/amalgamated-dist/Zydis.c.obj
                                       0x2ab0 (size before relaxing)
 .eh_frame      0xffffffff801a9050       0x70 src/oboskrnl/CMakeFiles/oboskrnl.dir/descriptors/gdt/gdt.cpp.obj
                                         0x88 (size before relaxing)
 .eh_frame      0xffffffff801a90c0      0x3c4 src/oboskrnl/CMakeFiles/oboskrnl.dir/vfs/mount.cpp.obj
                                        0x418 (size before relaxing)

.ctors          0xffffffff801a9488       0x10 load address 0x00000000001a9488
 .ctors         0xffffffff801a9488        0x8 src/oboskrnl/CMakeFiles/oboskrnl.dir/memory_manager/paging/x86-64/init.cpp.obj
 .ctors         0xffffffff801a9490        0x8 src/oboskrnl/CMakeFiles/oboskrnl.dir/console.cpp.obj

.bss            0xffffffff801aa000     0xf549 load address 0x00000000001aa000
 *(COMMON)
 *(.bss)
 .bss           0xffffffff801aa000     0x1820 src/oboskrnl/CMakeFiles/oboskrnl.dir/descriptors/idt/x86-64/idt.cpp.obj
                0xffffffff801aa000                _ZN4obos19g_interruptHandlersE
 .bss           0xffffffff801ab820        0x0 src/oboskrnl/CMakeFiles/oboskrnl.dir/x86-64/exception_handlers.cpp.obj
 .bss           0xffffffff801ab820       0x28 src/oboskrnl/CMakeFiles/oboskrnl.dir/memory_manager/paging/x86-64/init.cpp.obj
                0xffffffff801ab820                _ZN4obos6memory15g_level4PageMapE
                0xffffffff801ab830                _ZN4obos6memory15g_kernelPageMapE
                0xffffffff801ab840                _ZN4obos6memory10g_zeroPageE
 *fill*         0xffffffff801ab848      0x7b8 
 .bss           0xffffffff801ac000     0x2000 src/oboskrnl/CMakeFiles/oboskrnl.dir/memory_manager/paging/x86-64/allocate.cpp.obj
                0xffffffff801ac000                _ZN4obos6memory27g_pageTableMapPageDirectoryE
 .bss           0xffffffff801ae000       0x28 src/oboskrnl/CMakeFiles/oboskrnl.dir/memory_manager/x86-64/physical.cpp.obj
                0xffffffff801ae000                _ZN4obos6memory24g_physicalMemoryBitfieldE
                0xffffffff801ae008                _ZN4obos6memory14g_sizeOfMemoryE
                0xffffffff801ae010                _ZN4obos6memory17g_nPagesAllocatedE
                0xffffffff801ae018                _ZN4obos6memory15g_bitfieldCountE
                0xffffffff801ae020                _ZN4obos6memory12g_mmapLengthE
 *fill*         0xffffffff801ae028       0x18 
 .bss           0xffffffff801ae040     0x19a0 src/oboskrnl/CMakeFiles/oboskrnl.dir/boot/kmain.cpp.obj
                0xffffffff801ae040                _ZN4obos15g_multibootInfoE
                0xffffffff801ae048                _ZN4obos15g_kernelProcessE
                0xffffffff801ae060                __atexitFuncs
                0xffffffff801af860                __atexitFuncCount
 .bss           0xffffffff801af9e0       0x81 src/oboskrnl/CMakeFiles/oboskrnl.dir/console.cpp.obj
                0xffffffff801af9e0                _ZN4obos17s_foregroundColorE
                0xffffffff801af9e4                _ZN4obos17s_backgroundColorE
                0xffffffff801af9e8                _ZN4obos16s_terminalColumnE
                0xffffffff801af9ec                _ZN4obos13s_terminalRowE
                0xffffffff801af9f0                _ZN4obos20s_reachedEndTerminalE
                0xffffffff801af9f8                _ZN4obos13s_framebufferE
                0xffffffff801afa00                _ZN4obos12s_backbufferE
                0xffffffff801afa08                _ZN4obos18s_framebufferWidthE
                0xffffffff801afa10                _ZN4obos19s_framebufferHeightE
                0xffffffff801afa18                _ZN4obos16s_nCharsVerticalE
                0xffffffff801afa20                _ZN4obos18s_nCharsHorizontalE
                0xffffffff801afa28                _ZN4obos4fontE
 .bss           0xffffffff801afa61        0x0 src/oboskrnl/CMakeFiles/oboskrnl.dir/klog.cpp.obj
 *fill*         0xffffffff801afa61        0x3 
 .bss           0xffffffff801afa64        0x8 src/oboskrnl/CMakeFiles/oboskrnl.dir/inline-asm.cpp.obj
                0xffffffff801afa64                inKernelSection
                0xffffffff801afa68                _ZN4obos11countCalledE
 .bss           0xffffffff801afa6c        0x0 src/oboskrnl/CMakeFiles/oboskrnl.dir/utils/bitfields.cpp.obj
 .bss           0xffffffff801afa6c        0x0 src/oboskrnl/CMakeFiles/oboskrnl.dir/descriptors/idt/pic.cpp.obj
 .bss           0xffffffff801afa6c        0x0 src/oboskrnl/CMakeFiles/oboskrnl.dir/external/list/list_iterator.c.obj
 .bss           0xffffffff801afa6c        0x0 src/oboskrnl/CMakeFiles/oboskrnl.dir/utils/memory.cpp.obj
 *fill*         0xffffffff801afa6c        0x4 
 .bss           0xffffffff801afa70        0x8 src/oboskrnl/CMakeFiles/oboskrnl.dir/memory_manager/paging/liballoc_hooks.cpp.obj
                0xffffffff801afa70                _ZN4obos25g_nLiballocPagesAllocatedE
 .bss           0xffffffff801afa78       0x38 src/oboskrnl/CMakeFiles/oboskrnl.dir/memory_manager/liballoc/liballoc.c.obj
 .bss           0xffffffff801afab0        0x0 src/oboskrnl/CMakeFiles/oboskrnl.dir/multitasking/threadHandle.cpp.obj
 .bss           0xffffffff801afab0        0x0 src/oboskrnl/CMakeFiles/oboskrnl.dir/external/list/list_node.c.obj
 .bss           0xffffffff801afab0        0x0 src/oboskrnl/CMakeFiles/oboskrnl.dir/external/list/list.c.obj
 *fill*         0xffffffff801afab0       0x10 
 .bss           0xffffffff801afac0       0x81 src/oboskrnl/CMakeFiles/oboskrnl.dir/multitasking/multitasking.cpp.obj
                0xffffffff801afac0                _ZN4obos12multitasking9g_threadsE
                0xffffffff801afae0                _ZN4obos12multitasking20g_threadPriorityListE
                0xffffffff801afb00                _ZN4obos12multitasking15g_currentThreadE
                0xffffffff801afb08                _ZN4obos12multitasking13g_initializedE
                0xffffffff801afb10                _ZN4obos12multitasking16g_schedulerMutexE
                0xffffffff801afb18                _ZN4obos12multitasking12g_timerTicksE
 .bss           0xffffffff801afb41        0x0 src/oboskrnl/CMakeFiles/oboskrnl.dir/elf/elf.cpp.obj
 .bss           0xffffffff801afb41        0x0 src/oboskrnl/CMakeFiles/oboskrnl.dir/multitasking/thread.cpp.obj
 .bss           0xffffffff801afb41        0x0 src/oboskrnl/CMakeFiles/oboskrnl.dir/multitasking/mutex/mutex.cpp.obj
 .bss           0xffffffff801afb41        0x0 src/oboskrnl/CMakeFiles/oboskrnl.dir/multitasking/mutex/mutexHandle.cpp.obj
 *fill*         0xffffffff801afb41        0x7 
 .bss           0xffffffff801afb48       0x1c src/oboskrnl/CMakeFiles/oboskrnl.dir/process/process.cpp.obj
                0xffffffff801afb48                _ZN4obos7process15g_nextProcessIdE
                0xffffffff801afb50                _ZN4obos7process13g_processListE
                0xffffffff801afb58                _ZN4obos7process18ProcEntryPointBaseE
 *fill*         0xffffffff801afb64       0x1c 
 .bss           0xffffffff801afb80      0x800 src/oboskrnl/CMakeFiles/oboskrnl.dir/driver_api/interrupts.cpp.obj
                0xffffffff801afb80                _ZN4obos9driverAPI14g_syscallTableE
 .bss           0xffffffff801b0380      0x120 src/oboskrnl/CMakeFiles/oboskrnl.dir/driver_api/syscalls.cpp.obj
                0xffffffff801b0380                _ZN4obos9driverAPI19g_registeredDriversE
 .bss           0xffffffff801b04a0     0x1000 src/oboskrnl/CMakeFiles/oboskrnl.dir/syscalls/syscalls.cpp.obj
                0xffffffff801b04a0                _ZN4obos7process14g_syscallTableE
 .bss           0xffffffff801b14a0        0x0 src/oboskrnl/CMakeFiles/oboskrnl.dir/external/amalgamated-dist/Zydis.c.obj
 .bss           0xffffffff801b14a0       0x68 src/oboskrnl/CMakeFiles/oboskrnl.dir/descriptors/gdt/gdt.cpp.obj
                0xffffffff801b14a0                _ZN4obos10s_tssEntryE
 *fill*         0xffffffff801b1508        0x8 
 .bss           0xffffffff801b1510       0x39 src/oboskrnl/CMakeFiles/oboskrnl.dir/vfs/mount.cpp.obj
                0xffffffff801b1510                _ZN4obos3vfs15g_mountedInitRDE
 *(.bootstrap_stack)
 .bootstrap_stack
                0xffffffff801b1549     0x8000 src/oboskrnl/CMakeFiles/oboskrnl.dir/boot/x86-64/kernel_bootstrap.asm.obj
                0xffffffff801b1549                _ZN4obos12stack_bottomE
                0xffffffff801b5549                _ZN4obos9stack_topE
                0xffffffff801b5549                _ZN4obos15thrstack_bottomE
                0xffffffff801b9549                _ZN4obos12thrstack_topE
                0xffffffff801b9549                _kernel_end = .
                0x0000000000400000                _ZN4obos6memory8endImageE = 0x400000
                0xffffffff80000000                _ZN4obos11kernelStartE = 0xffffffff80000000
                0xffffffffffffffff                _ZN4obos6memory9endKernelE = 0xffffffffffffffff
OUTPUT(/mnt/c/Code/obos/out/oboskrnl elf64-x86-64)

.debug_aranges  0x0000000000000000      0xb50
 .debug_aranges
                0x0000000000000000       0x30 src/oboskrnl/CMakeFiles/oboskrnl.dir/boot/x86-64/kernel_bootstrap.asm.obj
 .debug_aranges
                0x0000000000000030       0x30 src/oboskrnl/CMakeFiles/oboskrnl.dir/x86-64/inline-asm.asm.obj
 .debug_aranges
                0x0000000000000060       0x30 src/oboskrnl/CMakeFiles/oboskrnl.dir/descriptors/idt/x86-64/handlers.asm.obj
 .debug_aranges
                0x0000000000000090       0x30 src/oboskrnl/CMakeFiles/oboskrnl.dir/descriptors/idt/x86-64/idt.asm.obj
 .debug_aranges
                0x00000000000000c0       0x30 src/oboskrnl/CMakeFiles/oboskrnl.dir/utils/memcpy_x86-64.asm.obj
 .debug_aranges
                0x00000000000000f0       0x30 src/oboskrnl/CMakeFiles/oboskrnl.dir/memory_manager/paging/x86-64/init.asm.obj
 .debug_aranges
                0x0000000000000120       0x30 src/oboskrnl/CMakeFiles/oboskrnl.dir/multitasking/multitasking_x86-64.asm.obj
 .debug_aranges
                0x0000000000000150       0x30 src/oboskrnl/CMakeFiles/oboskrnl.dir/driver_api/interrupts.asm.obj
 .debug_aranges
                0x0000000000000180       0x30 src/oboskrnl/CMakeFiles/oboskrnl.dir/syscalls/interrupts.asm.obj
 .debug_aranges
                0x00000000000001b0       0x30 src/oboskrnl/CMakeFiles/oboskrnl.dir/descriptors/gdt/gdt_x86-64.asm.obj
 .debug_aranges
                0x00000000000001e0       0x30 src/oboskrnl/CMakeFiles/oboskrnl.dir/driver_api/x86_64/dInterrupts.asm.obj
 .debug_aranges
                0x0000000000000210       0x30 src/oboskrnl/CMakeFiles/oboskrnl.dir/vfs/x86_64/driverCall.asm.obj
 .debug_aranges
                0x0000000000000240       0x30 src/oboskrnl/CMakeFiles/oboskrnl.dir/descriptors/idt/x86-64/idt.cpp.obj
 .debug_aranges
                0x0000000000000270       0x40 src/oboskrnl/CMakeFiles/oboskrnl.dir/x86-64/exception_handlers.cpp.obj
 .debug_aranges
                0x00000000000002b0       0x40 src/oboskrnl/CMakeFiles/oboskrnl.dir/memory_manager/paging/x86-64/init.cpp.obj
 .debug_aranges
                0x00000000000002f0       0x50 src/oboskrnl/CMakeFiles/oboskrnl.dir/memory_manager/paging/x86-64/allocate.cpp.obj
 .debug_aranges
                0x0000000000000340       0x30 src/oboskrnl/CMakeFiles/oboskrnl.dir/memory_manager/x86-64/physical.cpp.obj
 .debug_aranges
                0x0000000000000370       0x60 src/oboskrnl/CMakeFiles/oboskrnl.dir/boot/kmain.cpp.obj
 .debug_aranges
                0x00000000000003d0       0x30 src/oboskrnl/CMakeFiles/oboskrnl.dir/console.cpp.obj
 .debug_aranges
                0x0000000000000400       0x30 src/oboskrnl/CMakeFiles/oboskrnl.dir/klog.cpp.obj
 .debug_aranges
                0x0000000000000430       0x30 src/oboskrnl/CMakeFiles/oboskrnl.dir/inline-asm.cpp.obj
 .debug_aranges
                0x0000000000000460       0x30 src/oboskrnl/CMakeFiles/oboskrnl.dir/utils/bitfields.cpp.obj
 .debug_aranges
                0x0000000000000490       0x30 src/oboskrnl/CMakeFiles/oboskrnl.dir/descriptors/idt/pic.cpp.obj
 .debug_aranges
                0x00000000000004c0       0x30 src/oboskrnl/CMakeFiles/oboskrnl.dir/external/list/list_iterator.c.obj
 .debug_aranges
                0x00000000000004f0       0x30 src/oboskrnl/CMakeFiles/oboskrnl.dir/utils/memory.cpp.obj
 .debug_aranges
                0x0000000000000520       0x30 src/oboskrnl/CMakeFiles/oboskrnl.dir/memory_manager/paging/liballoc_hooks.cpp.obj
 .debug_aranges
                0x0000000000000550       0x30 src/oboskrnl/CMakeFiles/oboskrnl.dir/memory_manager/liballoc/liballoc.c.obj
 .debug_aranges
                0x0000000000000580       0xd0 src/oboskrnl/CMakeFiles/oboskrnl.dir/multitasking/threadHandle.cpp.obj
 .debug_aranges
                0x0000000000000650       0x30 src/oboskrnl/CMakeFiles/oboskrnl.dir/external/list/list_node.c.obj
 .debug_aranges
                0x0000000000000680       0x30 src/oboskrnl/CMakeFiles/oboskrnl.dir/external/list/list.c.obj
 .debug_aranges
                0x00000000000006b0       0x60 src/oboskrnl/CMakeFiles/oboskrnl.dir/multitasking/multitasking.cpp.obj
 .debug_aranges
                0x0000000000000710       0x30 src/oboskrnl/CMakeFiles/oboskrnl.dir/elf/elf.cpp.obj
 .debug_aranges
                0x0000000000000740       0x50 src/oboskrnl/CMakeFiles/oboskrnl.dir/multitasking/thread.cpp.obj
 .debug_aranges
                0x0000000000000790       0x30 src/oboskrnl/CMakeFiles/oboskrnl.dir/multitasking/mutex/mutex.cpp.obj
 .debug_aranges
                0x00000000000007c0       0x90 src/oboskrnl/CMakeFiles/oboskrnl.dir/multitasking/mutex/mutexHandle.cpp.obj
 .debug_aranges
                0x0000000000000850       0xd0 src/oboskrnl/CMakeFiles/oboskrnl.dir/process/process.cpp.obj
 .debug_aranges
                0x0000000000000920       0x30 src/oboskrnl/CMakeFiles/oboskrnl.dir/driver_api/interrupts.cpp.obj
 .debug_aranges
                0x0000000000000950       0x50 src/oboskrnl/CMakeFiles/oboskrnl.dir/driver_api/syscalls.cpp.obj
 .debug_aranges
                0x00000000000009a0       0x30 src/oboskrnl/CMakeFiles/oboskrnl.dir/syscalls/syscalls.cpp.obj
 .debug_aranges
                0x00000000000009d0       0x30 src/oboskrnl/CMakeFiles/oboskrnl.dir/external/amalgamated-dist/Zydis.c.obj
 .debug_aranges
                0x0000000000000a00       0x30 src/oboskrnl/CMakeFiles/oboskrnl.dir/descriptors/gdt/gdt.cpp.obj
 .debug_aranges
                0x0000000000000a30      0x120 src/oboskrnl/CMakeFiles/oboskrnl.dir/vfs/mount.cpp.obj

.debug_pubnames
                0x0000000000000000        0x0
 .debug_pubnames
                0x0000000000000000        0x0 src/oboskrnl/CMakeFiles/oboskrnl.dir/boot/x86-64/kernel_bootstrap.asm.obj
 .debug_pubnames
                0x0000000000000000        0x0 src/oboskrnl/CMakeFiles/oboskrnl.dir/x86-64/inline-asm.asm.obj
 .debug_pubnames
                0x0000000000000000        0x0 src/oboskrnl/CMakeFiles/oboskrnl.dir/descriptors/idt/x86-64/handlers.asm.obj
 .debug_pubnames
                0x0000000000000000        0x0 src/oboskrnl/CMakeFiles/oboskrnl.dir/descriptors/idt/x86-64/idt.asm.obj
 .debug_pubnames
                0x0000000000000000        0x0 src/oboskrnl/CMakeFiles/oboskrnl.dir/utils/memcpy_x86-64.asm.obj
 .debug_pubnames
                0x0000000000000000        0x0 src/oboskrnl/CMakeFiles/oboskrnl.dir/memory_manager/paging/x86-64/init.asm.obj
 .debug_pubnames
                0x0000000000000000        0x0 src/oboskrnl/CMakeFiles/oboskrnl.dir/multitasking/multitasking_x86-64.asm.obj
 .debug_pubnames
                0x0000000000000000        0x0 src/oboskrnl/CMakeFiles/oboskrnl.dir/driver_api/interrupts.asm.obj
 .debug_pubnames
                0x0000000000000000        0x0 src/oboskrnl/CMakeFiles/oboskrnl.dir/syscalls/interrupts.asm.obj
 .debug_pubnames
                0x0000000000000000        0x0 src/oboskrnl/CMakeFiles/oboskrnl.dir/descriptors/gdt/gdt_x86-64.asm.obj
 .debug_pubnames
                0x0000000000000000        0x0 src/oboskrnl/CMakeFiles/oboskrnl.dir/driver_api/x86_64/dInterrupts.asm.obj
 .debug_pubnames
                0x0000000000000000        0x0 src/oboskrnl/CMakeFiles/oboskrnl.dir/vfs/x86_64/driverCall.asm.obj

.debug_info     0x0000000000000000    0x68507
 .debug_info    0x0000000000000000       0x83 src/oboskrnl/CMakeFiles/oboskrnl.dir/boot/x86-64/kernel_bootstrap.asm.obj
 .debug_info    0x0000000000000083       0x78 src/oboskrnl/CMakeFiles/oboskrnl.dir/x86-64/inline-asm.asm.obj
 .debug_info    0x00000000000000fb       0x86 src/oboskrnl/CMakeFiles/oboskrnl.dir/descriptors/idt/x86-64/handlers.asm.obj
 .debug_info    0x0000000000000181       0x81 src/oboskrnl/CMakeFiles/oboskrnl.dir/descriptors/idt/x86-64/idt.asm.obj
 .debug_info    0x0000000000000202       0x7a src/oboskrnl/CMakeFiles/oboskrnl.dir/utils/memcpy_x86-64.asm.obj
 .debug_info    0x000000000000027c       0x88 src/oboskrnl/CMakeFiles/oboskrnl.dir/memory_manager/paging/x86-64/init.asm.obj
 .debug_info    0x0000000000000304       0x87 src/oboskrnl/CMakeFiles/oboskrnl.dir/multitasking/multitasking_x86-64.asm.obj
 .debug_info    0x000000000000038b       0x7c src/oboskrnl/CMakeFiles/oboskrnl.dir/driver_api/interrupts.asm.obj
 .debug_info    0x0000000000000407       0x7a src/oboskrnl/CMakeFiles/oboskrnl.dir/syscalls/interrupts.asm.obj
 .debug_info    0x0000000000000481       0x81 src/oboskrnl/CMakeFiles/oboskrnl.dir/descriptors/gdt/gdt_x86-64.asm.obj
 .debug_info    0x0000000000000502       0x84 src/oboskrnl/CMakeFiles/oboskrnl.dir/driver_api/x86_64/dInterrupts.asm.obj
 .debug_info    0x0000000000000586       0x7c src/oboskrnl/CMakeFiles/oboskrnl.dir/vfs/x86_64/driverCall.asm.obj
 .debug_info    0x0000000000000602      0x998 src/oboskrnl/CMakeFiles/oboskrnl.dir/descriptors/idt/x86-64/idt.cpp.obj
 .debug_info    0x0000000000000f9a     0x19c0 src/oboskrnl/CMakeFiles/oboskrnl.dir/x86-64/exception_handlers.cpp.obj
 .debug_info    0x000000000000295a      0xff9 src/oboskrnl/CMakeFiles/oboskrnl.dir/memory_manager/paging/x86-64/init.cpp.obj
 .debug_info    0x0000000000003953     0x1f20 src/oboskrnl/CMakeFiles/oboskrnl.dir/memory_manager/paging/x86-64/allocate.cpp.obj
 .debug_info    0x0000000000005873      0xf6a src/oboskrnl/CMakeFiles/oboskrnl.dir/memory_manager/x86-64/physical.cpp.obj
 .debug_info    0x00000000000067dd     0x3dba src/oboskrnl/CMakeFiles/oboskrnl.dir/boot/kmain.cpp.obj
 .debug_info    0x000000000000a597     0x297f src/oboskrnl/CMakeFiles/oboskrnl.dir/console.cpp.obj
 .debug_info    0x000000000000cf16    0x1601a src/oboskrnl/CMakeFiles/oboskrnl.dir/klog.cpp.obj
 .debug_info    0x0000000000022f30     0x1aeb src/oboskrnl/CMakeFiles/oboskrnl.dir/inline-asm.cpp.obj
 .debug_info    0x0000000000024a1b     0x102f src/oboskrnl/CMakeFiles/oboskrnl.dir/utils/bitfields.cpp.obj
 .debug_info    0x0000000000025a4a      0xd43 src/oboskrnl/CMakeFiles/oboskrnl.dir/descriptors/idt/pic.cpp.obj
 .debug_info    0x000000000002678d      0x412 src/oboskrnl/CMakeFiles/oboskrnl.dir/external/list/list_iterator.c.obj
 .debug_info    0x0000000000026b9f      0x5b3 src/oboskrnl/CMakeFiles/oboskrnl.dir/utils/memory.cpp.obj
 .debug_info    0x0000000000027152      0x73e src/oboskrnl/CMakeFiles/oboskrnl.dir/memory_manager/paging/liballoc_hooks.cpp.obj
 .debug_info    0x0000000000027890      0x828 src/oboskrnl/CMakeFiles/oboskrnl.dir/memory_manager/liballoc/liballoc.c.obj
 .debug_info    0x00000000000280b8     0x2da6 src/oboskrnl/CMakeFiles/oboskrnl.dir/multitasking/threadHandle.cpp.obj
 .debug_info    0x000000000002ae5e      0x1ed src/oboskrnl/CMakeFiles/oboskrnl.dir/external/list/list_node.c.obj
 .debug_info    0x000000000002b04b      0x614 src/oboskrnl/CMakeFiles/oboskrnl.dir/external/list/list.c.obj
 .debug_info    0x000000000002b65f     0x2186 src/oboskrnl/CMakeFiles/oboskrnl.dir/multitasking/multitasking.cpp.obj
 .debug_info    0x000000000002d7e5      0xaa3 src/oboskrnl/CMakeFiles/oboskrnl.dir/elf/elf.cpp.obj
 .debug_info    0x000000000002e288     0x16f2 src/oboskrnl/CMakeFiles/oboskrnl.dir/multitasking/thread.cpp.obj
 .debug_info    0x000000000002f97a     0x15ac src/oboskrnl/CMakeFiles/oboskrnl.dir/multitasking/mutex/mutex.cpp.obj
 .debug_info    0x0000000000030f26     0x1c87 src/oboskrnl/CMakeFiles/oboskrnl.dir/multitasking/mutex/mutexHandle.cpp.obj
 .debug_info    0x0000000000032bad     0x2c42 src/oboskrnl/CMakeFiles/oboskrnl.dir/process/process.cpp.obj
 .debug_info    0x00000000000357ef      0x459 src/oboskrnl/CMakeFiles/oboskrnl.dir/driver_api/interrupts.cpp.obj
 .debug_info    0x0000000000035c48     0x34fe src/oboskrnl/CMakeFiles/oboskrnl.dir/driver_api/syscalls.cpp.obj
 .debug_info    0x0000000000039146     0x35be src/oboskrnl/CMakeFiles/oboskrnl.dir/syscalls/syscalls.cpp.obj
 .debug_info    0x000000000003c704    0x29853 src/oboskrnl/CMakeFiles/oboskrnl.dir/external/amalgamated-dist/Zydis.c.obj
 .debug_info    0x0000000000065f57      0x4d8 src/oboskrnl/CMakeFiles/oboskrnl.dir/descriptors/gdt/gdt.cpp.obj
 .debug_info    0x000000000006642f     0x20d8 src/oboskrnl/CMakeFiles/oboskrnl.dir/vfs/mount.cpp.obj

.debug_abbrev   0x0000000000000000     0x6ceb
 .debug_abbrev  0x0000000000000000       0x1b src/oboskrnl/CMakeFiles/oboskrnl.dir/boot/x86-64/kernel_bootstrap.asm.obj
 .debug_abbrev  0x000000000000001b       0x1b src/oboskrnl/CMakeFiles/oboskrnl.dir/x86-64/inline-asm.asm.obj
 .debug_abbrev  0x0000000000000036       0x1b src/oboskrnl/CMakeFiles/oboskrnl.dir/descriptors/idt/x86-64/handlers.asm.obj