
Discarded input sections

 .gnu.linkonce.t._ZN4obos6memory7PageMap21computeIndexAtAddressEyh
                0x0000000000000000       0x31 src/oboskrnl/CMakeFiles/oboskrnl.dir/memory_manager/paging/x86-64/allocate.cpp.obj
 .gnu.linkonce.t._ZN4obos6Handle7getTypeEv
                0x0000000000000000       0x13 src/oboskrnl/CMakeFiles/oboskrnl.dir/multitasking/threadHandle.cpp.obj
 .gnu.linkonce.t._ZN4obos6HandleD2Ev
                0x0000000000000000       0x1d src/oboskrnl/CMakeFiles/oboskrnl.dir/multitasking/threadHandle.cpp.obj
 .gnu.linkonce.t._ZN4obos12multitasking12ThreadHandleD1Ev
                0x0000000000000000       0x35 src/oboskrnl/CMakeFiles/oboskrnl.dir/multitasking/threadHandle.cpp.obj
 .gnu.linkonce.r._ZTVN4obos6HandleE
                0x0000000000000000       0x38 src/oboskrnl/CMakeFiles/oboskrnl.dir/multitasking/threadHandle.cpp.obj
 .gnu.linkonce.t._ZN4obos12multitasking6ThreadD1Ev
                0x0000000000000000       0x53 src/oboskrnl/CMakeFiles/oboskrnl.dir/multitasking/multitasking.cpp.obj
 .gnu.linkonce.t._ZN4obos12multitasking6ThreadD0Ev
                0x0000000000000000       0x2b src/oboskrnl/CMakeFiles/oboskrnl.dir/multitasking/multitasking.cpp.obj
 .gnu.linkonce.t._ZN4obos12multitasking6ThreadC1Ev
                0x0000000000000000       0xd1 src/oboskrnl/CMakeFiles/oboskrnl.dir/multitasking/multitasking.cpp.obj
 .gnu.linkonce.r._ZTVN4obos12multitasking6ThreadE
                0x0000000000000000       0x20 src/oboskrnl/CMakeFiles/oboskrnl.dir/multitasking/multitasking.cpp.obj
 .gnu.linkonce.t._ZN4obos12multitasking6ThreadD1Ev
                0x0000000000000000       0x53 src/oboskrnl/CMakeFiles/oboskrnl.dir/multitasking/thread.cpp.obj
 .gnu.linkonce.t._ZN4obos12multitasking6ThreadD0Ev
                0x0000000000000000       0x2b src/oboskrnl/CMakeFiles/oboskrnl.dir/multitasking/thread.cpp.obj
 .gnu.linkonce.r._ZTVN4obos12multitasking6ThreadE
                0x0000000000000000       0x20 src/oboskrnl/CMakeFiles/oboskrnl.dir/multitasking/thread.cpp.obj
 .gnu.linkonce.t._ZN4obos6Handle7getTypeEv
                0x0000000000000000       0x13 src/oboskrnl/CMakeFiles/oboskrnl.dir/multitasking/mutex/mutexHandle.cpp.obj
 .gnu.linkonce.t._ZN4obos6Handle13getReferencesEv
                0x0000000000000000       0x1a src/oboskrnl/CMakeFiles/oboskrnl.dir/multitasking/mutex/mutexHandle.cpp.obj
 .gnu.linkonce.t._ZN4obos6HandleD2Ev
                0x0000000000000000       0x1d src/oboskrnl/CMakeFiles/oboskrnl.dir/multitasking/mutex/mutexHandle.cpp.obj
 .gnu.linkonce.t._ZN4obos6HandleC2Ev
                0x0000000000000000       0x41 src/oboskrnl/CMakeFiles/oboskrnl.dir/multitasking/mutex/mutexHandle.cpp.obj
 .gnu.linkonce.r._ZTVN4obos6HandleE
                0x0000000000000000       0x38 src/oboskrnl/CMakeFiles/oboskrnl.dir/multitasking/mutex/mutexHandle.cpp.obj
 .gnu.linkonce.t._ZNK4obos6memory7PageMap10getPageMapEv
                0x0000000000000000       0x15 src/oboskrnl/CMakeFiles/oboskrnl.dir/process/process.cpp.obj
 .gnu.linkonce.t._ZN4obos12multitasking6ThreadD1Ev
                0x0000000000000000       0x53 src/oboskrnl/CMakeFiles/oboskrnl.dir/process/process.cpp.obj
 .gnu.linkonce.t._ZN4obos12multitasking6ThreadD0Ev
                0x0000000000000000       0x2b src/oboskrnl/CMakeFiles/oboskrnl.dir/process/process.cpp.obj
 .gnu.linkonce.t._ZN4obos6Handle7getTypeEv
                0x0000000000000000       0x13 src/oboskrnl/CMakeFiles/oboskrnl.dir/process/process.cpp.obj
 .gnu.linkonce.t._ZN4obos6HandleD2Ev
                0x0000000000000000       0x1d src/oboskrnl/CMakeFiles/oboskrnl.dir/process/process.cpp.obj
 .gnu.linkonce.t._ZN4obos12multitasking12ThreadHandleD1Ev
                0x0000000000000000       0x35 src/oboskrnl/CMakeFiles/oboskrnl.dir/process/process.cpp.obj
 .gnu.linkonce.t._ZN4obos12multitasking12ThreadHandleD0Ev
                0x0000000000000000       0x2b src/oboskrnl/CMakeFiles/oboskrnl.dir/process/process.cpp.obj
 .gnu.linkonce.t._ZN4obos12multitasking6ThreadC1Ev
                0x0000000000000000       0xd1 src/oboskrnl/CMakeFiles/oboskrnl.dir/process/process.cpp.obj
 .gnu.linkonce.r._ZTVN4obos6HandleE
                0x0000000000000000       0x38 src/oboskrnl/CMakeFiles/oboskrnl.dir/process/process.cpp.obj
 .gnu.linkonce.r._ZTVN4obos12multitasking6ThreadE
                0x0000000000000000       0x20 src/oboskrnl/CMakeFiles/oboskrnl.dir/process/process.cpp.obj
 .gnu.linkonce.t._ZN4obos6memory7PageMap21computeIndexAtAddressEyh
                0x0000000000000000       0x31 src/oboskrnl/CMakeFiles/oboskrnl.dir/driver_api/syscalls.cpp.obj

Memory Configuration

Name             Origin             Length             Attributes
*default*        0x0000000000000000 0xffffffffffffffff

Linker script and memory map

LOAD src/oboskrnl/CMakeFiles/oboskrnl.dir/boot/x86-64/kernel_bootstrap.asm.obj
LOAD src/oboskrnl/CMakeFiles/oboskrnl.dir/x86-64/inline-asm.asm.obj
LOAD src/oboskrnl/CMakeFiles/oboskrnl.dir/descriptors/idt/x86-64/handlers.asm.obj
LOAD src/oboskrnl/CMakeFiles/oboskrnl.dir/descriptors/idt/x86-64/idt.asm.obj
LOAD src/oboskrnl/CMakeFiles/oboskrnl.dir/utils/memcpy_x86-64.asm.obj
LOAD src/oboskrnl/CMakeFiles/oboskrnl.dir/memory_manager/paging/x86-64/init.asm.obj
LOAD src/oboskrnl/CMakeFiles/oboskrnl.dir/multitasking/multitasking_x86-64.asm.obj
LOAD src/oboskrnl/CMakeFiles/oboskrnl.dir/driver_api/interrupts.asm.obj
LOAD src/oboskrnl/CMakeFiles/oboskrnl.dir/syscalls/interrupts.asm.obj
LOAD src/oboskrnl/CMakeFiles/oboskrnl.dir/descriptors/idt/x86-64/idt.cpp.obj
LOAD src/oboskrnl/CMakeFiles/oboskrnl.dir/x86-64/exception_handlers.cpp.obj
LOAD src/oboskrnl/CMakeFiles/oboskrnl.dir/memory_manager/paging/x86-64/init.cpp.obj
LOAD src/oboskrnl/CMakeFiles/oboskrnl.dir/memory_manager/paging/x86-64/allocate.cpp.obj
LOAD src/oboskrnl/CMakeFiles/oboskrnl.dir/memory_manager/x86-64/physical.cpp.obj
LOAD src/oboskrnl/CMakeFiles/oboskrnl.dir/boot/kmain.cpp.obj
LOAD src/oboskrnl/CMakeFiles/oboskrnl.dir/console.cpp.obj
LOAD src/oboskrnl/CMakeFiles/oboskrnl.dir/klog.cpp.obj
LOAD src/oboskrnl/CMakeFiles/oboskrnl.dir/inline-asm.cpp.obj
LOAD src/oboskrnl/CMakeFiles/oboskrnl.dir/utils/bitfields.cpp.obj
LOAD src/oboskrnl/CMakeFiles/oboskrnl.dir/descriptors/idt/pic.cpp.obj
LOAD src/oboskrnl/CMakeFiles/oboskrnl.dir/external/list/list_iterator.c.obj
LOAD src/oboskrnl/CMakeFiles/oboskrnl.dir/utils/memory.cpp.obj
LOAD src/oboskrnl/CMakeFiles/oboskrnl.dir/memory_manager/paging/liballoc_hooks.cpp.obj
LOAD src/oboskrnl/CMakeFiles/oboskrnl.dir/memory_manager/liballoc/liballoc.c.obj
LOAD src/oboskrnl/CMakeFiles/oboskrnl.dir/multitasking/threadHandle.cpp.obj
LOAD src/oboskrnl/CMakeFiles/oboskrnl.dir/external/list/list_node.c.obj
LOAD src/oboskrnl/CMakeFiles/oboskrnl.dir/external/list/list.c.obj
LOAD src/oboskrnl/CMakeFiles/oboskrnl.dir/multitasking/multitasking.cpp.obj
LOAD src/oboskrnl/CMakeFiles/oboskrnl.dir/elf/elf.cpp.obj
LOAD src/oboskrnl/CMakeFiles/oboskrnl.dir/multitasking/thread.cpp.obj
LOAD src/oboskrnl/CMakeFiles/oboskrnl.dir/multitasking/mutex/mutex.cpp.obj
LOAD src/oboskrnl/CMakeFiles/oboskrnl.dir/multitasking/mutex/mutexHandle.cpp.obj
LOAD src/oboskrnl/CMakeFiles/oboskrnl.dir/process/process.cpp.obj
LOAD src/oboskrnl/CMakeFiles/oboskrnl.dir/driver_api/interrupts.cpp.obj
LOAD src/oboskrnl/CMakeFiles/oboskrnl.dir/driver_api/syscalls.cpp.obj
LOAD src/oboskrnl/CMakeFiles/oboskrnl.dir/syscalls/syscalls.cpp.obj
LOAD src/oboskrnl/CMakeFiles/oboskrnl.dir/external/amalgamated-dist/Zydis.c.obj
LOAD src/oboskrnl/CMakeFiles/oboskrnl.dir/descriptors/gdt/gdt.cpp.obj
LOAD /home/omar/opt/cross/lib/gcc/x86_64-elf/11.4.0/libgcc.a
                0x0000000000100000                . = 0x100000
                0x0000000000100000                _kernel_start = .

.multiboot.data
                0x0000000000100000     0x8432
 *(.multiboot.data)
 .multiboot.data
                0x0000000000100000     0x8432 src/oboskrnl/CMakeFiles/oboskrnl.dir/boot/x86-64/kernel_bootstrap.asm.obj
                0x0000000000105000                boot_page_level3_map
                0x0000000000107000                boot_page_level4_map
                0x0000000000108428                GDTPointer

.multiboot.text
                0x0000000000108432      0x115
 *(.multiboot.text)
 .multiboot.text
                0x0000000000108432      0x115 src/oboskrnl/CMakeFiles/oboskrnl.dir/boot/x86-64/kernel_bootstrap.asm.obj
                0x0000000000108442                _start
                0xffffffff80108547                . = (. + 0xffffffff80000000)

.text           0xffffffff80109000    0x26cf4 load address 0x0000000000109000
                0xffffffff80109000                _stext = .
 *(.text)
 .text          0xffffffff80109000       0x4b src/oboskrnl/CMakeFiles/oboskrnl.dir/boot/x86-64/kernel_bootstrap.asm.obj
                0xffffffff8010903e                _ZN4obos15RestartComputerEv
 *fill*         0xffffffff8010904b        0x5 
 .text          0xffffffff80109050       0x17 src/oboskrnl/CMakeFiles/oboskrnl.dir/x86-64/inline-asm.asm.obj
                0xffffffff80109050                _Z9getEflagsv
                0xffffffff80109058                _Z6getEIPv
                0xffffffff8010905b                getEBP
                0xffffffff8010905f                _ZN4obos6memory19GetPageFaultAddressEv
                0xffffffff80109063                _ZN4obos6memory8tlbFlushEy
 *fill*         0xffffffff80109067        0x9 
 .text          0xffffffff80109070      0x213 src/oboskrnl/CMakeFiles/oboskrnl.dir/descriptors/idt/x86-64/handlers.asm.obj
                0xffffffff80109070                isr0
                0xffffffff8010907a                isr1
                0xffffffff80109084                isr2
                0xffffffff8010908e                isr3
                0xffffffff80109098                isr4
                0xffffffff801090a2                isr5
                0xffffffff801090ac                isr6
                0xffffffff801090b6                isr7
                0xffffffff801090c0                isr8
                0xffffffff801090c8                isr9
                0xffffffff801090d2                isr10
                0xffffffff801090da                isr11
                0xffffffff801090e2                isr12
                0xffffffff801090ea                isr13
                0xffffffff801090f2                isr14
                0xffffffff801090fa                isr15
                0xffffffff80109104                isr16
                0xffffffff8010910e                isr17
                0xffffffff80109118                isr18
                0xffffffff80109122                isr19
                0xffffffff8010912c                isr20
                0xffffffff80109136                isr21
                0xffffffff8010913e                isr22
                0xffffffff80109148                isr23
                0xffffffff80109152                isr24
                0xffffffff8010915c                isr25
                0xffffffff80109166                isr26
                0xffffffff80109170                isr27
                0xffffffff8010917a                isr28
                0xffffffff80109184                isr29
                0xffffffff8010918c                isr30
                0xffffffff80109191                isr31
                0xffffffff80109198                isr32
                0xffffffff8010919f                isr33
                0xffffffff801091a6                isr34
                0xffffffff801091ad                isr35
                0xffffffff801091b4                isr36
                0xffffffff801091bb                isr37
                0xffffffff801091c2                isr38
                0xffffffff801091c9                isr39
                0xffffffff801091d0                isr40
                0xffffffff801091d7                isr41
                0xffffffff801091de                isr42
                0xffffffff801091e5                isr43
                0xffffffff801091ec                isr44
                0xffffffff801091f3                isr45
                0xffffffff801091fa                isr46
                0xffffffff80109201                isr47
                0xffffffff80109208                isr48
                0xffffffff8010920f                isr_common_stub
 *fill*         0xffffffff80109283        0xd 
 .text          0xffffffff80109290        0x4 src/oboskrnl/CMakeFiles/oboskrnl.dir/descriptors/idt/x86-64/idt.asm.obj
                0xffffffff80109290                _ZN4obos8idtFlushEy
 *fill*         0xffffffff80109294        0xc 
 .text          0xffffffff801092a0       0xd7 src/oboskrnl/CMakeFiles/oboskrnl.dir/utils/memcpy_x86-64.asm.obj
                0xffffffff801092a0                memcpy
                0xffffffff801092a0                _ZN4obos5utils6memcpyEPvPKvy
                0xffffffff801092d3                _ZN4obos5utils7memzeroEPvy
                0xffffffff801092ef                _ZN4obos5utils8dwMemsetEPjjy
                0xffffffff80109315                _ZN4obos5utils8dwMemcpyEPjPKjy
                0xffffffff80109344                memset
                0xffffffff80109344                _ZN4obos5utils6memsetEPvjj
                0xffffffff8010935f                _ZN4obos5utils6strlenEPKc
 *fill*         0xffffffff80109377        0x9 
 .text          0xffffffff80109380       0x1d src/oboskrnl/CMakeFiles/oboskrnl.dir/memory_manager/paging/x86-64/init.asm.obj
                0xffffffff80109380                _ZN4obos6memory25CPUSupportsExecuteDisableEv
 *fill*         0xffffffff8010939d        0x3 
 .text          0xffffffff801093a0       0x5b src/oboskrnl/CMakeFiles/oboskrnl.dir/multitasking/multitasking_x86-64.asm.obj
                0xffffffff801093a0                _ZN4obos12multitasking15switchToTaskAsmEv
                0xffffffff801093f9                _ZN4obos12multitasking20switchToUserModeTaskEv
 *fill*         0xffffffff801093fb        0x5 
 .text          0xffffffff80109400       0x22 src/oboskrnl/CMakeFiles/oboskrnl.dir/driver_api/interrupts.asm.obj
                0xffffffff80109400                isr80
 *fill*         0xffffffff80109422        0xe 
 .text          0xffffffff80109430       0xde src/oboskrnl/CMakeFiles/oboskrnl.dir/syscalls/interrupts.asm.obj
                0xffffffff80109430                isr64
 .text          0xffffffff8010950e      0xb01 src/oboskrnl/CMakeFiles/oboskrnl.dir/descriptors/idt/x86-64/idt.cpp.obj
                0xffffffff8010950e                _ZN4obos8IdtEntryC2Eythh
                0xffffffff8010950e                _ZN4obos8IdtEntryC1Eythh
                0xffffffff80109593                _ZN4obos13InitializeIdtEv
                0xffffffff80109fe9                _ZN4obos24RegisterInterruptHandlerEhPFvPKNS_15interrupt_frameEE
 .text          0xffffffff8010a00f      0xc7e src/oboskrnl/CMakeFiles/oboskrnl.dir/x86-64/exception_handlers.cpp.obj
                0xffffffff8010a00f                _ZN4obos9pageFaultEPKNS_15interrupt_frameE
                0xffffffff8010a660                _ZN4obos21debugExceptionHandlerEPKNS_15interrupt_frameE
                0xffffffff8010a9a8                _ZN4obos23defaultExceptionHandlerEPKNS_15interrupt_frameE
 *fill*         0xffffffff8010ac8d        0x1 
 .text          0xffffffff8010ac8e      0x3bc src/oboskrnl/CMakeFiles/oboskrnl.dir/memory_manager/paging/x86-64/init.cpp.obj
                0xffffffff8010ac8e                _ZN4obos6memory7PageMapC2Ev
                0xffffffff8010ac8e                _ZN4obos6memory7PageMapC1Ev
                0xffffffff8010acd4                _ZN4obos6memory7PageMapC1EPy
                0xffffffff8010acd4                _ZN4obos6memory7PageMapC2EPy
                0xffffffff8010ad02                _ZN4obos6memory7PageMap23getLevel3PageMapAddressEt
                0xffffffff8010ad34                _ZN4obos6memory7PageMap16getLevel3PageMapEt
                0xffffffff8010ad76                _ZN4obos6memory7PageMap16getPageDirectoryEtt
                0xffffffff8010adca                _ZN4obos6memory7PageMap24getPageDirectoryRealtiveEtt
                0xffffffff8010ae0e                _ZN4obos6memory7PageMap12getPageTableEttt
                0xffffffff8010ae68                _ZN4obos6memory7PageMap20getPageTableRealtiveEttt
                0xffffffff8010aeb2                _ZN4obos6memory7PageMap17getPageTableEntryEtttt
                0xffffffff8010af16                _ZN4obos6memory7PageMap21getRealPageTableEntryEtttt
                0xffffffff8010af6c                _ZN4obos6memory7PageMap12switchToThisEv
                0xffffffff8010af90                _ZN4obos6memory7PageMapD2Ev
                0xffffffff8010af90                _ZN4obos6memory7PageMapD1Ev
                0xffffffff8010afba                _ZN4obos6memory16InitializePagingEv
 .text          0xffffffff8010b04a      0xef7 src/oboskrnl/CMakeFiles/oboskrnl.dir/memory_manager/paging/x86-64/allocate.cpp.obj
                0xffffffff8010b04a                _ZN4obos6memory14kmap_pageTableEPv
                0xffffffff8010b154                _ZN4obos6memory24allocatePagingStructuresEyy
                0xffffffff8010b4c2                _ZN4obos6memory12VirtualAllocEPvyy
                0xffffffff8010b6cf                _ZN4obos6memory11VirtualFreeEPvy
                0xffffffff8010b88b                _ZN4obos6memory17HasVirtualAddressEPKvy
                0xffffffff8010babf                _ZN4obos6memory13MemoryProtectEPvyy
                0xffffffff8010be01                _ZN4obos6memory13kmap_physicalEPvyS1_b
 .text          0xffffffff8010bf41      0x54f src/oboskrnl/CMakeFiles/oboskrnl.dir/memory_manager/x86-64/physical.cpp.obj
                0xffffffff8010c0c3                _ZN4obos6memory31InitializePhysicalMemoryManagerEv
                0xffffffff8010c2b8                _ZN4obos6memory19kalloc_physicalPageEv
                0xffffffff8010c3d4                _ZN4obos6memory18kfree_physicalPageEPv
 .text          0xffffffff8010c490      0xeca src/oboskrnl/CMakeFiles/oboskrnl.dir/boot/kmain.cpp.obj
                0xffffffff8010c4ef                _ZN4obos5kmainEP14multiboot_infoj
                0xffffffff8010cc00                _ZN4obos8kmainThrEv
                0xffffffff8010d168                __cxa_pure_virtual
                0xffffffff8010d18d                __cxa_atexit
                0xffffffff8010d234                __cxa_finalize
 .text          0xffffffff8010d35a      0xcfb src/oboskrnl/CMakeFiles/oboskrnl.dir/console.cpp.obj
                0xffffffff8010d632                _ZN4obos17InitializeConsoleEjj
                0xffffffff8010d7ca                _ZN4obos15SetConsoleColorEjj
                0xffffffff8010d7ed                _ZN4obos15GetConsoleColorERjS0_
                0xffffffff8010da92                _ZN4obos13ConsoleOutputEPKcyb
                0xffffffff8010db24                _ZN4obos19ConsoleOutputStringEPKcb
                0xffffffff8010dbba                _ZN4obos15ConsoleFillLineEcb
                0xffffffff8010dc49                _ZN4obos22ConsoleOutputCharacterEcb
                0xffffffff8010dcaf                _ZN4obos22ConsoleOutputCharacterEcjjb
                0xffffffff8010dd51                _ZN4obos25SetTerminalCursorPositionEjj
                0xffffffff8010dd74                _ZN4obos25GetTerminalCursorPositionERjS0_
                0xffffffff8010df37                _ZN4obos12ClearConsoleEv
                0xffffffff8010dfb7                _ZN4obos11swapBuffersEv
 .text          0xffffffff8010e055     0x1808 src/oboskrnl/CMakeFiles/oboskrnl.dir/klog.cpp.obj
                0xffffffff8010e14b                _Z10strreversePci
                0xffffffff8010e1d8                _Z13itoa_unsignedyPci
                0xffffffff8010e2af                _ZN4obos22consoleOutputCharacterEhPv
                0xffffffff8010e2f6                _ZN4obos8_vprintfEPFvhPvES0_PKcP13__va_list_tag
                0xffffffff8010e9e9                _ZN4obos6printfEPKcz
                0xffffffff8010eb01                _ZN4obos7sprintfEPcPKcz
                0xffffffff8010ebdb                _ZN4obos7vprintfEPKcP13__va_list_tag
                0xffffffff8010ec37                _ZN4obos6kpanicEPvS0_PKcz
                0xffffffff8010ee6c                _ZN4obos14printf_noFlushEPKcz
                0xffffffff8010ef1a                _ZN4obos15printStackTraceEPvPKc
                0xffffffff8010f0cd                _ZN4obos11disassembleEPvPKc
                0xffffffff8010f2ea                _ZN4obos7countToEPKcc
                0xffffffff8010f358                _ZN4obos7hex2binEPKcj
                0xffffffff8010f42f                _ZN4obos9addr2funcEPvRPcRy
                0xffffffff8010f5e3                _ZN4obos9addr2fileEPvRPc
                0xffffffff8010f763                _ZN4obos4randEv
                0xffffffff8010f794                _ZN4obos5srandEj
                0xffffffff8010f7c0                _ZN4obos4poopEv
 .text          0xffffffff8010f85d      0x85e src/oboskrnl/CMakeFiles/oboskrnl.dir/inline-asm.cpp.obj
                0xffffffff8010f85d                _Z4outbth
                0xffffffff8010f87e                _Z4outwtt
                0xffffffff8010f89f                _Z3inbt
                0xffffffff8010f8bd                _Z3inwt
                0xffffffff8010f8dd                _Z7io_waitv
                0xffffffff8010f8f3                _Z3cliv
                0xffffffff8010f908                _Z3stiv
                0xffffffff8010f91d                _Z3hltv
                0xffffffff8010f925                _Z4_inth
                0xffffffff8010ffe1                _ZN4obos18EnterKernelSectionEv
                0xffffffff8011002a                _ZN4obos18LeaveKernelSectionEv
                0xffffffff80110091                _ZN4obos12EnterSyscallEv
                0xffffffff801100a6                _ZN4obos11ExitSyscallEv
 *fill*         0xffffffff801100bb        0x1 
 .text          0xffffffff801100bc      0x42e src/oboskrnl/CMakeFiles/oboskrnl.dir/utils/bitfields.cpp.obj
                0xffffffff801100da                _ZN4obos5utils12BitfieldBaseC2Ev
                0xffffffff801100da                _ZN4obos5utils12BitfieldBaseC1Ev
                0xffffffff80110102                _ZN4obos5utils12BitfieldBase6setBitEj
                0xffffffff80110128                _ZN4obos5utils12BitfieldBase8clearBitEj
                0xffffffff80110150                _ZNK4obos5utils12BitfieldBase6getBitEj
                0xffffffff80110172                _ZNK4obos5utils12BitfieldBaseixEj
                0xffffffff801101a0                _ZN4obos5utils12BitfieldBasecvjEv
                0xffffffff801101b6                _ZN4obos5utils12BitfieldBasecvbEv
                0xffffffff801101d2                _ZN4obos5utils8BitfieldC2Ev
                0xffffffff801101d2                _ZN4obos5utils8BitfieldC1Ev
                0xffffffff801101fc                _ZN4obos5utils8Bitfield6setBitEh
                0xffffffff80110236                _ZN4obos5utils8Bitfield8clearBitEh
                0xffffffff80110270                _ZNK4obos5utils8Bitfield6getBitEh
                0xffffffff801102c2                _ZNK4obos5utils8BitfieldixEh
                0xffffffff801102f2                _ZN4obos5utils8BitfieldcvbEv
                0xffffffff8011030c                _ZN4obos5utils15IntegerBitfieldC2Ev
                0xffffffff8011030c                _ZN4obos5utils15IntegerBitfieldC1Ev
                0xffffffff80110336                _ZN4obos5utils15IntegerBitfieldC2Ej
                0xffffffff80110336                _ZN4obos5utils15IntegerBitfieldC1Ej
                0xffffffff8011036c                _ZN4obos5utils15IntegerBitfield11setBitfieldEj
                0xffffffff80110388                _ZN4obos5utils16setBitInBitfieldERjh
                0xffffffff801103b9                _ZN4obos5utils18clearBitInBitfieldERjh
                0xffffffff801103ec                _ZN4obos5utils17testBitInBitfieldEjh
                0xffffffff80110439                _ZN4obos5utils16setBitInBitfieldERyh
                0xffffffff8011046f                _ZN4obos5utils18clearBitInBitfieldERyh
                0xffffffff801104a8                _ZN4obos5utils17testBitInBitfieldEyh
 .text          0xffffffff801104ea      0x4b4 src/oboskrnl/CMakeFiles/oboskrnl.dir/descriptors/idt/pic.cpp.obj
                0xffffffff801104ea                _ZN4obos3PicC2Ett
                0xffffffff801104ea                _ZN4obos3PicC1Ett
                0xffffffff80110538                _ZN4obos3Pic8setPortsEtt
                0xffffffff80110574                _ZN4obos3Pic15sendCommandByteEh
                0xffffffff801105b6                _ZN4obos3Pic15sendCommandWordEt
                0xffffffff801105f8                _ZN4obos3Pic12sendDataByteEh
                0xffffffff8011063a                _ZN4obos3Pic12sendDataWordEt
                0xffffffff8011067e                _ZN4obos3Pic15recvCommandByteEv
                0xffffffff801106b4                _ZN4obos3Pic15recvCommandWordEv
                0xffffffff801106ea                _ZN4obos3Pic12recvDataByteEv
                0xffffffff80110722                _ZN4obos3Pic12recvDataWordEv
                0xffffffff8011075a                _ZN4obos3Pic7sendEOIEv
                0xffffffff8011077a                _ZN4obos3Pic5remapEhh
                0xffffffff801107dc                _ZN4obos3Pic9enableIrqEh
                0xffffffff80110832                _ZN4obos3Pic10disableIrqEh
                0xffffffff80110888                _ZN4obos3Pic7disableEv
                0xffffffff801108a8                _ZN4obos3Pic15issuedInterruptEh
                0xffffffff801108f6                _ZN4obos7SendEOIEh
 .text          0xffffffff8011099e       0xed src/oboskrnl/CMakeFiles/oboskrnl.dir/external/list/list_iterator.c.obj
                0xffffffff8011099e                list_iterator_new
                0xffffffff801109db                list_iterator_new_from_node
                0xffffffff80110a21                list_iterator_next
                0xffffffff80110a68                list_iterator_destroy
 .text          0xffffffff80110a8b      0x228 src/oboskrnl/CMakeFiles/oboskrnl.dir/utils/memory.cpp.obj
                0xffffffff80110a8b                memcmp
                0xffffffff80110ab8                _ZN4obos5utils6memcmpEPKvS2_y
                0xffffffff80110ba3                _ZN4obos5utils6memchrEPvhy
                0xffffffff80110c20                _ZN4obos5utils6memchrEPKvhy
                0xffffffff80110c4d                _ZN4obos5utils6strcmpEPKcS2_
 .text          0xffffffff80110cb3      0x1b5 src/oboskrnl/CMakeFiles/oboskrnl.dir/memory_manager/paging/liballoc_hooks.cpp.obj
                0xffffffff80110cb3                liballoc_alloc
                0xffffffff80110d0d                liballoc_free
                0xffffffff80110d44                liballoc_lock
                0xffffffff80110d54                liballoc_unlock
                0xffffffff80110d64                _Znwm
                0xffffffff80110d83                _Znam
                0xffffffff80110da2                _ZdlPv
                0xffffffff80110dbd                _ZdaPv
                0xffffffff80110dd8                _ZdlPvm
                0xffffffff80110df7                _ZdaPvm
                0xffffffff80110e16                _ZnwmPv
                0xffffffff80110e2c                _ZnamPv
                0xffffffff80110e42                _ZdlPvS_
                0xffffffff80110e55                _ZdaPvS_
 .text          0xffffffff80110e68      0xdcc src/oboskrnl/CMakeFiles/oboskrnl.dir/memory_manager/liballoc/liballoc.c.obj
                0xffffffff8011103c                kmalloc
                0xffffffff801117d8                kfree
                0xffffffff80111a73                kcalloc
                0xffffffff80111ac1                krealloc
 .text          0xffffffff80111c34      0xf24 src/oboskrnl/CMakeFiles/oboskrnl.dir/multitasking/threadHandle.cpp.obj
                0xffffffff80111c34                _ZN4obos12multitasking12ThreadHandleC1Ev
                0xffffffff80111c34                _ZN4obos12multitasking12ThreadHandleC2Ev
                0xffffffff80111c9a                _ZN4obos12multitasking12ThreadHandle12CreateThreadENS0_6Thread10priority_tEPFvPvES4_jy
                0xffffffff80111d46                _ZN4obos12multitasking12ThreadHandle10OpenThreadEj
                0xffffffff80111dfe                _ZN4obos12multitasking12ThreadHandle10OpenThreadEPNS0_6ThreadE
                0xffffffff80111e94                _ZN4obos12multitasking12ThreadHandle11PauseThreadEb
                0xffffffff80111f36                _ZN4obos12multitasking12ThreadHandle12ResumeThreadEv
                0xffffffff80111f94                _ZN4obos12multitasking12ThreadHandle17SetThreadPriorityENS0_6Thread10priority_tE
                0xffffffff8011214e                _ZN4obos12multitasking12ThreadHandle15SetThreadStatusEj
                0xffffffff80112206                _ZN4obos12multitasking12ThreadHandle15TerminateThreadEj
                0xffffffff80112342                _ZN4obos12multitasking12ThreadHandle6GetTidEv
                0xffffffff80112370                _ZN4obos12multitasking12ThreadHandle11GetExitCodeEv
                0xffffffff801123cc                _ZN4obos12multitasking12ThreadHandle17GetThreadPriorityEv
                0xffffffff80112410                _ZN4obos12multitasking12ThreadHandle15GetThreadStatusEv
                0xffffffff801124ba                _ZN4obos12multitasking12ThreadHandle17WaitForThreadExitEv
                0xffffffff80112670                _ZN4obos12multitasking12ThreadHandle25WaitForThreadStatusChangeEj
                0xffffffff801127b4                _ZN4obos12multitasking12ThreadHandle9duplicateEv
                0xffffffff80112868                _ZN4obos12multitasking12ThreadHandle11closeHandleEv
                0xffffffff80112a1f                _ZN4obos12multitasking10ExitThreadEj
                0xffffffff80112ad3                _ZN4obos12multitasking19GetCurrentThreadTidEv
                0xffffffff80112af6                _ZN4obos12multitasking24GetCurrentThreadPriorityEv
                0xffffffff80112b06                _ZN4obos12multitasking22GetCurrentThreadStatusEv
                0xffffffff80112b16                _ZN4obos12multitasking22GetCurrentThreadHandleEv
 .text          0xffffffff80112b58       0x51 src/oboskrnl/CMakeFiles/oboskrnl.dir/external/list/list_node.c.obj
                0xffffffff80112b58                list_node_new
 .text          0xffffffff80112ba9      0x58a src/oboskrnl/CMakeFiles/oboskrnl.dir/external/list/list.c.obj
                0xffffffff80112ba9                list_new
                0xffffffff80112c0d                list_destroy
                0xffffffff80112c8e                list_rpush
                0xffffffff80112d40                list_rpop
                0xffffffff80112de4                list_lpop
                0xffffffff80112e83                list_lpush
                0xffffffff80112f31                list_find
                0xffffffff80112fe1                list_at
                0xffffffff80113081                list_remove
 .text          0xffffffff80113133      0x89f src/oboskrnl/CMakeFiles/oboskrnl.dir/multitasking/multitasking.cpp.obj
                0xffffffff80113133                _ZN4obos12multitasking10canRanTaskEPNS0_6ThreadE
                0xffffffff80113172                _ZN4obos12multitasking12switchToTaskEPNS0_6ThreadE
                0xffffffff80113309                _ZN4obos12multitasking11findNewTaskEPKNS_15interrupt_frameE
                0xffffffff801137f9                _ZN4obos12multitasking22InitializeMultitaskingEv
 .text          0xffffffff801139d2      0x26d src/oboskrnl/CMakeFiles/oboskrnl.dir/elf/elf.cpp.obj
                0xffffffff80113b7d                _ZN4obos9elfLoader11LoadElfFileEPhyRyS2_
 *fill*         0xffffffff80113c3f        0x1 
 .text          0xffffffff80113c40      0x3ca src/oboskrnl/CMakeFiles/oboskrnl.dir/multitasking/thread.cpp.obj
                0xffffffff80113c40                _ZN4obos12multitasking6ThreadC1ENS1_10priority_tEPFvPvES3_jy
                0xffffffff80113c40                _ZN4obos12multitasking6ThreadC2ENS1_10priority_tEPFvPvES3_jy
                0xffffffff80113d48                _ZN4obos12multitasking6Thread12CreateThreadENS1_10priority_tEPFvPvES3_jy
 .text          0xffffffff8011400a      0x18d src/oboskrnl/CMakeFiles/oboskrnl.dir/multitasking/mutex/mutex.cpp.obj
                0xffffffff8011400a                _ZN4obos12multitasking17MutexLockCallbackEPNS0_6ThreadEPv
                0xffffffff8011404a                _ZN4obos12multitasking5Mutex4LockEb
                0xffffffff8011411c                _ZN4obos12multitasking5Mutex6UnlockEv
                0xffffffff8011416e                _ZN4obos12multitasking5MutexD2Ev
                0xffffffff8011416e                _ZN4obos12multitasking5MutexD1Ev
 *fill*         0xffffffff80114197        0x1 
 .text          0xffffffff80114198      0x2b9 src/oboskrnl/CMakeFiles/oboskrnl.dir/multitasking/mutex/mutexHandle.cpp.obj
                0xffffffff80114198                _ZN4obos12multitasking11MutexHandleC2Ev
                0xffffffff80114198                _ZN4obos12multitasking11MutexHandleC1Ev
                0xffffffff80114240                _ZN4obos12multitasking11MutexHandle9duplicateEv
                0xffffffff801142c6                _ZN4obos12multitasking11MutexHandle11closeHandleEv
                0xffffffff8011436e                _ZN4obos12multitasking11MutexHandle4LockEb
                0xffffffff801143ba                _ZN4obos12multitasking11MutexHandle6UnlockEv
                0xffffffff801143f0                _ZN4obos12multitasking11MutexHandleD2Ev
                0xffffffff801143f0                _ZN4obos12multitasking11MutexHandleD1Ev
                0xffffffff80114426                _ZN4obos12multitasking11MutexHandleD0Ev
 *fill*         0xffffffff80114451        0x1 
 .text          0xffffffff80114452      0x84e src/oboskrnl/CMakeFiles/oboskrnl.dir/process/process.cpp.obj
                0xffffffff80114452                _ZN4obos7process7ProcessC1Ev
                0xffffffff80114452                _ZN4obos7process7ProcessC2Ev
                0xffffffff8011451f                _ZN4obos7process16DriverEntryPointEPv
                0xffffffff80114608                _ZN4obos7process7Process13CreateProcessEPhyPvb
                0xffffffff80114a02                _ZN4obos7process7Process16TerminateProcessEj
                0xffffffff80114c82                _ZN4obos7process7Process15doContextSwitchEv
 .text          0xffffffff80114ca0       0x8c src/oboskrnl/CMakeFiles/oboskrnl.dir/driver_api/interrupts.cpp.obj
                0xffffffff80114ca0                _Z10do_nothingv
                0xffffffff80114cab                _ZN4obos9driverAPI20ResetSyscallHandlersEv
                0xffffffff80114ce1                _ZN4obos9driverAPI22RegisterSyscallHandlerEhy
                0xffffffff80114d07                _ZN4obos9driverAPI24UnregisterSyscallHandlerEh
 .text          0xffffffff80114d2c      0xd72 src/oboskrnl/CMakeFiles/oboskrnl.dir/driver_api/syscalls.cpp.obj
                0xffffffff80114d2c                _ZN4obos9driverAPI16RegisterSyscallsEv
 .text          0xffffffff80115a9e     0x1abf src/oboskrnl/CMakeFiles/oboskrnl.dir/syscalls/syscalls.cpp.obj
                0xffffffff80115b61                _ZN4obos7process16RegisterSyscallsEv
 .text          0xffffffff8011755d    0x18712 src/oboskrnl/CMakeFiles/oboskrnl.dir/external/amalgamated-dist/Zydis.c.obj
                0xffffffff80119a02                ZydisDecodeOperands
                0xffffffff8011e966                ZydisDecoderInit
                0xffffffff8011e9fa                ZydisDecoderEnableMode
                0xffffffff8011ea38                ZydisDecoderDecodeFull
                0xffffffff8011eb67                ZydisDecoderDecodeInstruction
                0xffffffff8011ecc9                ZydisDecoderDecodeOperands
                0xffffffff8011ed77                ZydisDecoderTreeGetChildNode
                0xffffffff8011f381                ZydisGetInstructionEncodingInfo
                0xffffffff801241a5                ZydisBuildRegisterOperand
                0xffffffff801252dd                ZydisEncoderEncodeInstruction
                0xffffffff80125342                ZydisEncoderEncodeInstructionAbsolute
                0xffffffff80125969                ZydisEncoderDecodedInstructionToEncoderRequest
                0xffffffff80125f14                ZydisEncoderNopFill
                0xffffffff80125f9a                ZydisGetRelInfo
                0xffffffff8012604e                ZydisGetEncodableInstructions
                0xffffffff801267a8                ZydisFormatterBufferInit
                0xffffffff80126839                ZydisFormatterBufferInitTokenized
                0xffffffff801268f8                ZydisFormatterInit
                0xffffffff80126941                ZydisFormatterSetProperty
                0xffffffff80126ffc                ZydisFormatterSetHook
                0xffffffff801270c7                ZydisFormatterFormatInstruction
                0xffffffff80127287                ZydisFormatterFormatOperand
                0xffffffff80127531                ZydisFormatterTokenizeInstruction
                0xffffffff80127737                ZydisFormatterTokenizeOperand
                0xffffffff80127a2a                ZydisFormatterATTFormatInstruction
                0xffffffff80128139                ZydisFormatterATTFormatOperandMEM
                0xffffffff801285f5                ZydisFormatterATTPrintMnemonic
                0xffffffff80128965                ZydisFormatterATTPrintRegister
                0xffffffff80128a2b                ZydisFormatterATTPrintAddressABS
                0xffffffff80128acc                ZydisFormatterATTPrintDISP
                0xffffffff80128e34                ZydisFormatterATTPrintIMM
                0xffffffff80128eb7                ZydisFormatterHelperGetExplicitSize
                0xffffffff801290b1                ZydisFormatterBaseFormatOperandREG
                0xffffffff801290ef                ZydisFormatterBaseFormatOperandPTR
                0xffffffff801294ca                ZydisFormatterBaseFormatOperandIMM
                0xffffffff80129583                ZydisFormatterBasePrintAddressABS
                0xffffffff801297d4                ZydisFormatterBasePrintAddressREL
                0xffffffff80129be2                ZydisFormatterBasePrintIMM
                0xffffffff8012a047                ZydisFormatterBasePrintSegment
                0xffffffff8012a231                ZydisFormatterBasePrintPrefixes
                0xffffffff8012b1b2                ZydisFormatterBasePrintDecorator
                0xffffffff8012c6a5                ZydisFormatterTokenGetValue
                0xffffffff8012c6f8                ZydisFormatterTokenNext
                0xffffffff8012c759                ZydisFormatterBufferGetToken
                0xffffffff8012c7ad                ZydisFormatterBufferGetString
                0xffffffff8012c80d                ZydisFormatterBufferAppend
                0xffffffff8012c931                ZydisFormatterBufferRemember
                0xffffffff8012c98b                ZydisFormatterBufferRestore
                0xffffffff8012ca4c                ZydisFormatterIntelFormatInstruction
                0xffffffff8012d15d                ZydisFormatterIntelFormatOperandMEM
                0xffffffff8012d635                ZydisFormatterIntelPrintMnemonic
                0xffffffff8012d7e1                ZydisFormatterIntelPrintRegister
                0xffffffff8012d8c3                ZydisFormatterIntelPrintDISP
                0xffffffff8012dd91                ZydisFormatterIntelPrintTypecast
                0xffffffff8012e1eb                ZydisFormatterIntelFormatInstructionMASM
                0xffffffff8012e224                ZydisFormatterIntelPrintAddressMASM
                0xffffffff8012e4bd                ZydisCategoryGetString
                0xffffffff8012e4e2                ZydisISASetGetString
                0xffffffff8012e50a                ZydisISAExtGetString
                0xffffffff8012e52f                ZydisMnemonicGetString
                0xffffffff8012e562                ZydisMnemonicGetStringWrapped
                0xffffffff8012e592                ZydisRegisterEncode
                0xffffffff8012e610                ZydisRegisterGetId
                0xffffffff8012e646                ZydisRegisterGetClass
                0xffffffff8012e67b                ZydisRegisterGetWidth
                0xffffffff8012e6d5                ZydisRegisterGetLargestEnclosing
                0xffffffff8012e7d3                ZydisRegisterGetString
                0xffffffff8012e806                ZydisRegisterGetStringWrapped
                0xffffffff8012e836                ZydisRegisterClassGetWidth
                0xffffffff8012e88d                ZydisGetInstructionSegments
                0xffffffff8012ee4c                ZydisGetInstructionDefinition
                0xffffffff8012ef51                ZydisGetOperandDefinitions
                0xffffffff8012efb8                ZydisGetElementInfo
                0xffffffff8012eff0                ZydisGetAccessedFlags
                0xffffffff8012f061                ZydisStringAppendDecU64
                0xffffffff8012f247                ZydisStringAppendHexU64
                0xffffffff8012f4d5                ZydisStringAppendDecU
                0xffffffff8012f564                ZydisStringAppendHexU
                0xffffffff8012f5ff                ZydisCalcAbsoluteAddress
                0xffffffff8012f81b                ZydisCalcAbsoluteAddressEx
                0xffffffff8012f976                ZydisGetVersion
                0xffffffff8012f986                ZydisIsFeatureEnabled
                0xffffffff8012fbef                ZydisDisassembleIntel
                0xffffffff8012fc2f                ZydisDisassembleATT
 .text          0xffffffff8012fc6f       0x5b src/oboskrnl/CMakeFiles/oboskrnl.dir/descriptors/gdt/gdt.cpp.obj
                0xffffffff8012fc6f                _ZN4obos13InitializeGdtEv
                0xffffffff8012fcbb                _ZN4obos11SetTSSStackEPv
                0xffffffff8012fcca                _glb_text_start = .
 *(.glb.text)
 .glb.text      0xffffffff8012fcca       0x2a src/oboskrnl/CMakeFiles/oboskrnl.dir/process/process.cpp.obj
                0xffffffff8012fcca                _ZN4obos7process14ProcEntryPointEPv
                0xffffffff8012fcf4                _glb_text_end = .

.iplt           0xffffffff8012fcf4        0x0 load address 0x000000000012fcf4
 .iplt          0xffffffff8012fcf4        0x0 src/oboskrnl/CMakeFiles/oboskrnl.dir/boot/x86-64/kernel_bootstrap.asm.obj

.gnu.linkonce.t._ZN4obos6memory7PageMap21computeIndexAtAddressEyh
                0xffffffff8012fcf4       0x31 load address 0x000000000012fcf4
 .gnu.linkonce.t._ZN4obos6memory7PageMap21computeIndexAtAddressEyh
                0xffffffff8012fcf4       0x31 src/oboskrnl/CMakeFiles/oboskrnl.dir/x86-64/exception_handlers.cpp.obj
                0xffffffff8012fcf4                _ZN4obos6memory7PageMap21computeIndexAtAddressEyh

.gnu.linkonce.t._ZNK4obos6memory7PageMap10getPageMapEv
                0xffffffff8012fd26       0x15 load address 0x000000000012fd26
 .gnu.linkonce.t._ZNK4obos6memory7PageMap10getPageMapEv
                0xffffffff8012fd26       0x15 src/oboskrnl/CMakeFiles/oboskrnl.dir/memory_manager/paging/x86-64/allocate.cpp.obj
                0xffffffff8012fd26                _ZNK4obos6memory7PageMap10getPageMapEv

.gnu.linkonce.t._ZN4obos6Handle7getTypeEv
                0xffffffff8012fd3c       0x13 load address 0x000000000012fd3c
 .gnu.linkonce.t._ZN4obos6Handle7getTypeEv
                0xffffffff8012fd3c       0x13 src/oboskrnl/CMakeFiles/oboskrnl.dir/boot/kmain.cpp.obj
                0xffffffff8012fd3c                _ZN4obos6Handle7getTypeEv

.gnu.linkonce.t._ZN4obos6HandleD2Ev
                0xffffffff8012fd50       0x1d load address 0x000000000012fd50
 .gnu.linkonce.t._ZN4obos6HandleD2Ev
                0xffffffff8012fd50       0x1d src/oboskrnl/CMakeFiles/oboskrnl.dir/boot/kmain.cpp.obj
                0xffffffff8012fd50                _ZN4obos6HandleD2Ev

.gnu.linkonce.t._ZN4obos12multitasking12ThreadHandleD1Ev
                0xffffffff8012fd6e       0x35 load address 0x000000000012fd6e
 .gnu.linkonce.t._ZN4obos12multitasking12ThreadHandleD1Ev
                0xffffffff8012fd6e       0x35 src/oboskrnl/CMakeFiles/oboskrnl.dir/boot/kmain.cpp.obj
                0xffffffff8012fd6e                _ZN4obos12multitasking12ThreadHandleD1Ev

.gnu.linkonce.t._ZN4obos6Handle13getReferencesEv
                0xffffffff8012fda4       0x1a load address 0x000000000012fda4
 .gnu.linkonce.t._ZN4obos6Handle13getReferencesEv
                0xffffffff8012fda4       0x1a src/oboskrnl/CMakeFiles/oboskrnl.dir/multitasking/threadHandle.cpp.obj
                0xffffffff8012fda4                _ZN4obos6Handle13getReferencesEv

.gnu.linkonce.t._ZN4obos12multitasking6ThreadD1Ev
                0xffffffff8012fdbe       0x53 load address 0x000000000012fdbe
 .gnu.linkonce.t._ZN4obos12multitasking6ThreadD1Ev
                0xffffffff8012fdbe       0x53 src/oboskrnl/CMakeFiles/oboskrnl.dir/multitasking/threadHandle.cpp.obj
                0xffffffff8012fdbe                _ZN4obos12multitasking6ThreadD1Ev

.gnu.linkonce.t._ZN4obos12multitasking6ThreadD0Ev
                0xffffffff8012fe12       0x2b load address 0x000000000012fe12
 .gnu.linkonce.t._ZN4obos12multitasking6ThreadD0Ev
                0xffffffff8012fe12       0x2b src/oboskrnl/CMakeFiles/oboskrnl.dir/multitasking/threadHandle.cpp.obj
                0xffffffff8012fe12                _ZN4obos12multitasking6ThreadD0Ev

.gnu.linkonce.t._ZN4obos12multitasking12ThreadHandle7getTypeEv
                0xffffffff8012fe3e       0x13 load address 0x000000000012fe3e
 .gnu.linkonce.t._ZN4obos12multitasking12ThreadHandle7getTypeEv
                0xffffffff8012fe3e       0x13 src/oboskrnl/CMakeFiles/oboskrnl.dir/multitasking/threadHandle.cpp.obj
                0xffffffff8012fe3e                _ZN4obos12multitasking12ThreadHandle7getTypeEv

.gnu.linkonce.t._ZN4obos12multitasking12ThreadHandleD0Ev
                0xffffffff8012fe52       0x2b load address 0x000000000012fe52
 .gnu.linkonce.t._ZN4obos12multitasking12ThreadHandleD0Ev
                0xffffffff8012fe52       0x2b src/oboskrnl/CMakeFiles/oboskrnl.dir/multitasking/threadHandle.cpp.obj
                0xffffffff8012fe52                _ZN4obos12multitasking12ThreadHandleD0Ev

.gnu.linkonce.t._ZN4obos6HandleC2Ev
                0xffffffff8012fe7e       0x41 load address 0x000000000012fe7e
 .gnu.linkonce.t._ZN4obos6HandleC2Ev
                0xffffffff8012fe7e       0x41 src/oboskrnl/CMakeFiles/oboskrnl.dir/multitasking/threadHandle.cpp.obj
                0xffffffff8012fe7e                _ZN4obos6HandleC2Ev

.gnu.linkonce.t._ZN4obos12multitasking6ThreadC1Ev
                0xffffffff8012fec0       0xd1 load address 0x000000000012fec0
 .gnu.linkonce.t._ZN4obos12multitasking6ThreadC1Ev
                0xffffffff8012fec0       0xd1 src/oboskrnl/CMakeFiles/oboskrnl.dir/multitasking/threadHandle.cpp.obj
                0xffffffff8012fec0                _ZN4obos12multitasking6ThreadC1Ev

.gnu.linkonce.t._ZN4obos12multitasking11MutexHandle7getTypeEv
                0xffffffff8012ff92       0x13 load address 0x000000000012ff92
 .gnu.linkonce.t._ZN4obos12multitasking11MutexHandle7getTypeEv
                0xffffffff8012ff92       0x13 src/oboskrnl/CMakeFiles/oboskrnl.dir/multitasking/mutex/mutexHandle.cpp.obj
                0xffffffff8012ff92                _ZN4obos12multitasking11MutexHandle7getTypeEv

.gnu.linkonce.t._ZN4obos12multitasking5MutexC1Ev
                0xffffffff8012ffa6       0x29 load address 0x000000000012ffa6
 .gnu.linkonce.t._ZN4obos12multitasking5MutexC1Ev
                0xffffffff8012ffa6       0x29 src/oboskrnl/CMakeFiles/oboskrnl.dir/multitasking/mutex/mutexHandle.cpp.obj
                0xffffffff8012ffa6                _ZN4obos12multitasking5MutexC1Ev

.rodata         0xffffffff80130000    0x6e560 load address 0x0000000000130000
 *(.rodata)
 .rodata        0xffffffff80130000      0x445 src/oboskrnl/CMakeFiles/oboskrnl.dir/x86-64/exception_handlers.cpp.obj
 *fill*         0xffffffff80130445        0x3 
 .rodata        0xffffffff80130448       0x10 src/oboskrnl/CMakeFiles/oboskrnl.dir/memory_manager/paging/x86-64/init.cpp.obj
 .rodata        0xffffffff80130458       0x10 src/oboskrnl/CMakeFiles/oboskrnl.dir/memory_manager/paging/x86-64/allocate.cpp.obj
 .rodata        0xffffffff80130468       0x10 src/oboskrnl/CMakeFiles/oboskrnl.dir/memory_manager/x86-64/physical.cpp.obj
 .rodata        0xffffffff80130478      0x47d src/oboskrnl/CMakeFiles/oboskrnl.dir/boot/kmain.cpp.obj
 *fill*         0xffffffff801308f5        0x3 
 .rodata        0xffffffff801308f8       0x88 src/oboskrnl/CMakeFiles/oboskrnl.dir/console.cpp.obj
 .rodata        0xffffffff80130980      0x260 src/oboskrnl/CMakeFiles/oboskrnl.dir/klog.cpp.obj
 .rodata        0xffffffff80130be0      0x800 src/oboskrnl/CMakeFiles/oboskrnl.dir/inline-asm.cpp.obj
 .rodata        0xffffffff801313e0       0x9f src/oboskrnl/CMakeFiles/oboskrnl.dir/multitasking/threadHandle.cpp.obj
 *fill*         0xffffffff8013147f        0x1 
 .rodata        0xffffffff80131480       0x9f src/oboskrnl/CMakeFiles/oboskrnl.dir/multitasking/multitasking.cpp.obj
 *fill*         0xffffffff8013151f        0x1 
 .rodata        0xffffffff80131520       0x50 src/oboskrnl/CMakeFiles/oboskrnl.dir/elf/elf.cpp.obj
 .rodata        0xffffffff80131570       0x9f src/oboskrnl/CMakeFiles/oboskrnl.dir/multitasking/thread.cpp.obj
 *fill*         0xffffffff8013160f        0x1 
 .rodata        0xffffffff80131610      0x107 src/oboskrnl/CMakeFiles/oboskrnl.dir/process/process.cpp.obj
 *fill*         0xffffffff80131717        0x1 
 .rodata        0xffffffff80131718       0x68 src/oboskrnl/CMakeFiles/oboskrnl.dir/driver_api/syscalls.cpp.obj
 .rodata        0xffffffff80131780    0x6cde0 src/oboskrnl/CMakeFiles/oboskrnl.dir/external/amalgamated-dist/Zydis.c.obj
                0xffffffff80131fa0                FILTERS_XOP
                0xffffffff80131fe0                FILTERS_VEX
                0xffffffff80132060                FILTERS_EMVEX
                0xffffffff80132100                FILTERS_OPCODE
                0xffffffff8013ab00                FILTERS_MODE
                0xffffffff8013ab20                FILTERS_MODE_COMPACT
                0xffffffff8013b210                FILTERS_PREFIX_GROUP1
                0xffffffff8013b228                FILTERS_MODRM_MOD
                0xffffffff8013b240                FILTERS_MODRM_MOD_COMPACT
                0xffffffff8013dda0                FILTERS_MODRM_REG
                0xffffffff8013e900                FILTERS_MODRM_RM
                0xffffffff8013efa0                FILTERS_MANDATORY_PREFIX
                0xffffffff80140920                FILTERS_OPERAND_SIZE
                0xffffffff80140aa0                FILTERS_ADDRESS_SIZE
                0xffffffff80140cc0                FILTERS_VECTOR_LENGTH
                0xffffffff801443c0                FILTERS_REX_W
                0xffffffff80146bc2                FILTERS_REX_B
                0xffffffff80146be0                FILTERS_EVEX_B
                0xffffffff80148640                FILTERS_MVEX_E
                0xffffffff80148920                FILTERS_MODE_AMD
                0xffffffff801489a0                FILTERS_MODE_KNC
                0xffffffff801489d0                FILTERS_MODE_MPX
                0xffffffff801489e0                FILTERS_MODE_CET
                0xffffffff80148a00                FILTERS_MODE_LZCNT
                0xffffffff80148a10                FILTERS_MODE_TZCNT
                0xffffffff80148a1c                FILTERS_MODE_WBNOINVD
                0xffffffff80148a22                FILTERS_MODE_CLDEMOTE
                0xffffffff80148a28                FILTERS_MODE_CENTAUR
                0xffffffff80148a2e                zydis_decoder_tree_root
                0xffffffff80149080                encoder_instruction_lookup
                0xffffffff8014ac00                encoder_instructions
                0xffffffff80167ae0                ISTR_DEFINITIONS_LEGACY
                0xffffffff8016e4c0                ISTR_DEFINITIONS_3DNOW
                0xffffffff8016e700                ISTR_DEFINITIONS_XOP
                0xffffffff8016f000                ISTR_DEFINITIONS_VEX
                0xffffffff801747c0                ISTR_DEFINITIONS_EVEX
                0xffffffff80182b80                ISTR_DEFINITIONS_MVEX
                0xffffffff80184360                OPERAND_DEFINITIONS
                0xffffffff8019e560                _ZN4obos6memory9__erodataE = .

.gnu.linkonce.r._ZTVN4obos6HandleE
                0xffffffff8019e560       0x38 load address 0x000000000019e560
 .gnu.linkonce.r._ZTVN4obos6HandleE
                0xffffffff8019e560       0x38 src/oboskrnl/CMakeFiles/oboskrnl.dir/boot/kmain.cpp.obj
                0xffffffff8019e560                _ZTVN4obos6HandleE

.gnu.linkonce.r._ZTVN4obos5utils8BitfieldE
                0xffffffff8019e598       0x60 load address 0x000000000019e598
 .gnu.linkonce.r._ZTVN4obos5utils8BitfieldE
                0xffffffff8019e598       0x60 src/oboskrnl/CMakeFiles/oboskrnl.dir/utils/bitfields.cpp.obj
                0xffffffff8019e598                _ZTVN4obos5utils8BitfieldE

.gnu.linkonce.r._ZTVN4obos5utils12BitfieldBaseE
                0xffffffff8019e5f8       0x40 load address 0x000000000019e5f8
 .gnu.linkonce.r._ZTVN4obos5utils12BitfieldBaseE
                0xffffffff8019e5f8       0x40 src/oboskrnl/CMakeFiles/oboskrnl.dir/utils/bitfields.cpp.obj
                0xffffffff8019e5f8                _ZTVN4obos5utils12BitfieldBaseE

.gnu.linkonce.r._ZTVN4obos5utils15IntegerBitfieldE
                0xffffffff8019e638       0x60 load address 0x000000000019e638
 .gnu.linkonce.r._ZTVN4obos5utils15IntegerBitfieldE
                0xffffffff8019e638       0x60 src/oboskrnl/CMakeFiles/oboskrnl.dir/utils/bitfields.cpp.obj
                0xffffffff8019e638                _ZTVN4obos5utils15IntegerBitfieldE

.gnu.linkonce.r._ZTVN4obos12multitasking12ThreadHandleE
                0xffffffff8019e698       0x38 load address 0x000000000019e698
 .gnu.linkonce.r._ZTVN4obos12multitasking12ThreadHandleE
                0xffffffff8019e698       0x38 src/oboskrnl/CMakeFiles/oboskrnl.dir/multitasking/threadHandle.cpp.obj
                0xffffffff8019e698                _ZTVN4obos12multitasking12ThreadHandleE

.gnu.linkonce.r._ZTVN4obos12multitasking6ThreadE
                0xffffffff8019e6d0       0x20 load address 0x000000000019e6d0
 .gnu.linkonce.r._ZTVN4obos12multitasking6ThreadE
                0xffffffff8019e6d0       0x20 src/oboskrnl/CMakeFiles/oboskrnl.dir/multitasking/threadHandle.cpp.obj
                0xffffffff8019e6d0                _ZTVN4obos12multitasking6ThreadE

.gnu.linkonce.r._ZTVN4obos12multitasking11MutexHandleE
                0xffffffff8019e6f0       0x38 load address 0x000000000019e6f0
 .gnu.linkonce.r._ZTVN4obos12multitasking11MutexHandleE
                0xffffffff8019e6f0       0x38 src/oboskrnl/CMakeFiles/oboskrnl.dir/multitasking/mutex/mutexHandle.cpp.obj
                0xffffffff8019e6f0                _ZTVN4obos12multitasking11MutexHandleE

.rela.dyn       0xffffffff8019e728        0x0 load address 0x000000000019e728
 .rela.got      0xffffffff8019e728        0x0 src/oboskrnl/CMakeFiles/oboskrnl.dir/boot/x86-64/kernel_bootstrap.asm.obj
 .rela.iplt     0xffffffff8019e728        0x0 src/oboskrnl/CMakeFiles/oboskrnl.dir/boot/x86-64/kernel_bootstrap.asm.obj
 .rela.text     0xffffffff8019e728        0x0 src/oboskrnl/CMakeFiles/oboskrnl.dir/boot/x86-64/kernel_bootstrap.asm.obj
 .rela.gnu.linkonce.t._ZN4obos6HandleD2Ev
                0xffffffff8019e728        0x0 src/oboskrnl/CMakeFiles/oboskrnl.dir/boot/x86-64/kernel_bootstrap.asm.obj
 .rela.gnu.linkonce.t._ZN4obos12multitasking12ThreadHandleD1Ev
                0xffffffff8019e728        0x0 src/oboskrnl/CMakeFiles/oboskrnl.dir/boot/x86-64/kernel_bootstrap.asm.obj
 .rela.gnu.linkonce.r._ZTVN4obos6HandleE
                0xffffffff8019e728        0x0 src/oboskrnl/CMakeFiles/oboskrnl.dir/boot/x86-64/kernel_bootstrap.asm.obj
 .rela.gnu.linkonce.t._ZN4obos12multitasking6ThreadD1Ev
                0xffffffff8019e728        0x0 src/oboskrnl/CMakeFiles/oboskrnl.dir/boot/x86-64/kernel_bootstrap.asm.obj
 .rela.gnu.linkonce.t._ZN4obos6HandleC2Ev
                0xffffffff8019e728        0x0 src/oboskrnl/CMakeFiles/oboskrnl.dir/boot/x86-64/kernel_bootstrap.asm.obj
 .rela.gnu.linkonce.t._ZN4obos12multitasking6ThreadC1Ev
                0xffffffff8019e728        0x0 src/oboskrnl/CMakeFiles/oboskrnl.dir/boot/x86-64/kernel_bootstrap.asm.obj
 .rela.gnu.linkonce.r._ZTVN4obos12multitasking12ThreadHandleE
                0xffffffff8019e728        0x0 src/oboskrnl/CMakeFiles/oboskrnl.dir/boot/x86-64/kernel_bootstrap.asm.obj
 .rela.gnu.linkonce.r._ZTVN4obos12multitasking6ThreadE
                0xffffffff8019e728        0x0 src/oboskrnl/CMakeFiles/oboskrnl.dir/boot/x86-64/kernel_bootstrap.asm.obj
 .rela.gnu.linkonce.r._ZTVN4obos12multitasking11MutexHandleE
                0xffffffff8019e728        0x0 src/oboskrnl/CMakeFiles/oboskrnl.dir/boot/x86-64/kernel_bootstrap.asm.obj

.data           0xffffffff8019f000      0xc6c load address 0x000000000019f000
 *(.data)
 .data          0xffffffff8019f000        0x0 src/oboskrnl/CMakeFiles/oboskrnl.dir/descriptors/idt/x86-64/handlers.asm.obj
 .data          0xffffffff8019f000        0x8 src/oboskrnl/CMakeFiles/oboskrnl.dir/syscalls/interrupts.asm.obj
 .data          0xffffffff8019f008        0x0 src/oboskrnl/CMakeFiles/oboskrnl.dir/descriptors/idt/x86-64/idt.cpp.obj
 .data          0xffffffff8019f008        0x0 src/oboskrnl/CMakeFiles/oboskrnl.dir/x86-64/exception_handlers.cpp.obj
 .data          0xffffffff8019f008        0x0 src/oboskrnl/CMakeFiles/oboskrnl.dir/memory_manager/paging/x86-64/init.cpp.obj
 .data          0xffffffff8019f008        0x0 src/oboskrnl/CMakeFiles/oboskrnl.dir/memory_manager/paging/x86-64/allocate.cpp.obj
 .data          0xffffffff8019f008        0x0 src/oboskrnl/CMakeFiles/oboskrnl.dir/memory_manager/x86-64/physical.cpp.obj
 .data          0xffffffff8019f008        0x8 src/oboskrnl/CMakeFiles/oboskrnl.dir/boot/kmain.cpp.obj
                0xffffffff8019f008                __dso_handle
 .data          0xffffffff8019f010        0x0 src/oboskrnl/CMakeFiles/oboskrnl.dir/console.cpp.obj
 .data          0xffffffff8019f010        0x8 src/oboskrnl/CMakeFiles/oboskrnl.dir/klog.cpp.obj
 .data          0xffffffff8019f018        0x0 src/oboskrnl/CMakeFiles/oboskrnl.dir/inline-asm.cpp.obj
 .data          0xffffffff8019f018        0x0 src/oboskrnl/CMakeFiles/oboskrnl.dir/utils/bitfields.cpp.obj
 .data          0xffffffff8019f018        0x0 src/oboskrnl/CMakeFiles/oboskrnl.dir/descriptors/idt/pic.cpp.obj
 .data          0xffffffff8019f018        0x0 src/oboskrnl/CMakeFiles/oboskrnl.dir/external/list/list_iterator.c.obj
 .data          0xffffffff8019f018        0x0 src/oboskrnl/CMakeFiles/oboskrnl.dir/utils/memory.cpp.obj
 .data          0xffffffff8019f018        0x8 src/oboskrnl/CMakeFiles/oboskrnl.dir/memory_manager/paging/liballoc_hooks.cpp.obj
                0xffffffff8019f018                liballoc_base
 .data          0xffffffff8019f020        0x8 src/oboskrnl/CMakeFiles/oboskrnl.dir/memory_manager/liballoc/liballoc.c.obj
 .data          0xffffffff8019f028        0x0 src/oboskrnl/CMakeFiles/oboskrnl.dir/multitasking/threadHandle.cpp.obj
 .data          0xffffffff8019f028        0x0 src/oboskrnl/CMakeFiles/oboskrnl.dir/external/list/list_node.c.obj
 .data          0xffffffff8019f028        0x0 src/oboskrnl/CMakeFiles/oboskrnl.dir/external/list/list.c.obj
 .data          0xffffffff8019f028        0x0 src/oboskrnl/CMakeFiles/oboskrnl.dir/multitasking/multitasking.cpp.obj
 .data          0xffffffff8019f028        0x0 src/oboskrnl/CMakeFiles/oboskrnl.dir/elf/elf.cpp.obj
 .data          0xffffffff8019f028        0x4 src/oboskrnl/CMakeFiles/oboskrnl.dir/multitasking/thread.cpp.obj
                0xffffffff8019f028                _ZN4obos12multitasking15g_nextThreadTidE
 .data          0xffffffff8019f02c        0x0 src/oboskrnl/CMakeFiles/oboskrnl.dir/multitasking/mutex/mutex.cpp.obj
 .data          0xffffffff8019f02c        0x0 src/oboskrnl/CMakeFiles/oboskrnl.dir/multitasking/mutex/mutexHandle.cpp.obj
 .data          0xffffffff8019f02c        0x0 src/oboskrnl/CMakeFiles/oboskrnl.dir/process/process.cpp.obj
 .data          0xffffffff8019f02c        0x0 src/oboskrnl/CMakeFiles/oboskrnl.dir/driver_api/interrupts.cpp.obj
 *fill*         0xffffffff8019f02c        0x4 
 .data          0xffffffff8019f030        0x8 src/oboskrnl/CMakeFiles/oboskrnl.dir/driver_api/syscalls.cpp.obj
                0xffffffff8019f030                _ZN4obos9driverAPI27g_registeredDriversCapacityE
 .data          0xffffffff8019f038        0x0 src/oboskrnl/CMakeFiles/oboskrnl.dir/syscalls/syscalls.cpp.obj
 *fill*         0xffffffff8019f038        0x8 
 .data          0xffffffff8019f040      0xc2c src/oboskrnl/CMakeFiles/oboskrnl.dir/external/amalgamated-dist/Zydis.c.obj
 .data          0xffffffff8019fc6c        0x0 src/oboskrnl/CMakeFiles/oboskrnl.dir/descriptors/gdt/gdt.cpp.obj

.got            0xffffffff8019fc70        0x0 load address 0x000000000019fc70
 .got           0xffffffff8019fc70        0x0 src/oboskrnl/CMakeFiles/oboskrnl.dir/boot/x86-64/kernel_bootstrap.asm.obj

.got.plt        0xffffffff8019fc70        0x0 load address 0x000000000019fc70
 .got.plt       0xffffffff8019fc70        0x0 src/oboskrnl/CMakeFiles/oboskrnl.dir/boot/x86-64/kernel_bootstrap.asm.obj

.igot.plt       0xffffffff8019fc70        0x0 load address 0x000000000019fc70
 .igot.plt      0xffffffff8019fc70        0x0 src/oboskrnl/CMakeFiles/oboskrnl.dir/boot/x86-64/kernel_bootstrap.asm.obj

.eh_frame       0xffffffff8019fc70     0x711c load address 0x000000000019fc70
 .eh_frame      0xffffffff8019fc70       0xc0 src/oboskrnl/CMakeFiles/oboskrnl.dir/descriptors/idt/x86-64/idt.cpp.obj
 .eh_frame      0xffffffff8019fd30      0x158 src/oboskrnl/CMakeFiles/oboskrnl.dir/x86-64/exception_handlers.cpp.obj
                                        0x170 (size before relaxing)
 .eh_frame      0xffffffff8019fe88      0x348 src/oboskrnl/CMakeFiles/oboskrnl.dir/memory_manager/paging/x86-64/init.cpp.obj
                                        0x360 (size before relaxing)
 .eh_frame      0xffffffff801a01d0      0x238 src/oboskrnl/CMakeFiles/oboskrnl.dir/memory_manager/paging/x86-64/allocate.cpp.obj
                                        0x288 (size before relaxing)
 .eh_frame      0xffffffff801a0408      0x120 src/oboskrnl/CMakeFiles/oboskrnl.dir/memory_manager/x86-64/physical.cpp.obj
                                        0x138 (size before relaxing)
 .eh_frame      0xffffffff801a0528      0x270 src/oboskrnl/CMakeFiles/oboskrnl.dir/boot/kmain.cpp.obj
                                        0x288 (size before relaxing)
 .eh_frame      0xffffffff801a0798      0x440 src/oboskrnl/CMakeFiles/oboskrnl.dir/console.cpp.obj
                                        0x458 (size before relaxing)
 .eh_frame      0xffffffff801a0bd8      0x518 src/oboskrnl/CMakeFiles/oboskrnl.dir/klog.cpp.obj
                                        0x530 (size before relaxing)
 .eh_frame      0xffffffff801a10f0      0x2d8 src/oboskrnl/CMakeFiles/oboskrnl.dir/inline-asm.cpp.obj
                                        0x2f0 (size before relaxing)
 .eh_frame      0xffffffff801a13c8      0x520 src/oboskrnl/CMakeFiles/oboskrnl.dir/utils/bitfields.cpp.obj
                                        0x538 (size before relaxing)
 .eh_frame      0xffffffff801a18e8      0x3b8 src/oboskrnl/CMakeFiles/oboskrnl.dir/descriptors/idt/pic.cpp.obj
                                        0x3d0 (size before relaxing)
 .eh_frame      0xffffffff801a1ca0       0xe0 src/oboskrnl/CMakeFiles/oboskrnl.dir/external/list/list_iterator.c.obj
                                         0xf8 (size before relaxing)
 .eh_frame      0xffffffff801a1d80      0x120 src/oboskrnl/CMakeFiles/oboskrnl.dir/utils/memory.cpp.obj
                                        0x138 (size before relaxing)
 .eh_frame      0xffffffff801a1ea0      0x310 src/oboskrnl/CMakeFiles/oboskrnl.dir/memory_manager/paging/liballoc_hooks.cpp.obj
                                        0x328 (size before relaxing)
 .eh_frame      0xffffffff801a21b0      0x188 src/oboskrnl/CMakeFiles/oboskrnl.dir/memory_manager/liballoc/liballoc.c.obj
                                        0x1a0 (size before relaxing)
 .eh_frame      0xffffffff801a2338      0x870 src/oboskrnl/CMakeFiles/oboskrnl.dir/multitasking/threadHandle.cpp.obj
                                        0x930 (size before relaxing)
 .eh_frame      0xffffffff801a2ba8       0x38 src/oboskrnl/CMakeFiles/oboskrnl.dir/external/list/list_node.c.obj
                                         0x50 (size before relaxing)
 .eh_frame      0xffffffff801a2be0      0x1f8 src/oboskrnl/CMakeFiles/oboskrnl.dir/external/list/list.c.obj
                                        0x210 (size before relaxing)
 .eh_frame      0xffffffff801a2dd8       0xf0 src/oboskrnl/CMakeFiles/oboskrnl.dir/multitasking/multitasking.cpp.obj
                                        0x1b0 (size before relaxing)
 .eh_frame      0xffffffff801a2ec8       0x70 src/oboskrnl/CMakeFiles/oboskrnl.dir/elf/elf.cpp.obj
                                         0x88 (size before relaxing)
 .eh_frame      0xffffffff801a2f38       0x70 src/oboskrnl/CMakeFiles/oboskrnl.dir/multitasking/thread.cpp.obj
                                         0xf8 (size before relaxing)
 .eh_frame      0xffffffff801a2fa8       0xe0 src/oboskrnl/CMakeFiles/oboskrnl.dir/multitasking/mutex/mutex.cpp.obj
                                         0xf8 (size before relaxing)
 .eh_frame      0xffffffff801a3088      0x208 src/oboskrnl/CMakeFiles/oboskrnl.dir/multitasking/mutex/mutexHandle.cpp.obj
                                        0x300 (size before relaxing)
 .eh_frame      0xffffffff801a3290      0x210 src/oboskrnl/CMakeFiles/oboskrnl.dir/process/process.cpp.obj
                                        0x3e8 (size before relaxing)
 .eh_frame      0xffffffff801a34a0       0xe0 src/oboskrnl/CMakeFiles/oboskrnl.dir/driver_api/interrupts.cpp.obj
                                         0xf8 (size before relaxing)
 .eh_frame      0xffffffff801a3580      0x3a0 src/oboskrnl/CMakeFiles/oboskrnl.dir/driver_api/syscalls.cpp.obj
                                        0x3f0 (size before relaxing)
 .eh_frame      0xffffffff801a3920      0x968 src/oboskrnl/CMakeFiles/oboskrnl.dir/syscalls/syscalls.cpp.obj
                                        0x980 (size before relaxing)
 .eh_frame      0xffffffff801a4288     0x2a98 src/oboskrnl/CMakeFiles/oboskrnl.dir/external/amalgamated-dist/Zydis.c.obj
                                       0x2ab0 (size before relaxing)
 .eh_frame      0xffffffff801a6d20       0x6c src/oboskrnl/CMakeFiles/oboskrnl.dir/descriptors/gdt/gdt.cpp.obj
                                         0x88 (size before relaxing)

.ctors          0xffffffff801a6d90       0x10 load address 0x00000000001a6d90
 .ctors         0xffffffff801a6d90        0x8 src/oboskrnl/CMakeFiles/oboskrnl.dir/memory_manager/paging/x86-64/init.cpp.obj
 .ctors         0xffffffff801a6d98        0x8 src/oboskrnl/CMakeFiles/oboskrnl.dir/console.cpp.obj

.bss            0xffffffff801a7000     0xf460 load address 0x00000000001a7000
 *(COMMON)
 *(.bss)
 .bss           0xffffffff801a7000     0x1820 src/oboskrnl/CMakeFiles/oboskrnl.dir/descriptors/idt/x86-64/idt.cpp.obj
                0xffffffff801a7000                _ZN4obos19g_interruptHandlersE
 .bss           0xffffffff801a8820        0x0 src/oboskrnl/CMakeFiles/oboskrnl.dir/x86-64/exception_handlers.cpp.obj
 .bss           0xffffffff801a8820       0x28 src/oboskrnl/CMakeFiles/oboskrnl.dir/memory_manager/paging/x86-64/init.cpp.obj
                0xffffffff801a8820                _ZN4obos6memory15g_level4PageMapE
                0xffffffff801a8830                _ZN4obos6memory15g_kernelPageMapE
                0xffffffff801a8840                _ZN4obos6memory10g_zeroPageE
 *fill*         0xffffffff801a8848      0x7b8 
 .bss           0xffffffff801a9000     0x2000 src/oboskrnl/CMakeFiles/oboskrnl.dir/memory_manager/paging/x86-64/allocate.cpp.obj
 .bss           0xffffffff801ab000       0x28 src/oboskrnl/CMakeFiles/oboskrnl.dir/memory_manager/x86-64/physical.cpp.obj
                0xffffffff801ab000                _ZN4obos6memory24g_physicalMemoryBitfieldE
                0xffffffff801ab008                _ZN4obos6memory14g_sizeOfMemoryE
                0xffffffff801ab010                _ZN4obos6memory17g_nPagesAllocatedE
                0xffffffff801ab018                _ZN4obos6memory15g_bitfieldCountE
                0xffffffff801ab020                _ZN4obos6memory12g_mmapLengthE
 *fill*         0xffffffff801ab028       0x18 
 .bss           0xffffffff801ab040     0x19a0 src/oboskrnl/CMakeFiles/oboskrnl.dir/boot/kmain.cpp.obj
                0xffffffff801ab040                _ZN4obos15g_multibootInfoE
                0xffffffff801ab048                _ZN4obos15g_kernelProcessE
                0xffffffff801ab060                __atexitFuncs
                0xffffffff801ac860                __atexitFuncCount
 .bss           0xffffffff801ac9e0       0x81 src/oboskrnl/CMakeFiles/oboskrnl.dir/console.cpp.obj
                0xffffffff801ac9e0                _ZN4obos17s_foregroundColorE
                0xffffffff801ac9e4                _ZN4obos17s_backgroundColorE
                0xffffffff801ac9e8                _ZN4obos16s_terminalColumnE
                0xffffffff801ac9ec                _ZN4obos13s_terminalRowE
                0xffffffff801ac9f0                _ZN4obos20s_reachedEndTerminalE
                0xffffffff801ac9f8                _ZN4obos13s_framebufferE
                0xffffffff801aca00                _ZN4obos12s_backbufferE
                0xffffffff801aca08                _ZN4obos18s_framebufferWidthE
                0xffffffff801aca10                _ZN4obos19s_framebufferHeightE
                0xffffffff801aca18                _ZN4obos16s_nCharsVerticalE
                0xffffffff801aca20                _ZN4obos18s_nCharsHorizontalE
                0xffffffff801aca28                _ZN4obos4fontE
 .bss           0xffffffff801aca61        0x0 src/oboskrnl/CMakeFiles/oboskrnl.dir/klog.cpp.obj
 *fill*         0xffffffff801aca61        0x3 
 .bss           0xffffffff801aca64        0x8 src/oboskrnl/CMakeFiles/oboskrnl.dir/inline-asm.cpp.obj
 .bss           0xffffffff801aca6c        0x0 src/oboskrnl/CMakeFiles/oboskrnl.dir/utils/bitfields.cpp.obj
 .bss           0xffffffff801aca6c        0x0 src/oboskrnl/CMakeFiles/oboskrnl.dir/descriptors/idt/pic.cpp.obj
 .bss           0xffffffff801aca6c        0x0 src/oboskrnl/CMakeFiles/oboskrnl.dir/external/list/list_iterator.c.obj
 .bss           0xffffffff801aca6c        0x0 src/oboskrnl/CMakeFiles/oboskrnl.dir/utils/memory.cpp.obj
 *fill*         0xffffffff801aca6c        0x4 
 .bss           0xffffffff801aca70        0x8 src/oboskrnl/CMakeFiles/oboskrnl.dir/memory_manager/paging/liballoc_hooks.cpp.obj
                0xffffffff801aca70                _ZN4obos25g_nLiballocPagesAllocatedE
 .bss           0xffffffff801aca78       0x38 src/oboskrnl/CMakeFiles/oboskrnl.dir/memory_manager/liballoc/liballoc.c.obj
 .bss           0xffffffff801acab0        0x0 src/oboskrnl/CMakeFiles/oboskrnl.dir/multitasking/threadHandle.cpp.obj
 .bss           0xffffffff801acab0        0x0 src/oboskrnl/CMakeFiles/oboskrnl.dir/external/list/list_node.c.obj
 .bss           0xffffffff801acab0        0x0 src/oboskrnl/CMakeFiles/oboskrnl.dir/external/list/list.c.obj
 *fill*         0xffffffff801acab0       0x10 
 .bss           0xffffffff801acac0       0x60 src/oboskrnl/CMakeFiles/oboskrnl.dir/multitasking/multitasking.cpp.obj
                0xffffffff801acac0                _ZN4obos12multitasking9g_threadsE
                0xffffffff801acae0                _ZN4obos12multitasking20g_threadPriorityListE
                0xffffffff801acb00                _ZN4obos12multitasking15g_currentThreadE
                0xffffffff801acb08                _ZN4obos12multitasking13g_initializedE
                0xffffffff801acb10                _ZN4obos12multitasking16g_schedulerMutexE
 .bss           0xffffffff801acb20        0x0 src/oboskrnl/CMakeFiles/oboskrnl.dir/elf/elf.cpp.obj
 .bss           0xffffffff801acb20        0x0 src/oboskrnl/CMakeFiles/oboskrnl.dir/multitasking/thread.cpp.obj
 .bss           0xffffffff801acb20        0x0 src/oboskrnl/CMakeFiles/oboskrnl.dir/multitasking/mutex/mutex.cpp.obj
 .bss           0xffffffff801acb20        0x0 src/oboskrnl/CMakeFiles/oboskrnl.dir/multitasking/mutex/mutexHandle.cpp.obj
 .bss           0xffffffff801acb20       0x1c src/oboskrnl/CMakeFiles/oboskrnl.dir/process/process.cpp.obj
                0xffffffff801acb20                _ZN4obos7process15g_nextProcessIdE
                0xffffffff801acb28                _ZN4obos7process13g_processListE
                0xffffffff801acb30                _ZN4obos7process18ProcEntryPointBaseE
 *fill*         0xffffffff801acb3c        0x4 
 .bss           0xffffffff801acb40      0x800 src/oboskrnl/CMakeFiles/oboskrnl.dir/driver_api/interrupts.cpp.obj
                0xffffffff801acb40                _ZN4obos9driverAPI14g_syscallTableE
 .bss           0xffffffff801ad340      0x120 src/oboskrnl/CMakeFiles/oboskrnl.dir/driver_api/syscalls.cpp.obj
                0xffffffff801ad340                _ZN4obos9driverAPI19g_registeredDriversE
 .bss           0xffffffff801ad460     0x1000 src/oboskrnl/CMakeFiles/oboskrnl.dir/syscalls/syscalls.cpp.obj
                0xffffffff801ad460                _ZN4obos7process14g_syscallTableE
 .bss           0xffffffff801ae460        0x0 src/oboskrnl/CMakeFiles/oboskrnl.dir/external/amalgamated-dist/Zydis.c.obj
 .bss           0xffffffff801ae460        0x0 src/oboskrnl/CMakeFiles/oboskrnl.dir/descriptors/gdt/gdt.cpp.obj
 *(.bootstrap_stack)
 .bootstrap_stack
                0xffffffff801ae460     0x8000 src/oboskrnl/CMakeFiles/oboskrnl.dir/boot/x86-64/kernel_bootstrap.asm.obj
                0xffffffff801ae460                _ZN4obos12stack_bottomE
                0xffffffff801b2460                _ZN4obos9stack_topE
                0xffffffff801b2460                _ZN4obos15thrstack_bottomE
                0xffffffff801b6460                _ZN4obos12thrstack_topE
                0xffffffff801b6460                _kernel_end = .
                0x0000000000400000                _ZN4obos6memory8endImageE = 0x400000
                0xffffffff80000000                _ZN4obos11kernelStartE = 0xffffffff80000000
                0xffffffffffffffff                _ZN4obos6memory9endKernelE = 0xffffffffffffffff
OUTPUT(/mnt/c/Code/obos/out/oboskrnl elf64-x86-64)

.debug_aranges  0x0000000000000000      0x970
 .debug_aranges
                0x0000000000000000       0x30 src/oboskrnl/CMakeFiles/oboskrnl.dir/boot/x86-64/kernel_bootstrap.asm.obj
 .debug_aranges
                0x0000000000000030       0x30 src/oboskrnl/CMakeFiles/oboskrnl.dir/x86-64/inline-asm.asm.obj
 .debug_aranges
                0x0000000000000060       0x30 src/oboskrnl/CMakeFiles/oboskrnl.dir/descriptors/idt/x86-64/handlers.asm.obj
 .debug_aranges
                0x0000000000000090       0x30 src/oboskrnl/CMakeFiles/oboskrnl.dir/descriptors/idt/x86-64/idt.asm.obj
 .debug_aranges
                0x00000000000000c0       0x30 src/oboskrnl/CMakeFiles/oboskrnl.dir/utils/memcpy_x86-64.asm.obj
 .debug_aranges
                0x00000000000000f0       0x30 src/oboskrnl/CMakeFiles/oboskrnl.dir/memory_manager/paging/x86-64/init.asm.obj
 .debug_aranges
                0x0000000000000120       0x30 src/oboskrnl/CMakeFiles/oboskrnl.dir/multitasking/multitasking_x86-64.asm.obj
 .debug_aranges
                0x0000000000000150       0x30 src/oboskrnl/CMakeFiles/oboskrnl.dir/driver_api/interrupts.asm.obj
 .debug_aranges
                0x0000000000000180       0x30 src/oboskrnl/CMakeFiles/oboskrnl.dir/syscalls/interrupts.asm.obj
 .debug_aranges
                0x00000000000001b0       0x30 src/oboskrnl/CMakeFiles/oboskrnl.dir/descriptors/idt/x86-64/idt.cpp.obj
 .debug_aranges
                0x00000000000001e0       0x40 src/oboskrnl/CMakeFiles/oboskrnl.dir/x86-64/exception_handlers.cpp.obj
 .debug_aranges
                0x0000000000000220       0x30 src/oboskrnl/CMakeFiles/oboskrnl.dir/memory_manager/paging/x86-64/init.cpp.obj
 .debug_aranges
                0x0000000000000250       0x50 src/oboskrnl/CMakeFiles/oboskrnl.dir/memory_manager/paging/x86-64/allocate.cpp.obj
 .debug_aranges
                0x00000000000002a0       0x30 src/oboskrnl/CMakeFiles/oboskrnl.dir/memory_manager/x86-64/physical.cpp.obj
 .debug_aranges
                0x00000000000002d0       0x60 src/oboskrnl/CMakeFiles/oboskrnl.dir/boot/kmain.cpp.obj
 .debug_aranges
                0x0000000000000330       0x30 src/oboskrnl/CMakeFiles/oboskrnl.dir/console.cpp.obj
 .debug_aranges
                0x0000000000000360       0x30 src/oboskrnl/CMakeFiles/oboskrnl.dir/klog.cpp.obj
 .debug_aranges
                0x0000000000000390       0x30 src/oboskrnl/CMakeFiles/oboskrnl.dir/inline-asm.cpp.obj
 .debug_aranges
                0x00000000000003c0       0x30 src/oboskrnl/CMakeFiles/oboskrnl.dir/utils/bitfields.cpp.obj
 .debug_aranges
                0x00000000000003f0       0x30 src/oboskrnl/CMakeFiles/oboskrnl.dir/descriptors/idt/pic.cpp.obj
 .debug_aranges
                0x0000000000000420       0x30 src/oboskrnl/CMakeFiles/oboskrnl.dir/external/list/list_iterator.c.obj
 .debug_aranges
                0x0000000000000450       0x30 src/oboskrnl/CMakeFiles/oboskrnl.dir/utils/memory.cpp.obj
 .debug_aranges
                0x0000000000000480       0x30 src/oboskrnl/CMakeFiles/oboskrnl.dir/memory_manager/paging/liballoc_hooks.cpp.obj
 .debug_aranges
                0x00000000000004b0       0x30 src/oboskrnl/CMakeFiles/oboskrnl.dir/memory_manager/liballoc/liballoc.c.obj
 .debug_aranges
                0x00000000000004e0       0xd0 src/oboskrnl/CMakeFiles/oboskrnl.dir/multitasking/threadHandle.cpp.obj
 .debug_aranges
                0x00000000000005b0       0x30 src/oboskrnl/CMakeFiles/oboskrnl.dir/external/list/list_node.c.obj
 .debug_aranges
                0x00000000000005e0       0x30 src/oboskrnl/CMakeFiles/oboskrnl.dir/external/list/list.c.obj
 .debug_aranges
                0x0000000000000610       0x60 src/oboskrnl/CMakeFiles/oboskrnl.dir/multitasking/multitasking.cpp.obj
 .debug_aranges
                0x0000000000000670       0x30 src/oboskrnl/CMakeFiles/oboskrnl.dir/elf/elf.cpp.obj
 .debug_aranges
                0x00000000000006a0       0x50 src/oboskrnl/CMakeFiles/oboskrnl.dir/multitasking/thread.cpp.obj
 .debug_aranges
                0x00000000000006f0       0x30 src/oboskrnl/CMakeFiles/oboskrnl.dir/multitasking/mutex/mutex.cpp.obj
 .debug_aranges
                0x0000000000000720       0x90 src/oboskrnl/CMakeFiles/oboskrnl.dir/multitasking/mutex/mutexHandle.cpp.obj
 .debug_aranges
                0x00000000000007b0       0xc0 src/oboskrnl/CMakeFiles/oboskrnl.dir/process/process.cpp.obj
 .debug_aranges
[...]
 .debug_abbrev  0x00000000000029eb       0xfd src/oboskrnl/CMakeFiles/oboskrnl.dir/utils/memory.cpp.obj
 .debug_abbrev  0x0000000000002ae8      0x1f1 src/oboskrnl/CMakeFiles/oboskrnl.dir/memory_manager/paging/liballoc_hooks.cpp.obj
 .debug_abbrev  0x0000000000002cd9      0x201 src/oboskrnl/CMakeFiles/oboskrnl.dir/memory_manager/liballoc/liballoc.c.obj
 .debug_abbrev  0x0000000000002eda      0x5f7 src/oboskrnl/CMakeFiles/oboskrnl.dir/multitasking/threadHandle.cpp.obj
 .debug_abbrev  0x00000000000034d1       0xbd src/oboskrnl/CMakeFiles/oboskrnl.dir/external/list/list_node.c.obj
 .debug_abbrev  0x000000000000358e      0x1ae src/oboskrnl/CMakeFiles/oboskrnl.dir/external/list/list.c.obj
 .debug_abbrev  0x000000000000373c      0x4a1 src/oboskrnl/CMakeFiles/oboskrnl.dir/multitasking/multitasking.cpp.obj
 .debug_abbrev  0x0000000000003bdd      0x191 src/oboskrnl/CMakeFiles/oboskrnl.dir/elf/elf.cpp.obj
 .debug_abbrev  0x0000000000003d6e      0x3de src/oboskrnl/CMakeFiles/oboskrnl.dir/multitasking/thread.cpp.obj
 .debug_abbrev  0x000000000000414c      0x38f src/oboskrnl/CMakeFiles/oboskrnl.dir/multitasking/mutex/mutex.cpp.obj
 .debug_abbrev  0x00000000000044db      0x419 src/oboskrnl/CMakeFiles/oboskrnl.dir/multitasking/mutex/mutexHandle.cpp.obj
 .debug_abbrev  0x00000000000048f4      0x653 src/oboskrnl/CMakeFiles/oboskrnl.dir/process/process.cpp.obj
 .debug_abbrev  0x0000000000004f47      0x10a src/oboskrnl/CMakeFiles/oboskrnl.dir/driver_api/interrupts.cpp.obj
 .debug_abbrev  0x0000000000005051      0x5b3 src/oboskrnl/CMakeFiles/oboskrnl.dir/driver_api/syscalls.cpp.obj
 .debug_abbrev  0x0000000000005604      0x624 src/oboskrnl/CMakeFiles/oboskrnl.dir/syscalls/syscalls.cpp.obj
 .debug_abbrev  0x0000000000005c28      0x3c5 src/oboskrnl/CMakeFiles/oboskrnl.dir/external/amalgamated-dist/Zydis.c.obj
 .debug_abbrev  0x0000000000005fed       0xac src/oboskrnl/CMakeFiles/oboskrnl.dir/descriptors/gdt/gdt.cpp.obj

.debug_line     0x0000000000000000    0x366dc
 .debug_line    0x0000000000000000       0x8b src/oboskrnl/CMakeFiles/oboskrnl.dir/boot/x86-64/kernel_bootstrap.asm.obj
 .debug_line    0x000000000000008b       0x77 src/oboskrnl/CMakeFiles/oboskrnl.dir/x86-64/inline-asm.asm.obj
 .debug_line    0x0000000000000102      0x188 src/oboskrnl/CMakeFiles/oboskrnl.dir/descriptors/idt/x86-64/handlers.asm.obj
 .debug_line    0x000000000000028a       0x74 src/oboskrnl/CMakeFiles/oboskrnl.dir/descriptors/idt/x86-64/idt.asm.obj
 .debug_line    0x00000000000002fe       0xc0 src/oboskrnl/CMakeFiles/oboskrnl.dir/utils/memcpy_x86-64.asm.obj
 .debug_line    0x00000000000003be       0x83 src/oboskrnl/CMakeFiles/oboskrnl.dir/memory_manager/paging/x86-64/init.asm.obj
 .debug_line    0x0000000000000441       0x94 src/oboskrnl/CMakeFiles/oboskrnl.dir/multitasking/multitasking_x86-64.asm.obj
 .debug_line    0x00000000000004d5       0x7c src/oboskrnl/CMakeFiles/oboskrnl.dir/driver_api/interrupts.asm.obj
 .debug_line    0x0000000000000551      0x110 src/oboskrnl/CMakeFiles/oboskrnl.dir/syscalls/interrupts.asm.obj
 .debug_line    0x0000000000000661      0x5ac src/oboskrnl/CMakeFiles/oboskrnl.dir/descriptors/idt/x86-64/idt.cpp.obj
 .debug_line    0x0000000000000c0d     0x1066 src/oboskrnl/CMakeFiles/oboskrnl.dir/x86-64/exception_handlers.cpp.obj
 .debug_line    0x0000000000001c73      0x6ca src/oboskrnl/CMakeFiles/oboskrnl.dir/memory_manager/paging/x86-64/init.cpp.obj
 .debug_line    0x000000000000233d     0x1704 src/oboskrnl/CMakeFiles/oboskrnl.dir/memory_manager/paging/x86-64/allocate.cpp.obj
 .debug_line    0x0000000000003a41      0xa4b src/oboskrnl/CMakeFiles/oboskrnl.dir/memory_manager/x86-64/physical.cpp.obj
 .debug_line    0x000000000000448c     0x18b0 src/oboskrnl/CMakeFiles/oboskrnl.dir/boot/kmain.cpp.obj
 .debug_line    0x0000000000005d3c     0x1444 src/oboskrnl/CMakeFiles/oboskrnl.dir/console.cpp.obj
 .debug_line    0x0000000000007180     0x2118 src/oboskrnl/CMakeFiles/oboskrnl.dir/klog.cpp.obj
 .debug_line    0x0000000000009298     0x13db src/oboskrnl/CMakeFiles/oboskrnl.dir/inline-asm.cpp.obj
 .debug_line    0x000000000000a673      0x724 src/oboskrnl/CMakeFiles/oboskrnl.dir/utils/bitfields.cpp.obj
 .debug_line    0x000000000000ad97      0x8b6 src/oboskrnl/CMakeFiles/oboskrnl.dir/descriptors/idt/pic.cpp.obj
 .debug_line    0x000000000000b64d      0x27e src/oboskrnl/CMakeFiles/oboskrnl.dir/external/list/list_iterator.c.obj
 .debug_line    0x000000000000b8cb      0x46e src/oboskrnl/CMakeFiles/oboskrnl.dir/utils/memory.cpp.obj
 .debug_line    0x000000000000bd39      0x412 src/oboskrnl/CMakeFiles/oboskrnl.dir/memory_manager/paging/liballoc_hooks.cpp.obj
 .debug_line    0x000000000000c14b     0x1717 src/oboskrnl/CMakeFiles/oboskrnl.dir/memory_manager/liballoc/liballoc.c.obj
 .debug_line    0x000000000000d862     0x1f15 src/oboskrnl/CMakeFiles/oboskrnl.dir/multitasking/threadHandle.cpp.obj
 .debug_line    0x000000000000f777      0x1a4 src/oboskrnl/CMakeFiles/oboskrnl.dir/external/list/list_node.c.obj
 .debug_line    0x000000000000f91b      0xaf4 src/oboskrnl/CMakeFiles/oboskrnl.dir/external/list/list.c.obj
 .debug_line    0x000000000001040f      0xf0d src/oboskrnl/CMakeFiles/oboskrnl.dir/multitasking/multitasking.cpp.obj
 .debug_line    0x000000000001131c      0x614 src/oboskrnl/CMakeFiles/oboskrnl.dir/elf/elf.cpp.obj
 .debug_line    0x0000000000011930      0x68b src/oboskrnl/CMakeFiles/oboskrnl.dir/multitasking/thread.cpp.obj
 .debug_line    0x0000000000011fbb      0x5ab src/oboskrnl/CMakeFiles/oboskrnl.dir/multitasking/mutex/mutex.cpp.obj
 .debug_line    0x0000000000012566      0x79e src/oboskrnl/CMakeFiles/oboskrnl.dir/multitasking/mutex/mutexHandle.cpp.obj
 .debug_line    0x0000000000012d04      0xf91 src/oboskrnl/CMakeFiles/oboskrnl.dir/process/process.cpp.obj
 .debug_line    0x0000000000013c95      0x258 src/oboskrnl/CMakeFiles/oboskrnl.dir/driver_api/interrupts.cpp.obj
 .debug_line    0x0000000000013eed     0x1814 src/oboskrnl/CMakeFiles/oboskrnl.dir/driver_api/syscalls.cpp.obj
 .debug_line    0x0000000000015701     0x2fa9 src/oboskrnl/CMakeFiles/oboskrnl.dir/syscalls/syscalls.cpp.obj
 .debug_line    0x00000000000186aa    0x1ded1 src/oboskrnl/CMakeFiles/oboskrnl.dir/external/amalgamated-dist/Zydis.c.obj
 .debug_line    0x000000000003657b      0x161 src/oboskrnl/CMakeFiles/oboskrnl.dir/descriptors/gdt/gdt.cpp.obj

.debug_frame    0x0000000000000000     0x7890
 .debug_frame   0x0000000000000000        0x0 src/oboskrnl/CMakeFiles/oboskrnl.dir/boot/x86-64/kernel_bootstrap.asm.obj
 .debug_frame   0x0000000000000000        0x0 src/oboskrnl/CMakeFiles/oboskrnl.dir/x86-64/inline-asm.asm.obj
 .debug_frame   0x0000000000000000        0x0 src/oboskrnl/CMakeFiles/oboskrnl.dir/descriptors/idt/x86-64/handlers.asm.obj
 .debug_frame   0x0000000000000000        0x0 src/oboskrnl/CMakeFiles/oboskrnl.dir/descriptors/idt/x86-64/idt.asm.obj
 .debug_frame   0x0000000000000000        0x0 src/oboskrnl/CMakeFiles/oboskrnl.dir/utils/memcpy_x86-64.asm.obj
 .debug_frame   0x0000000000000000        0x0 src/oboskrnl/CMakeFiles/oboskrnl.dir/memory_manager/paging/x86-64/init.asm.obj
 .debug_frame   0x0000000000000000        0x0 src/oboskrnl/CMakeFiles/oboskrnl.dir/multitasking/multitasking_x86-64.asm.obj
 .debug_frame   0x0000000000000000        0x0 src/oboskrnl/CMakeFiles/oboskrnl.dir/driver_api/interrupts.asm.obj
 .debug_frame   0x0000000000000000        0x0 src/oboskrnl/CMakeFiles/oboskrnl.dir/syscalls/interrupts.asm.obj
 .debug_frame   0x0000000000000000       0xc0 src/oboskrnl/CMakeFiles/oboskrnl.dir/descriptors/idt/x86-64/idt.cpp.obj
 .debug_frame   0x00000000000000c0      0x170 src/oboskrnl/CMakeFiles/oboskrnl.dir/x86-64/exception_handlers.cpp.obj
 .debug_frame   0x0000000000000230      0x360 src/oboskrnl/CMakeFiles/oboskrnl.dir/memory_manager/paging/x86-64/init.cpp.obj
 .debug_frame   0x0000000000000590      0x288 src/oboskrnl/CMakeFiles/oboskrnl.dir/memory_manager/paging/x86-64/allocate.cpp.obj
 .debug_frame   0x0000000000000818      0x138 src/oboskrnl/CMakeFiles/oboskrnl.dir/memory_manager/x86-64/physical.cpp.obj
 .debug_frame   0x0000000000000950      0x288 src/oboskrnl/CMakeFiles/oboskrnl.dir/boot/kmain.cpp.obj
 .debug_frame   0x0000000000000bd8      0x458 src/oboskrnl/CMakeFiles/oboskrnl.dir/console.cpp.obj
 .debug_frame   0x0000000000001030      0x530 src/oboskrnl/CMakeFiles/oboskrnl.dir/klog.cpp.obj
 .debug_frame   0x0000000000001560      0x2f0 src/oboskrnl/CMakeFiles/oboskrnl.dir/inline-asm.cpp.obj
 .debug_frame   0x0000000000001850      0x538 src/oboskrnl/CMakeFiles/oboskrnl.dir/utils/bitfields.cpp.obj
 .debug_frame   0x0000000000001d88      0x3d0 src/oboskrnl/CMakeFiles/oboskrnl.dir/descriptors/idt/pic.cpp.obj
 .debug_frame   0x0000000000002158       0xf8 src/oboskrnl/CMakeFiles/oboskrnl.dir/external/list/list_iterator.c.obj
 .debug_frame   0x0000000000002250      0x138 src/oboskrnl/CMakeFiles/oboskrnl.dir/utils/memory.cpp.obj
 .debug_frame   0x0000000000002388      0x328 src/oboskrnl/CMakeFiles/oboskrnl.dir/memory_manager/paging/liballoc_hooks.cpp.obj
 .debug_frame   0x00000000000026b0      0x1a0 src/oboskrnl/CMakeFiles/oboskrnl.dir/memory_manager/liballoc/liballoc.c.obj
 .debug_frame   0x0000000000002850      0x930 src/oboskrnl/CMakeFiles/oboskrnl.dir/multitasking/threadHandle.cpp.obj
 .debug_frame   0x0000000000003180       0x50 src/oboskrnl/CMakeFiles/oboskrnl.dir/external/list/list_node.c.obj
 .debug_frame   0x00000000000031d0      0x210 src/oboskrnl/CMakeFiles/oboskrnl.dir/external/list/list.c.obj
 .debug_frame   0x00000000000033e0      0x1b0 src/oboskrnl/CMakeFiles/oboskrnl.dir/multitasking/multitasking.cpp.obj
 .debug_frame   0x0000000000003590       0x88 src/oboskrnl/CMakeFiles/oboskrnl.dir/elf/elf.cpp.obj
 .debug_frame   0x0000000000003618       0xf8 src/oboskrnl/CMakeFiles/oboskrnl.dir/multitasking/thread.cpp.obj
 .debug_frame   0x0000000000003710       0xf8 src/oboskrnl/CMakeFiles/oboskrnl.dir/multitasking/mutex/mutex.cpp.obj
 .debug_frame   0x0000000000003808      0x300 src/oboskrnl/CMakeFiles/oboskrnl.dir/multitasking/mutex/mutexHandle.cpp.obj
 .debug_frame   0x0000000000003b08      0x3e8 src/oboskrnl/CMakeFiles/oboskrnl.dir/process/process.cpp.obj
 .debug_frame   0x0000000000003ef0       0xf8 src/oboskrnl/CMakeFiles/oboskrnl.dir/driver_api/interrupts.cpp.obj
 .debug_frame   0x0000000000003fe8      0x3f0 src/oboskrnl/CMakeFiles/oboskrnl.dir/driver_api/syscalls.cpp.obj
 .debug_frame   0x00000000000043d8      0x980 src/oboskrnl/CMakeFiles/oboskrnl.dir/syscalls/syscalls.cpp.obj
 .debug_frame   0x0000000000004d58     0x2ab0 src/oboskrnl/CMakeFiles/oboskrnl.dir/external/amalgamated-dist/Zydis.c.obj
 .debug_frame   0x0000000000007808       0x88 src/oboskrnl/CMakeFiles/oboskrnl.dir/descriptors/gdt/gdt.cpp.obj

.debug_loc      0x0000000000000000        0x0
 .debug_loc     0x0000000000000000        0x0 src/oboskrnl/CMakeFiles/oboskrnl.dir/boot/x86-64/kernel_bootstrap.asm.obj
 .debug_loc     0x0000000000000000        0x0 src/oboskrnl/CMakeFiles/oboskrnl.dir/x86-64/inline-asm.asm.obj
 .debug_loc     0x0000000000000000        0x0 src/oboskrnl/CMakeFiles/oboskrnl.dir/descriptors/idt/x86-64/handlers.asm.obj
 .debug_loc     0x0000000000000000        0x0 src/oboskrnl/CMakeFiles/oboskrnl.dir/descriptors/idt/x86-64/idt.asm.obj
 .debug_loc     0x0000000000000000        0x0 src/oboskrnl/CMakeFiles/oboskrnl.dir/utils/memcpy_x86-64.asm.obj
 .debug_loc     0x0000000000000000        0x0 src/oboskrnl/CMakeFiles/oboskrnl.dir/memory_manager/paging/x86-64/init.asm.obj
 .debug_loc     0x0000000000000000        0x0 src/oboskrnl/CMakeFiles/oboskrnl.dir/multitasking/multitasking_x86-64.asm.obj
 .debug_loc     0x0000000000000000        0x0 src/oboskrnl/CMakeFiles/oboskrnl.dir/driver_api/interrupts.asm.obj
 .debug_loc     0x0000000000000000        0x0 src/oboskrnl/CMakeFiles/oboskrnl.dir/syscalls/interrupts.asm.obj

.debug_str      0x0000000000000000     0x1360
 .debug_str     0x0000000000000000        0x9 src/oboskrnl/CMakeFiles/oboskrnl.dir/descriptors/idt/x86-64/idt.cpp.obj
 .debug_str     0x0000000000000009       0x30 src/oboskrnl/CMakeFiles/oboskrnl.dir/x86-64/exception_handlers.cpp.obj
 .debug_str     0x0000000000000039       0x3d src/oboskrnl/CMakeFiles/oboskrnl.dir/memory_manager/paging/x86-64/init.cpp.obj
 .debug_str     0x0000000000000076       0x48 src/oboskrnl/CMakeFiles/oboskrnl.dir/memory_manager/paging/x86-64/allocate.cpp.obj
 .debug_str     0x00000000000000be       0x29 src/oboskrnl/CMakeFiles/oboskrnl.dir/memory_manager/x86-64/physical.cpp.obj
 .debug_str     0x00000000000000e7      0x314 src/oboskrnl/CMakeFiles/oboskrnl.dir/boot/kmain.cpp.obj
 .debug_str     0x00000000000003fb       0x69 src/oboskrnl/CMakeFiles/oboskrnl.dir/console.cpp.obj
 .debug_str     0x0000000000000464      0x16f src/oboskrnl/CMakeFiles/oboskrnl.dir/klog.cpp.obj
 .debug_str     0x00000000000005d3       0x2a src/oboskrnl/CMakeFiles/oboskrnl.dir/inline-asm.cpp.obj
 .debug_str     0x00000000000005fd       0x94 src/oboskrnl/CMakeFiles/oboskrnl.dir/utils/bitfields.cpp.obj
 .debug_str     0x0000000000000691       0x39 src/oboskrnl/CMakeFiles/oboskrnl.dir/descriptors/idt/pic.cpp.obj
 .debug_str     0x00000000000006ca        0xa src/oboskrnl/CMakeFiles/oboskrnl.dir/external/list/list_iterator.c.obj
 .debug_str     0x00000000000006d4        0x0 src/oboskrnl/CMakeFiles/oboskrnl.dir/utils/memory.cpp.obj
 .debug_str     0x00000000000006d4       0x46 src/oboskrnl/CMakeFiles/oboskrnl.dir/memory_manager/paging/liballoc_hooks.cpp.obj
 .debug_str     0x000000000000071a       0x26 src/oboskrnl/CMakeFiles/oboskrnl.dir/memory_manager/liballoc/liballoc.c.obj
 .debug_str     0x0000000000000740      0x105 src/oboskrnl/CMakeFiles/oboskrnl.dir/multitasking/threadHandle.cpp.obj
 .debug_str     0x0000000000000845        0x0 src/oboskrnl/CMakeFiles/oboskrnl.dir/external/list/list_node.c.obj
 .debug_str     0x0000000000000845       0x14 src/oboskrnl/CMakeFiles/oboskrnl.dir/external/list/list.c.obj
 .debug_str     0x0000000000000859       0x36 src/oboskrnl/CMakeFiles/oboskrnl.dir/multitasking/multitasking.cpp.obj
 .debug_str     0x000000000000088f       0x23 src/oboskrnl/CMakeFiles/oboskrnl.dir/elf/elf.cpp.obj
 .debug_str     0x00000000000008b2       0x5e src/oboskrnl/CMakeFiles/oboskrnl.dir/multitasking/thread.cpp.obj
 .debug_str     0x0000000000000910       0x2a src/oboskrnl/CMakeFiles/oboskrnl.dir/multitasking/mutex/mutex.cpp.obj
 .debug_str     0x000000000000093a       0x62 src/oboskrnl/CMakeFiles/oboskrnl.dir/multitasking/mutex/mutexHandle.cpp.obj
 .debug_str     0x000000000000099c       0x5c src/oboskrnl/CMakeFiles/oboskrnl.dir/process/process.cpp.obj
 .debug_str     0x00000000000009f8        0x0 src/oboskrnl/CMakeFiles/oboskrnl.dir/driver_api/interrupts.cpp.obj
 .debug_str     0x00000000000009f8       0x86 src/oboskrnl/CMakeFiles/oboskrnl.dir/driver_api/syscalls.cpp.obj
 .debug_str     0x0000000000000a7e      0x291 src/oboskrnl/CMakeFiles/oboskrnl.dir/syscalls/syscalls.cpp.obj
 .debug_str     0x0000000000000d0f      0x651 src/oboskrnl/CMakeFiles/oboskrnl.dir/external/amalgamated-dist/Zydis.c.obj
 .debug_str     0x0000000000001360        0x0 src/oboskrnl/CMakeFiles/oboskrnl.dir/descriptors/gdt/gdt.cpp.obj

.comment        0x0000000000000000       0x12
 .comment       0x0000000000000000       0x12 src/oboskrnl/CMakeFiles/oboskrnl.dir/descriptors/idt/x86-64/idt.cpp.obj
                                         0x13 (size before relaxing)
 .comment       0x0000000000000012       0x13 src/oboskrnl/CMakeFiles/oboskrnl.dir/x86-64/exception_handlers.cpp.obj
 .comment       0x0000000000000012       0x13 src/oboskrnl/CMakeFiles/oboskrnl.dir/memory_manager/paging/x86-64/init.cpp.obj
 .comment       0x0000000000000012       0x13 src/oboskrnl/CMakeFiles/oboskrnl.dir/memory_manager/paging/x86-64/allocate.cpp.obj
 .comment       0x0000000000000012       0x13 src/oboskrnl/CMakeFiles/oboskrnl.dir/memory_manager/x86-64/physical.cpp.obj
 .comment       0x0000000000000012       0x13 src/oboskrnl/CMakeFiles/oboskrnl.dir/boot/kmain.cpp.obj
 .comment       0x0000000000000012       0x13 src/oboskrnl/CMakeFiles/oboskrnl.dir/console.cpp.obj
 .comment       0x0000000000000012       0x13 src/oboskrnl/CMakeFiles/oboskrnl.dir/klog.cpp.obj
 .comment       0x0000000000000012       0x13 src/oboskrnl/CMakeFiles/oboskrnl.dir/inline-asm.cpp.obj
 .comment       0x0000000000000012       0x13 src/oboskrnl/CMakeFiles/oboskrnl.dir/utils/bitfields.cpp.obj
 .comment       0x0000000000000012       0x13 src/oboskrnl/CMakeFiles/oboskrnl.dir/descriptors/idt/pic.cpp.obj
 .comment       0x0000000000000012       0x13 src/oboskrnl/CMakeFiles/oboskrnl.dir/external/list/list_iterator.c.obj
 .comment       0x0000000000000012       0x13 src/oboskrnl/CMakeFiles/oboskrnl.dir/utils/memory.cpp.obj
 .comment       0x0000000000000012       0x13 src/oboskrnl/CMakeFiles/oboskrnl.dir/memory_manager/paging/liballoc_hooks.cpp.obj
 .comment       0x0000000000000012       0x13 src/oboskrnl/CMakeFiles/oboskrnl.dir/memory_manager/liballoc/liballoc.c.obj
 .comment       0x0000000000000012       0x13 src/oboskrnl/CMakeFiles/oboskrnl.dir/multitasking/threadHandle.cpp.obj
 .comment       0x0000000000000012       0x13 src/oboskrnl/CMakeFiles/oboskrnl.dir/external/list/list_node.c.obj
 .comment       0x0000000000000012       0x13 src/oboskrnl/CMakeFiles/oboskrnl.dir/external/list/list.c.obj
 .comment       0x0000000000000012       0x13 src/oboskrnl/CMakeFiles/oboskrnl.dir/multitasking/multitasking.cpp.obj
 .comment       0x0000000000000012       0x13 src/oboskrnl/CMakeFiles/oboskrnl.dir/elf/elf.cpp.obj
 .comment       0x0000000000000012       0x13 src/oboskrnl/CMakeFiles/oboskrnl.dir/multitasking/thread.cpp.obj
 .comment       0x0000000000000012       0x13 src/oboskrnl/CMakeFiles/oboskrnl.dir/multitasking/mutex/mutex.cpp.obj
 .comment       0x0000000000000012       0x13 src/oboskrnl/CMakeFiles/oboskrnl.dir/multitasking/mutex/mutexHandle.cpp.obj
 .comment       0x0000000000000012       0x13 src/oboskrnl/CMakeFiles/oboskrnl.dir/process/process.cpp.obj
 .comment       0x0000000000000012       0x13 src/oboskrnl/CMakeFiles/oboskrnl.dir/driver_api/interrupts.cpp.obj
 .comment       0x0000000000000012       0x13 src/oboskrnl/CMakeFiles/oboskrnl.dir/driver_api/syscalls.cpp.obj
 .comment       0x0000000000000012       0x13 src/oboskrnl/CMakeFiles/oboskrnl.dir/syscalls/syscalls.cpp.obj
 .comment       0x0000000000000012       0x13 src/oboskrnl/CMakeFiles/oboskrnl.dir/external/amalgamated-dist/Zydis.c.obj
 .comment       0x0000000000000012       0x13 src/oboskrnl/CMakeFiles/oboskrnl.dir/descriptors/gdt/gdt.cpp.obj

.debug_rnglists
                0x0000000000000000      0x6c0
 .debug_rnglists
                0x0000000000000000       0x2f src/oboskrnl/CMakeFiles/oboskrnl.dir/x86-64/exception_handlers.cpp.obj
 .debug_rnglists
                0x000000000000002f       0x40 src/oboskrnl/CMakeFiles/oboskrnl.dir/memory_manager/paging/x86-64/allocate.cpp.obj
 .debug_rnglists
                0x000000000000006f       0x51 src/oboskrnl/CMakeFiles/oboskrnl.dir/boot/kmain.cpp.obj
 .debug_rnglists
                0x00000000000000c0       0x52 src/oboskrnl/CMakeFiles/oboskrnl.dir/klog.cpp.obj
 .debug_rnglists
                0x0000000000000112       0xc8 src/oboskrnl/CMakeFiles/oboskrnl.dir/multitasking/threadHandle.cpp.obj
 .debug_rnglists
                0x00000000000001da       0x51 src/oboskrnl/CMakeFiles/oboskrnl.dir/multitasking/multitasking.cpp.obj
 .debug_rnglists
                0x000000000000022b       0x40 src/oboskrnl/CMakeFiles/oboskrnl.dir/multitasking/thread.cpp.obj
 .debug_rnglists
                0x000000000000026b       0x84 src/oboskrnl/CMakeFiles/oboskrnl.dir/multitasking/mutex/mutexHandle.cpp.obj
 .debug_rnglists
                0x00000000000002ef       0xb7 src/oboskrnl/CMakeFiles/oboskrnl.dir/process/process.cpp.obj
 .debug_rnglists
                0x00000000000003a6       0xde src/oboskrnl/CMakeFiles/oboskrnl.dir/driver_api/syscalls.cpp.obj
 .debug_rnglists
                0x0000000000000484      0x23c src/oboskrnl/CMakeFiles/oboskrnl.dir/external/amalgamated-dist/Zydis.c.obj
