
Discarded input sections

 .gnu.linkonce.t._ZN4obos6memory7PageMap21computeIndexAtAddressEyh
                0x0000000000000000       0x31 src/oboskrnl/CMakeFiles/oboskrnl.dir/memory_manager/paging/x86-64/allocate.cpp.obj
 .gnu.linkonce.t._ZN4obos6Handle7getTypeEv
                0x0000000000000000       0x13 src/oboskrnl/CMakeFiles/oboskrnl.dir/multitasking/threadHandle.cpp.obj
 .gnu.linkonce.t._ZN4obos6HandleD2Ev
                0x0000000000000000       0x1d src/oboskrnl/CMakeFiles/oboskrnl.dir/multitasking/threadHandle.cpp.obj
 .gnu.linkonce.t._ZN4obos12multitasking12ThreadHandleD1Ev
                0x0000000000000000       0x35 src/oboskrnl/CMakeFiles/oboskrnl.dir/multitasking/threadHandle.cpp.obj
 .gnu.linkonce.r._ZTVN4obos6HandleE
                0x0000000000000000       0x38 src/oboskrnl/CMakeFiles/oboskrnl.dir/multitasking/threadHandle.cpp.obj
 .gnu.linkonce.t._ZN4obos12multitasking6ThreadD1Ev
                0x0000000000000000       0x53 src/oboskrnl/CMakeFiles/oboskrnl.dir/multitasking/multitasking.cpp.obj
 .gnu.linkonce.t._ZN4obos12multitasking6ThreadD0Ev
                0x0000000000000000       0x2b src/oboskrnl/CMakeFiles/oboskrnl.dir/multitasking/multitasking.cpp.obj
 .gnu.linkonce.t._ZN4obos12multitasking6ThreadC1Ev
                0x0000000000000000       0xe0 src/oboskrnl/CMakeFiles/oboskrnl.dir/multitasking/multitasking.cpp.obj
 .gnu.linkonce.r._ZTVN4obos12multitasking6ThreadE
                0x0000000000000000       0x20 src/oboskrnl/CMakeFiles/oboskrnl.dir/multitasking/multitasking.cpp.obj
 .gnu.linkonce.t._ZN4obos12multitasking6ThreadD1Ev
                0x0000000000000000       0x53 src/oboskrnl/CMakeFiles/oboskrnl.dir/multitasking/thread.cpp.obj
 .gnu.linkonce.t._ZN4obos12multitasking6ThreadD0Ev
                0x0000000000000000       0x2b src/oboskrnl/CMakeFiles/oboskrnl.dir/multitasking/thread.cpp.obj
 .gnu.linkonce.r._ZTVN4obos12multitasking6ThreadE
                0x0000000000000000       0x20 src/oboskrnl/CMakeFiles/oboskrnl.dir/multitasking/thread.cpp.obj
 .gnu.linkonce.t._ZN4obos6Handle7getTypeEv
                0x0000000000000000       0x13 src/oboskrnl/CMakeFiles/oboskrnl.dir/multitasking/mutex/mutexHandle.cpp.obj
 .gnu.linkonce.t._ZN4obos6Handle13getReferencesEv
                0x0000000000000000       0x1a src/oboskrnl/CMakeFiles/oboskrnl.dir/multitasking/mutex/mutexHandle.cpp.obj
 .gnu.linkonce.t._ZN4obos6HandleD2Ev
                0x0000000000000000       0x1d src/oboskrnl/CMakeFiles/oboskrnl.dir/multitasking/mutex/mutexHandle.cpp.obj
 .gnu.linkonce.t._ZN4obos6HandleC2Ev
                0x0000000000000000       0x41 src/oboskrnl/CMakeFiles/oboskrnl.dir/multitasking/mutex/mutexHandle.cpp.obj
 .gnu.linkonce.r._ZTVN4obos6HandleE
                0x0000000000000000       0x38 src/oboskrnl/CMakeFiles/oboskrnl.dir/multitasking/mutex/mutexHandle.cpp.obj
 .gnu.linkonce.t._ZNK4obos6memory7PageMap10getPageMapEv
                0x0000000000000000       0x15 src/oboskrnl/CMakeFiles/oboskrnl.dir/process/process.cpp.obj
 .gnu.linkonce.t._ZN4obos6memory7PageMap21computeIndexAtAddressEyh
                0x0000000000000000       0x31 src/oboskrnl/CMakeFiles/oboskrnl.dir/process/process.cpp.obj
 .gnu.linkonce.t._ZN4obos12multitasking6ThreadD1Ev
                0x0000000000000000       0x53 src/oboskrnl/CMakeFiles/oboskrnl.dir/process/process.cpp.obj
 .gnu.linkonce.t._ZN4obos12multitasking6ThreadD0Ev
                0x0000000000000000       0x2b src/oboskrnl/CMakeFiles/oboskrnl.dir/process/process.cpp.obj
 .gnu.linkonce.t._ZN4obos6Handle7getTypeEv
                0x0000000000000000       0x13 src/oboskrnl/CMakeFiles/oboskrnl.dir/process/process.cpp.obj
 .gnu.linkonce.t._ZN4obos6HandleD2Ev
                0x0000000000000000       0x1d src/oboskrnl/CMakeFiles/oboskrnl.dir/process/process.cpp.obj
 .gnu.linkonce.t._ZN4obos12multitasking12ThreadHandleD1Ev
                0x0000000000000000       0x35 src/oboskrnl/CMakeFiles/oboskrnl.dir/process/process.cpp.obj
 .gnu.linkonce.t._ZN4obos12multitasking12ThreadHandleD0Ev
                0x0000000000000000       0x2b src/oboskrnl/CMakeFiles/oboskrnl.dir/process/process.cpp.obj
 .gnu.linkonce.t._ZN4obos12multitasking6ThreadC1Ev
                0x0000000000000000       0xe0 src/oboskrnl/CMakeFiles/oboskrnl.dir/process/process.cpp.obj
 .gnu.linkonce.r._ZTVN4obos6HandleE
                0x0000000000000000       0x38 src/oboskrnl/CMakeFiles/oboskrnl.dir/process/process.cpp.obj
 .gnu.linkonce.r._ZTVN4obos12multitasking6ThreadE
                0x0000000000000000       0x20 src/oboskrnl/CMakeFiles/oboskrnl.dir/process/process.cpp.obj
 .gnu.linkonce.t._ZNK4obos6memory7PageMap10getPageMapEv
                0x0000000000000000       0x15 src/oboskrnl/CMakeFiles/oboskrnl.dir/driver_api/syscalls.cpp.obj
 .gnu.linkonce.t._ZN4obos6memory7PageMap21computeIndexAtAddressEyh
                0x0000000000000000       0x31 src/oboskrnl/CMakeFiles/oboskrnl.dir/driver_api/syscalls.cpp.obj
 .gnu.linkonce.t._ZNK4obos6memory7PageMap10getPageMapEv
[...]
Memory Configuration

Name             Origin             Length             Attributes
*default*        0x0000000000000000 0xffffffffffffffff

Linker script and memory map

LOAD src/oboskrnl/CMakeFiles/oboskrnl.dir/boot/x86-64/kernel_bootstrap.asm.obj
LOAD src/oboskrnl/CMakeFiles/oboskrnl.dir/x86-64/inline-asm.asm.obj
LOAD src/oboskrnl/CMakeFiles/oboskrnl.dir/descriptors/idt/x86-64/handlers.asm.obj
LOAD src/oboskrnl/CMakeFiles/oboskrnl.dir/descriptors/idt/x86-64/idt.asm.obj
LOAD src/oboskrnl/CMakeFiles/oboskrnl.dir/utils/memcpy_x86-64.asm.obj
LOAD src/oboskrnl/CMakeFiles/oboskrnl.dir/memory_manager/paging/x86-64/init.asm.obj
LOAD src/oboskrnl/CMakeFiles/oboskrnl.dir/multitasking/multitasking_x86-64.asm.obj
LOAD src/oboskrnl/CMakeFiles/oboskrnl.dir/driver_api/interrupts.asm.obj
LOAD src/oboskrnl/CMakeFiles/oboskrnl.dir/syscalls/interrupts.asm.obj
LOAD src/oboskrnl/CMakeFiles/oboskrnl.dir/descriptors/gdt/gdt_x86-64.asm.obj
LOAD src/oboskrnl/CMakeFiles/oboskrnl.dir/driver_api/x86_64/dInterrupts.asm.obj
LOAD src/oboskrnl/CMakeFiles/oboskrnl.dir/vfs/x86_64/driverCall.asm.obj
LOAD src/oboskrnl/CMakeFiles/oboskrnl.dir/process/x86_64/jmpProcess.asm.obj
LOAD src/oboskrnl/CMakeFiles/oboskrnl.dir/descriptors/idt/x86-64/idt.cpp.obj
LOAD src/oboskrnl/CMakeFiles/oboskrnl.dir/x86-64/exception_handlers.cpp.obj
LOAD src/oboskrnl/CMakeFiles/oboskrnl.dir/memory_manager/paging/x86-64/init.cpp.obj
LOAD src/oboskrnl/CMakeFiles/oboskrnl.dir/memory_manager/paging/x86-64/allocate.cpp.obj
LOAD src/oboskrnl/CMakeFiles/oboskrnl.dir/memory_manager/x86-64/physical.cpp.obj
LOAD src/oboskrnl/CMakeFiles/oboskrnl.dir/boot/kmain.cpp.obj
LOAD src/oboskrnl/CMakeFiles/oboskrnl.dir/console.cpp.obj
LOAD src/oboskrnl/CMakeFiles/oboskrnl.dir/klog.cpp.obj
LOAD src/oboskrnl/CMakeFiles/oboskrnl.dir/inline-asm.cpp.obj
LOAD src/oboskrnl/CMakeFiles/oboskrnl.dir/utils/bitfields.cpp.obj
LOAD src/oboskrnl/CMakeFiles/oboskrnl.dir/descriptors/idt/pic.cpp.obj
LOAD src/oboskrnl/CMakeFiles/oboskrnl.dir/external/list/list_iterator.c.obj
LOAD src/oboskrnl/CMakeFiles/oboskrnl.dir/utils/memory.cpp.obj
LOAD src/oboskrnl/CMakeFiles/oboskrnl.dir/memory_manager/paging/liballoc_hooks.cpp.obj
LOAD src/oboskrnl/CMakeFiles/oboskrnl.dir/memory_manager/liballoc/liballoc.c.obj
LOAD src/oboskrnl/CMakeFiles/oboskrnl.dir/multitasking/threadHandle.cpp.obj
LOAD src/oboskrnl/CMakeFiles/oboskrnl.dir/external/list/list_node.c.obj
LOAD src/oboskrnl/CMakeFiles/oboskrnl.dir/external/list/list.c.obj
LOAD src/oboskrnl/CMakeFiles/oboskrnl.dir/multitasking/multitasking.cpp.obj
LOAD src/oboskrnl/CMakeFiles/oboskrnl.dir/elf/elf.cpp.obj
LOAD src/oboskrnl/CMakeFiles/oboskrnl.dir/multitasking/thread.cpp.obj
LOAD src/oboskrnl/CMakeFiles/oboskrnl.dir/multitasking/mutex/mutex.cpp.obj
LOAD src/oboskrnl/CMakeFiles/oboskrnl.dir/multitasking/mutex/mutexHandle.cpp.obj
LOAD src/oboskrnl/CMakeFiles/oboskrnl.dir/process/process.cpp.obj
LOAD src/oboskrnl/CMakeFiles/oboskrnl.dir/driver_api/interrupts.cpp.obj
LOAD src/oboskrnl/CMakeFiles/oboskrnl.dir/driver_api/syscalls.cpp.obj
LOAD src/oboskrnl/CMakeFiles/oboskrnl.dir/syscalls/syscalls.cpp.obj
LOAD src/oboskrnl/CMakeFiles/oboskrnl.dir/external/amalgamated-dist/Zydis.c.obj
LOAD src/oboskrnl/CMakeFiles/oboskrnl.dir/descriptors/gdt/gdt.cpp.obj
LOAD src/oboskrnl/CMakeFiles/oboskrnl.dir/vfs/mount.cpp.obj
LOAD /home/omar/opt/cross/lib/gcc/x86_64-elf/11.4.0/libgcc.a
                0x0000000000100000                . = 0x100000
                0x0000000000100000                _kernel_start = .

.multiboot.data
                0x0000000000100000     0x8432
 *(.multiboot.data)
 .multiboot.data
                0x0000000000100000     0x8432 src/oboskrnl/CMakeFiles/oboskrnl.dir/boot/x86-64/kernel_bootstrap.asm.obj
                0x0000000000101000                boot_page_table1
                0x0000000000105000                boot_page_level3_map
                0x0000000000107000                boot_page_level4_map

.multiboot.text
                0x0000000000108432      0x10f
 *(.multiboot.text)
 .multiboot.text
                0x0000000000108432      0x10f src/oboskrnl/CMakeFiles/oboskrnl.dir/boot/x86-64/kernel_bootstrap.asm.obj
                0x0000000000108445                _start
                0xffffffff80108541                . = (. + 0xffffffff80000000)

.text           0xffffffff80109000    0x2839b load address 0x0000000000109000
                0xffffffff80109000                _stext = .
 *(.text)
 .text          0xffffffff80109000       0x4f src/oboskrnl/CMakeFiles/oboskrnl.dir/boot/x86-64/kernel_bootstrap.asm.obj
                0xffffffff8010903e                _ZN4obos15RestartComputerEv
                0xffffffff8010904b                idleTask
 *fill*         0xffffffff8010904f        0x1 
 .text          0xffffffff80109050       0x17 src/oboskrnl/CMakeFiles/oboskrnl.dir/x86-64/inline-asm.asm.obj
                0xffffffff80109050                _Z9getEflagsv
                0xffffffff80109058                _Z6getEIPv
                0xffffffff8010905b                getEBP
                0xffffffff8010905f                _ZN4obos6memory19GetPageFaultAddressEv
                0xffffffff80109063                _ZN4obos6memory8tlbFlushEy
 *fill*         0xffffffff80109067        0x9 
 .text          0xffffffff80109070      0x213 src/oboskrnl/CMakeFiles/oboskrnl.dir/descriptors/idt/x86-64/handlers.asm.obj
                0xffffffff80109070                isr0
                0xffffffff8010907a                isr1
                0xffffffff80109084                isr2
                0xffffffff8010908e                isr3
                0xffffffff80109098                isr4
                0xffffffff801090a2                isr5
                0xffffffff801090ac                isr6
                0xffffffff801090b6                isr7
                0xffffffff801090c0                isr8
                0xffffffff801090c8                isr9
                0xffffffff801090d2                isr10
                0xffffffff801090da                isr11
                0xffffffff801090e2                isr12
                0xffffffff801090ea                isr13
                0xffffffff801090f2                isr14
                0xffffffff801090fa                isr15
                0xffffffff80109104                isr16
                0xffffffff8010910e                isr17
                0xffffffff80109118                isr18
                0xffffffff80109122                isr19
                0xffffffff8010912c                isr20
                0xffffffff80109136                isr21
                0xffffffff8010913e                isr22
                0xffffffff80109148                isr23
                0xffffffff80109152                isr24
                0xffffffff8010915c                isr25
                0xffffffff80109166                isr26
                0xffffffff80109170                isr27
                0xffffffff8010917a                isr28
                0xffffffff80109184                isr29
                0xffffffff8010918c                isr30
                0xffffffff80109191                isr31
                0xffffffff80109198                isr32
                0xffffffff8010919f                isr33
                0xffffffff801091a6                isr34
                0xffffffff801091ad                isr35
                0xffffffff801091b4                isr36
                0xffffffff801091bb                isr37
                0xffffffff801091c2                isr38
                0xffffffff801091c9                isr39
                0xffffffff801091d0                isr40
                0xffffffff801091d7                isr41
                0xffffffff801091de                isr42
                0xffffffff801091e5                isr43
                0xffffffff801091ec                isr44
                0xffffffff801091f3                isr45
                0xffffffff801091fa                isr46
                0xffffffff80109201                isr47
                0xffffffff80109208                isr48
                0xffffffff8010920f                isr_common_stub
 *fill*         0xffffffff80109283        0xd 
 .text          0xffffffff80109290        0x4 src/oboskrnl/CMakeFiles/oboskrnl.dir/descriptors/idt/x86-64/idt.asm.obj
                0xffffffff80109290                _ZN4obos8idtFlushEy
 *fill*         0xffffffff80109294        0xc 
 .text          0xffffffff801092a0       0xd7 src/oboskrnl/CMakeFiles/oboskrnl.dir/utils/memcpy_x86-64.asm.obj
                0xffffffff801092a0                memcpy
                0xffffffff801092a0                _ZN4obos5utils6memcpyEPvPKvy
                0xffffffff801092d3                _ZN4obos5utils7memzeroEPvy
                0xffffffff801092ef                _ZN4obos5utils8dwMemsetEPjjy
                0xffffffff80109315                _ZN4obos5utils8dwMemcpyEPjPKjy
                0xffffffff80109344                memset
                0xffffffff80109344                _ZN4obos5utils6memsetEPvjj
                0xffffffff8010935f                _ZN4obos5utils6strlenEPKc
 *fill*         0xffffffff80109377        0x9 
 .text          0xffffffff80109380       0x1d src/oboskrnl/CMakeFiles/oboskrnl.dir/memory_manager/paging/x86-64/init.asm.obj
                0xffffffff80109380                _ZN4obos6memory25CPUSupportsExecuteDisableEv
 *fill*         0xffffffff8010939d        0x3 
 .text          0xffffffff801093a0       0xaa src/oboskrnl/CMakeFiles/oboskrnl.dir/multitasking/multitasking_x86-64.asm.obj
                0xffffffff801093a0                _ZN4obos12multitasking15switchToTaskAsmEv
                0xffffffff801093f5                _ZN4obos12multitasking20switchToUserModeTaskEv
 *fill*         0xffffffff8010944a        0x6 
 .text          0xffffffff80109450       0x14 src/oboskrnl/CMakeFiles/oboskrnl.dir/driver_api/interrupts.asm.obj
                0xffffffff80109450                isr80
 *fill*         0xffffffff80109464        0xc 
 .text          0xffffffff80109470       0xef src/oboskrnl/CMakeFiles/oboskrnl.dir/syscalls/interrupts.asm.obj
                0xffffffff80109470                isr64
 *fill*         0xffffffff8010955f        0x1 
 .text          0xffffffff80109560       0x3c src/oboskrnl/CMakeFiles/oboskrnl.dir/descriptors/gdt/gdt_x86-64.asm.obj
                0xffffffff80109560                _ZN4obos16InitializeGDTASMEv
 *fill*         0xffffffff8010959c        0x4 
 .text          0xffffffff801095a0       0x25 src/oboskrnl/CMakeFiles/oboskrnl.dir/driver_api/x86_64/dInterrupts.asm.obj
                0xffffffff801095a0                callDriverIrqHandler
 *fill*         0xffffffff801095c5        0xb 
 .text          0xffffffff801095d0       0x28 src/oboskrnl/CMakeFiles/oboskrnl.dir/vfs/x86_64/driverCall.asm.obj
                0xffffffff801095d0                callDriverIterateCallback
 *fill*         0xffffffff801095f8        0x8 
 .text          0xffffffff80109600       0x17 src/oboskrnl/CMakeFiles/oboskrnl.dir/process/x86_64/jmpProcess.asm.obj
                0xffffffff80109600                jmpProcess
 *fill*         0xffffffff80109617        0x1 
 .text          0xffffffff80109618      0xb06 src/oboskrnl/CMakeFiles/oboskrnl.dir/descriptors/idt/x86-64/idt.cpp.obj
                0xffffffff80109618                _ZN4obos8IdtEntryC2Eythh
                0xffffffff80109618                _ZN4obos8IdtEntryC1Eythh
                0xffffffff801096a2                _ZN4obos13InitializeIdtEv
                0xffffffff8010a0f8                _ZN4obos24RegisterInterruptHandlerEhPFvPKNS_15interrupt_frameEE
 .text          0xffffffff8010a11e      0xd44 src/oboskrnl/CMakeFiles/oboskrnl.dir/x86-64/exception_handlers.cpp.obj
                0xffffffff8010a11e                _ZN4obos9pageFaultEPKNS_15interrupt_frameE
                0xffffffff8010a88e                _ZN4obos21debugExceptionHandlerEPKNS_15interrupt_frameE
                0xffffffff8010ab7d                _ZN4obos23defaultExceptionHandlerEPKNS_15interrupt_frameE
 .text          0xffffffff8010ae62      0x420 src/oboskrnl/CMakeFiles/oboskrnl.dir/memory_manager/paging/x86-64/init.cpp.obj
                0xffffffff8010ae62                _ZN4obos6memory7PageMapC2Ev
                0xffffffff8010ae62                _ZN4obos6memory7PageMapC1Ev
                0xffffffff8010aea8                _ZN4obos6memory7PageMapC1EPy
                0xffffffff8010aea8                _ZN4obos6memory7PageMapC2EPy
                0xffffffff8010aed6                _ZN4obos6memory7PageMap23getLevel3PageMapAddressEt
                0xffffffff8010af08                _ZN4obos6memory7PageMap16getLevel3PageMapEt
                0xffffffff8010af4a                _ZN4obos6memory7PageMap16getPageDirectoryEtt
                0xffffffff8010af9e                _ZN4obos6memory7PageMap24getPageDirectoryRealtiveEtt
                0xffffffff8010afe2                _ZN4obos6memory7PageMap12getPageTableEttt
                0xffffffff8010b03c                _ZN4obos6memory7PageMap20getPageTableRealtiveEttt
                0xffffffff8010b086                _ZN4obos6memory7PageMap17getPageTableEntryEtttt
                0xffffffff8010b0ea                _ZN4obos6memory7PageMap21getRealPageTableEntryEtttt
                0xffffffff8010b140                _ZN4obos6memory7PageMap12switchToThisEv
                0xffffffff8010b164                _ZN4obos6memory7PageMapD2Ev
                0xffffffff8010b164                _ZN4obos6memory7PageMapD1Ev
                0xffffffff8010b18e                _ZN4obos6memory16InitializePagingEv
 .text          0xffffffff8010b282     0x1180 src/oboskrnl/CMakeFiles/oboskrnl.dir/memory_manager/paging/x86-64/allocate.cpp.obj
                0xffffffff8010b282                _ZN4obos6memory14kmap_pageTableEPv
                0xffffffff8010b31a                _ZN4obos6memory24allocatePagingStructuresEyy
                0xffffffff8010b688                _ZN4obos6memory12VirtualAllocEPvyyb
                0xffffffff8010b9d9                _ZN4obos6memory11VirtualFreeEPvy
                0xffffffff8010bc7f                _ZN4obos6memory17HasVirtualAddressEPKvyb
                0xffffffff8010bf63                _ZN4obos6memory13MemoryProtectEPvyyb
                0xffffffff8010c2ae                _ZN4obos6memory13kmap_physicalEPvyS1_b
 .text          0xffffffff8010c402      0x54f src/oboskrnl/CMakeFiles/oboskrnl.dir/memory_manager/x86-64/physical.cpp.obj
                0xffffffff8010c584                _ZN4obos6memory31InitializePhysicalMemoryManagerEv
                0xffffffff8010c779                _ZN4obos6memory19kalloc_physicalPageEv
                0xffffffff8010c895                _ZN4obos6memory18kfree_physicalPageEPv
 *fill*         0xffffffff8010c951        0x1 
 .text          0xffffffff8010c952     0x1363 src/oboskrnl/CMakeFiles/oboskrnl.dir/boot/kmain.cpp.obj
                0xffffffff8010cbcf                _ZN4obos5kmainEP14multiboot_infoj
                0xffffffff8010d2e4                _ZN4obos8kmainThrEv
                0xffffffff8010dac3                __cxa_pure_virtual
                0xffffffff8010dae8                __cxa_atexit
                0xffffffff8010db8f                __cxa_finalize
 .text          0xffffffff8010dcb5      0xd8b src/oboskrnl/CMakeFiles/oboskrnl.dir/console.cpp.obj
                0xffffffff8010df8d                _ZN4obos17InitializeConsoleEjj
                0xffffffff8010e125                _ZN4obos15SetConsoleColorEjj
                0xffffffff8010e191                _ZN4obos15GetConsoleColorERjS0_
                0xffffffff8010e47d                _ZN4obos13ConsoleOutputEPKcyb
                0xffffffff8010e50f                _ZN4obos19ConsoleOutputStringEPKcb
                0xffffffff8010e5a5                _ZN4obos15ConsoleFillLineEcb
                0xffffffff8010e634                _ZN4obos22ConsoleOutputCharacterEcb
                0xffffffff8010e69a                _ZN4obos22ConsoleOutputCharacterEcjjb
                0xffffffff8010e73c                _ZN4obos25SetTerminalCursorPositionEjj
                0xffffffff8010e75f                _ZN4obos25GetTerminalCursorPositionERjS0_
                0xffffffff8010e922                _ZN4obos12ClearConsoleEv
                0xffffffff8010e9a2                _ZN4obos11swapBuffersEv
 .text          0xffffffff8010ea40     0x1706 src/oboskrnl/CMakeFiles/oboskrnl.dir/klog.cpp.obj
                0xffffffff8010eb36                _Z10strreversePci
                0xffffffff8010ebc3                _Z13itoa_unsignedyPci
                0xffffffff8010ec9a                _ZN4obos22consoleOutputCharacterEhPv
                0xffffffff8010ece1                _ZN4obos8_vprintfEPFvhPvES0_PKcP13__va_list_tag
                0xffffffff8010f445                _ZN4obos6printfEPKcz
                0xffffffff8010f508                _ZN4obos7sprintfEPcPKcz
                0xffffffff8010f578                _ZN4obos7vprintfEPKcP13__va_list_tag
                0xffffffff8010f5d4                _ZN4obos6kpanicEPvS0_PKcz
                0xffffffff8010f790                _ZN4obos14printf_noFlushEPKcz
                0xffffffff8010f7e9                _ZN4obos15printStackTraceEPvPKc
                0xffffffff8010f9a6                _ZN4obos11disassembleEPvPKc
                0xffffffff8010fbc8                _ZN4obos7countToEPKcc
                0xffffffff8010fc36                _ZN4obos7hex2binEPKcj
                0xffffffff8010fd20                _ZN4obos9addr2funcEPvRPcRy
                0xffffffff8010fed0                _ZN4obos9addr2fileEPvRPc
                0xffffffff8011004c                _ZN4obos4randEv
                0xffffffff8011007d                _ZN4obos5srandEj
                0xffffffff801100a9                _ZN4obos4poopEv
 .text          0xffffffff80110146      0x883 src/oboskrnl/CMakeFiles/oboskrnl.dir/inline-asm.cpp.obj
                0xffffffff80110146                _Z4outbth
                0xffffffff80110167                _Z4outwtt
                0xffffffff80110188                _Z3inbt
                0xffffffff801101a6                _Z3inwt
                0xffffffff801101c6                _Z7io_waitv
                0xffffffff801101dc                _Z3cliv
                0xffffffff801101f1                _Z3stiv
                0xffffffff80110206                _Z3hltv
                0xffffffff8011020e                _Z4_inth
                0xffffffff801108ca                _ZN4obos18EnterKernelSectionEv
                0xffffffff80110923                _ZN4obos18LeaveKernelSectionEv
                0xffffffff8011099f                _ZN4obos12EnterSyscallEv
                0xffffffff801109b4                _ZN4obos11ExitSyscallEv
 *fill*         0xffffffff801109c9        0x1 
 .text          0xffffffff801109ca      0x42e src/oboskrnl/CMakeFiles/oboskrnl.dir/utils/bitfields.cpp.obj
                0xffffffff801109e8                _ZN4obos5utils12BitfieldBaseC2Ev
                0xffffffff801109e8                _ZN4obos5utils12BitfieldBaseC1Ev
                0xffffffff80110a10                _ZN4obos5utils12BitfieldBase6setBitEj
                0xffffffff80110a36                _ZN4obos5utils12BitfieldBase8clearBitEj
                0xffffffff80110a5e                _ZNK4obos5utils12BitfieldBase6getBitEj
                0xffffffff80110a80                _ZNK4obos5utils12BitfieldBaseixEj
                0xffffffff80110aae                _ZN4obos5utils12BitfieldBasecvjEv
                0xffffffff80110ac4                _ZN4obos5utils12BitfieldBasecvbEv
                0xffffffff80110ae0                _ZN4obos5utils8BitfieldC2Ev
                0xffffffff80110ae0                _ZN4obos5utils8BitfieldC1Ev
                0xffffffff80110b0a                _ZN4obos5utils8Bitfield6setBitEh
                0xffffffff80110b44                _ZN4obos5utils8Bitfield8clearBitEh
                0xffffffff80110b7e                _ZNK4obos5utils8Bitfield6getBitEh
                0xffffffff80110bd0                _ZNK4obos5utils8BitfieldixEh
                0xffffffff80110c00                _ZN4obos5utils8BitfieldcvbEv
                0xffffffff80110c1a                _ZN4obos5utils15IntegerBitfieldC2Ev
                0xffffffff80110c1a                _ZN4obos5utils15IntegerBitfieldC1Ev
                0xffffffff80110c44                _ZN4obos5utils15IntegerBitfieldC2Ej
                0xffffffff80110c44                _ZN4obos5utils15IntegerBitfieldC1Ej
                0xffffffff80110c7a                _ZN4obos5utils15IntegerBitfield11setBitfieldEj
                0xffffffff80110c96                _ZN4obos5utils16setBitInBitfieldERjh
                0xffffffff80110cc7                _ZN4obos5utils18clearBitInBitfieldERjh
                0xffffffff80110cfa                _ZN4obos5utils17testBitInBitfieldEjh
                0xffffffff80110d47                _ZN4obos5utils16setBitInBitfieldERyh
                0xffffffff80110d7d                _ZN4obos5utils18clearBitInBitfieldERyh
                0xffffffff80110db6                _ZN4obos5utils17testBitInBitfieldEyh
 .text          0xffffffff80110df8      0x4e2 src/oboskrnl/CMakeFiles/oboskrnl.dir/descriptors/idt/pic.cpp.obj
                0xffffffff80110df8                _ZN4obos3PicC2Ett
                0xffffffff80110df8                _ZN4obos3PicC1Ett
                0xffffffff80110e46                _ZN4obos3Pic8setPortsEtt
                0xffffffff80110e82                _ZN4obos3Pic15sendCommandByteEh
                0xffffffff80110eca                _ZN4obos3Pic15sendCommandWordEt
                0xffffffff80110f14                _ZN4obos3Pic12sendDataByteEh
                0xffffffff80110f5e                _ZN4obos3Pic12sendDataWordEt
                0xffffffff80110fa8                _ZN4obos3Pic15recvCommandByteEv
                0xffffffff80110fde                _ZN4obos3Pic15recvCommandWordEv
                0xffffffff80111014                _ZN4obos3Pic12recvDataByteEv
                0xffffffff8011104c                _ZN4obos3Pic12recvDataWordEv
                0xffffffff80111084                _ZN4obos3Pic7sendEOIEv
                0xffffffff801110a8                _ZN4obos3Pic5remapEhh
                0xffffffff8011110c                _ZN4obos3Pic9enableIrqEh
                0xffffffff80111166                _ZN4obos3Pic10disableIrqEh
                0xffffffff801111c0                _ZN4obos3Pic7disableEv
                0xffffffff801111e4                _ZN4obos3Pic15issuedInterruptEh
                0xffffffff80111232                _ZN4obos7SendEOIEh
 .text          0xffffffff801112da       0xed src/oboskrnl/CMakeFiles/oboskrnl.dir/external/list/list_iterator.c.obj
                0xffffffff801112da                list_iterator_new
                0xffffffff80111317                list_iterator_new_from_node
                0xffffffff8011135d                list_iterator_next
                0xffffffff801113a4                list_iterator_destroy
 .text          0xffffffff801113c7      0x237 src/oboskrnl/CMakeFiles/oboskrnl.dir/utils/memory.cpp.obj
                0xffffffff801113c7                memcmp
                0xffffffff801113f4                _ZN4obos5utils6memcmpEPKvS2_y
                0xffffffff801114e9                _ZN4obos5utils6memchrEPvhy
                0xffffffff8011156b                _ZN4obos5utils6memchrEPKvhy
                0xffffffff80111598                _ZN4obos5utils6strcmpEPKcS2_
 .text          0xffffffff801115fe      0x1b7 src/oboskrnl/CMakeFiles/oboskrnl.dir/memory_manager/paging/liballoc_hooks.cpp.obj
                0xffffffff801115fe                liballoc_alloc
                0xffffffff8011165a                liballoc_free
                0xffffffff80111691                liballoc_lock
                0xffffffff801116a1                liballoc_unlock
                0xffffffff801116b1                _Znwm
                0xffffffff801116d0                _Znam
                0xffffffff801116ef                _ZdlPv
                0xffffffff8011170a                _ZdaPv
                0xffffffff80111725                _ZdlPvm
                0xffffffff80111744                _ZdaPvm
                0xffffffff80111763                _ZnwmPv
                0xffffffff80111779                _ZnamPv
                0xffffffff8011178f                _ZdlPvS_
                0xffffffff801117a2                _ZdaPvS_
 .text          0xffffffff801117b5      0xdd0 src/oboskrnl/CMakeFiles/oboskrnl.dir/memory_manager/liballoc/liballoc.c.obj
                0xffffffff80111989                kmalloc
                0xffffffff80112129                kfree
                0xffffffff801123c4                kcalloc
                0xffffffff80112412                krealloc
 *fill*         0xffffffff80112585        0x1 
 .text          0xffffffff80112586      0xf34 src/oboskrnl/CMakeFiles/oboskrnl.dir/multitasking/threadHandle.cpp.obj
                0xffffffff80112586                _ZN4obos12multitasking12ThreadHandleC1Ev
                0xffffffff80112586                _ZN4obos12multitasking12ThreadHandleC2Ev
                0xffffffff801125ec                _ZN4obos12multitasking12ThreadHandle12CreateThreadENS0_6Thread10priority_tEPFvPvES4_jy
                0xffffffff80112698                _ZN4obos12multitasking12ThreadHandle10OpenThreadEj
                0xffffffff80112750                _ZN4obos12multitasking12ThreadHandle10OpenThreadEPNS0_6ThreadE
                0xffffffff801127e6                _ZN4obos12multitasking12ThreadHandle11PauseThreadEb
                0xffffffff80112888                _ZN4obos12multitasking12ThreadHandle12ResumeThreadEv
                0xffffffff801128e6                _ZN4obos12multitasking12ThreadHandle17SetThreadPriorityENS0_6Thread10priority_tE
                0xffffffff80112aa0                _ZN4obos12multitasking12ThreadHandle15SetThreadStatusEj
                0xffffffff80112b58                _ZN4obos12multitasking12ThreadHandle15TerminateThreadEj
                0xffffffff80112c94                _ZN4obos12multitasking12ThreadHandle6GetTidEv
                0xffffffff80112cc2                _ZN4obos12multitasking12ThreadHandle11GetExitCodeEv
                0xffffffff80112d1e                _ZN4obos12multitasking12ThreadHandle17GetThreadPriorityEv
                0xffffffff80112d62                _ZN4obos12multitasking12ThreadHandle15GetThreadStatusEv
                0xffffffff80112e14                _ZN4obos12multitasking12ThreadHandle17WaitForThreadExitEv
                0xffffffff80112fd2                _ZN4obos12multitasking12ThreadHandle25WaitForThreadStatusChangeEj
                0xffffffff80113116                _ZN4obos12multitasking12ThreadHandle9duplicateEv
                0xffffffff801131ca                _ZN4obos12multitasking12ThreadHandle11closeHandleEv
                0xffffffff80113381                _ZN4obos12multitasking10ExitThreadEj
                0xffffffff80113435                _ZN4obos12multitasking19GetCurrentThreadTidEv
                0xffffffff80113458                _ZN4obos12multitasking24GetCurrentThreadPriorityEv
                0xffffffff80113468                _ZN4obos12multitasking22GetCurrentThreadStatusEv
                0xffffffff80113478                _ZN4obos12multitasking22GetCurrentThreadHandleEv
 .text          0xffffffff801134ba       0x51 src/oboskrnl/CMakeFiles/oboskrnl.dir/external/list/list_node.c.obj
                0xffffffff801134ba                list_node_new
 .text          0xffffffff8011350b      0x58a src/oboskrnl/CMakeFiles/oboskrnl.dir/external/list/list.c.obj
                0xffffffff8011350b                list_new
                0xffffffff8011356f                list_destroy
                0xffffffff801135f0                list_rpush
                0xffffffff801136a2                list_rpop
                0xffffffff80113746                list_lpop
                0xffffffff801137e5                list_lpush
                0xffffffff80113893                list_find
                0xffffffff80113943                list_at
                0xffffffff801139e3                list_remove
 *fill*         0xffffffff80113a95        0xb 
 .text          0xffffffff80113aa0      0x750 src/oboskrnl/CMakeFiles/oboskrnl.dir/multitasking/multitasking.cpp.obj
                0xffffffff80113aa0                _ZN4obos12multitasking10canRanTaskEPNS0_6ThreadE
                0xffffffff80113ae0                _ZN4obos12multitasking12switchToTaskEPNS0_6ThreadE
                0xffffffff80113cb0                _ZN4obos12multitasking11findNewTaskEPKNS_15interrupt_frameE
                0xffffffff80113fb0                _ZN4obos12multitasking15SetPITFrequencyEt
                0xffffffff80114010                _ZN4obos12multitasking10DisablePITEv
                0xffffffff80114030                _ZN4obos12multitasking22InitializeMultitaskingEv
 .text          0xffffffff801141f0      0x297 src/oboskrnl/CMakeFiles/oboskrnl.dir/elf/elf.cpp.obj
                0xffffffff801143be                _ZN4obos9elfLoader11LoadElfFileEPhyRyS2_b
 *fill*         0xffffffff80114487        0x1 
 .text          0xffffffff80114488      0x417 src/oboskrnl/CMakeFiles/oboskrnl.dir/multitasking/thread.cpp.obj
                0xffffffff80114488                _ZN4obos12multitasking6ThreadC1ENS1_10priority_tEPFvPvES3_jy
                0xffffffff80114488                _ZN4obos12multitasking6ThreadC2ENS1_10priority_tEPFvPvES3_jy
                0xffffffff801145a0                _ZN4obos12multitasking6Thread12CreateThreadENS1_10priority_tEPFvPvES3_jy
 *fill*         0xffffffff8011489f        0x1 
 .text          0xffffffff801148a0      0x18d src/oboskrnl/CMakeFiles/oboskrnl.dir/multitasking/mutex/mutex.cpp.obj
                0xffffffff801148a0                _ZN4obos12multitasking17MutexLockCallbackEPNS0_6ThreadEPv
                0xffffffff801148e0                _ZN4obos12multitasking5Mutex4LockEb
                0xffffffff801149b2                _ZN4obos12multitasking5Mutex6UnlockEv
                0xffffffff80114a04                _ZN4obos12multitasking5MutexD2Ev
                0xffffffff80114a04                _ZN4obos12multitasking5MutexD1Ev
 *fill*         0xffffffff80114a2d        0x1 
 .text          0xffffffff80114a2e      0x2db src/oboskrnl/CMakeFiles/oboskrnl.dir/multitasking/mutex/mutexHandle.cpp.obj
                0xffffffff80114a2e                _ZN4obos12multitasking11MutexHandleC2Ev
                0xffffffff80114a2e                _ZN4obos12multitasking11MutexHandleC1Ev
                0xffffffff80114ad6                _ZN4obos12multitasking11MutexHandle9duplicateEv
                0xffffffff80114b5c                _ZN4obos12multitasking11MutexHandle11closeHandleEv
                0xffffffff80114c04                _ZN4obos12multitasking11MutexHandle4LockEb
                0xffffffff80114c50                _ZN4obos12multitasking11MutexHandle6UnlockEv
                0xffffffff80114c86                _ZN4obos12multitasking11MutexHandle8IsLockedEv
                0xffffffff80114ca8                _ZN4obos12multitasking11MutexHandleD2Ev
                0xffffffff80114ca8                _ZN4obos12multitasking11MutexHandleD1Ev
                0xffffffff80114cde                _ZN4obos12multitasking11MutexHandleD0Ev
 *fill*         0xffffffff80114d09        0x1 
 .text          0xffffffff80114d0a      0xd89 src/oboskrnl/CMakeFiles/oboskrnl.dir/process/process.cpp.obj
                0xffffffff80114d0a                _ZN4obos7process7ProcessC1Ev
                0xffffffff80114d0a                _ZN4obos7process7ProcessC2Ev
                0xffffffff80114dd7                _ZN4obos7process16DriverEntryPointEPv
                0xffffffff8011504c                _ZN4obos7process7Process13CreateProcessEPhyPvb
                0xffffffff8011567a                _ZN4obos7process7Process16TerminateProcessEj
                0xffffffff80115906                _ZN4obos7process7Process15doContextSwitchEv
                0xffffffff80115924                _ZN4obos7process7Process21UncommitProcessMemoryEv
 .text          0xffffffff80115a93       0x8c src/oboskrnl/CMakeFiles/oboskrnl.dir/driver_api/interrupts.cpp.obj
                0xffffffff80115a93                _Z10do_nothingv
                0xffffffff80115a9e                _ZN4obos9driverAPI20ResetSyscallHandlersEv
                0xffffffff80115ad4                _ZN4obos9driverAPI22RegisterSyscallHandlerEhy
                0xffffffff80115afa                _ZN4obos9driverAPI24UnregisterSyscallHandlerEh
 .text          0xffffffff80115b1f      0xf1a src/oboskrnl/CMakeFiles/oboskrnl.dir/driver_api/syscalls.cpp.obj
                0xffffffff80115b1f                _ZN4obos9driverAPI16RegisterSyscallsEv
 .text          0xffffffff80116a39     0x1ab3 src/oboskrnl/CMakeFiles/oboskrnl.dir/syscalls/syscalls.cpp.obj
                0xffffffff80116b01                _ZN4obos7process16RegisterSyscallsEv
 .text          0xffffffff801184ec    0x186ee src/oboskrnl/CMakeFiles/oboskrnl.dir/external/amalgamated-dist/Zydis.c.obj
                0xffffffff8011a991                ZydisDecodeOperands
                0xffffffff8011f8f5                ZydisDecoderInit
                0xffffffff8011f989                ZydisDecoderEnableMode
                0xffffffff8011f9c7                ZydisDecoderDecodeFull
                0xffffffff8011faf6                ZydisDecoderDecodeInstruction
                0xffffffff8011fc58                ZydisDecoderDecodeOperands
                0xffffffff8011fd06                ZydisDecoderTreeGetChildNode
                0xffffffff80120310                ZydisGetInstructionEncodingInfo
                0xffffffff80125134                ZydisBuildRegisterOperand
                0xffffffff80126257                ZydisEncoderEncodeInstruction
                0xffffffff801262bc                ZydisEncoderEncodeInstructionAbsolute
                0xffffffff801268e3                ZydisEncoderDecodedInstructionToEncoderRequest
                0xffffffff80126e8e                ZydisEncoderNopFill
                0xffffffff80126f14                ZydisGetRelInfo
                0xffffffff80126fc8                ZydisGetEncodableInstructions
                0xffffffff80127722                ZydisFormatterBufferInit
                0xffffffff801277b3                ZydisFormatterBufferInitTokenized
                0xffffffff80127872                ZydisFormatterInit
                0xffffffff801278bb                ZydisFormatterSetProperty
                0xffffffff80127f76                ZydisFormatterSetHook
                0xffffffff80128041                ZydisFormatterFormatInstruction
                0xffffffff801281fe                ZydisFormatterFormatOperand
                0xffffffff8012849f                ZydisFormatterTokenizeInstruction
                0xffffffff801286a5                ZydisFormatterTokenizeOperand
                0xffffffff80128995                ZydisFormatterATTFormatInstruction
                0xffffffff801290a4                ZydisFormatterATTFormatOperandMEM
                0xffffffff80129560                ZydisFormatterATTPrintMnemonic
                0xffffffff801298d0                ZydisFormatterATTPrintRegister
                0xffffffff80129996                ZydisFormatterATTPrintAddressABS
                0xffffffff80129a37                ZydisFormatterATTPrintDISP
                0xffffffff80129d9f                ZydisFormatterATTPrintIMM
                0xffffffff80129e22                ZydisFormatterHelperGetExplicitSize
                0xffffffff8012a01c                ZydisFormatterBaseFormatOperandREG
                0xffffffff8012a05a                ZydisFormatterBaseFormatOperandPTR
                0xffffffff8012a435                ZydisFormatterBaseFormatOperandIMM
                0xffffffff8012a4ee                ZydisFormatterBasePrintAddressABS
                0xffffffff8012a73f                ZydisFormatterBasePrintAddressREL
                0xffffffff8012ab4d                ZydisFormatterBasePrintIMM
                0xffffffff8012afb2                ZydisFormatterBasePrintSegment
                0xffffffff8012b19c                ZydisFormatterBasePrintPrefixes
                0xffffffff8012c11d                ZydisFormatterBasePrintDecorator
                0xffffffff8012d610                ZydisFormatterTokenGetValue
                0xffffffff8012d663                ZydisFormatterTokenNext
                0xffffffff8012d6c4                ZydisFormatterBufferGetToken
                0xffffffff8012d718                ZydisFormatterBufferGetString
                0xffffffff8012d778                ZydisFormatterBufferAppend
                0xffffffff8012d89c                ZydisFormatterBufferRemember
                0xffffffff8012d8f6                ZydisFormatterBufferRestore
                0xffffffff8012d9b7                ZydisFormatterIntelFormatInstruction
                0xffffffff8012e0c8                ZydisFormatterIntelFormatOperandMEM
                0xffffffff8012e5a0                ZydisFormatterIntelPrintMnemonic
                0xffffffff8012e74c                ZydisFormatterIntelPrintRegister
                0xffffffff8012e82e                ZydisFormatterIntelPrintDISP
                0xffffffff8012ecfc                ZydisFormatterIntelPrintTypecast
                0xffffffff8012f156                ZydisFormatterIntelFormatInstructionMASM
                0xffffffff8012f18f                ZydisFormatterIntelPrintAddressMASM
                0xffffffff8012f428                ZydisCategoryGetString
                0xffffffff8012f44d                ZydisISASetGetString
                0xffffffff8012f475                ZydisISAExtGetString
                0xffffffff8012f49a                ZydisMnemonicGetString
                0xffffffff8012f4cd                ZydisMnemonicGetStringWrapped
                0xffffffff8012f4fd                ZydisRegisterEncode
                0xffffffff8012f57b                ZydisRegisterGetId
                0xffffffff8012f5b1                ZydisRegisterGetClass
                0xffffffff8012f5e6                ZydisRegisterGetWidth
                0xffffffff8012f640                ZydisRegisterGetLargestEnclosing
                0xffffffff8012f73e                ZydisRegisterGetString
                0xffffffff8012f771                ZydisRegisterGetStringWrapped
                0xffffffff8012f7a1                ZydisRegisterClassGetWidth
                0xffffffff8012f7f8                ZydisGetInstructionSegments
                0xffffffff8012fdb7                ZydisGetInstructionDefinition
                0xffffffff8012febc                ZydisGetOperandDefinitions
                0xffffffff8012ff23                ZydisGetElementInfo
                0xffffffff8012ff5b                ZydisGetAccessedFlags
                0xffffffff8012ffcc                ZydisStringAppendDecU64
                0xffffffff801301b2                ZydisStringAppendHexU64
                0xffffffff80130440                ZydisStringAppendDecU
                0xffffffff801304cf                ZydisStringAppendHexU
                0xffffffff8013056a                ZydisCalcAbsoluteAddress
                0xffffffff80130786                ZydisCalcAbsoluteAddressEx
                0xffffffff801308e1                ZydisGetVersion
                0xffffffff801308f1                ZydisIsFeatureEnabled
                0xffffffff80130b5a                ZydisDisassembleIntel
                0xffffffff80130b9a                ZydisDisassembleATT
 .text          0xffffffff80130bda       0xf2 src/oboskrnl/CMakeFiles/oboskrnl.dir/descriptors/gdt/gdt.cpp.obj
                0xffffffff80130bda                _ZN4obos13InitializeGdtEv
                0xffffffff80130cb2                _ZN4obos11SetTSSStackEPv
 .text          0xffffffff80130ccc      0x6a5 src/oboskrnl/CMakeFiles/oboskrnl.dir/vfs/mount.cpp.obj
                0xffffffff80130f52                _ZN4obos3vfs10MountDriveEtNS0_10mountFlagsEyy
                0xffffffff80131224                _ZN4obos3vfs12UnmountDriveEt
                0xffffffff80131371                _glb_text_start = .
 *(.glb.text)
 .glb.text      0xffffffff80131371       0x2a src/oboskrnl/CMakeFiles/oboskrnl.dir/process/process.cpp.obj
                0xffffffff80131371                _ZN4obos7process14ProcEntryPointEPv
                0xffffffff8013139b                _glb_text_end = .

.iplt           0xffffffff8013139b        0x0 load address 0x000000000013139b
 .iplt          0xffffffff8013139b        0x0 src/oboskrnl/CMakeFiles/oboskrnl.dir/boot/x86-64/kernel_bootstrap.asm.obj

.gnu.linkonce.t._ZN4obos6memory7PageMap21computeIndexAtAddressEyh
                0xffffffff8013139b       0x31 load address 0x000000000013139b
 .gnu.linkonce.t._ZN4obos6memory7PageMap21computeIndexAtAddressEyh
                0xffffffff8013139b       0x31 src/oboskrnl/CMakeFiles/oboskrnl.dir/x86-64/exception_handlers.cpp.obj
                0xffffffff8013139b                _ZN4obos6memory7PageMap21computeIndexAtAddressEyh

.gnu.linkonce.t._ZNK4obos6memory7PageMap10getPageMapEv
                0xffffffff801313cc       0x15 load address 0x00000000001313cc
 .gnu.linkonce.t._ZNK4obos6memory7PageMap10getPageMapEv
                0xffffffff801313cc       0x15 src/oboskrnl/CMakeFiles/oboskrnl.dir/memory_manager/paging/x86-64/init.cpp.obj
                0xffffffff801313cc                _ZNK4obos6memory7PageMap10getPageMapEv

.gnu.linkonce.t._ZN4obos7process7Process14allocatedBlockC1Ev
                0xffffffff801313e2       0x26 load address 0x00000000001313e2
 .gnu.linkonce.t._ZN4obos7process7Process14allocatedBlockC1Ev
                0xffffffff801313e2       0x26 src/oboskrnl/CMakeFiles/oboskrnl.dir/memory_manager/paging/x86-64/allocate.cpp.obj
                0xffffffff801313e2                _ZN4obos7process7Process14allocatedBlockC1Ev

.gnu.linkonce.t._ZN4obos6Handle7getTypeEv
                0xffffffff80131408       0x13 load address 0x0000000000131408
 .gnu.linkonce.t._ZN4obos6Handle7getTypeEv
                0xffffffff80131408       0x13 src/oboskrnl/CMakeFiles/oboskrnl.dir/boot/kmain.cpp.obj
                0xffffffff80131408                _ZN4obos6Handle7getTypeEv

.gnu.linkonce.t._ZN4obos6HandleD2Ev
                0xffffffff8013141c       0x1d load address 0x000000000013141c
 .gnu.linkonce.t._ZN4obos6HandleD2Ev
                0xffffffff8013141c       0x1d src/oboskrnl/CMakeFiles/oboskrnl.dir/boot/kmain.cpp.obj
                0xffffffff8013141c                _ZN4obos6HandleD2Ev

.gnu.linkonce.t._ZN4obos12multitasking12ThreadHandleD1Ev
                0xffffffff8013143a       0x35 load address 0x000000000013143a
 .gnu.linkonce.t._ZN4obos12multitasking12ThreadHandleD1Ev
                0xffffffff8013143a       0x35 src/oboskrnl/CMakeFiles/oboskrnl.dir/boot/kmain.cpp.obj
                0xffffffff8013143a                _ZN4obos12multitasking12ThreadHandleD1Ev

.gnu.linkonce.t._ZN4obos6Handle13getReferencesEv
                0xffffffff80131470       0x1a load address 0x0000000000131470
 .gnu.linkonce.t._ZN4obos6Handle13getReferencesEv
                0xffffffff80131470       0x1a src/oboskrnl/CMakeFiles/oboskrnl.dir/multitasking/threadHandle.cpp.obj
                0xffffffff80131470                _ZN4obos6Handle13getReferencesEv

.gnu.linkonce.t._ZN4obos12multitasking6ThreadD1Ev
                0xffffffff8013148a       0x53 load address 0x000000000013148a
 .gnu.linkonce.t._ZN4obos12multitasking6ThreadD1Ev
                0xffffffff8013148a       0x53 src/oboskrnl/CMakeFiles/oboskrnl.dir/multitasking/threadHandle.cpp.obj
                0xffffffff8013148a                _ZN4obos12multitasking6ThreadD1Ev

.gnu.linkonce.t._ZN4obos12multitasking6ThreadD0Ev
                0xffffffff801314de       0x2b load address 0x00000000001314de
 .gnu.linkonce.t._ZN4obos12multitasking6ThreadD0Ev
                0xffffffff801314de       0x2b src/oboskrnl/CMakeFiles/oboskrnl.dir/multitasking/threadHandle.cpp.obj
                0xffffffff801314de                _ZN4obos12multitasking6ThreadD0Ev

.gnu.linkonce.t._ZN4obos12multitasking12ThreadHandle7getTypeEv
                0xffffffff8013150a       0x13 load address 0x000000000013150a
 .gnu.linkonce.t._ZN4obos12multitasking12ThreadHandle7getTypeEv
                0xffffffff8013150a       0x13 src/oboskrnl/CMakeFiles/oboskrnl.dir/multitasking/threadHandle.cpp.obj
                0xffffffff8013150a                _ZN4obos12multitasking12ThreadHandle7getTypeEv

.gnu.linkonce.t._ZN4obos12multitasking12ThreadHandleD0Ev
                0xffffffff8013151e       0x2b load address 0x000000000013151e
 .gnu.linkonce.t._ZN4obos12multitasking12ThreadHandleD0Ev
                0xffffffff8013151e       0x2b src/oboskrnl/CMakeFiles/oboskrnl.dir/multitasking/threadHandle.cpp.obj
                0xffffffff8013151e                _ZN4obos12multitasking12ThreadHandleD0Ev

.gnu.linkonce.t._ZN4obos6HandleC2Ev
                0xffffffff8013154a       0x41 load address 0x000000000013154a
 .gnu.linkonce.t._ZN4obos6HandleC2Ev
                0xffffffff8013154a       0x41 src/oboskrnl/CMakeFiles/oboskrnl.dir/multitasking/threadHandle.cpp.obj
                0xffffffff8013154a                _ZN4obos6HandleC2Ev

.gnu.linkonce.t._ZN4obos12multitasking6ThreadC1Ev
                0xffffffff8013158c       0xe0 load address 0x000000000013158c
 .gnu.linkonce.t._ZN4obos12multitasking6ThreadC1Ev
                0xffffffff8013158c       0xe0 src/oboskrnl/CMakeFiles/oboskrnl.dir/multitasking/threadHandle.cpp.obj
                0xffffffff8013158c                _ZN4obos12multitasking6ThreadC1Ev

.gnu.linkonce.t._ZN4obos12multitasking11MutexHandle7getTypeEv
                0xffffffff8013166c       0x13 load address 0x000000000013166c
 .gnu.linkonce.t._ZN4obos12multitasking11MutexHandle7getTypeEv
                0xffffffff8013166c       0x13 src/oboskrnl/CMakeFiles/oboskrnl.dir/multitasking/mutex/mutexHandle.cpp.obj
                0xffffffff8013166c                _ZN4obos12multitasking11MutexHandle7getTypeEv

.gnu.linkonce.t._ZN4obos12multitasking5MutexC1Ev
                0xffffffff80131680       0x29 load address 0x0000000000131680
 .gnu.linkonce.t._ZN4obos12multitasking5MutexC1Ev
                0xffffffff80131680       0x29 src/oboskrnl/CMakeFiles/oboskrnl.dir/multitasking/mutex/mutexHandle.cpp.obj
                0xffffffff80131680                _ZN4obos12multitasking5MutexC1Ev

.gnu.linkonce.t._ZN4obos3vfs10commonNodeD2Ev
                0xffffffff801316aa       0x1d load address 0x00000000001316aa
 .gnu.linkonce.t._ZN4obos3vfs10commonNodeD2Ev
                0xffffffff801316aa       0x1d src/oboskrnl/CMakeFiles/oboskrnl.dir/vfs/mount.cpp.obj
                0xffffffff801316aa                _ZN4obos3vfs10commonNodeD2Ev

.gnu.linkonce.t._ZN4obos3vfs9mountNode7getTypeEv
                0xffffffff801316c8       0x13 load address 0x00000000001316c8
 .gnu.linkonce.t._ZN4obos3vfs9mountNode7getTypeEv
                0xffffffff801316c8       0x13 src/oboskrnl/CMakeFiles/oboskrnl.dir/vfs/mount.cpp.obj
                0xffffffff801316c8                _ZN4obos3vfs9mountNode7getTypeEv

.gnu.linkonce.t._ZN4obos3vfs9mountNodeD1Ev
                0xffffffff801316dc       0x29 load address 0x00000000001316dc
 .gnu.linkonce.t._ZN4obos3vfs9mountNodeD1Ev
                0xffffffff801316dc       0x29 src/oboskrnl/CMakeFiles/oboskrnl.dir/vfs/mount.cpp.obj
                0xffffffff801316dc                _ZN4obos3vfs9mountNodeD1Ev

.gnu.linkonce.t._ZN4obos3vfs9mountNodeD0Ev
                0xffffffff80131706       0x2b load address 0x0000000000131706
 .gnu.linkonce.t._ZN4obos3vfs9mountNodeD0Ev
                0xffffffff80131706       0x2b src/oboskrnl/CMakeFiles/oboskrnl.dir/vfs/mount.cpp.obj
                0xffffffff80131706                _ZN4obos3vfs9mountNodeD0Ev

.gnu.linkonce.t._ZN4obos3vfs13directoryNode7getTypeEv
                0xffffffff80131732       0x13 load address 0x0000000000131732
 .gnu.linkonce.t._ZN4obos3vfs13directoryNode7getTypeEv
                0xffffffff80131732       0x13 src/oboskrnl/CMakeFiles/oboskrnl.dir/vfs/mount.cpp.obj
                0xffffffff80131732                _ZN4obos3vfs13directoryNode7getTypeEv

.gnu.linkonce.t._ZN4obos3vfs13directoryNodeD1Ev
                0xffffffff80131746       0x29 load address 0x0000000000131746
 .gnu.linkonce.t._ZN4obos3vfs13directoryNodeD1Ev
                0xffffffff80131746       0x29 src/oboskrnl/CMakeFiles/oboskrnl.dir/vfs/mount.cpp.obj
                0xffffffff80131746                _ZN4obos3vfs13directoryNodeD1Ev

.gnu.linkonce.t._ZN4obos3vfs13directoryNodeD0Ev
                0xffffffff80131770       0x2b load address 0x0000000000131770
 .gnu.linkonce.t._ZN4obos3vfs13directoryNodeD0Ev
                0xffffffff80131770       0x2b src/oboskrnl/CMakeFiles/oboskrnl.dir/vfs/mount.cpp.obj
                0xffffffff80131770                _ZN4obos3vfs13directoryNodeD0Ev

.gnu.linkonce.t._ZN4obos3vfs8fileNode7getTypeEv
                0xffffffff8013179c       0x13 load address 0x000000000013179c
 .gnu.linkonce.t._ZN4obos3vfs8fileNode7getTypeEv
                0xffffffff8013179c       0x13 src/oboskrnl/CMakeFiles/oboskrnl.dir/vfs/mount.cpp.obj
                0xffffffff8013179c                _ZN4obos3vfs8fileNode7getTypeEv

.gnu.linkonce.t._ZN4obos3vfs8fileNodeD1Ev
                0xffffffff801317b0       0x29 load address 0x00000000001317b0
 .gnu.linkonce.t._ZN4obos3vfs8fileNodeD1Ev
                0xffffffff801317b0       0x29 src/oboskrnl/CMakeFiles/oboskrnl.dir/vfs/mount.cpp.obj
                0xffffffff801317b0                _ZN4obos3vfs8fileNodeD1Ev

.gnu.linkonce.t._ZN4obos3vfs8fileNodeD0Ev
                0xffffffff801317da       0x2b load address 0x00000000001317da
 .gnu.linkonce.t._ZN4obos3vfs8fileNodeD0Ev
                0xffffffff801317da       0x2b src/oboskrnl/CMakeFiles/oboskrnl.dir/vfs/mount.cpp.obj
                0xffffffff801317da                _ZN4obos3vfs8fileNodeD0Ev

.gnu.linkonce.t._ZN4obos3vfs10commonNodeC2Ev
                0xffffffff80131806       0x1d load address 0x0000000000131806
 .gnu.linkonce.t._ZN4obos3vfs10commonNodeC2Ev
                0xffffffff80131806       0x1d src/oboskrnl/CMakeFiles/oboskrnl.dir/vfs/mount.cpp.obj
                0xffffffff80131806                _ZN4obos3vfs10commonNodeC2Ev

.gnu.linkonce.t._ZN4obos3vfs13directoryNodeC1Ev
                0xffffffff80131824       0x29 load address 0x0000000000131824
 .gnu.linkonce.t._ZN4obos3vfs13directoryNodeC1Ev
                0xffffffff80131824       0x29 src/oboskrnl/CMakeFiles/oboskrnl.dir/vfs/mount.cpp.obj
                0xffffffff80131824                _ZN4obos3vfs13directoryNodeC1Ev

.gnu.linkonce.t._ZN4obos3vfs8fileNodeC1Ev
                0xffffffff8013184e       0x29 load address 0x000000000013184e
 .gnu.linkonce.t._ZN4obos3vfs8fileNodeC1Ev
                0xffffffff8013184e       0x29 src/oboskrnl/CMakeFiles/oboskrnl.dir/vfs/mount.cpp.obj
                0xffffffff8013184e                _ZN4obos3vfs8fileNodeC1Ev

.gnu.linkonce.t._ZN4obos3vfs9mountNodeC1Ev
                0xffffffff80131878       0x29 load address 0x0000000000131878
 .gnu.linkonce.t._ZN4obos3vfs9mountNodeC1Ev
                0xffffffff80131878       0x29 src/oboskrnl/CMakeFiles/oboskrnl.dir/vfs/mount.cpp.obj
                0xffffffff80131878                _ZN4obos3vfs9mountNodeC1Ev

.rodata         0xffffffff80132000    0x6e6c0 load address 0x0000000000132000
 *(.rodata)
 .rodata        0xffffffff80132000      0x439 src/oboskrnl/CMakeFiles/oboskrnl.dir/x86-64/exception_handlers.cpp.obj
 *fill*         0xffffffff80132439        0x7 
 .rodata        0xffffffff80132440       0x10 src/oboskrnl/CMakeFiles/oboskrnl.dir/memory_manager/paging/x86-64/init.cpp.obj
 .rodata        0xffffffff80132450       0x12 src/oboskrnl/CMakeFiles/oboskrnl.dir/memory_manager/paging/x86-64/allocate.cpp.obj
 *fill*         0xffffffff80132462        0x6 
 .rodata        0xffffffff80132468       0x10 src/oboskrnl/CMakeFiles/oboskrnl.dir/memory_manager/x86-64/physical.cpp.obj
 .rodata        0xffffffff80132478      0x595 src/oboskrnl/CMakeFiles/oboskrnl.dir/boot/kmain.cpp.obj
 *fill*         0xffffffff80132a0d        0x3 
 .rodata        0xffffffff80132a10       0x88 src/oboskrnl/CMakeFiles/oboskrnl.dir/console.cpp.obj
 .rodata        0xffffffff80132a98      0x260 src/oboskrnl/CMakeFiles/oboskrnl.dir/klog.cpp.obj
 .rodata        0xffffffff80132cf8      0x808 src/oboskrnl/CMakeFiles/oboskrnl.dir/inline-asm.cpp.obj
 .rodata        0xffffffff80133500       0xa2 src/oboskrnl/CMakeFiles/oboskrnl.dir/multitasking/threadHandle.cpp.obj
 *fill*         0xffffffff801335a2        0x6 
 .rodata        0xffffffff801335a8       0xa2 src/oboskrnl/CMakeFiles/oboskrnl.dir/multitasking/multitasking.cpp.obj
 *fill*         0xffffffff8013364a        0x2 
 .rodata        0xffffffff8013364c       0x50 src/oboskrnl/CMakeFiles/oboskrnl.dir/elf/elf.cpp.obj
 *fill*         0xffffffff8013369c        0x4 
 .rodata        0xffffffff801336a0       0xa2 src/oboskrnl/CMakeFiles/oboskrnl.dir/multitasking/thread.cpp.obj
 .rodata        0xffffffff80133742        0x2 src/oboskrnl/CMakeFiles/oboskrnl.dir/multitasking/mutex/mutex.cpp.obj
 .rodata        0xffffffff80133744        0x2 src/oboskrnl/CMakeFiles/oboskrnl.dir/multitasking/mutex/mutexHandle.cpp.obj
 *fill*         0xffffffff80133746        0x2 
 .rodata        0xffffffff80133748      0x107 src/oboskrnl/CMakeFiles/oboskrnl.dir/process/process.cpp.obj
 *fill*         0xffffffff8013384f        0x1 
 .rodata        0xffffffff80133850       0x70 src/oboskrnl/CMakeFiles/oboskrnl.dir/driver_api/syscalls.cpp.obj
 .rodata        0xffffffff801338c0        0x2 src/oboskrnl/CMakeFiles/oboskrnl.dir/syscalls/syscalls.cpp.obj
 *fill*         0xffffffff801338c2       0x1e 
 .rodata        0xffffffff801338e0    0x6cde0 src/oboskrnl/CMakeFiles/oboskrnl.dir/external/amalgamated-dist/Zydis.c.obj
                0xffffffff80134100                FILTERS_XOP
                0xffffffff80134140                FILTERS_VEX
                0xffffffff801341c0                FILTERS_EMVEX
                0xffffffff80134260                FILTERS_OPCODE
                0xffffffff8013cc60                FILTERS_MODE
                0xffffffff8013cc80                FILTERS_MODE_COMPACT
                0xffffffff8013d370                FILTERS_PREFIX_GROUP1
                0xffffffff8013d388                FILTERS_MODRM_MOD
                0xffffffff8013d3a0                FILTERS_MODRM_MOD_COMPACT
                0xffffffff8013ff00                FILTERS_MODRM_REG
                0xffffffff80140a60                FILTERS_MODRM_RM
                0xffffffff80141100                FILTERS_MANDATORY_PREFIX
                0xffffffff80142a80                FILTERS_OPERAND_SIZE
                0xffffffff80142c00                FILTERS_ADDRESS_SIZE
                0xffffffff80142e20                FILTERS_VECTOR_LENGTH
                0xffffffff80146520                FILTERS_REX_W
                0xffffffff80148d22                FILTERS_REX_B
                0xffffffff80148d40                FILTERS_EVEX_B
                0xffffffff8014a7a0                FILTERS_MVEX_E
                0xffffffff8014aa80                FILTERS_MODE_AMD
                0xffffffff8014ab00                FILTERS_MODE_KNC
                0xffffffff8014ab30                FILTERS_MODE_MPX
                0xffffffff8014ab40                FILTERS_MODE_CET
                0xffffffff8014ab60                FILTERS_MODE_LZCNT
                0xffffffff8014ab70                FILTERS_MODE_TZCNT
                0xffffffff8014ab7c                FILTERS_MODE_WBNOINVD
                0xffffffff8014ab82                FILTERS_MODE_CLDEMOTE
                0xffffffff8014ab88                FILTERS_MODE_CENTAUR
                0xffffffff8014ab8e                zydis_decoder_tree_root
                0xffffffff8014b1e0                encoder_instruction_lookup
                0xffffffff8014cd60                encoder_instructions
                0xffffffff80169c40                ISTR_DEFINITIONS_LEGACY
                0xffffffff80170620                ISTR_DEFINITIONS_3DNOW
                0xffffffff80170860                ISTR_DEFINITIONS_XOP
                0xffffffff80171160                ISTR_DEFINITIONS_VEX
                0xffffffff80176920                ISTR_DEFINITIONS_EVEX
                0xffffffff80184ce0                ISTR_DEFINITIONS_MVEX
                0xffffffff801864c0                OPERAND_DEFINITIONS
                0xffffffff801a06c0                _ZN4obos6memory9__erodataE = .

.gnu.linkonce.r._ZTVN4obos6HandleE
                0xffffffff801a06c0       0x38 load address 0x00000000001a06c0
 .gnu.linkonce.r._ZTVN4obos6HandleE
                0xffffffff801a06c0       0x38 src/oboskrnl/CMakeFiles/oboskrnl.dir/boot/kmain.cpp.obj
                0xffffffff801a06c0                _ZTVN4obos6HandleE

.gnu.linkonce.r._ZTVN4obos5utils8BitfieldE
                0xffffffff801a06f8       0x60 load address 0x00000000001a06f8
 .gnu.linkonce.r._ZTVN4obos5utils8BitfieldE
                0xffffffff801a06f8       0x60 src/oboskrnl/CMakeFiles/oboskrnl.dir/utils/bitfields.cpp.obj
                0xffffffff801a06f8                _ZTVN4obos5utils8BitfieldE

.gnu.linkonce.r._ZTVN4obos5utils12BitfieldBaseE
                0xffffffff801a0758       0x40 load address 0x00000000001a0758
 .gnu.linkonce.r._ZTVN4obos5utils12BitfieldBaseE
                0xffffffff801a0758       0x40 src/oboskrnl/CMakeFiles/oboskrnl.dir/utils/bitfields.cpp.obj
                0xffffffff801a0758                _ZTVN4obos5utils12BitfieldBaseE

.gnu.linkonce.r._ZTVN4obos5utils15IntegerBitfieldE
                0xffffffff801a0798       0x60 load address 0x00000000001a0798
 .gnu.linkonce.r._ZTVN4obos5utils15IntegerBitfieldE
                0xffffffff801a0798       0x60 src/oboskrnl/CMakeFiles/oboskrnl.dir/utils/bitfields.cpp.obj
                0xffffffff801a0798                _ZTVN4obos5utils15IntegerBitfieldE

.gnu.linkonce.r._ZTVN4obos12multitasking12ThreadHandleE
                0xffffffff801a07f8       0x38 load address 0x00000000001a07f8
 .gnu.linkonce.r._ZTVN4obos12multitasking12ThreadHandleE
                0xffffffff801a07f8       0x38 src/oboskrnl/CMakeFiles/oboskrnl.dir/multitasking/threadHandle.cpp.obj
                0xffffffff801a07f8                _ZTVN4obos12multitasking12ThreadHandleE

.gnu.linkonce.r._ZTVN4obos12multitasking6ThreadE
                0xffffffff801a0830       0x20 load address 0x00000000001a0830
 .gnu.linkonce.r._ZTVN4obos12multitasking6ThreadE
                0xffffffff801a0830       0x20 src/oboskrnl/CMakeFiles/oboskrnl.dir/multitasking/threadHandle.cpp.obj
                0xffffffff801a0830                _ZTVN4obos12multitasking6ThreadE

.gnu.linkonce.r._ZTVN4obos12multitasking11MutexHandleE
                0xffffffff801a0850       0x38 load address 0x00000000001a0850
 .gnu.linkonce.r._ZTVN4obos12multitasking11MutexHandleE
                0xffffffff801a0850       0x38 src/oboskrnl/CMakeFiles/oboskrnl.dir/multitasking/mutex/mutexHandle.cpp.obj
                0xffffffff801a0850                _ZTVN4obos12multitasking11MutexHandleE

.gnu.linkonce.r._ZTVN4obos3vfs8fileNodeE
                0xffffffff801a0888       0x28 load address 0x00000000001a0888
 .gnu.linkonce.r._ZTVN4obos3vfs8fileNodeE
                0xffffffff801a0888       0x28 src/oboskrnl/CMakeFiles/oboskrnl.dir/vfs/mount.cpp.obj
                0xffffffff801a0888                _ZTVN4obos3vfs8fileNodeE

.gnu.linkonce.r._ZTVN4obos3vfs13directoryNodeE
                0xffffffff801a08b0       0x28 load address 0x00000000001a08b0
 .gnu.linkonce.r._ZTVN4obos3vfs13directoryNodeE
                0xffffffff801a08b0       0x28 src/oboskrnl/CMakeFiles/oboskrnl.dir/vfs/mount.cpp.obj
                0xffffffff801a08b0                _ZTVN4obos3vfs13directoryNodeE

.gnu.linkonce.r._ZTVN4obos3vfs9mountNodeE
                0xffffffff801a08d8       0x28 load address 0x00000000001a08d8
 .gnu.linkonce.r._ZTVN4obos3vfs9mountNodeE
                0xffffffff801a08d8       0x28 src/oboskrnl/CMakeFiles/oboskrnl.dir/vfs/mount.cpp.obj
                0xffffffff801a08d8                _ZTVN4obos3vfs9mountNodeE

.gnu.linkonce.r._ZTVN4obos3vfs10commonNodeE
                0xffffffff801a0900       0x28 load address 0x00000000001a0900
 .gnu.linkonce.r._ZTVN4obos3vfs10commonNodeE
                0xffffffff801a0900       0x28 src/oboskrnl/CMakeFiles/oboskrnl.dir/vfs/mount.cpp.obj
                0xffffffff801a0900                _ZTVN4obos3vfs10commonNodeE

.rela.dyn       0xffffffff801a0928        0x0 load address 0x00000000001a0928
 .rela.got      0xffffffff801a0928        0x0 src/oboskrnl/CMakeFiles/oboskrnl.dir/boot/x86-64/kernel_bootstrap.asm.obj
 .rela.iplt     0xffffffff801a0928        0x0 src/oboskrnl/CMakeFiles/oboskrnl.dir/boot/x86-64/kernel_bootstrap.asm.obj
 .rela.text     0xffffffff801a0928        0x0 src/oboskrnl/CMakeFiles/oboskrnl.dir/boot/x86-64/kernel_bootstrap.asm.obj
 .rela.gnu.linkonce.t._ZN4obos6HandleD2Ev
                0xffffffff801a0928        0x0 src/oboskrnl/CMakeFiles/oboskrnl.dir/boot/x86-64/kernel_bootstrap.asm.obj
 .rela.gnu.linkonce.t._ZN4obos12multitasking12ThreadHandleD1Ev
                0xffffffff801a0928        0x0 src/oboskrnl/CMakeFiles/oboskrnl.dir/boot/x86-64/kernel_bootstrap.asm.obj
 .rela.gnu.linkonce.r._ZTVN4obos6HandleE
                0xffffffff801a0928        0x0 src/oboskrnl/CMakeFiles/oboskrnl.dir/boot/x86-64/kernel_bootstrap.asm.obj
 .rela.gnu.linkonce.t._ZN4obos12multitasking6ThreadD1Ev
                0xffffffff801a0928        0x0 src/oboskrnl/CMakeFiles/oboskrnl.dir/boot/x86-64/kernel_bootstrap.asm.obj
 .rela.gnu.linkonce.t._ZN4obos6HandleC2Ev
                0xffffffff801a0928        0x0 src/oboskrnl/CMakeFiles/oboskrnl.dir/boot/x86-64/kernel_bootstrap.asm.obj
 .rela.gnu.linkonce.t._ZN4obos12multitasking6ThreadC1Ev
                0xffffffff801a0928        0x0 src/oboskrnl/CMakeFiles/oboskrnl.dir/boot/x86-64/kernel_bootstrap.asm.obj
 .rela.gnu.linkonce.r._ZTVN4obos12multitasking12ThreadHandleE
                0xffffffff801a0928        0x0 src/oboskrnl/CMakeFiles/oboskrnl.dir/boot/x86-64/kernel_bootstrap.asm.obj
 .rela.gnu.linkonce.r._ZTVN4obos12multitasking6ThreadE
                0xffffffff801a0928        0x0 src/oboskrnl/CMakeFiles/oboskrnl.dir/boot/x86-64/kernel_bootstrap.asm.obj
 .rela.gnu.linkonce.r._ZTVN4obos12multitasking11MutexHandleE
                0xffffffff801a0928        0x0 src/oboskrnl/CMakeFiles/oboskrnl.dir/boot/x86-64/kernel_bootstrap.asm.obj
 .rela.gnu.linkonce.t._ZN4obos3vfs10commonNodeD2Ev
                0xffffffff801a0928        0x0 src/oboskrnl/CMakeFiles/oboskrnl.dir/boot/x86-64/kernel_bootstrap.asm.obj
 .rela.gnu.linkonce.t._ZN4obos3vfs9mountNodeD1Ev
                0xffffffff801a0928        0x0 src/oboskrnl/CMakeFiles/oboskrnl.dir/boot/x86-64/kernel_bootstrap.asm.obj
 .rela.gnu.linkonce.t._ZN4obos3vfs13directoryNodeD1Ev
                0xffffffff801a0928        0x0 src/oboskrnl/CMakeFiles/oboskrnl.dir/boot/x86-64/kernel_bootstrap.asm.obj
 .rela.gnu.linkonce.t._ZN4obos3vfs8fileNodeD1Ev
                0xffffffff801a0928        0x0 src/oboskrnl/CMakeFiles/oboskrnl.dir/boot/x86-64/kernel_bootstrap.asm.obj
 .rela.gnu.linkonce.t._ZN4obos3vfs10commonNodeC2Ev
                0xffffffff801a0928        0x0 src/oboskrnl/CMakeFiles/oboskrnl.dir/boot/x86-64/kernel_bootstrap.asm.obj
 .rela.gnu.linkonce.t._ZN4obos3vfs13directoryNodeC1Ev
                0xffffffff801a0928        0x0 src/oboskrnl/CMakeFiles/oboskrnl.dir/boot/x86-64/kernel_bootstrap.asm.obj
 .rela.gnu.linkonce.t._ZN4obos3vfs8fileNodeC1Ev
                0xffffffff801a0928        0x0 src/oboskrnl/CMakeFiles/oboskrnl.dir/boot/x86-64/kernel_bootstrap.asm.obj
 .rela.gnu.linkonce.t._ZN4obos3vfs9mountNodeC1Ev
                0xffffffff801a0928        0x0 src/oboskrnl/CMakeFiles/oboskrnl.dir/boot/x86-64/kernel_bootstrap.asm.obj
 .rela.gnu.linkonce.r._ZTVN4obos3vfs8fileNodeE
                0xffffffff801a0928        0x0 src/oboskrnl/CMakeFiles/oboskrnl.dir/boot/x86-64/kernel_bootstrap.asm.obj
 .rela.gnu.linkonce.r._ZTVN4obos3vfs13directoryNodeE
                0xffffffff801a0928        0x0 src/oboskrnl/CMakeFiles/oboskrnl.dir/boot/x86-64/kernel_bootstrap.asm.obj
 .rela.gnu.linkonce.r._ZTVN4obos3vfs9mountNodeE
                0xffffffff801a0928        0x0 src/oboskrnl/CMakeFiles/oboskrnl.dir/boot/x86-64/kernel_bootstrap.asm.obj
 .rela.gnu.linkonce.r._ZTVN4obos3vfs10commonNodeE
                0xffffffff801a0928        0x0 src/oboskrnl/CMakeFiles/oboskrnl.dir/boot/x86-64/kernel_bootstrap.asm.obj

.data           0xffffffff801a1000      0xccc load address 0x00000000001a1000
 *(.data)
 .data          0xffffffff801a1000        0x0 src/oboskrnl/CMakeFiles/oboskrnl.dir/descriptors/idt/x86-64/handlers.asm.obj
 .data          0xffffffff801a1000       0x10 src/oboskrnl/CMakeFiles/oboskrnl.dir/syscalls/interrupts.asm.obj
 .data          0xffffffff801a1010       0x42 src/oboskrnl/CMakeFiles/oboskrnl.dir/descriptors/gdt/gdt_x86-64.asm.obj
                0xffffffff801a1010                GDT
                0xffffffff801a1038                TSS
 .data          0xffffffff801a1052        0x0 src/oboskrnl/CMakeFiles/oboskrnl.dir/descriptors/idt/x86-64/idt.cpp.obj
 .data          0xffffffff801a1052        0x0 src/oboskrnl/CMakeFiles/oboskrnl.dir/x86-64/exception_handlers.cpp.obj
 .data          0xffffffff801a1052        0x0 src/oboskrnl/CMakeFiles/oboskrnl.dir/memory_manager/paging/x86-64/init.cpp.obj
 .data          0xffffffff801a1052        0x0 src/oboskrnl/CMakeFiles/oboskrnl.dir/memory_manager/paging/x86-64/allocate.cpp.obj
 .data          0xffffffff801a1052        0x0 src/oboskrnl/CMakeFiles/oboskrnl.dir/memory_manager/x86-64/physical.cpp.obj
 *fill*         0xffffffff801a1052        0x6 
 .data          0xffffffff801a1058        0x8 src/oboskrnl/CMakeFiles/oboskrnl.dir/boot/kmain.cpp.obj
                0xffffffff801a1058                __dso_handle
 .data          0xffffffff801a1060        0x0 src/oboskrnl/CMakeFiles/oboskrnl.dir/console.cpp.obj
 .data          0xffffffff801a1060        0x8 src/oboskrnl/CMakeFiles/oboskrnl.dir/klog.cpp.obj
 .data          0xffffffff801a1068        0x0 src/oboskrnl/CMakeFiles/oboskrnl.dir/inline-asm.cpp.obj
 .data          0xffffffff801a1068        0x0 src/oboskrnl/CMakeFiles/oboskrnl.dir/utils/bitfields.cpp.obj
 .data          0xffffffff801a1068        0x0 src/oboskrnl/CMakeFiles/oboskrnl.dir/descriptors/idt/pic.cpp.obj
 .data          0xffffffff801a1068        0x0 src/oboskrnl/CMakeFiles/oboskrnl.dir/external/list/list_iterator.c.obj
 .data          0xffffffff801a1068        0x0 src/oboskrnl/CMakeFiles/oboskrnl.dir/utils/memory.cpp.obj
 .data          0xffffffff801a1068        0x8 src/oboskrnl/CMakeFiles/oboskrnl.dir/memory_manager/paging/liballoc_hooks.cpp.obj
                0xffffffff801a1068                liballoc_base
 .data          0xffffffff801a1070        0x8 src/oboskrnl/CMakeFiles/oboskrnl.dir/memory_manager/liballoc/liballoc.c.obj
 .data          0xffffffff801a1078        0x0 src/oboskrnl/CMakeFiles/oboskrnl.dir/multitasking/threadHandle.cpp.obj
 .data          0xffffffff801a1078        0x0 src/oboskrnl/CMakeFiles/oboskrnl.dir/external/list/list_node.c.obj
 .data          0xffffffff801a1078        0x0 src/oboskrnl/CMakeFiles/oboskrnl.dir/external/list/list.c.obj
 .data          0xffffffff801a1078        0x0 src/oboskrnl/CMakeFiles/oboskrnl.dir/multitasking/multitasking.cpp.obj
 .data          0xffffffff801a1078        0x0 src/oboskrnl/CMakeFiles/oboskrnl.dir/elf/elf.cpp.obj
 .data          0xffffffff801a1078        0x4 src/oboskrnl/CMakeFiles/oboskrnl.dir/multitasking/thread.cpp.obj
                0xffffffff801a1078                _ZN4obos12multitasking15g_nextThreadTidE
 .data          0xffffffff801a107c        0x0 src/oboskrnl/CMakeFiles/oboskrnl.dir/multitasking/mutex/mutex.cpp.obj
 .data          0xffffffff801a107c        0x0 src/oboskrnl/CMakeFiles/oboskrnl.dir/multitasking/mutex/mutexHandle.cpp.obj
 .data          0xffffffff801a107c        0x0 src/oboskrnl/CMakeFiles/oboskrnl.dir/process/process.cpp.obj
 .data          0xffffffff801a107c        0x0 src/oboskrnl/CMakeFiles/oboskrnl.dir/driver_api/interrupts.cpp.obj
 *fill*         0xffffffff801a107c        0x4 
 .data          0xffffffff801a1080        0x8 src/oboskrnl/CMakeFiles/oboskrnl.dir/driver_api/syscalls.cpp.obj
                0xffffffff801a1080                _ZN4obos9driverAPI27g_registeredDriversCapacityE
 .data          0xffffffff801a1088        0x0 src/oboskrnl/CMakeFiles/oboskrnl.dir/syscalls/syscalls.cpp.obj
 *fill*         0xffffffff801a1088       0x18 
 .data          0xffffffff801a10a0      0xc2c src/oboskrnl/CMakeFiles/oboskrnl.dir/external/amalgamated-dist/Zydis.c.obj
 .data          0xffffffff801a1ccc        0x0 src/oboskrnl/CMakeFiles/oboskrnl.dir/descriptors/gdt/gdt.cpp.obj
 .data          0xffffffff801a1ccc        0x0 src/oboskrnl/CMakeFiles/oboskrnl.dir/vfs/mount.cpp.obj

.got            0xffffffff801a1cd0        0x0 load address 0x00000000001a1cd0
 .got           0xffffffff801a1cd0        0x0 src/oboskrnl/CMakeFiles/oboskrnl.dir/boot/x86-64/kernel_bootstrap.asm.obj

.got.plt        0xffffffff801a1cd0        0x0 load address 0x00000000001a1cd0
 .got.plt       0xffffffff801a1cd0        0x0 src/oboskrnl/CMakeFiles/oboskrnl.dir/boot/x86-64/kernel_bootstrap.asm.obj

.igot.plt       0xffffffff801a1cd0        0x0 load address 0x00000000001a1cd0
 .igot.plt      0xffffffff801a1cd0        0x0 src/oboskrnl/CMakeFiles/oboskrnl.dir/boot/x86-64/kernel_bootstrap.asm.obj

.eh_frame       0xffffffff801a1cd0     0x78cc load address 0x00000000001a1cd0
 .eh_frame      0xffffffff801a1cd0       0xc0 src/oboskrnl/CMakeFiles/oboskrnl.dir/descriptors/idt/x86-64/idt.cpp.obj
 .eh_frame      0xffffffff801a1d90      0x158 src/oboskrnl/CMakeFiles/oboskrnl.dir/x86-64/exception_handlers.cpp.obj
                                        0x170 (size before relaxing)
 .eh_frame      0xffffffff801a1ee8      0x380 src/oboskrnl/CMakeFiles/oboskrnl.dir/memory_manager/paging/x86-64/init.cpp.obj
                                        0x398 (size before relaxing)
 .eh_frame      0xffffffff801a2268      0x238 src/oboskrnl/CMakeFiles/oboskrnl.dir/memory_manager/paging/x86-64/allocate.cpp.obj
                                        0x288 (size before relaxing)
 .eh_frame      0xffffffff801a24a0      0x120 src/oboskrnl/CMakeFiles/oboskrnl.dir/memory_manager/x86-64/physical.cpp.obj
                                        0x138 (size before relaxing)
 .eh_frame      0xffffffff801a25c0      0x348 src/oboskrnl/CMakeFiles/oboskrnl.dir/boot/kmain.cpp.obj
                                        0x360 (size before relaxing)
 .eh_frame      0xffffffff801a2908      0x440 src/oboskrnl/CMakeFiles/oboskrnl.dir/console.cpp.obj
                                        0x458 (size before relaxing)
 .eh_frame      0xffffffff801a2d48      0x518 src/oboskrnl/CMakeFiles/oboskrnl.dir/klog.cpp.obj
                                        0x530 (size before relaxing)
 .eh_frame      0xffffffff801a3260      0x2d8 src/oboskrnl/CMakeFiles/oboskrnl.dir/inline-asm.cpp.obj
                                        0x2f0 (size before relaxing)
 .eh_frame      0xffffffff801a3538      0x520 src/oboskrnl/CMakeFiles/oboskrnl.dir/utils/bitfields.cpp.obj
                                        0x538 (size before relaxing)
 .eh_frame      0xffffffff801a3a58      0x3b8 src/oboskrnl/CMakeFiles/oboskrnl.dir/descriptors/idt/pic.cpp.obj
                                        0x3d0 (size before relaxing)
 .eh_frame      0xffffffff801a3e10       0xe0 src/oboskrnl/CMakeFiles/oboskrnl.dir/external/list/list_iterator.c.obj
                                         0xf8 (size before relaxing)
 .eh_frame      0xffffffff801a3ef0      0x120 src/oboskrnl/CMakeFiles/oboskrnl.dir/utils/memory.cpp.obj
                                        0x138 (size before relaxing)
 .eh_frame      0xffffffff801a4010      0x310 src/oboskrnl/CMakeFiles/oboskrnl.dir/memory_manager/paging/liballoc_hooks.cpp.obj
                                        0x328 (size before relaxing)
 .eh_frame      0xffffffff801a4320      0x188 src/oboskrnl/CMakeFiles/oboskrnl.dir/memory_manager/liballoc/liballoc.c.obj
                                        0x1a0 (size before relaxing)
 .eh_frame      0xffffffff801a44a8      0x870 src/oboskrnl/CMakeFiles/oboskrnl.dir/multitasking/threadHandle.cpp.obj
                                        0x930 (size before relaxing)
 .eh_frame      0xffffffff801a4d18       0x38 src/oboskrnl/CMakeFiles/oboskrnl.dir/external/list/list_node.c.obj
                                         0x50 (size before relaxing)
 .eh_frame      0xffffffff801a4d50      0x1f8 src/oboskrnl/CMakeFiles/oboskrnl.dir/external/list/list.c.obj
                                        0x210 (size before relaxing)
 .eh_frame      0xffffffff801a4f48      0x210 src/oboskrnl/CMakeFiles/oboskrnl.dir/multitasking/multitasking.cpp.obj
                                        0x2d0 (size before relaxing)
 .eh_frame      0xffffffff801a5158       0x70 src/oboskrnl/CMakeFiles/oboskrnl.dir/elf/elf.cpp.obj
                                         0x88 (size before relaxing)
 .eh_frame      0xffffffff801a51c8       0x70 src/oboskrnl/CMakeFiles/oboskrnl.dir/multitasking/thread.cpp.obj
                                         0xf8 (size before relaxing)
 .eh_frame      0xffffffff801a5238       0xe0 src/oboskrnl/CMakeFiles/oboskrnl.dir/multitasking/mutex/mutex.cpp.obj
                                         0xf8 (size before relaxing)
 .eh_frame      0xffffffff801a5318      0x240 src/oboskrnl/CMakeFiles/oboskrnl.dir/multitasking/mutex/mutexHandle.cpp.obj
                                        0x338 (size before relaxing)
 .eh_frame      0xffffffff801a5558      0x358 src/oboskrnl/CMakeFiles/oboskrnl.dir/process/process.cpp.obj
                                        0x568 (size before relaxing)
 .eh_frame      0xffffffff801a58b0       0xe0 src/oboskrnl/CMakeFiles/oboskrnl.dir/driver_api/interrupts.cpp.obj
                                         0xf8 (size before relaxing)
 .eh_frame      0xffffffff801a5990      0x3d8 src/oboskrnl/CMakeFiles/oboskrnl.dir/driver_api/syscalls.cpp.obj
                                        0x460 (size before relaxing)
 .eh_frame      0xffffffff801a5d68      0x968 src/oboskrnl/CMakeFiles/oboskrnl.dir/syscalls/syscalls.cpp.obj
                                        0x980 (size before relaxing)
 .eh_frame      0xffffffff801a66d0     0x2a98 src/oboskrnl/CMakeFiles/oboskrnl.dir/external/amalgamated-dist/Zydis.c.obj
                                       0x2ab0 (size before relaxing)
 .eh_frame      0xffffffff801a9168       0x70 src/oboskrnl/CMakeFiles/oboskrnl.dir/descriptors/gdt/gdt.cpp.obj
                                         0x88 (size before relaxing)
 .eh_frame      0xffffffff801a91d8      0x3c4 src/oboskrnl/CMakeFiles/oboskrnl.dir/vfs/mount.cpp.obj
                                        0x418 (size before relaxing)

.ctors          0xffffffff801a95a0       0x10 load address 0x00000000001a95a0
 .ctors         0xffffffff801a95a0        0x8 src/oboskrnl/CMakeFiles/oboskrnl.dir/memory_manager/paging/x86-64/init.cpp.obj
 .ctors         0xffffffff801a95a8        0x8 src/oboskrnl/CMakeFiles/oboskrnl.dir/console.cpp.obj

.bss            0xffffffff801aa000     0xf549 load address 0x00000000001aa000
 *(COMMON)
 *(.bss)
 .bss           0xffffffff801aa000     0x1820 src/oboskrnl/CMakeFiles/oboskrnl.dir/descriptors/idt/x86-64/idt.cpp.obj
                0xffffffff801aa000                _ZN4obos19g_interruptHandlersE
 .bss           0xffffffff801ab820        0x0 src/oboskrnl/CMakeFiles/oboskrnl.dir/x86-64/exception_handlers.cpp.obj
 .bss           0xffffffff801ab820       0x28 src/oboskrnl/CMakeFiles/oboskrnl.dir/memory_manager/paging/x86-64/init.cpp.obj
                0xffffffff801ab820                _ZN4obos6memory15g_level4PageMapE
                0xffffffff801ab830                _ZN4obos6memory15g_kernelPageMapE
                0xffffffff801ab840                _ZN4obos6memory10g_zeroPageE
 *fill*         0xffffffff801ab848      0x7b8 
 .bss           0xffffffff801ac000     0x2000 src/oboskrnl/CMakeFiles/oboskrnl.dir/memory_manager/paging/x86-64/allocate.cpp.obj
                0xffffffff801ac000                _ZN4obos6memory27g_pageTableMapPageDirectoryE
 .bss           0xffffffff801ae000       0x28 src/oboskrnl/CMakeFiles/oboskrnl.dir/memory_manager/x86-64/physical.cpp.obj
                0xffffffff801ae000                _ZN4obos6memory24g_physicalMemoryBitfieldE
                0xffffffff801ae008                _ZN4obos6memory14g_sizeOfMemoryE
                0xffffffff801ae010                _ZN4obos6memory17g_nPagesAllocatedE
                0xffffffff801ae018                _ZN4obos6memory15g_bitfieldCountE
                0xffffffff801ae020                _ZN4obos6memory12g_mmapLengthE
 *fill*         0xffffffff801ae028       0x18 
 .bss           0xffffffff801ae040     0x19b9 src/oboskrnl/CMakeFiles/oboskrnl.dir/boot/kmain.cpp.obj
                0xffffffff801ae040                _ZN4obos15g_multibootInfoE
                0xffffffff801ae048                _ZN4obos15g_kernelProcessE
                0xffffffff801ae060                __atexitFuncs
                0xffffffff801af860                __atexitFuncCount
 *fill*         0xffffffff801af9f9        0x7 
 .bss           0xffffffff801afa00       0x81 src/oboskrnl/CMakeFiles/oboskrnl.dir/console.cpp.obj
                0xffffffff801afa00                _ZN4obos17s_foregroundColorE
                0xffffffff801afa04                _ZN4obos17s_backgroundColorE
                0xffffffff801afa08                _ZN4obos16s_terminalColumnE
                0xffffffff801afa0c                _ZN4obos13s_terminalRowE
                0xffffffff801afa10                _ZN4obos20s_reachedEndTerminalE
                0xffffffff801afa18                _ZN4obos13s_framebufferE
                0xffffffff801afa20                _ZN4obos12s_backbufferE
                0xffffffff801afa28                _ZN4obos18s_framebufferWidthE
                0xffffffff801afa30                _ZN4obos19s_framebufferHeightE
                0xffffffff801afa38                _ZN4obos16s_nCharsVerticalE
                0xffffffff801afa40                _ZN4obos18s_nCharsHorizontalE
                0xffffffff801afa48                _ZN4obos4fontE
 .bss           0xffffffff801afa81        0x0 src/oboskrnl/CMakeFiles/oboskrnl.dir/klog.cpp.obj
 *fill*         0xffffffff801afa81        0x3 
 .bss           0xffffffff801afa84        0x8 src/oboskrnl/CMakeFiles/oboskrnl.dir/inline-asm.cpp.obj
                0xffffffff801afa84                inKernelSection
                0xffffffff801afa88                _ZN4obos11countCalledE
 .bss           0xffffffff801afa8c        0x0 src/oboskrnl/CMakeFiles/oboskrnl.dir/utils/bitfields.cpp.obj
 .bss           0xffffffff801afa8c        0x0 src/oboskrnl/CMakeFiles/oboskrnl.dir/descriptors/idt/pic.cpp.obj
 .bss           0xffffffff801afa8c        0x0 src/oboskrnl/CMakeFiles/oboskrnl.dir/external/list/list_iterator.c.obj
 .bss           0xffffffff801afa8c        0x0 src/oboskrnl/CMakeFiles/oboskrnl.dir/utils/memory.cpp.obj
 *fill*         0xffffffff801afa8c        0x4 
 .bss           0xffffffff801afa90        0x8 src/oboskrnl/CMakeFiles/oboskrnl.dir/memory_manager/paging/liballoc_hooks.cpp.obj
                0xffffffff801afa90                _ZN4obos25g_nLiballocPagesAllocatedE
 .bss           0xffffffff801afa98       0x38 src/oboskrnl/CMakeFiles/oboskrnl.dir/memory_manager/liballoc/liballoc.c.obj
 .bss           0xffffffff801afad0        0x0 src/oboskrnl/CMakeFiles/oboskrnl.dir/multitasking/threadHandle.cpp.obj
 .bss           0xffffffff801afad0        0x0 src/oboskrnl/CMakeFiles/oboskrnl.dir/external/list/list_node.c.obj
 .bss           0xffffffff801afad0        0x0 src/oboskrnl/CMakeFiles/oboskrnl.dir/external/list/list.c.obj
 *fill*         0xffffffff801afad0       0x10 
 .bss           0xffffffff801afae0       0x68 src/oboskrnl/CMakeFiles/oboskrnl.dir/multitasking/multitasking.cpp.obj
                0xffffffff801afae0                _ZN4obos12multitasking9g_threadsE
                0xffffffff801afb00                _ZN4obos12multitasking20g_threadPriorityListE
                0xffffffff801afb20                _ZN4obos12multitasking15g_currentThreadE
                0xffffffff801afb28                _ZN4obos12multitasking13g_initializedE
                0xffffffff801afb30                _ZN4obos12multitasking16g_schedulerMutexE
                0xffffffff801afb38                _ZN4obos12multitasking12g_timerTicksE
 .bss           0xffffffff801afb48        0x0 src/oboskrnl/CMakeFiles/oboskrnl.dir/elf/elf.cpp.obj
 .bss           0xffffffff801afb48        0x0 src/oboskrnl/CMakeFiles/oboskrnl.dir/multitasking/thread.cpp.obj
 .bss           0xffffffff801afb48        0x0 src/oboskrnl/CMakeFiles/oboskrnl.dir/multitasking/mutex/mutex.cpp.obj
 .bss           0xffffffff801afb48        0x0 src/oboskrnl/CMakeFiles/oboskrnl.dir/multitasking/mutex/mutexHandle.cpp.obj
 .bss           0xffffffff801afb48       0x1c src/oboskrnl/CMakeFiles/oboskrnl.dir/process/process.cpp.obj
                0xffffffff801afb48                _ZN4obos7process15g_nextProcessIdE
                0xffffffff801afb50                _ZN4obos7process13g_processListE
                0xffffffff801afb58                _ZN4obos7process18ProcEntryPointBaseE
 *fill*         0xffffffff801afb64       0x1c 
 .bss           0xffffffff801afb80      0x800 src/oboskrnl/CMakeFiles/oboskrnl.dir/driver_api/interrupts.cpp.obj
                0xffffffff801afb80                _ZN4obos9driverAPI14g_syscallTableE
 .bss           0xffffffff801b0380      0x120 src/oboskrnl/CMakeFiles/oboskrnl.dir/driver_api/syscalls.cpp.obj
                0xffffffff801b0380                _ZN4obos9driverAPI19g_registeredDriversE
 .bss           0xffffffff801b04a0     0x1000 src/oboskrnl/CMakeFiles/oboskrnl.dir/syscalls/syscalls.cpp.obj
                0xffffffff801b04a0                _ZN4obos7process14g_syscallTableE
 .bss           0xffffffff801b14a0        0x0 src/oboskrnl/CMakeFiles/oboskrnl.dir/external/amalgamated-dist/Zydis.c.obj
 .bss           0xffffffff801b14a0       0x68 src/oboskrnl/CMakeFiles/oboskrnl.dir/descriptors/gdt/gdt.cpp.obj
                0xffffffff801b14a0                _ZN4obos10s_tssEntryE
 *fill*         0xffffffff801b1508        0x8 
 .bss           0xffffffff801b1510       0x39 src/oboskrnl/CMakeFiles/oboskrnl.dir/vfs/mount.cpp.obj
                0xffffffff801b1510                _ZN4obos3vfs15g_mountedInitRDE
 *(.bootstrap_stack)
 .bootstrap_stack
                0xffffffff801b1549     0x8000 src/oboskrnl/CMakeFiles/oboskrnl.dir/boot/x86-64/kernel_bootstrap.asm.obj
                0xffffffff801b1549                _ZN4obos12stack_bottomE
                0xffffffff801b5549                _ZN4obos9stack_topE
                0xffffffff801b5549                _ZN4obos15thrstack_bottomE
                0xffffffff801b9549                _ZN4obos12thrstack_topE
                0xffffffff801b9549                _kernel_end = .
                0x0000000000400000                _ZN4obos6memory8endImageE = 0x400000
                0xffffffff80000000                _ZN4obos11kernelStartE = 0xffffffff80000000
                0xffffffffffffffff                _ZN4obos6memory9endKernelE = 0xffffffffffffffff
OUTPUT(/mnt/c/Code/obos/out/oboskrnl elf64-x86-64)

.debug_aranges  0x0000000000000000      0xb80
 .debug_aranges
                0x0000000000000000       0x30 src/oboskrnl/CMakeFiles/oboskrnl.dir/boot/x86-64/kernel_bootstrap.asm.obj
 .debug_aranges
                0x0000000000000030       0x30 src/oboskrnl/CMakeFiles/oboskrnl.dir/x86-64/inline-asm.asm.obj
 .debug_aranges
                0x0000000000000060       0x30 src/oboskrnl/CMakeFiles/oboskrnl.dir/descriptors/idt/x86-64/handlers.asm.obj
 .debug_aranges
                0x0000000000000090       0x30 src/oboskrnl/CMakeFiles/oboskrnl.dir/descriptors/idt/x86-64/idt.asm.obj
 .debug_aranges
                0x00000000000000c0       0x30 src/oboskrnl/CMakeFiles/oboskrnl.dir/utils/memcpy_x86-64.asm.obj
 .debug_aranges
                0x00000000000000f0       0x30 src/oboskrnl/CMakeFiles/oboskrnl.dir/memory_manager/paging/x86-64/init.asm.obj
 .debug_aranges
                0x0000000000000120       0x30 src/oboskrnl/CMakeFiles/oboskrnl.dir/multitasking/multitasking_x86-64.asm.obj
 .debug_aranges
                0x0000000000000150       0x30 src/oboskrnl/CMakeFiles/oboskrnl.dir/driver_api/interrupts.asm.obj
 .debug_aranges
                0x0000000000000180       0x30 src/oboskrnl/CMakeFiles/oboskrnl.dir/syscalls/interrupts.asm.obj
 .debug_aranges
                0x00000000000001b0       0x30 src/oboskrnl/CMakeFiles/oboskrnl.dir/descriptors/gdt/gdt_x86-64.asm.obj
 .debug_aranges
                0x00000000000001e0       0x30 src/oboskrnl/CMakeFiles/oboskrnl.dir/driver_api/x86_64/dInterrupts.asm.obj
 .debug_aranges
                0x0000000000000210       0x30 src/oboskrnl/CMakeFiles/oboskrnl.dir/vfs/x86_64/driverCall.asm.obj
 .debug_aranges
                0x0000000000000240       0x30 src/oboskrnl/CMakeFiles/oboskrnl.dir/process/x86_64/jmpProcess.asm.obj
 .debug_aranges
                0x0000000000000270       0x30 src/oboskrnl/CMakeFiles/oboskrnl.dir/descriptors/idt/x86-64/idt.cpp.obj
 .debug_aranges
                0x00000000000002a0       0x40 src/oboskrnl/CMakeFiles/oboskrnl.dir/x86-64/exception_handlers.cpp.obj
 .debug_aranges
                0x00000000000002e0       0x40 src/oboskrnl/CMakeFiles/oboskrnl.dir/memory_manager/paging/x86-64/init.cpp.obj
 .debug_aranges
                0x0000000000000320       0x50 src/oboskrnl/CMakeFiles/oboskrnl.dir/memory_manager/paging/x86-64/allocate.cpp.obj
 .debug_aranges
                0x0000000000000370       0x30 src/oboskrnl/CMakeFiles/oboskrnl.dir/memory_manager/x86-64/physical.cpp.obj
 .debug_aranges
                0x00000000000003a0       0x60 src/oboskrnl/CMakeFiles/oboskrnl.dir/boot/kmain.cpp.obj
 .debug_aranges
                0x0000000000000400       0x30 src/oboskrnl/CMakeFiles/oboskrnl.dir/console.cpp.obj
 .debug_aranges
                0x0000000000000430       0x30 src/oboskrnl/CMakeFiles/oboskrnl.dir/klog.cpp.obj
 .debug_aranges
                0x0000000000000460       0x30 src/oboskrnl/CMakeFiles/oboskrnl.dir/inline-asm.cpp.obj
 .debug_aranges
                0x0000000000000490       0x30 src/oboskrnl/CMakeFiles/oboskrnl.dir/utils/bitfields.cpp.obj
 .debug_aranges
                0x00000000000004c0       0x30 src/oboskrnl/CMakeFiles/oboskrnl.dir/descriptors/idt/pic.cpp.obj
 .debug_aranges
                0x00000000000004f0       0x30 src/oboskrnl/CMakeFiles/oboskrnl.dir/external/list/list_iterator.c.obj
 .debug_aranges
                0x0000000000000520       0x30 src/oboskrnl/CMakeFiles/oboskrnl.dir/utils/memory.cpp.obj
 .debug_aranges
                0x0000000000000550       0x30 src/oboskrnl/CMakeFiles/oboskrnl.dir/memory_manager/paging/liballoc_hooks.cpp.obj
 .debug_aranges
                0x0000000000000580       0x30 src/oboskrnl/CMakeFiles/oboskrnl.dir/memory_manager/liballoc/liballoc.c.obj
 .debug_aranges
                0x00000000000005b0       0xd0 src/oboskrnl/CMakeFiles/oboskrnl.dir/multitasking/threadHandle.cpp.obj
 .debug_aranges
                0x0000000000000680       0x30 src/oboskrnl/CMakeFiles/oboskrnl.dir/external/list/list_node.c.obj
 .debug_aranges
                0x00000000000006b0       0x30 src/oboskrnl/CMakeFiles/oboskrnl.dir/external/list/list.c.obj
 .debug_aranges
                0x00000000000006e0       0x60 src/oboskrnl/CMakeFiles/oboskrnl.dir/multitasking/multitasking.cpp.obj
 .debug_aranges
                0x0000000000000740       0x30 src/oboskrnl/CMakeFiles/oboskrnl.dir/elf/elf.cpp.obj
 .debug_aranges
                0x0000000000000770       0x50 src/oboskrnl/CMakeFiles/oboskrnl.dir/multitasking/thread.cpp.obj
 .debug_aranges
                0x00000000000007c0       0x30 src/oboskrnl/CMakeFiles/oboskrnl.dir/multitasking/mutex/mutex.cpp.obj
 .debug_aranges
                0x00000000000007f0       0x90 src/oboskrnl/CMakeFiles/oboskrnl.dir/multitasking/mutex/mutexHandle.cpp.obj
 .debug_aranges
                0x0000000000000880       0xd0 src/oboskrnl/CMakeFiles/oboskrnl.dir/process/process.cpp.obj
 .debug_aranges
                0x0000000000000950       0x30 src/oboskrnl/CMakeFiles/oboskrnl.dir/driver_api/interrupts.cpp.obj
 .debug_aranges
                0x0000000000000980       0x50 src/oboskrnl/CMakeFiles/oboskrnl.dir/driver_api/syscalls.cpp.obj
 .debug_aranges
                0x00000000000009d0       0x30 src/oboskrnl/CMakeFiles/oboskrnl.dir/syscalls/syscalls.cpp.obj
 .debug_aranges
                0x0000000000000a00       0x30 src/oboskrnl/CMakeFiles/oboskrnl.dir/external/amalgamated-dist/Zydis.c.obj
 .debug_aranges
                0x0000000000000a30       0x30 src/oboskrnl/CMakeFiles/oboskrnl.dir/descriptors/gdt/gdt.cpp.obj
 .debug_aranges
                0x0000000000000a60      0x120 src/oboskrnl/CMakeFiles/oboskrnl.dir/vfs/mount.cpp.obj

.debug_pubnames
                0x0000000000000000        0x0
 .debug_pubnames
                0x0000000000000000        0x0 src/oboskrnl/CMakeFiles/oboskrnl.dir/boot/x86-64/kernel_bootstrap.asm.obj
 .debug_pubnames
                0x0000000000000000        0x0 src/oboskrnl/CMakeFiles/oboskrnl.dir/x86-64/inline-asm.asm.obj
 .debug_pubnames
                0x0000000000000000        0x0 src/oboskrnl/CMakeFiles/oboskrnl.dir/descriptors/idt/x86-64/handlers.asm.obj
 .debug_pubnames
                0x0000000000000000        0x0 src/oboskrnl/CMakeFiles/oboskrnl.dir/descriptors/idt/x86-64/idt.asm.obj
 .debug_pubnames
                0x0000000000000000        0x0 src/oboskrnl/CMakeFiles/oboskrnl.dir/utils/memcpy_x86-64.asm.obj
 .debug_pubnames
                0x0000000000000000        0x0 src/oboskrnl/CMakeFiles/oboskrnl.dir/memory_manager/paging/x86-64/init.asm.obj
 .debug_pubnames
                0x0000000000000000        0x0 src/oboskrnl/CMakeFiles/oboskrnl.dir/multitasking/multitasking_x86-64.asm.obj
 .debug_pubnames
                0x0000000000000000        0x0 src/oboskrnl/CMakeFiles/oboskrnl.dir/driver_api/interrupts.asm.obj
 .debug_pubnames
                0x0000000000000000        0x0 src/oboskrnl/CMakeFiles/oboskrnl.dir/syscalls/interrupts.asm.obj
 .debug_pubnames
                0x0000000000000000        0x0 src/oboskrnl/CMakeFiles/oboskrnl.dir/descriptors/gdt/gdt_x86-64.asm.obj
 .debug_pubnames
                0x0000000000000000        0x0 src/oboskrnl/CMakeFiles/oboskrnl.dir/driver_api/x86_64/dInterrupts.asm.obj
 .debug_pubnames
                0x0000000000000000        0x0 src/oboskrnl/CMakeFiles/oboskrnl.dir/vfs/x86_64/driverCall.asm.obj
 .debug_pubnames
                0x0000000000000000        0x0 src/oboskrnl/CMakeFiles/oboskrnl.dir/process/x86_64/jmpProcess.asm.obj

.debug_info     0x0000000000000000    0x68f25
 .debug_info    0x0000000000000000       0x83 src/oboskrnl/CMakeFiles/oboskrnl.dir/boot/x86-64/kernel_bootstrap.asm.obj
 .debug_info    0x0000000000000083       0x78 src/oboskrnl/CMakeFiles/oboskrnl.dir/x86-64/inline-asm.asm.obj
 .debug_info    0x00000000000000fb       0x86 src/oboskrnl/CMakeFiles/oboskrnl.dir/descriptors/idt/x86-64/handlers.asm.obj
 .debug_info    0x0000000000000181       0x81 src/oboskrnl/CMakeFiles/oboskrnl.dir/descriptors/idt/x86-64/idt.asm.obj
 .debug_info    0x0000000000000202       0x7a src/oboskrnl/CMakeFiles/oboskrnl.dir/utils/memcpy_x86-64.asm.obj
 .debug_info    0x000000000000027c       0x88 src/oboskrnl/CMakeFiles/oboskrnl.dir/memory_manager/paging/x86-64/init.asm.obj
 .debug_info    0x0000000000000304       0x87 src/oboskrnl/CMakeFiles/oboskrnl.dir/multitasking/multitasking_x86-64.asm.obj
 .debug_info    0x000000000000038b       0x7c src/oboskrnl/CMakeFiles/oboskrnl.dir/driver_api/interrupts.asm.obj
 .debug_info    0x0000000000000407       0x7a src/oboskrnl/CMakeFiles/oboskrnl.dir/syscalls/interrupts.asm.obj
 .debug_info    0x0000000000000481       0x81 src/oboskrnl/CMakeFiles/oboskrnl.dir/descriptors/gdt/gdt_x86-64.asm.obj
 .debug_info    0x0000000000000502       0x84 src/oboskrnl/CMakeFiles/oboskrnl.dir/driver_api/x86_64/dInterrupts.asm.obj
 .debug_info    0x0000000000000586       0x7c src/oboskrnl/CMakeFiles/oboskrnl.dir/vfs/x86_64/driverCall.asm.obj
 .debug_info    0x0000000000000602       0x80 src/oboskrnl/CMakeFiles/oboskrnl.dir/process/x86_64/jmpProcess.asm.obj
 .debug_info    0x0000000000000682      0x9ac src/oboskrnl/CMakeFiles/oboskrnl.dir/descriptors/idt/x86-64/idt.cpp.obj
 .debug_info    0x000000000000102e     0x1a2a src/oboskrnl/CMakeFiles/oboskrnl.dir/x86-64/exception_handlers.cpp.obj
 .debug_info    0x0000000000002a58     0x100d src/oboskrnl/CMakeFiles/oboskrnl.dir/memory_manager/paging/x86-64/init.cpp.obj
 .debug_info    0x0000000000003a65     0x1f5d src/oboskrnl/CMakeFiles/oboskrnl.dir/memory_manager/paging/x86-64/allocate.cpp.obj
 .debug_info    0x00000000000059c2      0xf7e src/oboskrnl/CMakeFiles/oboskrnl.dir/memory_manager/x86-64/physical.cpp.obj
 .debug_info    0x0000000000006940     0x4043 src/oboskrnl/CMakeFiles/oboskrnl.dir/boot/kmain.cpp.obj
 .debug_info    0x000000000000a983     0x29c0 src/oboskrnl/CMakeFiles/oboskrnl.dir/console.cpp.obj
 .debug_info    0x000000000000d343    0x16096 src/oboskrnl/CMakeFiles/oboskrnl.dir/klog.cpp.obj
 .debug_info    0x00000000000233d9     0x1c03 src/oboskrnl/CMakeFiles/oboskrnl.dir/inline-asm.cpp.obj
 .debug_info    0x0000000000024fdc     0x1043 src/oboskrnl/CMakeFiles/oboskrnl.dir/utils/bitfields.cpp.obj
 .debug_info    0x000000000002601f      0xd7f src/oboskrnl/CMakeFiles/oboskrnl.dir/descriptors/idt/pic.cpp.obj
 .debug_info    0x0000000000026d9e      0x426 src/oboskrnl/CMakeFiles/oboskrnl.dir/external/list/list_iterator.c.obj
 .debug_info    0x00000000000271c4      0x5c7 src/oboskrnl/CMakeFiles/oboskrnl.dir/utils/memory.cpp.obj
 .debug_info    0x000000000002778b      0x752 src/oboskrnl/CMakeFiles/oboskrnl.dir/memory_manager/paging/liballoc_hooks.cpp.obj
 .debug_info    0x0000000000027edd      0x83c src/oboskrnl/CMakeFiles/oboskrnl.dir/memory_manager/liballoc/liballoc.c.obj
 .debug_info    0x0000000000028719     0x2e25 src/oboskrnl/CMakeFiles/oboskrnl.dir/multitasking/threadHandle.cpp.obj
 .debug_info    0x000000000002b53e      0x201 src/oboskrnl/CMakeFiles/oboskrnl.dir/external/list/list_node.c.obj
 .debug_info    0x000000000002b73f      0x628 src/oboskrnl/CMakeFiles/oboskrnl.dir/external/list/list.c.obj
 .debug_info    0x000000000002bd67     0x1f5a src/oboskrnl/CMakeFiles/oboskrnl.dir/multitasking/multitasking.cpp.obj
 .debug_info    0x000000000002dcc1      0xaf2 src/oboskrnl/CMakeFiles/oboskrnl.dir/elf/elf.cpp.obj