
Discarded input sections

 .gnu.linkonce.t._ZN4obos6memory7PageMap21computeIndexAtAddressEyh
                0x0000000000000000       0x31 src/oboskrnl/CMakeFiles/oboskrnl.dir/memory_manager/paging/x86-64/allocate.cpp.obj
 .gnu.linkonce.t._ZN4obos6Handle7getTypeEv
                0x0000000000000000       0x13 src/oboskrnl/CMakeFiles/oboskrnl.dir/multitasking/threadHandle.cpp.obj
 .gnu.linkonce.t._ZN4obos6HandleD2Ev
                0x0000000000000000       0x1d src/oboskrnl/CMakeFiles/oboskrnl.dir/multitasking/threadHandle.cpp.obj
 .gnu.linkonce.t._ZN4obos12multitasking12ThreadHandleD1Ev
                0x0000000000000000       0x35 src/oboskrnl/CMakeFiles/oboskrnl.dir/multitasking/threadHandle.cpp.obj
 .gnu.linkonce.r._ZTVN4obos6HandleE
                0x0000000000000000       0x38 src/oboskrnl/CMakeFiles/oboskrnl.dir/multitasking/threadHandle.cpp.obj
 .gnu.linkonce.t._ZN4obos12multitasking6ThreadD1Ev
                0x0000000000000000       0x53 src/oboskrnl/CMakeFiles/oboskrnl.dir/multitasking/multitasking.cpp.obj
 .gnu.linkonce.t._ZN4obos12multitasking6ThreadD0Ev
                0x0000000000000000       0x2b src/oboskrnl/CMakeFiles/oboskrnl.dir/multitasking/multitasking.cpp.obj
 .gnu.linkonce.t._ZN4obos12multitasking6ThreadC1Ev
                0x0000000000000000       0xe0 src/oboskrnl/CMakeFiles/oboskrnl.dir/multitasking/multitasking.cpp.obj
 .gnu.linkonce.r._ZTVN4obos12multitasking6ThreadE
                0x0000000000000000       0x20 src/oboskrnl/CMakeFiles/oboskrnl.dir/multitasking/multitasking.cpp.obj
 .gnu.linkonce.t._ZN4obos12multitasking6ThreadD1Ev
                0x0000000000000000       0x53 src/oboskrnl/CMakeFiles/oboskrnl.dir/multitasking/thread.cpp.obj
 .gnu.linkonce.t._ZN4obos12multitasking6ThreadD0Ev
                0x0000000000000000       0x2b src/oboskrnl/CMakeFiles/oboskrnl.dir/multitasking/thread.cpp.obj
 .gnu.linkonce.r._ZTVN4obos12multitasking6ThreadE
                0x0000000000000000       0x20 src/oboskrnl/CMakeFiles/oboskrnl.dir/multitasking/thread.cpp.obj
 .gnu.linkonce.t._ZN4obos6Handle7getTypeEv
                0x0000000000000000       0x13 src/oboskrnl/CMakeFiles/oboskrnl.dir/multitasking/mutex/mutexHandle.cpp.obj
 .gnu.linkonce.t._ZN4obos6Handle13getReferencesEv
                0x0000000000000000       0x1a src/oboskrnl/CMakeFiles/oboskrnl.dir/multitasking/mutex/mutexHandle.cpp.obj
 .gnu.linkonce.t._ZN4obos6HandleD2Ev
                0x0000000000000000       0x1d src/oboskrnl/CMakeFiles/oboskrnl.dir/multitasking/mutex/mutexHandle.cpp.obj
 .gnu.linkonce.t._ZN4obos6HandleC2Ev
                0x0000000000000000       0x41 src/oboskrnl/CMakeFiles/oboskrnl.dir/multitasking/mutex/mutexHandle.cpp.obj
 .gnu.linkonce.r._ZTVN4obos6HandleE
                0x0000000000000000       0x38 src/oboskrnl/CMakeFiles/oboskrnl.dir/multitasking/mutex/mutexHandle.cpp.obj
 .gnu.linkonce.t._ZNK4obos6memory7PageMap10getPageMapEv
                0x0000000000000000       0x15 src/oboskrnl/CMakeFiles/oboskrnl.dir/process/process.cpp.obj
 .gnu.linkonce.t._ZN4obos6memory7PageMap21computeIndexAtAddressEyh
                0x0000000000000000       0x31 src/oboskrnl/CMakeFiles/oboskrnl.dir/process/process.cpp.obj
 .gnu.linkonce.t._ZN4obos12multitasking6ThreadD1Ev
                0x0000000000000000       0x53 src/oboskrnl/CMakeFiles/oboskrnl.dir/process/process.cpp.obj
 .gnu.linkonce.t._ZN4obos12multitasking6ThreadD0Ev
                0x0000000000000000       0x2b src/oboskrnl/CMakeFiles/oboskrnl.dir/process/process.cpp.obj
 .gnu.linkonce.t._ZN4obos6Handle7getTypeEv
                0x0000000000000000       0x13 src/oboskrnl/CMakeFiles/oboskrnl.dir/process/process.cpp.obj
 .gnu.linkonce.t._ZN4obos6HandleD2Ev
                0x0000000000000000       0x1d src/oboskrnl/CMakeFiles/oboskrnl.dir/process/process.cpp.obj
 .gnu.linkonce.t._ZN4obos12multitasking12ThreadHandleD1Ev
                0x0000000000000000       0x35 src/oboskrnl/CMakeFiles/oboskrnl.dir/process/process.cpp.obj
 .gnu.linkonce.t._ZN4obos12multitasking12ThreadHandleD0Ev
                0x0000000000000000       0x2b src/oboskrnl/CMakeFiles/oboskrnl.dir/process/process.cpp.obj
 .gnu.linkonce.t._ZN4obos12multitasking6ThreadC1Ev
                0x0000000000000000       0xe0 src/oboskrnl/CMakeFiles/oboskrnl.dir/process/process.cpp.obj
 .gnu.linkonce.r._ZTVN4obos6HandleE
                0x0000000000000000       0x38 src/oboskrnl/CMakeFiles/oboskrnl.dir/process/process.cpp.obj
 .gnu.linkonce.r._ZTVN4obos12multitasking6ThreadE
                0x0000000000000000       0x20 src/oboskrnl/CMakeFiles/oboskrnl.dir/process/process.cpp.obj
 .gnu.linkonce.t._ZN4obos6memory7PageMap21computeIndexAtAddressEyh
                0x0000000000000000       0x31 src/oboskrnl/CMakeFiles/oboskrnl.dir/driver_api/syscalls.cpp.obj

Memory Configuration

Name             Origin             Length             Attributes
*default*        0x0000000000000000 0xffffffffffffffff

Linker script and memory map

LOAD src/oboskrnl/CMakeFiles/oboskrnl.dir/boot/x86-64/kernel_bootstrap.asm.obj
LOAD src/oboskrnl/CMakeFiles/oboskrnl.dir/x86-64/inline-asm.asm.obj
LOAD src/oboskrnl/CMakeFiles/oboskrnl.dir/descriptors/idt/x86-64/handlers.asm.obj
LOAD src/oboskrnl/CMakeFiles/oboskrnl.dir/descriptors/idt/x86-64/idt.asm.obj
LOAD src/oboskrnl/CMakeFiles/oboskrnl.dir/utils/memcpy_x86-64.asm.obj
LOAD src/oboskrnl/CMakeFiles/oboskrnl.dir/memory_manager/paging/x86-64/init.asm.obj
LOAD src/oboskrnl/CMakeFiles/oboskrnl.dir/multitasking/multitasking_x86-64.asm.obj
LOAD src/oboskrnl/CMakeFiles/oboskrnl.dir/driver_api/interrupts.asm.obj
LOAD src/oboskrnl/CMakeFiles/oboskrnl.dir/syscalls/interrupts.asm.obj
LOAD src/oboskrnl/CMakeFiles/oboskrnl.dir/descriptors/gdt/gdt_x86-64.asm.obj
LOAD src/oboskrnl/CMakeFiles/oboskrnl.dir/descriptors/idt/x86-64/idt.cpp.obj
LOAD src/oboskrnl/CMakeFiles/oboskrnl.dir/x86-64/exception_handlers.cpp.obj
LOAD src/oboskrnl/CMakeFiles/oboskrnl.dir/memory_manager/paging/x86-64/init.cpp.obj
LOAD src/oboskrnl/CMakeFiles/oboskrnl.dir/memory_manager/paging/x86-64/allocate.cpp.obj
LOAD src/oboskrnl/CMakeFiles/oboskrnl.dir/memory_manager/x86-64/physical.cpp.obj
LOAD src/oboskrnl/CMakeFiles/oboskrnl.dir/boot/kmain.cpp.obj
LOAD src/oboskrnl/CMakeFiles/oboskrnl.dir/console.cpp.obj
LOAD src/oboskrnl/CMakeFiles/oboskrnl.dir/klog.cpp.obj
LOAD src/oboskrnl/CMakeFiles/oboskrnl.dir/inline-asm.cpp.obj
LOAD src/oboskrnl/CMakeFiles/oboskrnl.dir/utils/bitfields.cpp.obj
LOAD src/oboskrnl/CMakeFiles/oboskrnl.dir/descriptors/idt/pic.cpp.obj
LOAD src/oboskrnl/CMakeFiles/oboskrnl.dir/external/list/list_iterator.c.obj
LOAD src/oboskrnl/CMakeFiles/oboskrnl.dir/utils/memory.cpp.obj
LOAD src/oboskrnl/CMakeFiles/oboskrnl.dir/memory_manager/paging/liballoc_hooks.cpp.obj
LOAD src/oboskrnl/CMakeFiles/oboskrnl.dir/memory_manager/liballoc/liballoc.c.obj
LOAD src/oboskrnl/CMakeFiles/oboskrnl.dir/multitasking/threadHandle.cpp.obj
LOAD src/oboskrnl/CMakeFiles/oboskrnl.dir/external/list/list_node.c.obj
LOAD src/oboskrnl/CMakeFiles/oboskrnl.dir/external/list/list.c.obj
LOAD src/oboskrnl/CMakeFiles/oboskrnl.dir/multitasking/multitasking.cpp.obj
LOAD src/oboskrnl/CMakeFiles/oboskrnl.dir/elf/elf.cpp.obj
LOAD src/oboskrnl/CMakeFiles/oboskrnl.dir/multitasking/thread.cpp.obj
LOAD src/oboskrnl/CMakeFiles/oboskrnl.dir/multitasking/mutex/mutex.cpp.obj
LOAD src/oboskrnl/CMakeFiles/oboskrnl.dir/multitasking/mutex/mutexHandle.cpp.obj
LOAD src/oboskrnl/CMakeFiles/oboskrnl.dir/process/process.cpp.obj
LOAD src/oboskrnl/CMakeFiles/oboskrnl.dir/driver_api/interrupts.cpp.obj
LOAD src/oboskrnl/CMakeFiles/oboskrnl.dir/driver_api/syscalls.cpp.obj
LOAD src/oboskrnl/CMakeFiles/oboskrnl.dir/syscalls/syscalls.cpp.obj
LOAD src/oboskrnl/CMakeFiles/oboskrnl.dir/external/amalgamated-dist/Zydis.c.obj
LOAD src/oboskrnl/CMakeFiles/oboskrnl.dir/descriptors/gdt/gdt.cpp.obj
LOAD /home/omar/opt/cross/lib/gcc/x86_64-elf/11.4.0/libgcc.a
                0x0000000000100000                . = 0x100000
                0x0000000000100000                _kernel_start = .

.multiboot.data
                0x0000000000100000     0x8432
 *(.multiboot.data)
 .multiboot.data
                0x0000000000100000     0x8432 src/oboskrnl/CMakeFiles/oboskrnl.dir/boot/x86-64/kernel_bootstrap.asm.obj
                0x0000000000101000                boot_page_table1
                0x0000000000105000                boot_page_level3_map
                0x0000000000107000                boot_page_level4_map

.multiboot.text
                0x0000000000108432      0x114
 *(.multiboot.text)
 .multiboot.text
                0x0000000000108432      0x114 src/oboskrnl/CMakeFiles/oboskrnl.dir/boot/x86-64/kernel_bootstrap.asm.obj
                0x0000000000108446                _start
                0xffffffff80108546                . = (. + 0xffffffff80000000)

.text           0xffffffff80109000    0x27c1e load address 0x0000000000109000
                0xffffffff80109000                _stext = .
 *(.text)
 .text          0xffffffff80109000       0x4b src/oboskrnl/CMakeFiles/oboskrnl.dir/boot/x86-64/kernel_bootstrap.asm.obj
                0xffffffff8010903e                _ZN4obos15RestartComputerEv
 *fill*         0xffffffff8010904b        0x5 
 .text          0xffffffff80109050       0x17 src/oboskrnl/CMakeFiles/oboskrnl.dir/x86-64/inline-asm.asm.obj
                0xffffffff80109050                _Z9getEflagsv
                0xffffffff80109058                _Z6getEIPv
                0xffffffff8010905b                getEBP
                0xffffffff8010905f                _ZN4obos6memory19GetPageFaultAddressEv
                0xffffffff80109063                _ZN4obos6memory8tlbFlushEy
 *fill*         0xffffffff80109067        0x9 
 .text          0xffffffff80109070      0x213 src/oboskrnl/CMakeFiles/oboskrnl.dir/descriptors/idt/x86-64/handlers.asm.obj
                0xffffffff80109070                isr0
                0xffffffff8010907a                isr1
                0xffffffff80109084                isr2
                0xffffffff8010908e                isr3
                0xffffffff80109098                isr4
                0xffffffff801090a2                isr5
                0xffffffff801090ac                isr6
                0xffffffff801090b6                isr7
                0xffffffff801090c0                isr8
                0xffffffff801090c8                isr9
                0xffffffff801090d2                isr10
                0xffffffff801090da                isr11
                0xffffffff801090e2                isr12
                0xffffffff801090ea                isr13
                0xffffffff801090f2                isr14
                0xffffffff801090fa                isr15
                0xffffffff80109104                isr16
                0xffffffff8010910e                isr17
                0xffffffff80109118                isr18
                0xffffffff80109122                isr19
                0xffffffff8010912c                isr20
                0xffffffff80109136                isr21
                0xffffffff8010913e                isr22
                0xffffffff80109148                isr23
                0xffffffff80109152                isr24
                0xffffffff8010915c                isr25
                0xffffffff80109166                isr26
                0xffffffff80109170                isr27
                0xffffffff8010917a                isr28
                0xffffffff80109184                isr29
                0xffffffff8010918c                isr30
                0xffffffff80109191                isr31
                0xffffffff80109198                isr32
                0xffffffff8010919f                isr33
                0xffffffff801091a6                isr34
                0xffffffff801091ad                isr35
                0xffffffff801091b4                isr36
                0xffffffff801091bb                isr37
                0xffffffff801091c2                isr38
                0xffffffff801091c9                isr39
                0xffffffff801091d0                isr40
                0xffffffff801091d7                isr41
                0xffffffff801091de                isr42
                0xffffffff801091e5                isr43
                0xffffffff801091ec                isr44
                0xffffffff801091f3                isr45
                0xffffffff801091fa                isr46
                0xffffffff80109201                isr47
                0xffffffff80109208                isr48
                0xffffffff8010920f                isr_common_stub
 *fill*         0xffffffff80109283        0xd 
 .text          0xffffffff80109290        0x4 src/oboskrnl/CMakeFiles/oboskrnl.dir/descriptors/idt/x86-64/idt.asm.obj
                0xffffffff80109290                _ZN4obos8idtFlushEy
 *fill*         0xffffffff80109294        0xc 
 .text          0xffffffff801092a0       0xd7 src/oboskrnl/CMakeFiles/oboskrnl.dir/utils/memcpy_x86-64.asm.obj
                0xffffffff801092a0                memcpy
                0xffffffff801092a0                _ZN4obos5utils6memcpyEPvPKvy
                0xffffffff801092d3                _ZN4obos5utils7memzeroEPvy
                0xffffffff801092ef                _ZN4obos5utils8dwMemsetEPjjy
                0xffffffff80109315                _ZN4obos5utils8dwMemcpyEPjPKjy
                0xffffffff80109344                memset
                0xffffffff80109344                _ZN4obos5utils6memsetEPvjj
                0xffffffff8010935f                _ZN4obos5utils6strlenEPKc
 *fill*         0xffffffff80109377        0x9 
 .text          0xffffffff80109380       0x1d src/oboskrnl/CMakeFiles/oboskrnl.dir/memory_manager/paging/x86-64/init.asm.obj
                0xffffffff80109380                _ZN4obos6memory25CPUSupportsExecuteDisableEv
 *fill*         0xffffffff8010939d        0x3 
 .text          0xffffffff801093a0       0xaa src/oboskrnl/CMakeFiles/oboskrnl.dir/multitasking/multitasking_x86-64.asm.obj
                0xffffffff801093a0                _ZN4obos12multitasking15switchToTaskAsmEv
                0xffffffff801093f5                _ZN4obos12multitasking20switchToUserModeTaskEv
 *fill*         0xffffffff8010944a        0x6 
 .text          0xffffffff80109450       0x14 src/oboskrnl/CMakeFiles/oboskrnl.dir/driver_api/interrupts.asm.obj
                0xffffffff80109450                isr80
 *fill*         0xffffffff80109464        0xc 
 .text          0xffffffff80109470       0xef src/oboskrnl/CMakeFiles/oboskrnl.dir/syscalls/interrupts.asm.obj
                0xffffffff80109470                isr64
 *fill*         0xffffffff8010955f        0x1 
 .text          0xffffffff80109560       0x3c src/oboskrnl/CMakeFiles/oboskrnl.dir/descriptors/gdt/gdt_x86-64.asm.obj
                0xffffffff80109560                _ZN4obos16InitializeGDTASMEv
 .text          0xffffffff8010959c      0xb06 src/oboskrnl/CMakeFiles/oboskrnl.dir/descriptors/idt/x86-64/idt.cpp.obj
                0xffffffff8010959c                _ZN4obos8IdtEntryC2Eythh
                0xffffffff8010959c                _ZN4obos8IdtEntryC1Eythh
                0xffffffff80109626                _ZN4obos13InitializeIdtEv
                0xffffffff8010a07c                _ZN4obos24RegisterInterruptHandlerEhPFvPKNS_15interrupt_frameEE
 .text          0xffffffff8010a0a2      0xd23 src/oboskrnl/CMakeFiles/oboskrnl.dir/x86-64/exception_handlers.cpp.obj
                0xffffffff8010a0a2                _ZN4obos9pageFaultEPKNS_15interrupt_frameE
                0xffffffff8010a798                _ZN4obos21debugExceptionHandlerEPKNS_15interrupt_frameE
                0xffffffff8010aae0                _ZN4obos23defaultExceptionHandlerEPKNS_15interrupt_frameE
 *fill*         0xffffffff8010adc5        0x1 
 .text          0xffffffff8010adc6      0x3bc src/oboskrnl/CMakeFiles/oboskrnl.dir/memory_manager/paging/x86-64/init.cpp.obj
                0xffffffff8010adc6                _ZN4obos6memory7PageMapC2Ev
                0xffffffff8010adc6                _ZN4obos6memory7PageMapC1Ev
                0xffffffff8010ae0c                _ZN4obos6memory7PageMapC1EPy
                0xffffffff8010ae0c                _ZN4obos6memory7PageMapC2EPy
                0xffffffff8010ae3a                _ZN4obos6memory7PageMap23getLevel3PageMapAddressEt
                0xffffffff8010ae6c                _ZN4obos6memory7PageMap16getLevel3PageMapEt
                0xffffffff8010aeae                _ZN4obos6memory7PageMap16getPageDirectoryEtt
                0xffffffff8010af02                _ZN4obos6memory7PageMap24getPageDirectoryRealtiveEtt
                0xffffffff8010af46                _ZN4obos6memory7PageMap12getPageTableEttt
                0xffffffff8010afa0                _ZN4obos6memory7PageMap20getPageTableRealtiveEttt
                0xffffffff8010afea                _ZN4obos6memory7PageMap17getPageTableEntryEtttt
                0xffffffff8010b04e                _ZN4obos6memory7PageMap21getRealPageTableEntryEtttt
                0xffffffff8010b0a4                _ZN4obos6memory7PageMap12switchToThisEv
                0xffffffff8010b0c8                _ZN4obos6memory7PageMapD2Ev
                0xffffffff8010b0c8                _ZN4obos6memory7PageMapD1Ev
                0xffffffff8010b0f2                _ZN4obos6memory16InitializePagingEv
 .text          0xffffffff8010b182     0x11b9 src/oboskrnl/CMakeFiles/oboskrnl.dir/memory_manager/paging/x86-64/allocate.cpp.obj
                0xffffffff8010b182                _ZN4obos6memory14kmap_pageTableEPv
                0xffffffff8010b287                _ZN4obos6memory24allocatePagingStructuresEyy
                0xffffffff8010b5f5                _ZN4obos6memory12VirtualAllocEPvyyb
                0xffffffff8010b926                _ZN4obos6memory11VirtualFreeEPvy
                0xffffffff8010bbb8                _ZN4obos6memory17HasVirtualAddressEPKvyb
                0xffffffff8010be9c                _ZN4obos6memory13MemoryProtectEPvyyb
                0xffffffff8010c1e7                _ZN4obos6memory13kmap_physicalEPvyS1_b
 .text          0xffffffff8010c33b      0x54f src/oboskrnl/CMakeFiles/oboskrnl.dir/memory_manager/x86-64/physical.cpp.obj
                0xffffffff8010c4bd                _ZN4obos6memory31InitializePhysicalMemoryManagerEv
                0xffffffff8010c6b2                _ZN4obos6memory19kalloc_physicalPageEv
                0xffffffff8010c7ce                _ZN4obos6memory18kfree_physicalPageEPv
 .text          0xffffffff8010c88a     0x116d src/oboskrnl/CMakeFiles/oboskrnl.dir/boot/kmain.cpp.obj
                0xffffffff8010c8e9                _ZN4obos5kmainEP14multiboot_infoj
                0xffffffff8010d065                _ZN4obos8kmainThrEv
                0xffffffff8010d805                __cxa_pure_virtual
                0xffffffff8010d82a                __cxa_atexit
                0xffffffff8010d8d1                __cxa_finalize
 .text          0xffffffff8010d9f7      0xd8b src/oboskrnl/CMakeFiles/oboskrnl.dir/console.cpp.obj
                0xffffffff8010dccf                _ZN4obos17InitializeConsoleEjj
                0xffffffff8010de67                _ZN4obos15SetConsoleColorEjj
                0xffffffff8010ded3                _ZN4obos15GetConsoleColorERjS0_
                0xffffffff8010e1bf                _ZN4obos13ConsoleOutputEPKcyb
                0xffffffff8010e251                _ZN4obos19ConsoleOutputStringEPKcb
                0xffffffff8010e2e7                _ZN4obos15ConsoleFillLineEcb
                0xffffffff8010e376                _ZN4obos22ConsoleOutputCharacterEcb
                0xffffffff8010e3dc                _ZN4obos22ConsoleOutputCharacterEcjjb
                0xffffffff8010e47e                _ZN4obos25SetTerminalCursorPositionEjj
                0xffffffff8010e4a1                _ZN4obos25GetTerminalCursorPositionERjS0_
                0xffffffff8010e664                _ZN4obos12ClearConsoleEv
                0xffffffff8010e6e4                _ZN4obos11swapBuffersEv
 .text          0xffffffff8010e782     0x1822 src/oboskrnl/CMakeFiles/oboskrnl.dir/klog.cpp.obj
                0xffffffff8010e878                _Z10strreversePci
                0xffffffff8010e905                _Z13itoa_unsignedyPci
                0xffffffff8010e9dc                _ZN4obos22consoleOutputCharacterEhPv
                0xffffffff8010ea23                _ZN4obos8_vprintfEPFvhPvES0_PKcP13__va_list_tag
                0xffffffff8010f116                _ZN4obos6printfEPKcz
                0xffffffff8010f22e                _ZN4obos7sprintfEPcPKcz
                0xffffffff8010f308                _ZN4obos7vprintfEPKcP13__va_list_tag
                0xffffffff8010f364                _ZN4obos6kpanicEPvS0_PKcz
                0xffffffff8010f599                _ZN4obos14printf_noFlushEPKcz
                0xffffffff8010f647                _ZN4obos15printStackTraceEPvPKc
                0xffffffff8010f804                _ZN4obos11disassembleEPvPKc
                0xffffffff8010fa26                _ZN4obos7countToEPKcc
                0xffffffff8010fa94                _ZN4obos7hex2binEPKcj
                0xffffffff8010fb7e                _ZN4obos9addr2funcEPvRPcRy
                0xffffffff8010fd2e                _ZN4obos9addr2fileEPvRPc
                0xffffffff8010feaa                _ZN4obos4randEv
                0xffffffff8010fedb                _ZN4obos5srandEj
                0xffffffff8010ff07                _ZN4obos4poopEv
 .text          0xffffffff8010ffa4      0x85e src/oboskrnl/CMakeFiles/oboskrnl.dir/inline-asm.cpp.obj
                0xffffffff8010ffa4                _Z4outbth
                0xffffffff8010ffc5                _Z4outwtt
                0xffffffff8010ffe6                _Z3inbt
                0xffffffff80110004                _Z3inwt
                0xffffffff80110024                _Z7io_waitv
                0xffffffff8011003a                _Z3cliv
                0xffffffff8011004f                _Z3stiv
                0xffffffff80110064                _Z3hltv
                0xffffffff8011006c                _Z4_inth
                0xffffffff80110728                _ZN4obos18EnterKernelSectionEv
                0xffffffff80110771                _ZN4obos18LeaveKernelSectionEv
                0xffffffff801107d8                _ZN4obos12EnterSyscallEv
                0xffffffff801107ed                _ZN4obos11ExitSyscallEv
 .text          0xffffffff80110802      0x42e src/oboskrnl/CMakeFiles/oboskrnl.dir/utils/bitfields.cpp.obj
                0xffffffff80110820                _ZN4obos5utils12BitfieldBaseC2Ev
                0xffffffff80110820                _ZN4obos5utils12BitfieldBaseC1Ev
                0xffffffff80110848                _ZN4obos5utils12BitfieldBase6setBitEj
                0xffffffff8011086e                _ZN4obos5utils12BitfieldBase8clearBitEj
                0xffffffff80110896                _ZNK4obos5utils12BitfieldBase6getBitEj
                0xffffffff801108b8                _ZNK4obos5utils12BitfieldBaseixEj
                0xffffffff801108e6                _ZN4obos5utils12BitfieldBasecvjEv
                0xffffffff801108fc                _ZN4obos5utils12BitfieldBasecvbEv
                0xffffffff80110918                _ZN4obos5utils8BitfieldC2Ev
                0xffffffff80110918                _ZN4obos5utils8BitfieldC1Ev
                0xffffffff80110942                _ZN4obos5utils8Bitfield6setBitEh
                0xffffffff8011097c                _ZN4obos5utils8Bitfield8clearBitEh
                0xffffffff801109b6                _ZNK4obos5utils8Bitfield6getBitEh
                0xffffffff80110a08                _ZNK4obos5utils8BitfieldixEh
                0xffffffff80110a38                _ZN4obos5utils8BitfieldcvbEv
                0xffffffff80110a52                _ZN4obos5utils15IntegerBitfieldC2Ev
                0xffffffff80110a52                _ZN4obos5utils15IntegerBitfieldC1Ev
                0xffffffff80110a7c                _ZN4obos5utils15IntegerBitfieldC2Ej
                0xffffffff80110a7c                _ZN4obos5utils15IntegerBitfieldC1Ej
                0xffffffff80110ab2                _ZN4obos5utils15IntegerBitfield11setBitfieldEj
                0xffffffff80110ace                _ZN4obos5utils16setBitInBitfieldERjh
                0xffffffff80110aff                _ZN4obos5utils18clearBitInBitfieldERjh
                0xffffffff80110b32                _ZN4obos5utils17testBitInBitfieldEjh
                0xffffffff80110b7f                _ZN4obos5utils16setBitInBitfieldERyh
                0xffffffff80110bb5                _ZN4obos5utils18clearBitInBitfieldERyh
                0xffffffff80110bee                _ZN4obos5utils17testBitInBitfieldEyh
 .text          0xffffffff80110c30      0x4b4 src/oboskrnl/CMakeFiles/oboskrnl.dir/descriptors/idt/pic.cpp.obj
                0xffffffff80110c30                _ZN4obos3PicC2Ett
                0xffffffff80110c30                _ZN4obos3PicC1Ett
                0xffffffff80110c7e                _ZN4obos3Pic8setPortsEtt
                0xffffffff80110cba                _ZN4obos3Pic15sendCommandByteEh
                0xffffffff80110cfc                _ZN4obos3Pic15sendCommandWordEt
                0xffffffff80110d3e                _ZN4obos3Pic12sendDataByteEh
                0xffffffff80110d80                _ZN4obos3Pic12sendDataWordEt
                0xffffffff80110dc4                _ZN4obos3Pic15recvCommandByteEv
                0xffffffff80110dfa                _ZN4obos3Pic15recvCommandWordEv
                0xffffffff80110e30                _ZN4obos3Pic12recvDataByteEv
                0xffffffff80110e68                _ZN4obos3Pic12recvDataWordEv
                0xffffffff80110ea0                _ZN4obos3Pic7sendEOIEv
                0xffffffff80110ec0                _ZN4obos3Pic5remapEhh
                0xffffffff80110f22                _ZN4obos3Pic9enableIrqEh
                0xffffffff80110f78                _ZN4obos3Pic10disableIrqEh
                0xffffffff80110fce                _ZN4obos3Pic7disableEv
                0xffffffff80110fee                _ZN4obos3Pic15issuedInterruptEh
                0xffffffff8011103c                _ZN4obos7SendEOIEh
 .text          0xffffffff801110e4       0xed src/oboskrnl/CMakeFiles/oboskrnl.dir/external/list/list_iterator.c.obj
                0xffffffff801110e4                list_iterator_new
                0xffffffff80111121                list_iterator_new_from_node
                0xffffffff80111167                list_iterator_next
                0xffffffff801111ae                list_iterator_destroy
 .text          0xffffffff801111d1      0x237 src/oboskrnl/CMakeFiles/oboskrnl.dir/utils/memory.cpp.obj
                0xffffffff801111d1                memcmp
                0xffffffff801111fe                _ZN4obos5utils6memcmpEPKvS2_y
                0xffffffff801112f3                _ZN4obos5utils6memchrEPvhy
                0xffffffff80111375                _ZN4obos5utils6memchrEPKvhy
                0xffffffff801113a2                _ZN4obos5utils6strcmpEPKcS2_
 .text          0xffffffff80111408      0x1b7 src/oboskrnl/CMakeFiles/oboskrnl.dir/memory_manager/paging/liballoc_hooks.cpp.obj
                0xffffffff80111408                liballoc_alloc
                0xffffffff80111464                liballoc_free
                0xffffffff8011149b                liballoc_lock
                0xffffffff801114ab                liballoc_unlock
                0xffffffff801114bb                _Znwm
                0xffffffff801114da                _Znam
                0xffffffff801114f9                _ZdlPv
                0xffffffff80111514                _ZdaPv
                0xffffffff8011152f                _ZdlPvm
                0xffffffff8011154e                _ZdaPvm
                0xffffffff8011156d                _ZnwmPv
                0xffffffff80111583                _ZnamPv
                0xffffffff80111599                _ZdlPvS_
                0xffffffff801115ac                _ZdaPvS_
 .text          0xffffffff801115bf      0xdcc src/oboskrnl/CMakeFiles/oboskrnl.dir/memory_manager/liballoc/liballoc.c.obj
                0xffffffff80111793                kmalloc
                0xffffffff80111f2f                kfree
                0xffffffff801121ca                kcalloc
                0xffffffff80112218                krealloc
 *fill*         0xffffffff8011238b        0x1 
 .text          0xffffffff8011238c      0xf24 src/oboskrnl/CMakeFiles/oboskrnl.dir/multitasking/threadHandle.cpp.obj
                0xffffffff8011238c                _ZN4obos12multitasking12ThreadHandleC1Ev
                0xffffffff8011238c                _ZN4obos12multitasking12ThreadHandleC2Ev
                0xffffffff801123f2                _ZN4obos12multitasking12ThreadHandle12CreateThreadENS0_6Thread10priority_tEPFvPvES4_jy
                0xffffffff8011249e                _ZN4obos12multitasking12ThreadHandle10OpenThreadEj
                0xffffffff80112556                _ZN4obos12multitasking12ThreadHandle10OpenThreadEPNS0_6ThreadE
                0xffffffff801125ec                _ZN4obos12multitasking12ThreadHandle11PauseThreadEb
                0xffffffff8011268e                _ZN4obos12multitasking12ThreadHandle12ResumeThreadEv
                0xffffffff801126ec                _ZN4obos12multitasking12ThreadHandle17SetThreadPriorityENS0_6Thread10priority_tE
                0xffffffff801128a6                _ZN4obos12multitasking12ThreadHandle15SetThreadStatusEj
                0xffffffff8011295e                _ZN4obos12multitasking12ThreadHandle15TerminateThreadEj
                0xffffffff80112a9a                _ZN4obos12multitasking12ThreadHandle6GetTidEv
                0xffffffff80112ac8                _ZN4obos12multitasking12ThreadHandle11GetExitCodeEv
                0xffffffff80112b24                _ZN4obos12multitasking12ThreadHandle17GetThreadPriorityEv
                0xffffffff80112b68                _ZN4obos12multitasking12ThreadHandle15GetThreadStatusEv
                0xffffffff80112c12                _ZN4obos12multitasking12ThreadHandle17WaitForThreadExitEv
                0xffffffff80112dc8                _ZN4obos12multitasking12ThreadHandle25WaitForThreadStatusChangeEj
                0xffffffff80112f0c                _ZN4obos12multitasking12ThreadHandle9duplicateEv
                0xffffffff80112fc0                _ZN4obos12multitasking12ThreadHandle11closeHandleEv
                0xffffffff80113177                _ZN4obos12multitasking10ExitThreadEj
                0xffffffff8011322b                _ZN4obos12multitasking19GetCurrentThreadTidEv
                0xffffffff8011324e                _ZN4obos12multitasking24GetCurrentThreadPriorityEv
                0xffffffff8011325e                _ZN4obos12multitasking22GetCurrentThreadStatusEv
                0xffffffff8011326e                _ZN4obos12multitasking22GetCurrentThreadHandleEv
 .text          0xffffffff801132b0       0x51 src/oboskrnl/CMakeFiles/oboskrnl.dir/external/list/list_node.c.obj
                0xffffffff801132b0                list_node_new
 .text          0xffffffff80113301      0x58a src/oboskrnl/CMakeFiles/oboskrnl.dir/external/list/list.c.obj
                0xffffffff80113301                list_new
                0xffffffff80113365                list_destroy
                0xffffffff801133e6                list_rpush
                0xffffffff80113498                list_rpop
                0xffffffff8011353c                list_lpop
                0xffffffff801135db                list_lpush
                0xffffffff80113689                list_find
                0xffffffff80113739                list_at
                0xffffffff801137d9                list_remove
 .text          0xffffffff8011388b      0xa45 src/oboskrnl/CMakeFiles/oboskrnl.dir/multitasking/multitasking.cpp.obj
                0xffffffff8011388b                _ZN4obos12multitasking10canRanTaskEPNS0_6ThreadE
                0xffffffff801138ca                _ZN4obos12multitasking12switchToTaskEPNS0_6ThreadE
                0xffffffff80113a61                _ZN4obos12multitasking11findNewTaskEPKNS_15interrupt_frameE
                0xffffffff801140d5                _ZN4obos12multitasking22InitializeMultitaskingEv
 .text          0xffffffff801142d0      0x271 src/oboskrnl/CMakeFiles/oboskrnl.dir/elf/elf.cpp.obj
                0xffffffff8011447f                _ZN4obos9elfLoader11LoadElfFileEPhyRyS2_
 *fill*         0xffffffff80114541        0x1 
 .text          0xffffffff80114542      0x41f src/oboskrnl/CMakeFiles/oboskrnl.dir/multitasking/thread.cpp.obj
                0xffffffff80114542                _ZN4obos12multitasking6ThreadC1ENS1_10priority_tEPFvPvES3_jy
                0xffffffff80114542                _ZN4obos12multitasking6ThreadC2ENS1_10priority_tEPFvPvES3_jy
                0xffffffff8011465a                _ZN4obos12multitasking6Thread12CreateThreadENS1_10priority_tEPFvPvES3_jy
 *fill*         0xffffffff80114961        0x1 
 .text          0xffffffff80114962      0x18d src/oboskrnl/CMakeFiles/oboskrnl.dir/multitasking/mutex/mutex.cpp.obj
                0xffffffff80114962                _ZN4obos12multitasking17MutexLockCallbackEPNS0_6ThreadEPv
                0xffffffff801149a2                _ZN4obos12multitasking5Mutex4LockEb
                0xffffffff80114a74                _ZN4obos12multitasking5Mutex6UnlockEv
                0xffffffff80114ac6                _ZN4obos12multitasking5MutexD2Ev
                0xffffffff80114ac6                _ZN4obos12multitasking5MutexD1Ev
 *fill*         0xffffffff80114aef        0x1 
 .text          0xffffffff80114af0      0x2b9 src/oboskrnl/CMakeFiles/oboskrnl.dir/multitasking/mutex/mutexHandle.cpp.obj
                0xffffffff80114af0                _ZN4obos12multitasking11MutexHandleC2Ev
                0xffffffff80114af0                _ZN4obos12multitasking11MutexHandleC1Ev
                0xffffffff80114b98                _ZN4obos12multitasking11MutexHandle9duplicateEv
                0xffffffff80114c1e                _ZN4obos12multitasking11MutexHandle11closeHandleEv
                0xffffffff80114cc6                _ZN4obos12multitasking11MutexHandle4LockEb
                0xffffffff80114d12                _ZN4obos12multitasking11MutexHandle6UnlockEv
                0xffffffff80114d48                _ZN4obos12multitasking11MutexHandleD2Ev
                0xffffffff80114d48                _ZN4obos12multitasking11MutexHandleD1Ev
                0xffffffff80114d7e                _ZN4obos12multitasking11MutexHandleD0Ev
 *fill*         0xffffffff80114da9        0x1 
 .text          0xffffffff80114daa      0xc1f src/oboskrnl/CMakeFiles/oboskrnl.dir/process/process.cpp.obj
                0xffffffff80114daa                _ZN4obos7process7ProcessC1Ev
                0xffffffff80114daa                _ZN4obos7process7ProcessC2Ev
                0xffffffff80114e77                _ZN4obos7process16DriverEntryPointEPv
                0xffffffff80114ffa                _ZN4obos7process7Process13CreateProcessEPhyPvb
                0xffffffff801155b0                _ZN4obos7process7Process16TerminateProcessEj
                0xffffffff8011583c                _ZN4obos7process7Process15doContextSwitchEv
                0xffffffff8011585a                _ZN4obos7process7Process21UncommitProcessMemoryEv
 .text          0xffffffff801159c9       0x8c src/oboskrnl/CMakeFiles/oboskrnl.dir/driver_api/interrupts.cpp.obj
                0xffffffff801159c9                _Z10do_nothingv
                0xffffffff801159d4                _ZN4obos9driverAPI20ResetSyscallHandlersEv
                0xffffffff80115a0a                _ZN4obos9driverAPI22RegisterSyscallHandlerEhy
                0xffffffff80115a30                _ZN4obos9driverAPI24UnregisterSyscallHandlerEh
 .text          0xffffffff80115a55      0xec9 src/oboskrnl/CMakeFiles/oboskrnl.dir/driver_api/syscalls.cpp.obj
                0xffffffff80115a55                _ZN4obos9driverAPI16RegisterSyscallsEv
 .text          0xffffffff8011691e     0x1ad2 src/oboskrnl/CMakeFiles/oboskrnl.dir/syscalls/syscalls.cpp.obj
                0xffffffff801169eb                _ZN4obos7process16RegisterSyscallsEv
 .text          0xffffffff801183f0    0x18712 src/oboskrnl/CMakeFiles/oboskrnl.dir/external/amalgamated-dist/Zydis.c.obj
                0xffffffff8011a895                ZydisDecodeOperands
                0xffffffff8011f7f9                ZydisDecoderInit
                0xffffffff8011f88d                ZydisDecoderEnableMode
                0xffffffff8011f8cb                ZydisDecoderDecodeFull
                0xffffffff8011f9fa                ZydisDecoderDecodeInstruction
                0xffffffff8011fb5c                ZydisDecoderDecodeOperands
                0xffffffff8011fc0a                ZydisDecoderTreeGetChildNode
                0xffffffff80120214                ZydisGetInstructionEncodingInfo
                0xffffffff80125038                ZydisBuildRegisterOperand
                0xffffffff80126170                ZydisEncoderEncodeInstruction
                0xffffffff801261d5                ZydisEncoderEncodeInstructionAbsolute
                0xffffffff801267fc                ZydisEncoderDecodedInstructionToEncoderRequest
                0xffffffff80126da7                ZydisEncoderNopFill
                0xffffffff80126e2d                ZydisGetRelInfo
                0xffffffff80126ee1                ZydisGetEncodableInstructions
                0xffffffff8012763b                ZydisFormatterBufferInit
                0xffffffff801276cc                ZydisFormatterBufferInitTokenized
                0xffffffff8012778b                ZydisFormatterInit
                0xffffffff801277d4                ZydisFormatterSetProperty
                0xffffffff80127e8f                ZydisFormatterSetHook
                0xffffffff80127f5a                ZydisFormatterFormatInstruction
                0xffffffff8012811a                ZydisFormatterFormatOperand
                0xffffffff801283c4                ZydisFormatterTokenizeInstruction
                0xffffffff801285ca                ZydisFormatterTokenizeOperand
                0xffffffff801288bd                ZydisFormatterATTFormatInstruction
                0xffffffff80128fcc                ZydisFormatterATTFormatOperandMEM
                0xffffffff80129488                ZydisFormatterATTPrintMnemonic
                0xffffffff801297f8                ZydisFormatterATTPrintRegister
                0xffffffff801298be                ZydisFormatterATTPrintAddressABS
                0xffffffff8012995f                ZydisFormatterATTPrintDISP
                0xffffffff80129cc7                ZydisFormatterATTPrintIMM
                0xffffffff80129d4a                ZydisFormatterHelperGetExplicitSize
                0xffffffff80129f44                ZydisFormatterBaseFormatOperandREG
                0xffffffff80129f82                ZydisFormatterBaseFormatOperandPTR
                0xffffffff8012a35d                ZydisFormatterBaseFormatOperandIMM
                0xffffffff8012a416                ZydisFormatterBasePrintAddressABS
                0xffffffff8012a667                ZydisFormatterBasePrintAddressREL
                0xffffffff8012aa75                ZydisFormatterBasePrintIMM
                0xffffffff8012aeda                ZydisFormatterBasePrintSegment
                0xffffffff8012b0c4                ZydisFormatterBasePrintPrefixes
                0xffffffff8012c045                ZydisFormatterBasePrintDecorator
                0xffffffff8012d538                ZydisFormatterTokenGetValue
                0xffffffff8012d58b                ZydisFormatterTokenNext
                0xffffffff8012d5ec                ZydisFormatterBufferGetToken
                0xffffffff8012d640                ZydisFormatterBufferGetString
                0xffffffff8012d6a0                ZydisFormatterBufferAppend
                0xffffffff8012d7c4                ZydisFormatterBufferRemember
                0xffffffff8012d81e                ZydisFormatterBufferRestore
                0xffffffff8012d8df                ZydisFormatterIntelFormatInstruction
                0xffffffff8012dff0                ZydisFormatterIntelFormatOperandMEM
                0xffffffff8012e4c8                ZydisFormatterIntelPrintMnemonic
                0xffffffff8012e674                ZydisFormatterIntelPrintRegister
                0xffffffff8012e756                ZydisFormatterIntelPrintDISP
                0xffffffff8012ec24                ZydisFormatterIntelPrintTypecast
                0xffffffff8012f07e                ZydisFormatterIntelFormatInstructionMASM
                0xffffffff8012f0b7                ZydisFormatterIntelPrintAddressMASM
                0xffffffff8012f350                ZydisCategoryGetString
                0xffffffff8012f375                ZydisISASetGetString
                0xffffffff8012f39d                ZydisISAExtGetString
                0xffffffff8012f3c2                ZydisMnemonicGetString
                0xffffffff8012f3f5                ZydisMnemonicGetStringWrapped
                0xffffffff8012f425                ZydisRegisterEncode
                0xffffffff8012f4a3                ZydisRegisterGetId
                0xffffffff8012f4d9                ZydisRegisterGetClass
                0xffffffff8012f50e                ZydisRegisterGetWidth
                0xffffffff8012f568                ZydisRegisterGetLargestEnclosing
                0xffffffff8012f666                ZydisRegisterGetString
                0xffffffff8012f699                ZydisRegisterGetStringWrapped
                0xffffffff8012f6c9                ZydisRegisterClassGetWidth
                0xffffffff8012f720                ZydisGetInstructionSegments
                0xffffffff8012fcdf                ZydisGetInstructionDefinition
                0xffffffff8012fde4                ZydisGetOperandDefinitions
                0xffffffff8012fe4b                ZydisGetElementInfo
                0xffffffff8012fe83                ZydisGetAccessedFlags
                0xffffffff8012fef4                ZydisStringAppendDecU64
                0xffffffff801300da                ZydisStringAppendHexU64
                0xffffffff80130368                ZydisStringAppendDecU
                0xffffffff801303f7                ZydisStringAppendHexU
                0xffffffff80130492                ZydisCalcAbsoluteAddress
                0xffffffff801306ae                ZydisCalcAbsoluteAddressEx
                0xffffffff80130809                ZydisGetVersion
                0xffffffff80130819                ZydisIsFeatureEnabled
                0xffffffff80130a82                ZydisDisassembleIntel
                0xffffffff80130ac2                ZydisDisassembleATT
 .text          0xffffffff80130b02       0xf2 src/oboskrnl/CMakeFiles/oboskrnl.dir/descriptors/gdt/gdt.cpp.obj
                0xffffffff80130b02                _ZN4obos13InitializeGdtEv
                0xffffffff80130bda                _ZN4obos11SetTSSStackEPv
                0xffffffff80130bf4                _glb_text_start = .
 *(.glb.text)
 .glb.text      0xffffffff80130bf4       0x2a src/oboskrnl/CMakeFiles/oboskrnl.dir/process/process.cpp.obj
                0xffffffff80130bf4                _ZN4obos7process14ProcEntryPointEPv
                0xffffffff80130c1e                _glb_text_end = .

.iplt           0xffffffff80130c1e        0x0 load address 0x0000000000130c1e
 .iplt          0xffffffff80130c1e        0x0 src/oboskrnl/CMakeFiles/oboskrnl.dir/boot/x86-64/kernel_bootstrap.asm.obj

.gnu.linkonce.t._ZN4obos6memory7PageMap21computeIndexAtAddressEyh
                0xffffffff80130c1e       0x31 load address 0x0000000000130c1e
 .gnu.linkonce.t._ZN4obos6memory7PageMap21computeIndexAtAddressEyh
                0xffffffff80130c1e       0x31 src/oboskrnl/CMakeFiles/oboskrnl.dir/x86-64/exception_handlers.cpp.obj
                0xffffffff80130c1e                _ZN4obos6memory7PageMap21computeIndexAtAddressEyh

.gnu.linkonce.t._ZNK4obos6memory7PageMap10getPageMapEv
                0xffffffff80130c50       0x15 load address 0x0000000000130c50
 .gnu.linkonce.t._ZNK4obos6memory7PageMap10getPageMapEv
                0xffffffff80130c50       0x15 src/oboskrnl/CMakeFiles/oboskrnl.dir/memory_manager/paging/x86-64/allocate.cpp.obj
                0xffffffff80130c50                _ZNK4obos6memory7PageMap10getPageMapEv

.gnu.linkonce.t._ZN4obos7process7Process14allocatedBlockC1Ev
                0xffffffff80130c66       0x26 load address 0x0000000000130c66
 .gnu.linkonce.t._ZN4obos7process7Process14allocatedBlockC1Ev
                0xffffffff80130c66       0x26 src/oboskrnl/CMakeFiles/oboskrnl.dir/memory_manager/paging/x86-64/allocate.cpp.obj
                0xffffffff80130c66                _ZN4obos7process7Process14allocatedBlockC1Ev

.gnu.linkonce.t._ZN4obos6Handle7getTypeEv
                0xffffffff80130c8c       0x13 load address 0x0000000000130c8c
 .gnu.linkonce.t._ZN4obos6Handle7getTypeEv
                0xffffffff80130c8c       0x13 src/oboskrnl/CMakeFiles/oboskrnl.dir/boot/kmain.cpp.obj
                0xffffffff80130c8c                _ZN4obos6Handle7getTypeEv

.gnu.linkonce.t._ZN4obos6HandleD2Ev
                0xffffffff80130ca0       0x1d load address 0x0000000000130ca0
 .gnu.linkonce.t._ZN4obos6HandleD2Ev
                0xffffffff80130ca0       0x1d src/oboskrnl/CMakeFiles/oboskrnl.dir/boot/kmain.cpp.obj
                0xffffffff80130ca0                _ZN4obos6HandleD2Ev

.gnu.linkonce.t._ZN4obos12multitasking12ThreadHandleD1Ev
                0xffffffff80130cbe       0x35 load address 0x0000000000130cbe
 .gnu.linkonce.t._ZN4obos12multitasking12ThreadHandleD1Ev
                0xffffffff80130cbe       0x35 src/oboskrnl/CMakeFiles/oboskrnl.dir/boot/kmain.cpp.obj
                0xffffffff80130cbe                _ZN4obos12multitasking12ThreadHandleD1Ev

.gnu.linkonce.t._ZN4obos6Handle13getReferencesEv
                0xffffffff80130cf4       0x1a load address 0x0000000000130cf4
 .gnu.linkonce.t._ZN4obos6Handle13getReferencesEv
                0xffffffff80130cf4       0x1a src/oboskrnl/CMakeFiles/oboskrnl.dir/multitasking/threadHandle.cpp.obj
                0xffffffff80130cf4                _ZN4obos6Handle13getReferencesEv

.gnu.linkonce.t._ZN4obos12multitasking6ThreadD1Ev
                0xffffffff80130d0e       0x53 load address 0x0000000000130d0e
 .gnu.linkonce.t._ZN4obos12multitasking6ThreadD1Ev
                0xffffffff80130d0e       0x53 src/oboskrnl/CMakeFiles/oboskrnl.dir/multitasking/threadHandle.cpp.obj
                0xffffffff80130d0e                _ZN4obos12multitasking6ThreadD1Ev

.gnu.linkonce.t._ZN4obos12multitasking6ThreadD0Ev
                0xffffffff80130d62       0x2b load address 0x0000000000130d62
 .gnu.linkonce.t._ZN4obos12multitasking6ThreadD0Ev
                0xffffffff80130d62       0x2b src/oboskrnl/CMakeFiles/oboskrnl.dir/multitasking/threadHandle.cpp.obj
                0xffffffff80130d62                _ZN4obos12multitasking6ThreadD0Ev

.gnu.linkonce.t._ZN4obos12multitasking12ThreadHandle7getTypeEv
                0xffffffff80130d8e       0x13 load address 0x0000000000130d8e
 .gnu.linkonce.t._ZN4obos12multitasking12ThreadHandle7getTypeEv
                0xffffffff80130d8e       0x13 src/oboskrnl/CMakeFiles/oboskrnl.dir/multitasking/threadHandle.cpp.obj
                0xffffffff80130d8e                _ZN4obos12multitasking12ThreadHandle7getTypeEv

.gnu.linkonce.t._ZN4obos12multitasking12ThreadHandleD0Ev
                0xffffffff80130da2       0x2b load address 0x0000000000130da2
 .gnu.linkonce.t._ZN4obos12multitasking12ThreadHandleD0Ev
                0xffffffff80130da2       0x2b src/oboskrnl/CMakeFiles/oboskrnl.dir/multitasking/threadHandle.cpp.obj
                0xffffffff80130da2                _ZN4obos12multitasking12ThreadHandleD0Ev

.gnu.linkonce.t._ZN4obos6HandleC2Ev
                0xffffffff80130dce       0x41 load address 0x0000000000130dce
 .gnu.linkonce.t._ZN4obos6HandleC2Ev
                0xffffffff80130dce       0x41 src/oboskrnl/CMakeFiles/oboskrnl.dir/multitasking/threadHandle.cpp.obj
                0xffffffff80130dce                _ZN4obos6HandleC2Ev

.gnu.linkonce.t._ZN4obos12multitasking6ThreadC1Ev
                0xffffffff80130e10       0xe0 load address 0x0000000000130e10
 .gnu.linkonce.t._ZN4obos12multitasking6ThreadC1Ev
                0xffffffff80130e10       0xe0 src/oboskrnl/CMakeFiles/oboskrnl.dir/multitasking/threadHandle.cpp.obj
                0xffffffff80130e10                _ZN4obos12multitasking6ThreadC1Ev

.gnu.linkonce.t._ZN4obos12multitasking11MutexHandle7getTypeEv
                0xffffffff80130ef0       0x13 load address 0x0000000000130ef0
 .gnu.linkonce.t._ZN4obos12multitasking11MutexHandle7getTypeEv
                0xffffffff80130ef0       0x13 src/oboskrnl/CMakeFiles/oboskrnl.dir/multitasking/mutex/mutexHandle.cpp.obj
                0xffffffff80130ef0                _ZN4obos12multitasking11MutexHandle7getTypeEv

.gnu.linkonce.t._ZN4obos12multitasking5MutexC1Ev
                0xffffffff80130f04       0x29 load address 0x0000000000130f04
 .gnu.linkonce.t._ZN4obos12multitasking5MutexC1Ev
                0xffffffff80130f04       0x29 src/oboskrnl/CMakeFiles/oboskrnl.dir/multitasking/mutex/mutexHandle.cpp.obj
                0xffffffff80130f04                _ZN4obos12multitasking5MutexC1Ev

.rodata         0xffffffff80131000    0x6e6c0 load address 0x0000000000131000
 *(.rodata)
 .rodata        0xffffffff80131000      0x45d src/oboskrnl/CMakeFiles/oboskrnl.dir/x86-64/exception_handlers.cpp.obj
 *fill*         0xffffffff8013145d        0x3 
 .rodata        0xffffffff80131460       0x10 src/oboskrnl/CMakeFiles/oboskrnl.dir/memory_manager/paging/x86-64/init.cpp.obj
 .rodata        0xffffffff80131470       0x10 src/oboskrnl/CMakeFiles/oboskrnl.dir/memory_manager/paging/x86-64/allocate.cpp.obj
 .rodata        0xffffffff80131480       0x10 src/oboskrnl/CMakeFiles/oboskrnl.dir/memory_manager/x86-64/physical.cpp.obj
 .rodata        0xffffffff80131490      0x5bd src/oboskrnl/CMakeFiles/oboskrnl.dir/boot/kmain.cpp.obj
 *fill*         0xffffffff80131a4d        0x3 
 .rodata        0xffffffff80131a50       0x88 src/oboskrnl/CMakeFiles/oboskrnl.dir/console.cpp.obj
 .rodata        0xffffffff80131ad8      0x260 src/oboskrnl/CMakeFiles/oboskrnl.dir/klog.cpp.obj
 .rodata        0xffffffff80131d38      0x800 src/oboskrnl/CMakeFiles/oboskrnl.dir/inline-asm.cpp.obj
 .rodata        0xffffffff80132538       0x9f src/oboskrnl/CMakeFiles/oboskrnl.dir/multitasking/threadHandle.cpp.obj
 *fill*         0xffffffff801325d7        0x1 
 .rodata        0xffffffff801325d8       0x9f src/oboskrnl/CMakeFiles/oboskrnl.dir/multitasking/multitasking.cpp.obj
 *fill*         0xffffffff80132677        0x1 
 .rodata        0xffffffff80132678       0x50 src/oboskrnl/CMakeFiles/oboskrnl.dir/elf/elf.cpp.obj
 .rodata        0xffffffff801326c8       0x9f src/oboskrnl/CMakeFiles/oboskrnl.dir/multitasking/thread.cpp.obj
 *fill*         0xffffffff80132767        0x1 
 .rodata        0xffffffff80132768      0x107 src/oboskrnl/CMakeFiles/oboskrnl.dir/process/process.cpp.obj
 *fill*         0xffffffff8013286f        0x1 
 .rodata        0xffffffff80132870       0x68 src/oboskrnl/CMakeFiles/oboskrnl.dir/driver_api/syscalls.cpp.obj
 *fill*         0xffffffff801328d8        0x8 
 .rodata        0xffffffff801328e0    0x6cde0 src/oboskrnl/CMakeFiles/oboskrnl.dir/external/amalgamated-dist/Zydis.c.obj
                0xffffffff80133100                FILTERS_XOP
                0xffffffff80133140                FILTERS_VEX
                0xffffffff801331c0                FILTERS_EMVEX
                0xffffffff80133260                FILTERS_OPCODE
                0xffffffff8013bc60                FILTERS_MODE
                0xffffffff8013bc80                FILTERS_MODE_COMPACT
                0xffffffff8013c370                FILTERS_PREFIX_GROUP1
                0xffffffff8013c388                FILTERS_MODRM_MOD
                0xffffffff8013c3a0                FILTERS_MODRM_MOD_COMPACT
                0xffffffff8013ef00                FILTERS_MODRM_REG
                0xffffffff8013fa60                FILTERS_MODRM_RM
                0xffffffff80140100                FILTERS_MANDATORY_PREFIX
                0xffffffff80141a80                FILTERS_OPERAND_SIZE
                0xffffffff80141c00                FILTERS_ADDRESS_SIZE
                0xffffffff80141e20                FILTERS_VECTOR_LENGTH
                0xffffffff80145520                FILTERS_REX_W
                0xffffffff80147d22                FILTERS_REX_B
                0xffffffff80147d40                FILTERS_EVEX_B
                0xffffffff801497a0                FILTERS_MVEX_E
                0xffffffff80149a80                FILTERS_MODE_AMD
                0xffffffff80149b00                FILTERS_MODE_KNC
                0xffffffff80149b30                FILTERS_MODE_MPX
                0xffffffff80149b40                FILTERS_MODE_CET
                0xffffffff80149b60                FILTERS_MODE_LZCNT
                0xffffffff80149b70                FILTERS_MODE_TZCNT
                0xffffffff80149b7c                FILTERS_MODE_WBNOINVD
                0xffffffff80149b82                FILTERS_MODE_CLDEMOTE
                0xffffffff80149b88                FILTERS_MODE_CENTAUR
                0xffffffff80149b8e                zydis_decoder_tree_root
                0xffffffff8014a1e0                encoder_instruction_lookup
                0xffffffff8014bd60                encoder_instructions
                0xffffffff80168c40                ISTR_DEFINITIONS_LEGACY
                0xffffffff8016f620                ISTR_DEFINITIONS_3DNOW
                0xffffffff8016f860                ISTR_DEFINITIONS_XOP
                0xffffffff80170160                ISTR_DEFINITIONS_VEX
                0xffffffff80175920                ISTR_DEFINITIONS_EVEX
                0xffffffff80183ce0                ISTR_DEFINITIONS_MVEX
                0xffffffff801854c0                OPERAND_DEFINITIONS
                0xffffffff8019f6c0                _ZN4obos6memory9__erodataE = .

.gnu.linkonce.r._ZTVN4obos6HandleE
                0xffffffff8019f6c0       0x38 load address 0x000000000019f6c0
 .gnu.linkonce.r._ZTVN4obos6HandleE
                0xffffffff8019f6c0       0x38 src/oboskrnl/CMakeFiles/oboskrnl.dir/boot/kmain.cpp.obj
                0xffffffff8019f6c0                _ZTVN4obos6HandleE

.gnu.linkonce.r._ZTVN4obos5utils8BitfieldE
                0xffffffff8019f6f8       0x60 load address 0x000000000019f6f8
 .gnu.linkonce.r._ZTVN4obos5utils8BitfieldE
                0xffffffff8019f6f8       0x60 src/oboskrnl/CMakeFiles/oboskrnl.dir/utils/bitfields.cpp.obj
                0xffffffff8019f6f8                _ZTVN4obos5utils8BitfieldE

.gnu.linkonce.r._ZTVN4obos5utils12BitfieldBaseE
                0xffffffff8019f758       0x40 load address 0x000000000019f758
 .gnu.linkonce.r._ZTVN4obos5utils12BitfieldBaseE
                0xffffffff8019f758       0x40 src/oboskrnl/CMakeFiles/oboskrnl.dir/utils/bitfields.cpp.obj
                0xffffffff8019f758                _ZTVN4obos5utils12BitfieldBaseE

.gnu.linkonce.r._ZTVN4obos5utils15IntegerBitfieldE
                0xffffffff8019f798       0x60 load address 0x000000000019f798
 .gnu.linkonce.r._ZTVN4obos5utils15IntegerBitfieldE
                0xffffffff8019f798       0x60 src/oboskrnl/CMakeFiles/oboskrnl.dir/utils/bitfields.cpp.obj
                0xffffffff8019f798                _ZTVN4obos5utils15IntegerBitfieldE

.gnu.linkonce.r._ZTVN4obos12multitasking12ThreadHandleE
                0xffffffff8019f7f8       0x38 load address 0x000000000019f7f8
 .gnu.linkonce.r._ZTVN4obos12multitasking12ThreadHandleE
                0xffffffff8019f7f8       0x38 src/oboskrnl/CMakeFiles/oboskrnl.dir/multitasking/threadHandle.cpp.obj
                0xffffffff8019f7f8                _ZTVN4obos12multitasking12ThreadHandleE

.gnu.linkonce.r._ZTVN4obos12multitasking6ThreadE
                0xffffffff8019f830       0x20 load address 0x000000000019f830
 .gnu.linkonce.r._ZTVN4obos12multitasking6ThreadE
                0xffffffff8019f830       0x20 src/oboskrnl/CMakeFiles/oboskrnl.dir/multitasking/threadHandle.cpp.obj
                0xffffffff8019f830                _ZTVN4obos12multitasking6ThreadE

.gnu.linkonce.r._ZTVN4obos12multitasking11MutexHandleE
                0xffffffff8019f850       0x38 load address 0x000000000019f850
 .gnu.linkonce.r._ZTVN4obos12multitasking11MutexHandleE
                0xffffffff8019f850       0x38 src/oboskrnl/CMakeFiles/oboskrnl.dir/multitasking/mutex/mutexHandle.cpp.obj
                0xffffffff8019f850                _ZTVN4obos12multitasking11MutexHandleE

.rela.dyn       0xffffffff8019f888        0x0 load address 0x000000000019f888
 .rela.got      0xffffffff8019f888        0x0 src/oboskrnl/CMakeFiles/oboskrnl.dir/boot/x86-64/kernel_bootstrap.asm.obj
 .rela.iplt     0xffffffff8019f888        0x0 src/oboskrnl/CMakeFiles/oboskrnl.dir/boot/x86-64/kernel_bootstrap.asm.obj
 .rela.text     0xffffffff8019f888        0x0 src/oboskrnl/CMakeFiles/oboskrnl.dir/boot/x86-64/kernel_bootstrap.asm.obj
 .rela.gnu.linkonce.t._ZN4obos6HandleD2Ev
                0xffffffff8019f888        0x0 src/oboskrnl/CMakeFiles/oboskrnl.dir/boot/x86-64/kernel_bootstrap.asm.obj
 .rela.gnu.linkonce.t._ZN4obos12multitasking12ThreadHandleD1Ev
                0xffffffff8019f888        0x0 src/oboskrnl/CMakeFiles/oboskrnl.dir/boot/x86-64/kernel_bootstrap.asm.obj
 .rela.gnu.linkonce.r._ZTVN4obos6HandleE
                0xffffffff8019f888        0x0 src/oboskrnl/CMakeFiles/oboskrnl.dir/boot/x86-64/kernel_bootstrap.asm.obj
 .rela.gnu.linkonce.t._ZN4obos12multitasking6ThreadD1Ev
                0xffffffff8019f888        0x0 src/oboskrnl/CMakeFiles/oboskrnl.dir/boot/x86-64/kernel_bootstrap.asm.obj
 .rela.gnu.linkonce.t._ZN4obos6HandleC2Ev
                0xffffffff8019f888        0x0 src/oboskrnl/CMakeFiles/oboskrnl.dir/boot/x86-64/kernel_bootstrap.asm.obj
 .rela.gnu.linkonce.t._ZN4obos12multitasking6ThreadC1Ev
                0xffffffff8019f888        0x0 src/oboskrnl/CMakeFiles/oboskrnl.dir/boot/x86-64/kernel_bootstrap.asm.obj
 .rela.gnu.linkonce.r._ZTVN4obos12multitasking12ThreadHandleE
                0xffffffff8019f888        0x0 src/oboskrnl/CMakeFiles/oboskrnl.dir/boot/x86-64/kernel_bootstrap.asm.obj
 .rela.gnu.linkonce.r._ZTVN4obos12multitasking6ThreadE
                0xffffffff8019f888        0x0 src/oboskrnl/CMakeFiles/oboskrnl.dir/boot/x86-64/kernel_bootstrap.asm.obj
 .rela.gnu.linkonce.r._ZTVN4obos12multitasking11MutexHandleE
                0xffffffff8019f888        0x0 src/oboskrnl/CMakeFiles/oboskrnl.dir/boot/x86-64/kernel_bootstrap.asm.obj

.data           0xffffffff801a0000      0xccc load address 0x00000000001a0000
 *(.data)
 .data          0xffffffff801a0000        0x0 src/oboskrnl/CMakeFiles/oboskrnl.dir/descriptors/idt/x86-64/handlers.asm.obj
 .data          0xffffffff801a0000       0x10 src/oboskrnl/CMakeFiles/oboskrnl.dir/syscalls/interrupts.asm.obj
 .data          0xffffffff801a0010       0x42 src/oboskrnl/CMakeFiles/oboskrnl.dir/descriptors/gdt/gdt_x86-64.asm.obj
                0xffffffff801a0010                GDT
                0xffffffff801a0038                TSS
 .data          0xffffffff801a0052        0x0 src/oboskrnl/CMakeFiles/oboskrnl.dir/descriptors/idt/x86-64/idt.cpp.obj
 .data          0xffffffff801a0052        0x0 src/oboskrnl/CMakeFiles/oboskrnl.dir/x86-64/exception_handlers.cpp.obj
 .data          0xffffffff801a0052        0x0 src/oboskrnl/CMakeFiles/oboskrnl.dir/memory_manager/paging/x86-64/init.cpp.obj
 .data          0xffffffff801a0052        0x0 src/oboskrnl/CMakeFiles/oboskrnl.dir/memory_manager/paging/x86-64/allocate.cpp.obj
 .data          0xffffffff801a0052        0x0 src/oboskrnl/CMakeFiles/oboskrnl.dir/memory_manager/x86-64/physical.cpp.obj
 *fill*         0xffffffff801a0052        0x6 
 .data          0xffffffff801a0058        0x8 src/oboskrnl/CMakeFiles/oboskrnl.dir/boot/kmain.cpp.obj
                0xffffffff801a0058                __dso_handle
 .data          0xffffffff801a0060        0x0 src/oboskrnl/CMakeFiles/oboskrnl.dir/console.cpp.obj
 .data          0xffffffff801a0060        0x8 src/oboskrnl/CMakeFiles/oboskrnl.dir/klog.cpp.obj
 .data          0xffffffff801a0068        0x0 src/oboskrnl/CMakeFiles/oboskrnl.dir/inline-asm.cpp.obj
 .data          0xffffffff801a0068        0x0 src/oboskrnl/CMakeFiles/oboskrnl.dir/utils/bitfields.cpp.obj
 .data          0xffffffff801a0068        0x0 src/oboskrnl/CMakeFiles/oboskrnl.dir/descriptors/idt/pic.cpp.obj
 .data          0xffffffff801a0068        0x0 src/oboskrnl/CMakeFiles/oboskrnl.dir/external/list/list_iterator.c.obj
 .data          0xffffffff801a0068        0x0 src/oboskrnl/CMakeFiles/oboskrnl.dir/utils/memory.cpp.obj
 .data          0xffffffff801a0068        0x8 src/oboskrnl/CMakeFiles/oboskrnl.dir/memory_manager/paging/liballoc_hooks.cpp.obj
                0xffffffff801a0068                liballoc_base
 .data          0xffffffff801a0070        0x8 src/oboskrnl/CMakeFiles/oboskrnl.dir/memory_manager/liballoc/liballoc.c.obj
 .data          0xffffffff801a0078        0x0 src/oboskrnl/CMakeFiles/oboskrnl.dir/multitasking/threadHandle.cpp.obj
 .data          0xffffffff801a0078        0x0 src/oboskrnl/CMakeFiles/oboskrnl.dir/external/list/list_node.c.obj
 .data          0xffffffff801a0078        0x0 src/oboskrnl/CMakeFiles/oboskrnl.dir/external/list/list.c.obj
 .data          0xffffffff801a0078        0x0 src/oboskrnl/CMakeFiles/oboskrnl.dir/multitasking/multitasking.cpp.obj
 .data          0xffffffff801a0078        0x0 src/oboskrnl/CMakeFiles/oboskrnl.dir/elf/elf.cpp.obj
 .data          0xffffffff801a0078        0x4 src/oboskrnl/CMakeFiles/oboskrnl.dir/multitasking/thread.cpp.obj
                0xffffffff801a0078                _ZN4obos12multitasking15g_nextThreadTidE
 .data          0xffffffff801a007c        0x0 src/oboskrnl/CMakeFiles/oboskrnl.dir/multitasking/mutex/mutex.cpp.obj
 .data          0xffffffff801a007c        0x0 src/oboskrnl/CMakeFiles/oboskrnl.dir/multitasking/mutex/mutexHandle.cpp.obj
 .data          0xffffffff801a007c        0x0 src/oboskrnl/CMakeFiles/oboskrnl.dir/process/process.cpp.obj
 .data          0xffffffff801a007c        0x0 src/oboskrnl/CMakeFiles/oboskrnl.dir/driver_api/interrupts.cpp.obj
 *fill*         0xffffffff801a007c        0x4 
 .data          0xffffffff801a0080        0x8 src/oboskrnl/CMakeFiles/oboskrnl.dir/driver_api/syscalls.cpp.obj
                0xffffffff801a0080                _ZN4obos9driverAPI27g_registeredDriversCapacityE
 .data          0xffffffff801a0088        0x0 src/oboskrnl/CMakeFiles/oboskrnl.dir/syscalls/syscalls.cpp.obj
 *fill*         0xffffffff801a0088       0x18 
 .data          0xffffffff801a00a0      0xc2c src/oboskrnl/CMakeFiles/oboskrnl.dir/external/amalgamated-dist/Zydis.c.obj
 .data          0xffffffff801a0ccc        0x0 src/oboskrnl/CMakeFiles/oboskrnl.dir/descriptors/gdt/gdt.cpp.obj

.got            0xffffffff801a0cd0        0x0 load address 0x00000000001a0cd0
 .got           0xffffffff801a0cd0        0x0 src/oboskrnl/CMakeFiles/oboskrnl.dir/boot/x86-64/kernel_bootstrap.asm.obj

.got.plt        0xffffffff801a0cd0        0x0 load address 0x00000000001a0cd0
 .got.plt       0xffffffff801a0cd0        0x0 src/oboskrnl/CMakeFiles/oboskrnl.dir/boot/x86-64/kernel_bootstrap.asm.obj

.igot.plt       0xffffffff801a0cd0        0x0 load address 0x00000000001a0cd0
 .igot.plt      0xffffffff801a0cd0        0x0 src/oboskrnl/CMakeFiles/oboskrnl.dir/boot/x86-64/kernel_bootstrap.asm.obj

.eh_frame       0xffffffff801a0cd0     0x734c load address 0x00000000001a0cd0
 .eh_frame      0xffffffff801a0cd0       0xc0 src/oboskrnl/CMakeFiles/oboskrnl.dir/descriptors/idt/x86-64/idt.cpp.obj
 .eh_frame      0xffffffff801a0d90      0x158 src/oboskrnl/CMakeFiles/oboskrnl.dir/x86-64/exception_handlers.cpp.obj
                                        0x170 (size before relaxing)
 .eh_frame      0xffffffff801a0ee8      0x348 src/oboskrnl/CMakeFiles/oboskrnl.dir/memory_manager/paging/x86-64/init.cpp.obj
                                        0x360 (size before relaxing)
 .eh_frame      0xffffffff801a1230      0x278 src/oboskrnl/CMakeFiles/oboskrnl.dir/memory_manager/paging/x86-64/allocate.cpp.obj
                                        0x2c8 (size before relaxing)
 .eh_frame      0xffffffff801a14a8      0x120 src/oboskrnl/CMakeFiles/oboskrnl.dir/memory_manager/x86-64/physical.cpp.obj
                                        0x138 (size before relaxing)
 .eh_frame      0xffffffff801a15c8      0x318 src/oboskrnl/CMakeFiles/oboskrnl.dir/boot/kmain.cpp.obj
                                        0x330 (size before relaxing)
 .eh_frame      0xffffffff801a18e0      0x440 src/oboskrnl/CMakeFiles/oboskrnl.dir/console.cpp.obj
                                        0x458 (size before relaxing)
 .eh_frame      0xffffffff801a1d20      0x518 src/oboskrnl/CMakeFiles/oboskrnl.dir/klog.cpp.obj
                                        0x530 (size before relaxing)
 .eh_frame      0xffffffff801a2238      0x2d8 src/oboskrnl/CMakeFiles/oboskrnl.dir/inline-asm.cpp.obj
                                        0x2f0 (size before relaxing)
 .eh_frame      0xffffffff801a2510      0x520 src/oboskrnl/CMakeFiles/oboskrnl.dir/utils/bitfields.cpp.obj
                                        0x538 (size before relaxing)
 .eh_frame      0xffffffff801a2a30      0x3b8 src/oboskrnl/CMakeFiles/oboskrnl.dir/descriptors/idt/pic.cpp.obj
                                        0x3d0 (size before relaxing)
 .eh_frame      0xffffffff801a2de8       0xe0 src/oboskrnl/CMakeFiles/oboskrnl.dir/external/list/list_iterator.c.obj
                                         0xf8 (size before relaxing)
 .eh_frame      0xffffffff801a2ec8      0x120 src/oboskrnl/CMakeFiles/oboskrnl.dir/utils/memory.cpp.obj
                                        0x138 (size before relaxing)
 .eh_frame      0xffffffff801a2fe8      0x310 src/oboskrnl/CMakeFiles/oboskrnl.dir/memory_manager/paging/liballoc_hooks.cpp.obj
                                        0x328 (size before relaxing)
 .eh_frame      0xffffffff801a32f8      0x188 src/oboskrnl/CMakeFiles/oboskrnl.dir/memory_manager/liballoc/liballoc.c.obj
                                        0x1a0 (size before relaxing)
 .eh_frame      0xffffffff801a3480      0x870 src/oboskrnl/CMakeFiles/oboskrnl.dir/multitasking/threadHandle.cpp.obj
                                        0x930 (size before relaxing)
 .eh_frame      0xffffffff801a3cf0       0x38 src/oboskrnl/CMakeFiles/oboskrnl.dir/external/list/list_node.c.obj
                                         0x50 (size before relaxing)
 .eh_frame      0xffffffff801a3d28      0x1f8 src/oboskrnl/CMakeFiles/oboskrnl.dir/external/list/list.c.obj
                                        0x210 (size before relaxing)
 .eh_frame      0xffffffff801a3f20       0xf0 src/oboskrnl/CMakeFiles/oboskrnl.dir/multitasking/multitasking.cpp.obj
                                        0x1b0 (size before relaxing)
 .eh_frame      0xffffffff801a4010       0x70 src/oboskrnl/CMakeFiles/oboskrnl.dir/elf/elf.cpp.obj
                                         0x88 (size before relaxing)
 .eh_frame      0xffffffff801a4080       0x70 src/oboskrnl/CMakeFiles/oboskrnl.dir/multitasking/thread.cpp.obj
                                         0xf8 (size before relaxing)
 .eh_frame      0xffffffff801a40f0       0xe0 src/oboskrnl/CMakeFiles/oboskrnl.dir/multitasking/mutex/mutex.cpp.obj
                                         0xf8 (size before relaxing)
 .eh_frame      0xffffffff801a41d0      0x208 src/oboskrnl/CMakeFiles/oboskrnl.dir/multitasking/mutex/mutexHandle.cpp.obj
                                        0x300 (size before relaxing)
 .eh_frame      0xffffffff801a43d8      0x320 src/oboskrnl/CMakeFiles/oboskrnl.dir/process/process.cpp.obj
                                        0x530 (size before relaxing)
 .eh_frame      0xffffffff801a46f8       0xe0 src/oboskrnl/CMakeFiles/oboskrnl.dir/driver_api/interrupts.cpp.obj
                                         0xf8 (size before relaxing)
 .eh_frame      0xffffffff801a47d8      0x3d8 src/oboskrnl/CMakeFiles/oboskrnl.dir/driver_api/syscalls.cpp.obj
                                        0x428 (size before relaxing)
 .eh_frame      0xffffffff801a4bb0      0x968 src/oboskrnl/CMakeFiles/oboskrnl.dir/syscalls/syscalls.cpp.obj
                                        0x980 (size before relaxing)
 .eh_frame      0xffffffff801a5518     0x2a98 src/oboskrnl/CMakeFiles/oboskrnl.dir/external/amalgamated-dist/Zydis.c.obj
                                       0x2ab0 (size before relaxing)
 .eh_frame      0xffffffff801a7fb0       0x6c src/oboskrnl/CMakeFiles/oboskrnl.dir/descriptors/gdt/gdt.cpp.obj
                                         0x88 (size before relaxing)

.ctors          0xffffffff801a8020       0x10 load address 0x00000000001a8020
 .ctors         0xffffffff801a8020        0x8 src/oboskrnl/CMakeFiles/oboskrnl.dir/memory_manager/paging/x86-64/init.cpp.obj
 .ctors         0xffffffff801a8028        0x8 src/oboskrnl/CMakeFiles/oboskrnl.dir/console.cpp.obj

.bss            0xffffffff801a9000     0xf508 load address 0x00000000001a9000
 *(COMMON)
 *(.bss)
 .bss           0xffffffff801a9000     0x1820 src/oboskrnl/CMakeFiles/oboskrnl.dir/descriptors/idt/x86-64/idt.cpp.obj
                0xffffffff801a9000                _ZN4obos19g_interruptHandlersE
 .bss           0xffffffff801aa820        0x0 src/oboskrnl/CMakeFiles/oboskrnl.dir/x86-64/exception_handlers.cpp.obj
 .bss           0xffffffff801aa820       0x28 src/oboskrnl/CMakeFiles/oboskrnl.dir/memory_manager/paging/x86-64/init.cpp.obj
                0xffffffff801aa820                _ZN4obos6memory15g_level4PageMapE
                0xffffffff801aa830                _ZN4obos6memory15g_kernelPageMapE
                0xffffffff801aa840                _ZN4obos6memory10g_zeroPageE
 *fill*         0xffffffff801aa848      0x7b8 
 .bss           0xffffffff801ab000     0x2000 src/oboskrnl/CMakeFiles/oboskrnl.dir/memory_manager/paging/x86-64/allocate.cpp.obj
 .bss           0xffffffff801ad000       0x28 src/oboskrnl/CMakeFiles/oboskrnl.dir/memory_manager/x86-64/physical.cpp.obj
                0xffffffff801ad000                _ZN4obos6memory24g_physicalMemoryBitfieldE
                0xffffffff801ad008                _ZN4obos6memory14g_sizeOfMemoryE
                0xffffffff801ad010                _ZN4obos6memory17g_nPagesAllocatedE
                0xffffffff801ad018                _ZN4obos6memory15g_bitfieldCountE
                0xffffffff801ad020                _ZN4obos6memory12g_mmapLengthE
 *fill*         0xffffffff801ad028       0x18 
 .bss           0xffffffff801ad040     0x19a0 src/oboskrnl/CMakeFiles/oboskrnl.dir/boot/kmain.cpp.obj
                0xffffffff801ad040                _ZN4obos15g_multibootInfoE
                0xffffffff801ad048                _ZN4obos15g_kernelProcessE
                0xffffffff801ad060                __atexitFuncs
                0xffffffff801ae860                __atexitFuncCount
 .bss           0xffffffff801ae9e0       0x81 src/oboskrnl/CMakeFiles/oboskrnl.dir/console.cpp.obj
                0xffffffff801ae9e0                _ZN4obos17s_foregroundColorE
                0xffffffff801ae9e4                _ZN4obos17s_backgroundColorE
                0xffffffff801ae9e8                _ZN4obos16s_terminalColumnE
                0xffffffff801ae9ec                _ZN4obos13s_terminalRowE
                0xffffffff801ae9f0                _ZN4obos20s_reachedEndTerminalE
                0xffffffff801ae9f8                _ZN4obos13s_framebufferE
                0xffffffff801aea00                _ZN4obos12s_backbufferE
                0xffffffff801aea08                _ZN4obos18s_framebufferWidthE
                0xffffffff801aea10                _ZN4obos19s_framebufferHeightE
                0xffffffff801aea18                _ZN4obos16s_nCharsVerticalE
                0xffffffff801aea20                _ZN4obos18s_nCharsHorizontalE
                0xffffffff801aea28                _ZN4obos4fontE
 .bss           0xffffffff801aea61        0x0 src/oboskrnl/CMakeFiles/oboskrnl.dir/klog.cpp.obj
 *fill*         0xffffffff801aea61        0x3 
 .bss           0xffffffff801aea64        0x8 src/oboskrnl/CMakeFiles/oboskrnl.dir/inline-asm.cpp.obj
                0xffffffff801aea64                inKernelSection
                0xffffffff801aea68                _ZN4obos11countCalledE
 .bss           0xffffffff801aea6c        0x0 src/oboskrnl/CMakeFiles/oboskrnl.dir/utils/bitfields.cpp.obj
 .bss           0xffffffff801aea6c        0x0 src/oboskrnl/CMakeFiles/oboskrnl.dir/descriptors/idt/pic.cpp.obj
 .bss           0xffffffff801aea6c        0x0 src/oboskrnl/CMakeFiles/oboskrnl.dir/external/list/list_iterator.c.obj
 .bss           0xffffffff801aea6c        0x0 src/oboskrnl/CMakeFiles/oboskrnl.dir/utils/memory.cpp.obj
 *fill*         0xffffffff801aea6c        0x4 
 .bss           0xffffffff801aea70        0x8 src/oboskrnl/CMakeFiles/oboskrnl.dir/memory_manager/paging/liballoc_hooks.cpp.obj
                0xffffffff801aea70                _ZN4obos25g_nLiballocPagesAllocatedE
 .bss           0xffffffff801aea78       0x38 src/oboskrnl/CMakeFiles/oboskrnl.dir/memory_manager/liballoc/liballoc.c.obj
 .bss           0xffffffff801aeab0        0x0 src/oboskrnl/CMakeFiles/oboskrnl.dir/multitasking/threadHandle.cpp.obj
 .bss           0xffffffff801aeab0        0x0 src/oboskrnl/CMakeFiles/oboskrnl.dir/external/list/list_node.c.obj
 .bss           0xffffffff801aeab0        0x0 src/oboskrnl/CMakeFiles/oboskrnl.dir/external/list/list.c.obj
 *fill*         0xffffffff801aeab0       0x10 
 .bss           0xffffffff801aeac0       0x81 src/oboskrnl/CMakeFiles/oboskrnl.dir/multitasking/multitasking.cpp.obj
                0xffffffff801aeac0                _ZN4obos12multitasking9g_threadsE
                0xffffffff801aeae0                _ZN4obos12multitasking20g_threadPriorityListE
                0xffffffff801aeb00                _ZN4obos12multitasking15g_currentThreadE
                0xffffffff801aeb08                _ZN4obos12multitasking13g_initializedE
                0xffffffff801aeb10                _ZN4obos12multitasking16g_schedulerMutexE
                0xffffffff801aeb18                _ZN4obos12multitasking12g_timerTicksE
 .bss           0xffffffff801aeb41        0x0 src/oboskrnl/CMakeFiles/oboskrnl.dir/elf/elf.cpp.obj
 .bss           0xffffffff801aeb41        0x0 src/oboskrnl/CMakeFiles/oboskrnl.dir/multitasking/thread.cpp.obj
 .bss           0xffffffff801aeb41        0x0 src/oboskrnl/CMakeFiles/oboskrnl.dir/multitasking/mutex/mutex.cpp.obj
 .bss           0xffffffff801aeb41        0x0 src/oboskrnl/CMakeFiles/oboskrnl.dir/multitasking/mutex/mutexHandle.cpp.obj
 *fill*         0xffffffff801aeb41        0x7 
 .bss           0xffffffff801aeb48       0x1c src/oboskrnl/CMakeFiles/oboskrnl.dir/process/process.cpp.obj
                0xffffffff801aeb48                _ZN4obos7process15g_nextProcessIdE
                0xffffffff801aeb50                _ZN4obos7process13g_processListE
                0xffffffff801aeb58                _ZN4obos7process18ProcEntryPointBaseE
 *fill*         0xffffffff801aeb64       0x1c 
 .bss           0xffffffff801aeb80      0x800 src/oboskrnl/CMakeFiles/oboskrnl.dir/driver_api/interrupts.cpp.obj
                0xffffffff801aeb80                _ZN4obos9driverAPI14g_syscallTableE
 .bss           0xffffffff801af380      0x120 src/oboskrnl/CMakeFiles/oboskrnl.dir/driver_api/syscalls.cpp.obj
                0xffffffff801af380                _ZN4obos9driverAPI19g_registeredDriversE
 .bss           0xffffffff801af4a0     0x1000 src/oboskrnl/CMakeFiles/oboskrnl.dir/syscalls/syscalls.cpp.obj
                0xffffffff801af4a0                _ZN4obos7process14g_syscallTableE
 .bss           0xffffffff801b04a0        0x0 src/oboskrnl/CMakeFiles/oboskrnl.dir/external/amalgamated-dist/Zydis.c.obj
 .bss           0xffffffff801b04a0       0x68 src/oboskrnl/CMakeFiles/oboskrnl.dir/descriptors/gdt/gdt.cpp.obj
                0xffffffff801b04a0                _ZN4obos10s_tssEntryE
 *(.bootstrap_stack)
 .bootstrap_stack
                0xffffffff801b0508     0x8000 src/oboskrnl/CMakeFiles/oboskrnl.dir/boot/x86-64/kernel_bootstrap.asm.obj
                0xffffffff801b0508                _ZN4obos12stack_bottomE
                0xffffffff801b4508                _ZN4obos9stack_topE
                0xffffffff801b4508                _ZN4obos15thrstack_bottomE
                0xffffffff801b8508                _ZN4obos12thrstack_topE
                0xffffffff801b8508                _kernel_end = .
                0x0000000000400000                _ZN4obos6memory8endImageE = 0x400000
                0xffffffff80000000                _ZN4obos11kernelStartE = 0xffffffff80000000
                0xffffffffffffffff                _ZN4obos6memory9endKernelE = 0xffffffffffffffff
OUTPUT(/mnt/c/Code/obos/out/oboskrnl elf64-x86-64)

.debug_aranges  0x0000000000000000      0x9c0
 .debug_aranges
                0x0000000000000000       0x30 src/oboskrnl/CMakeFiles/oboskrnl.dir/boot/x86-64/kernel_bootstrap.asm.obj
 .debug_aranges
                0x0000000000000030       0x30 src/oboskrnl/CMakeFiles/oboskrnl.dir/x86-64/inline-asm.asm.obj
 .debug_aranges
                0x0000000000000060       0x30 src/oboskrnl/CMakeFiles/oboskrnl.dir/descriptors/idt/x86-64/handlers.asm.obj
 .debug_aranges
                0x0000000000000090       0x30 src/oboskrnl/CMakeFiles/oboskrnl.dir/descriptors/idt/x86-64/idt.asm.obj
 .debug_aranges
                0x00000000000000c0       0x30 src/oboskrnl/CMakeFiles/oboskrnl.dir/utils/memcpy_x86-64.asm.obj
 .debug_aranges
                0x00000000000000f0       0x30 src/oboskrnl/CMakeFiles/oboskrnl.dir/memory_manager/paging/x86-64/init.asm.obj
 .debug_aranges
                0x0000000000000120       0x30 src/oboskrnl/CMakeFiles/oboskrnl.dir/multitasking/multitasking_x86-64.asm.obj
 .debug_aranges
                0x0000000000000150       0x30 src/oboskrnl/CMakeFiles/oboskrnl.dir/driver_api/interrupts.asm.obj
 .debug_aranges
                0x0000000000000180       0x30 src/oboskrnl/CMakeFiles/oboskrnl.dir/syscalls/interrupts.asm.obj
 .debug_aranges
                0x00000000000001b0       0x30 src/oboskrnl/CMakeFiles/oboskrnl.dir/descriptors/gdt/gdt_x86-64.asm.obj
 .debug_aranges
                0x00000000000001e0       0x30 src/oboskrnl/CMakeFiles/oboskrnl.dir/descriptors/idt/x86-64/idt.cpp.obj
 .debug_aranges
                0x0000000000000210       0x40 src/oboskrnl/CMakeFiles/oboskrnl.dir/x86-64/exception_handlers.cpp.obj
 .debug_aranges
                0x0000000000000250       0x30 src/oboskrnl/CMakeFiles/oboskrnl.dir/memory_manager/paging/x86-64/init.cpp.obj
 .debug_aranges
                0x0000000000000280       0x60 src/oboskrnl/CMakeFiles/oboskrnl.dir/memory_manager/paging/x86-64/allocate.cpp.obj
 .debug_aranges
                0x00000000000002e0       0x30 src/oboskrnl/CMakeFiles/oboskrnl.dir/memory_manager/x86-64/physical.cpp.obj
 .debug_aranges
                0x0000000000000310       0x60 src/oboskrnl/CMakeFiles/oboskrnl.dir/boot/kmain.cpp.obj
 .debug_aranges
                0x0000000000000370       0x30 src/oboskrnl/CMakeFiles/oboskrnl.dir/console.cpp.obj
 .debug_aranges
                0x00000000000003a0       0x30 src/oboskrnl/CMakeFiles/oboskrnl.dir/klog.cpp.obj
 .debug_aranges
                0x00000000000003d0       0x30 src/oboskrnl/CMakeFiles/oboskrnl.dir/inline-asm.cpp.obj
 .debug_aranges
                0x0000000000000400       0x30 src/oboskrnl/CMakeFiles/oboskrnl.dir/utils/bitfields.cpp.obj
 .debug_aranges
[...]
 .debug_abbrev  0x0000000000003388      0x60c src/oboskrnl/CMakeFiles/oboskrnl.dir/multitasking/threadHandle.cpp.obj
 .debug_abbrev  0x0000000000003994       0xbd src/oboskrnl/CMakeFiles/oboskrnl.dir/external/list/list_node.c.obj
 .debug_abbrev  0x0000000000003a51      0x1ae src/oboskrnl/CMakeFiles/oboskrnl.dir/external/list/list.c.obj
 .debug_abbrev  0x0000000000003bff      0x4bf src/oboskrnl/CMakeFiles/oboskrnl.dir/multitasking/multitasking.cpp.obj
 .debug_abbrev  0x00000000000040be      0x191 src/oboskrnl/CMakeFiles/oboskrnl.dir/elf/elf.cpp.obj
 .debug_abbrev  0x000000000000424f      0x3fc src/oboskrnl/CMakeFiles/oboskrnl.dir/multitasking/thread.cpp.obj
 .debug_abbrev  0x000000000000464b      0x3a4 src/oboskrnl/CMakeFiles/oboskrnl.dir/multitasking/mutex/mutex.cpp.obj
 .debug_abbrev  0x00000000000049ef      0x42e src/oboskrnl/CMakeFiles/oboskrnl.dir/multitasking/mutex/mutexHandle.cpp.obj
 .debug_abbrev  0x0000000000004e1d      0x6ba src/oboskrnl/CMakeFiles/oboskrnl.dir/process/process.cpp.obj
 .debug_abbrev  0x00000000000054d7      0x10a src/oboskrnl/CMakeFiles/oboskrnl.dir/driver_api/interrupts.cpp.obj
 .debug_abbrev  0x00000000000055e1      0x649 src/oboskrnl/CMakeFiles/oboskrnl.dir/driver_api/syscalls.cpp.obj
 .debug_abbrev  0x0000000000005c2a      0x652 src/oboskrnl/CMakeFiles/oboskrnl.dir/syscalls/syscalls.cpp.obj
 .debug_abbrev  0x000000000000627c      0x3c5 src/oboskrnl/CMakeFiles/oboskrnl.dir/external/amalgamated-dist/Zydis.c.obj
 .debug_abbrev  0x0000000000006641      0x146 src/oboskrnl/CMakeFiles/oboskrnl.dir/descriptors/gdt/gdt.cpp.obj

.debug_line     0x0000000000000000    0x37e19
 .debug_line    0x0000000000000000       0x8b src/oboskrnl/CMakeFiles/oboskrnl.dir/boot/x86-64/kernel_bootstrap.asm.obj
 .debug_line    0x000000000000008b       0x77 src/oboskrnl/CMakeFiles/oboskrnl.dir/x86-64/inline-asm.asm.obj
 .debug_line    0x0000000000000102      0x188 src/oboskrnl/CMakeFiles/oboskrnl.dir/descriptors/idt/x86-64/handlers.asm.obj
 .debug_line    0x000000000000028a       0x74 src/oboskrnl/CMakeFiles/oboskrnl.dir/descriptors/idt/x86-64/idt.asm.obj
 .debug_line    0x00000000000002fe       0xc0 src/oboskrnl/CMakeFiles/oboskrnl.dir/utils/memcpy_x86-64.asm.obj
 .debug_line    0x00000000000003be       0x83 src/oboskrnl/CMakeFiles/oboskrnl.dir/memory_manager/paging/x86-64/init.asm.obj
 .debug_line    0x0000000000000441       0xac src/oboskrnl/CMakeFiles/oboskrnl.dir/multitasking/multitasking_x86-64.asm.obj
 .debug_line    0x00000000000004ed       0x76 src/oboskrnl/CMakeFiles/oboskrnl.dir/driver_api/interrupts.asm.obj
 .debug_line    0x0000000000000563      0x10e src/oboskrnl/CMakeFiles/oboskrnl.dir/syscalls/interrupts.asm.obj
 .debug_line    0x0000000000000671       0x84 src/oboskrnl/CMakeFiles/oboskrnl.dir/descriptors/gdt/gdt_x86-64.asm.obj
 .debug_line    0x00000000000006f5      0x5ba src/oboskrnl/CMakeFiles/oboskrnl.dir/descriptors/idt/x86-64/idt.cpp.obj
 .debug_line    0x0000000000000caf     0x111c src/oboskrnl/CMakeFiles/oboskrnl.dir/x86-64/exception_handlers.cpp.obj
 .debug_line    0x0000000000001dcb      0x6ca src/oboskrnl/CMakeFiles/oboskrnl.dir/memory_manager/paging/x86-64/init.cpp.obj
 .debug_line    0x0000000000002495     0x1b85 src/oboskrnl/CMakeFiles/oboskrnl.dir/memory_manager/paging/x86-64/allocate.cpp.obj
 .debug_line    0x000000000000401a      0xa4b src/oboskrnl/CMakeFiles/oboskrnl.dir/memory_manager/x86-64/physical.cpp.obj
 .debug_line    0x0000000000004a65     0x1b41 src/oboskrnl/CMakeFiles/oboskrnl.dir/boot/kmain.cpp.obj
 .debug_line    0x00000000000065a6     0x1620 src/oboskrnl/CMakeFiles/oboskrnl.dir/console.cpp.obj
 .debug_line    0x0000000000007bc6     0x20d2 src/oboskrnl/CMakeFiles/oboskrnl.dir/klog.cpp.obj
 .debug_line    0x0000000000009c98     0x13db src/oboskrnl/CMakeFiles/oboskrnl.dir/inline-asm.cpp.obj
 .debug_line    0x000000000000b073      0x724 src/oboskrnl/CMakeFiles/oboskrnl.dir/utils/bitfields.cpp.obj
 .debug_line    0x000000000000b797      0x8b6 src/oboskrnl/CMakeFiles/oboskrnl.dir/descriptors/idt/pic.cpp.obj
 .debug_line    0x000000000000c04d      0x27e src/oboskrnl/CMakeFiles/oboskrnl.dir/external/list/list_iterator.c.obj
 .debug_line    0x000000000000c2cb      0x46e src/oboskrnl/CMakeFiles/oboskrnl.dir/utils/memory.cpp.obj
 .debug_line    0x000000000000c739      0x412 src/oboskrnl/CMakeFiles/oboskrnl.dir/memory_manager/paging/liballoc_hooks.cpp.obj
 .debug_line    0x000000000000cb4b     0x1717 src/oboskrnl/CMakeFiles/oboskrnl.dir/memory_manager/liballoc/liballoc.c.obj
 .debug_line    0x000000000000e262     0x1f15 src/oboskrnl/CMakeFiles/oboskrnl.dir/multitasking/threadHandle.cpp.obj
 .debug_line    0x0000000000010177      0x1a4 src/oboskrnl/CMakeFiles/oboskrnl.dir/external/list/list_node.c.obj
 .debug_line    0x000000000001031b      0xaf4 src/oboskrnl/CMakeFiles/oboskrnl.dir/external/list/list.c.obj
 .debug_line    0x0000000000010e0f     0x1131 src/oboskrnl/CMakeFiles/oboskrnl.dir/multitasking/multitasking.cpp.obj
 .debug_line    0x0000000000011f40      0x614 src/oboskrnl/CMakeFiles/oboskrnl.dir/elf/elf.cpp.obj
 .debug_line    0x0000000000012554      0x707 src/oboskrnl/CMakeFiles/oboskrnl.dir/multitasking/thread.cpp.obj
 .debug_line    0x0000000000012c5b      0x5ab src/oboskrnl/CMakeFiles/oboskrnl.dir/multitasking/mutex/mutex.cpp.obj
 .debug_line    0x0000000000013206      0x79e src/oboskrnl/CMakeFiles/oboskrnl.dir/multitasking/mutex/mutexHandle.cpp.obj
 .debug_line    0x00000000000139a4     0x1482 src/oboskrnl/CMakeFiles/oboskrnl.dir/process/process.cpp.obj
 .debug_line    0x0000000000014e26      0x258 src/oboskrnl/CMakeFiles/oboskrnl.dir/driver_api/interrupts.cpp.obj
 .debug_line    0x000000000001507e     0x1c66 src/oboskrnl/CMakeFiles/oboskrnl.dir/driver_api/syscalls.cpp.obj
 .debug_line    0x0000000000016ce4     0x2fa5 src/oboskrnl/CMakeFiles/oboskrnl.dir/syscalls/syscalls.cpp.obj
 .debug_line    0x0000000000019c89    0x1ded1 src/oboskrnl/CMakeFiles/oboskrnl.dir/external/amalgamated-dist/Zydis.c.obj
 .debug_line    0x0000000000037b5a      0x2bf src/oboskrnl/CMakeFiles/oboskrnl.dir/descriptors/gdt/gdt.cpp.obj

.debug_frame    0x0000000000000000     0x7af8
 .debug_frame   0x0000000000000000        0x0 src/oboskrnl/CMakeFiles/oboskrnl.dir/boot/x86-64/kernel_bootstrap.asm.obj
 .debug_frame   0x0000000000000000        0x0 src/oboskrnl/CMakeFiles/oboskrnl.dir/x86-64/inline-asm.asm.obj
 .debug_frame   0x0000000000000000        0x0 src/oboskrnl/CMakeFiles/oboskrnl.dir/descriptors/idt/x86-64/handlers.asm.obj
 .debug_frame   0x0000000000000000        0x0 src/oboskrnl/CMakeFiles/oboskrnl.dir/descriptors/idt/x86-64/idt.asm.obj
 .debug_frame   0x0000000000000000        0x0 src/oboskrnl/CMakeFiles/oboskrnl.dir/utils/memcpy_x86-64.asm.obj
 .debug_frame   0x0000000000000000        0x0 src/oboskrnl/CMakeFiles/oboskrnl.dir/memory_manager/paging/x86-64/init.asm.obj
 .debug_frame   0x0000000000000000        0x0 src/oboskrnl/CMakeFiles/oboskrnl.dir/multitasking/multitasking_x86-64.asm.obj
 .debug_frame   0x0000000000000000        0x0 src/oboskrnl/CMakeFiles/oboskrnl.dir/driver_api/interrupts.asm.obj
 .debug_frame   0x0000000000000000        0x0 src/oboskrnl/CMakeFiles/oboskrnl.dir/syscalls/interrupts.asm.obj
 .debug_frame   0x0000000000000000        0x0 src/oboskrnl/CMakeFiles/oboskrnl.dir/descriptors/gdt/gdt_x86-64.asm.obj
 .debug_frame   0x0000000000000000       0xc0 src/oboskrnl/CMakeFiles/oboskrnl.dir/descriptors/idt/x86-64/idt.cpp.obj
 .debug_frame   0x00000000000000c0      0x170 src/oboskrnl/CMakeFiles/oboskrnl.dir/x86-64/exception_handlers.cpp.obj
 .debug_frame   0x0000000000000230      0x360 src/oboskrnl/CMakeFiles/oboskrnl.dir/memory_manager/paging/x86-64/init.cpp.obj
 .debug_frame   0x0000000000000590      0x2c8 src/oboskrnl/CMakeFiles/oboskrnl.dir/memory_manager/paging/x86-64/allocate.cpp.obj
 .debug_frame   0x0000000000000858      0x138 src/oboskrnl/CMakeFiles/oboskrnl.dir/memory_manager/x86-64/physical.cpp.obj
 .debug_frame   0x0000000000000990      0x330 src/oboskrnl/CMakeFiles/oboskrnl.dir/boot/kmain.cpp.obj
 .debug_frame   0x0000000000000cc0      0x458 src/oboskrnl/CMakeFiles/oboskrnl.dir/console.cpp.obj
 .debug_frame   0x0000000000001118      0x530 src/oboskrnl/CMakeFiles/oboskrnl.dir/klog.cpp.obj
 .debug_frame   0x0000000000001648      0x2f0 src/oboskrnl/CMakeFiles/oboskrnl.dir/inline-asm.cpp.obj
 .debug_frame   0x0000000000001938      0x538 src/oboskrnl/CMakeFiles/oboskrnl.dir/utils/bitfields.cpp.obj
 .debug_frame   0x0000000000001e70      0x3d0 src/oboskrnl/CMakeFiles/oboskrnl.dir/descriptors/idt/pic.cpp.obj
 .debug_frame   0x0000000000002240       0xf8 src/oboskrnl/CMakeFiles/oboskrnl.dir/external/list/list_iterator.c.obj
 .debug_frame   0x0000000000002338      0x138 src/oboskrnl/CMakeFiles/oboskrnl.dir/utils/memory.cpp.obj
 .debug_frame   0x0000000000002470      0x328 src/oboskrnl/CMakeFiles/oboskrnl.dir/memory_manager/paging/liballoc_hooks.cpp.obj
 .debug_frame   0x0000000000002798      0x1a0 src/oboskrnl/CMakeFiles/oboskrnl.dir/memory_manager/liballoc/liballoc.c.obj
 .debug_frame   0x0000000000002938      0x930 src/oboskrnl/CMakeFiles/oboskrnl.dir/multitasking/threadHandle.cpp.obj
 .debug_frame   0x0000000000003268       0x50 src/oboskrnl/CMakeFiles/oboskrnl.dir/external/list/list_node.c.obj
 .debug_frame   0x00000000000032b8      0x210 src/oboskrnl/CMakeFiles/oboskrnl.dir/external/list/list.c.obj
 .debug_frame   0x00000000000034c8      0x1b0 src/oboskrnl/CMakeFiles/oboskrnl.dir/multitasking/multitasking.cpp.obj
 .debug_frame   0x0000000000003678       0x88 src/oboskrnl/CMakeFiles/oboskrnl.dir/elf/elf.cpp.obj
 .debug_frame   0x0000000000003700       0xf8 src/oboskrnl/CMakeFiles/oboskrnl.dir/multitasking/thread.cpp.obj
 .debug_frame   0x00000000000037f8       0xf8 src/oboskrnl/CMakeFiles/oboskrnl.dir/multitasking/mutex/mutex.cpp.obj
 .debug_frame   0x00000000000038f0      0x300 src/oboskrnl/CMakeFiles/oboskrnl.dir/multitasking/mutex/mutexHandle.cpp.obj
 .debug_frame   0x0000000000003bf0      0x530 src/oboskrnl/CMakeFiles/oboskrnl.dir/process/process.cpp.obj
 .debug_frame   0x0000000000004120       0xf8 src/oboskrnl/CMakeFiles/oboskrnl.dir/driver_api/interrupts.cpp.obj
 .debug_frame   0x0000000000004218      0x428 src/oboskrnl/CMakeFiles/oboskrnl.dir/driver_api/syscalls.cpp.obj
 .debug_frame   0x0000000000004640      0x980 src/oboskrnl/CMakeFiles/oboskrnl.dir/syscalls/syscalls.cpp.obj
 .debug_frame   0x0000000000004fc0     0x2ab0 src/oboskrnl/CMakeFiles/oboskrnl.dir/external/amalgamated-dist/Zydis.c.obj
 .debug_frame   0x0000000000007a70       0x88 src/oboskrnl/CMakeFiles/oboskrnl.dir/descriptors/gdt/gdt.cpp.obj

.debug_loc      0x0000000000000000        0x0
 .debug_loc     0x0000000000000000        0x0 src/oboskrnl/CMakeFiles/oboskrnl.dir/boot/x86-64/kernel_bootstrap.asm.obj
 .debug_loc     0x0000000000000000        0x0 src/oboskrnl/CMakeFiles/oboskrnl.dir/x86-64/inline-asm.asm.obj
 .debug_loc     0x0000000000000000        0x0 src/oboskrnl/CMakeFiles/oboskrnl.dir/descriptors/idt/x86-64/handlers.asm.obj
 .debug_loc     0x0000000000000000        0x0 src/oboskrnl/CMakeFiles/oboskrnl.dir/descriptors/idt/x86-64/idt.asm.obj
 .debug_loc     0x0000000000000000        0x0 src/oboskrnl/CMakeFiles/oboskrnl.dir/utils/memcpy_x86-64.asm.obj
 .debug_loc     0x0000000000000000        0x0 src/oboskrnl/CMakeFiles/oboskrnl.dir/memory_manager/paging/x86-64/init.asm.obj
 .debug_loc     0x0000000000000000        0x0 src/oboskrnl/CMakeFiles/oboskrnl.dir/multitasking/multitasking_x86-64.asm.obj
 .debug_loc     0x0000000000000000        0x0 src/oboskrnl/CMakeFiles/oboskrnl.dir/driver_api/interrupts.asm.obj
 .debug_loc     0x0000000000000000        0x0 src/oboskrnl/CMakeFiles/oboskrnl.dir/syscalls/interrupts.asm.obj
 .debug_loc     0x0000000000000000        0x0 src/oboskrnl/CMakeFiles/oboskrnl.dir/descriptors/gdt/gdt_x86-64.asm.obj

.debug_str      0x0000000000000000     0x149e
 .debug_str     0x0000000000000000        0x9 src/oboskrnl/CMakeFiles/oboskrnl.dir/descriptors/idt/x86-64/idt.cpp.obj
 .debug_str     0x0000000000000009       0x30 src/oboskrnl/CMakeFiles/oboskrnl.dir/x86-64/exception_handlers.cpp.obj
 .debug_str     0x0000000000000039       0x3d src/oboskrnl/CMakeFiles/oboskrnl.dir/memory_manager/paging/x86-64/init.cpp.obj
 .debug_str     0x0000000000000076       0xe3 src/oboskrnl/CMakeFiles/oboskrnl.dir/memory_manager/paging/x86-64/allocate.cpp.obj
 .debug_str     0x0000000000000159       0x29 src/oboskrnl/CMakeFiles/oboskrnl.dir/memory_manager/x86-64/physical.cpp.obj
 .debug_str     0x0000000000000182      0x343 src/oboskrnl/CMakeFiles/oboskrnl.dir/boot/kmain.cpp.obj
 .debug_str     0x00000000000004c5       0xa9 src/oboskrnl/CMakeFiles/oboskrnl.dir/console.cpp.obj
 .debug_str     0x000000000000056e      0x16f src/oboskrnl/CMakeFiles/oboskrnl.dir/klog.cpp.obj
 .debug_str     0x00000000000006dd       0x2a src/oboskrnl/CMakeFiles/oboskrnl.dir/inline-asm.cpp.obj
 .debug_str     0x0000000000000707       0x94 src/oboskrnl/CMakeFiles/oboskrnl.dir/utils/bitfields.cpp.obj
 .debug_str     0x000000000000079b       0x39 src/oboskrnl/CMakeFiles/oboskrnl.dir/descriptors/idt/pic.cpp.obj
 .debug_str     0x00000000000007d4        0xa src/oboskrnl/CMakeFiles/oboskrnl.dir/external/list/list_iterator.c.obj
 .debug_str     0x00000000000007de        0x0 src/oboskrnl/CMakeFiles/oboskrnl.dir/utils/memory.cpp.obj
 .debug_str     0x00000000000007de       0x46 src/oboskrnl/CMakeFiles/oboskrnl.dir/memory_manager/paging/liballoc_hooks.cpp.obj
 .debug_str     0x0000000000000824       0x26 src/oboskrnl/CMakeFiles/oboskrnl.dir/memory_manager/liballoc/liballoc.c.obj
 .debug_str     0x000000000000084a      0x105 src/oboskrnl/CMakeFiles/oboskrnl.dir/multitasking/threadHandle.cpp.obj
 .debug_str     0x000000000000094f        0x0 src/oboskrnl/CMakeFiles/oboskrnl.dir/external/list/list_node.c.obj
 .debug_str     0x000000000000094f       0x14 src/oboskrnl/CMakeFiles/oboskrnl.dir/external/list/list.c.obj
 .debug_str     0x0000000000000963       0x36 src/oboskrnl/CMakeFiles/oboskrnl.dir/multitasking/multitasking.cpp.obj
 .debug_str     0x0000000000000999       0x23 src/oboskrnl/CMakeFiles/oboskrnl.dir/elf/elf.cpp.obj
 .debug_str     0x00000000000009bc       0x5e src/oboskrnl/CMakeFiles/oboskrnl.dir/multitasking/thread.cpp.obj
 .debug_str     0x0000000000000a1a       0x2a src/oboskrnl/CMakeFiles/oboskrnl.dir/multitasking/mutex/mutex.cpp.obj
 .debug_str     0x0000000000000a44       0x62 src/oboskrnl/CMakeFiles/oboskrnl.dir/multitasking/mutex/mutexHandle.cpp.obj
 .debug_str     0x0000000000000aa6       0x7b src/oboskrnl/CMakeFiles/oboskrnl.dir/process/process.cpp.obj
 .debug_str     0x0000000000000b21        0x0 src/oboskrnl/CMakeFiles/oboskrnl.dir/driver_api/interrupts.cpp.obj
 .debug_str     0x0000000000000b21       0x9b src/oboskrnl/CMakeFiles/oboskrnl.dir/driver_api/syscalls.cpp.obj
 .debug_str     0x0000000000000bbc      0x291 src/oboskrnl/CMakeFiles/oboskrnl.dir/syscalls/syscalls.cpp.obj
 .debug_str     0x0000000000000e4d      0x651 src/oboskrnl/CMakeFiles/oboskrnl.dir/external/amalgamated-dist/Zydis.c.obj
 .debug_str     0x000000000000149e        0x0 src/oboskrnl/CMakeFiles/oboskrnl.dir/descriptors/gdt/gdt.cpp.obj

.comment        0x0000000000000000       0x12
 .comment       0x0000000000000000       0x12 src/oboskrnl/CMakeFiles/oboskrnl.dir/descriptors/idt/x86-64/idt.cpp.obj
                                         0x13 (size before relaxing)
 .comment       0x0000000000000012       0x13 src/oboskrnl/CMakeFiles/oboskrnl.dir/x86-64/exception_handlers.cpp.obj
 .comment       0x0000000000000012       0x13 src/oboskrnl/CMakeFiles/oboskrnl.dir/memory_manager/paging/x86-64/init.cpp.obj
 .comment       0x0000000000000012       0x13 src/oboskrnl/CMakeFiles/oboskrnl.dir/memory_manager/paging/x86-64/allocate.cpp.obj
 .comment       0x0000000000000012       0x13 src/oboskrnl/CMakeFiles/oboskrnl.dir/memory_manager/x86-64/physical.cpp.obj
 .comment       0x0000000000000012       0x13 src/oboskrnl/CMakeFiles/oboskrnl.dir/boot/kmain.cpp.obj
 .comment       0x0000000000000012       0x13 src/oboskrnl/CMakeFiles/oboskrnl.dir/console.cpp.obj
 .comment       0x0000000000000012       0x13 src/oboskrnl/CMakeFiles/oboskrnl.dir/klog.cpp.obj
 .comment       0x0000000000000012       0x13 src/oboskrnl/CMakeFiles/oboskrnl.dir/inline-asm.cpp.obj
 .comment       0x0000000000000012       0x13 src/oboskrnl/CMakeFiles/oboskrnl.dir/utils/bitfields.cpp.obj
 .comment       0x0000000000000012       0x13 src/oboskrnl/CMakeFiles/oboskrnl.dir/descriptors/idt/pic.cpp.obj
 .comment       0x0000000000000012       0x13 src/oboskrnl/CMakeFiles/oboskrnl.dir/external/list/list_iterator.c.obj
 .comment       0x0000000000000012       0x13 src/oboskrnl/CMakeFiles/oboskrnl.dir/utils/memory.cpp.obj
 .comment       0x0000000000000012       0x13 src/oboskrnl/CMakeFiles/oboskrnl.dir/memory_manager/paging/liballoc_hooks.cpp.obj
 .comment       0x0000000000000012       0x13 src/oboskrnl/CMakeFiles/oboskrnl.dir/memory_manager/liballoc/liballoc.c.obj
 .comment       0x0000000000000012       0x13 src/oboskrnl/CMakeFiles/oboskrnl.dir/multitasking/threadHandle.cpp.obj
 .comment       0x0000000000000012       0x13 src/oboskrnl/CMakeFiles/oboskrnl.dir/external/list/list_node.c.obj
 .comment       0x0000000000000012       0x13 src/oboskrnl/CMakeFiles/oboskrnl.dir/external/list/list.c.obj
 .comment       0x0000000000000012       0x13 src/oboskrnl/CMakeFiles/oboskrnl.dir/multitasking/multitasking.cpp.obj
 .comment       0x0000000000000012       0x13 src/oboskrnl/CMakeFiles/oboskrnl.dir/elf/elf.cpp.obj
 .comment       0x0000000000000012       0x13 src/oboskrnl/CMakeFiles/oboskrnl.dir/multitasking/thread.cpp.obj
 .comment       0x0000000000000012       0x13 src/oboskrnl/CMakeFiles/oboskrnl.dir/multitasking/mutex/mutex.cpp.obj
 .comment       0x0000000000000012       0x13 src/oboskrnl/CMakeFiles/oboskrnl.dir/multitasking/mutex/mutexHandle.cpp.obj
 .comment       0x0000000000000012       0x13 src/oboskrnl/CMakeFiles/oboskrnl.dir/process/process.cpp.obj
 .comment       0x0000000000000012       0x13 src/oboskrnl/CMakeFiles/oboskrnl.dir/driver_api/interrupts.cpp.obj
 .comment       0x0000000000000012       0x13 src/oboskrnl/CMakeFiles/oboskrnl.dir/driver_api/syscalls.cpp.obj
 .comment       0x0000000000000012       0x13 src/oboskrnl/CMakeFiles/oboskrnl.dir/syscalls/syscalls.cpp.obj
 .comment       0x0000000000000012       0x13 src/oboskrnl/CMakeFiles/oboskrnl.dir/external/amalgamated-dist/Zydis.c.obj
 .comment       0x0000000000000012       0x13 src/oboskrnl/CMakeFiles/oboskrnl.dir/descriptors/gdt/gdt.cpp.obj

.debug_rnglists
                0x0000000000000000      0x6e2
 .debug_rnglists
                0x0000000000000000       0x2f src/oboskrnl/CMakeFiles/oboskrnl.dir/x86-64/exception_handlers.cpp.obj
 .debug_rnglists
                0x000000000000002f       0x51 src/oboskrnl/CMakeFiles/oboskrnl.dir/memory_manager/paging/x86-64/allocate.cpp.obj
 .debug_rnglists
                0x0000000000000080       0x51 src/oboskrnl/CMakeFiles/oboskrnl.dir/boot/kmain.cpp.obj
 .debug_rnglists
                0x00000000000000d1       0x52 src/oboskrnl/CMakeFiles/oboskrnl.dir/klog.cpp.obj
 .debug_rnglists
                0x0000000000000123       0xc8 src/oboskrnl/CMakeFiles/oboskrnl.dir/multitasking/threadHandle.cpp.obj
 .debug_rnglists
                0x00000000000001eb       0x51 src/oboskrnl/CMakeFiles/oboskrnl.dir/multitasking/multitasking.cpp.obj
 .debug_rnglists
                0x000000000000023c       0x40 src/oboskrnl/CMakeFiles/oboskrnl.dir/multitasking/thread.cpp.obj
 .debug_rnglists
                0x000000000000027c       0x84 src/oboskrnl/CMakeFiles/oboskrnl.dir/multitasking/mutex/mutexHandle.cpp.obj
 .debug_rnglists
                0x0000000000000300       0xc8 src/oboskrnl/CMakeFiles/oboskrnl.dir/process/process.cpp.obj
 .debug_rnglists
                0x00000000000003c8       0xde src/oboskrnl/CMakeFiles/oboskrnl.dir/driver_api/syscalls.cpp.obj
 .debug_rnglists
                0x00000000000004a6      0x23c src/oboskrnl/CMakeFiles/oboskrnl.dir/external/amalgamated-dist/Zydis.c.obj
