
Discarded input sections

 .gnu.linkonce.t._ZN4obos6memory7PageMap21computeIndexAtAddressEyh
                0x0000000000000000       0x31 src/oboskrnl/CMakeFiles/oboskrnl.dir/memory_manager/paging/x86-64/allocate.cpp.obj
 .gnu.linkonce.t._ZN4obos6Handle7getTypeEv
                0x0000000000000000       0x13 src/oboskrnl/CMakeFiles/oboskrnl.dir/multitasking/threadHandle.cpp.obj
 .gnu.linkonce.t._ZN4obos6HandleD2Ev
                0x0000000000000000       0x1d src/oboskrnl/CMakeFiles/oboskrnl.dir/multitasking/threadHandle.cpp.obj
 .gnu.linkonce.t._ZN4obos12x86_64_flagscvyEv
                0x0000000000000000       0x16 src/oboskrnl/CMakeFiles/oboskrnl.dir/multitasking/threadHandle.cpp.obj
 .gnu.linkonce.t._ZN4obos12multitasking12ThreadHandleD1Ev
                0x0000000000000000       0x35 src/oboskrnl/CMakeFiles/oboskrnl.dir/multitasking/threadHandle.cpp.obj
 .gnu.linkonce.r._ZTVN4obos12x86_64_flagsE
                0x0000000000000000       0x40 src/oboskrnl/CMakeFiles/oboskrnl.dir/multitasking/threadHandle.cpp.obj
 .gnu.linkonce.r._ZTVN4obos6HandleE
                0x0000000000000000       0x38 src/oboskrnl/CMakeFiles/oboskrnl.dir/multitasking/threadHandle.cpp.obj
 .gnu.linkonce.t._ZN4obos12x86_64_flagscvyEv
                0x0000000000000000       0x16 src/oboskrnl/CMakeFiles/oboskrnl.dir/multitasking/multitasking.cpp.obj
 .gnu.linkonce.t._ZNK4obos6memory7PageMap10getPageMapEv
                0x0000000000000000       0x15 src/oboskrnl/CMakeFiles/oboskrnl.dir/multitasking/multitasking.cpp.obj
 .gnu.linkonce.t._ZN4obos12x86_64_flagsC1Ev
                0x0000000000000000       0x29 src/oboskrnl/CMakeFiles/oboskrnl.dir/multitasking/multitasking.cpp.obj
 .gnu.linkonce.t._ZN4obos15interrupt_frameC1Ev
                0x0000000000000000       0x21 src/oboskrnl/CMakeFiles/oboskrnl.dir/multitasking/multitasking.cpp.obj
 .gnu.linkonce.t._ZN4obos12multitasking6ThreadC1Ev
                0x0000000000000000      0x100 src/oboskrnl/CMakeFiles/oboskrnl.dir/multitasking/multitasking.cpp.obj
 .gnu.linkonce.t._ZN4obos12multitasking6ThreadD1Ev
                0x0000000000000000       0x53 src/oboskrnl/CMakeFiles/oboskrnl.dir/multitasking/multitasking.cpp.obj
 .gnu.linkonce.t._ZN4obos12multitasking6ThreadD0Ev
                0x0000000000000000       0x2b src/oboskrnl/CMakeFiles/oboskrnl.dir/multitasking/multitasking.cpp.obj
 .gnu.linkonce.r._ZTVN4obos12multitasking6ThreadE
                0x0000000000000000       0x20 src/oboskrnl/CMakeFiles/oboskrnl.dir/multitasking/multitasking.cpp.obj
 .gnu.linkonce.r._ZTVN4obos12x86_64_flagsE
                0x0000000000000000       0x40 src/oboskrnl/CMakeFiles/oboskrnl.dir/multitasking/multitasking.cpp.obj
 .gnu.linkonce.t._ZN4obos12x86_64_flagscvyEv
                0x0000000000000000       0x16 src/oboskrnl/CMakeFiles/oboskrnl.dir/multitasking/thread.cpp.obj
 .gnu.linkonce.t._ZN4obos12x86_64_flagsC1Ev
                0x0000000000000000       0x29 src/oboskrnl/CMakeFiles/oboskrnl.dir/multitasking/thread.cpp.obj
 .gnu.linkonce.t._ZN4obos15interrupt_frameC1Ev
                0x0000000000000000       0x21 src/oboskrnl/CMakeFiles/oboskrnl.dir/multitasking/thread.cpp.obj
 .gnu.linkonce.t._ZN4obos12multitasking6ThreadD1Ev
                0x0000000000000000       0x53 src/oboskrnl/CMakeFiles/oboskrnl.dir/multitasking/thread.cpp.obj
 .gnu.linkonce.t._ZN4obos12multitasking6ThreadD0Ev
                0x0000000000000000       0x2b src/oboskrnl/CMakeFiles/oboskrnl.dir/multitasking/thread.cpp.obj
 .gnu.linkonce.r._ZTVN4obos12multitasking6ThreadE
                0x0000000000000000       0x20 src/oboskrnl/CMakeFiles/oboskrnl.dir/multitasking/thread.cpp.obj
 .gnu.linkonce.r._ZTVN4obos12x86_64_flagsE
                0x0000000000000000       0x40 src/oboskrnl/CMakeFiles/oboskrnl.dir/multitasking/thread.cpp.obj
 .gnu.linkonce.t._ZN4obos6Handle7getTypeEv
                0x0000000000000000       0x13 src/oboskrnl/CMakeFiles/oboskrnl.dir/multitasking/mutex/mutexHandle.cpp.obj
 .gnu.linkonce.t._ZN4obos6Handle13getReferencesEv
                0x0000000000000000       0x1a src/oboskrnl/CMakeFiles/oboskrnl.dir/multitasking/mutex/mutexHandle.cpp.obj
 .gnu.linkonce.t._ZN4obos6HandleD2Ev
                0x0000000000000000       0x1d src/oboskrnl/CMakeFiles/oboskrnl.dir/multitasking/mutex/mutexHandle.cpp.obj
 .gnu.linkonce.t._ZN4obos6HandleC2Ev
                0x0000000000000000       0x4c src/oboskrnl/CMakeFiles/oboskrnl.dir/multitasking/mutex/mutexHandle.cpp.obj
 .gnu.linkonce.r._ZTVN4obos6HandleE
                0x0000000000000000       0x38 src/oboskrnl/CMakeFiles/oboskrnl.dir/multitasking/mutex/mutexHandle.cpp.obj
 .gnu.linkonce.t._ZNK4obos6memory7PageMap10getPageMapEv
                0x0000000000000000       0x15 src/oboskrnl/CMakeFiles/oboskrnl.dir/process/process.cpp.obj
 .gnu.linkonce.t._ZN4obos6memory7PageMap21computeIndexAtAddressEyh
                0x0000000000000000       0x31 src/oboskrnl/CMakeFiles/oboskrnl.dir/process/process.cpp.obj
 .gnu.linkonce.t._ZN4obos12x86_64_flagscvyEv
[...]
Memory Configuration

Name             Origin             Length             Attributes
*default*        0x0000000000000000 0xffffffffffffffff

Linker script and memory map

LOAD src/oboskrnl/CMakeFiles/oboskrnl.dir/boot/x86-64/kernel_bootstrap.asm.obj
LOAD src/oboskrnl/CMakeFiles/oboskrnl.dir/x86-64/inline-asm.asm.obj
LOAD src/oboskrnl/CMakeFiles/oboskrnl.dir/descriptors/idt/x86-64/handlers.asm.obj
LOAD src/oboskrnl/CMakeFiles/oboskrnl.dir/descriptors/idt/x86-64/idt.asm.obj
LOAD src/oboskrnl/CMakeFiles/oboskrnl.dir/utils/memcpy_x86-64.asm.obj
LOAD src/oboskrnl/CMakeFiles/oboskrnl.dir/memory_manager/paging/x86-64/init.asm.obj
LOAD src/oboskrnl/CMakeFiles/oboskrnl.dir/multitasking/multitasking_x86-64.asm.obj
LOAD src/oboskrnl/CMakeFiles/oboskrnl.dir/driver_api/interrupts.asm.obj
LOAD src/oboskrnl/CMakeFiles/oboskrnl.dir/syscalls/interrupts.asm.obj
LOAD src/oboskrnl/CMakeFiles/oboskrnl.dir/descriptors/gdt/gdt_x86-64.asm.obj
LOAD src/oboskrnl/CMakeFiles/oboskrnl.dir/driver_api/x86_64/dInterrupts.asm.obj
LOAD src/oboskrnl/CMakeFiles/oboskrnl.dir/vfs/x86_64/driverCall.asm.obj
LOAD src/oboskrnl/CMakeFiles/oboskrnl.dir/descriptors/idt/x86-64/idt.cpp.obj
LOAD src/oboskrnl/CMakeFiles/oboskrnl.dir/x86-64/exception_handlers.cpp.obj
LOAD src/oboskrnl/CMakeFiles/oboskrnl.dir/memory_manager/paging/x86-64/init.cpp.obj
LOAD src/oboskrnl/CMakeFiles/oboskrnl.dir/memory_manager/paging/x86-64/allocate.cpp.obj
LOAD src/oboskrnl/CMakeFiles/oboskrnl.dir/memory_manager/x86-64/physical.cpp.obj
LOAD src/oboskrnl/CMakeFiles/oboskrnl.dir/boot/kmain.cpp.obj
LOAD src/oboskrnl/CMakeFiles/oboskrnl.dir/console.cpp.obj
LOAD src/oboskrnl/CMakeFiles/oboskrnl.dir/klog.cpp.obj
LOAD src/oboskrnl/CMakeFiles/oboskrnl.dir/inline-asm.cpp.obj
LOAD src/oboskrnl/CMakeFiles/oboskrnl.dir/utils/bitfields.cpp.obj
LOAD src/oboskrnl/CMakeFiles/oboskrnl.dir/descriptors/idt/pic.cpp.obj
LOAD src/oboskrnl/CMakeFiles/oboskrnl.dir/external/list/list_iterator.c.obj
LOAD src/oboskrnl/CMakeFiles/oboskrnl.dir/utils/memory.cpp.obj
LOAD src/oboskrnl/CMakeFiles/oboskrnl.dir/memory_manager/paging/liballoc_hooks.cpp.obj
LOAD src/oboskrnl/CMakeFiles/oboskrnl.dir/memory_manager/liballoc/liballoc.cpp.obj
LOAD src/oboskrnl/CMakeFiles/oboskrnl.dir/multitasking/threadHandle.cpp.obj
LOAD src/oboskrnl/CMakeFiles/oboskrnl.dir/external/list/list_node.c.obj
LOAD src/oboskrnl/CMakeFiles/oboskrnl.dir/external/list/list.c.obj
LOAD src/oboskrnl/CMakeFiles/oboskrnl.dir/multitasking/multitasking.cpp.obj
LOAD src/oboskrnl/CMakeFiles/oboskrnl.dir/elf/elf.cpp.obj
LOAD src/oboskrnl/CMakeFiles/oboskrnl.dir/multitasking/thread.cpp.obj
LOAD src/oboskrnl/CMakeFiles/oboskrnl.dir/multitasking/mutex/mutex.cpp.obj
LOAD src/oboskrnl/CMakeFiles/oboskrnl.dir/multitasking/mutex/mutexHandle.cpp.obj
LOAD src/oboskrnl/CMakeFiles/oboskrnl.dir/process/process.cpp.obj
LOAD src/oboskrnl/CMakeFiles/oboskrnl.dir/driver_api/interrupts.cpp.obj
LOAD src/oboskrnl/CMakeFiles/oboskrnl.dir/driver_api/syscalls.cpp.obj
LOAD src/oboskrnl/CMakeFiles/oboskrnl.dir/syscalls/syscalls.cpp.obj
LOAD src/oboskrnl/CMakeFiles/oboskrnl.dir/external/amalgamated-dist/Zydis.c.obj
LOAD src/oboskrnl/CMakeFiles/oboskrnl.dir/descriptors/gdt/gdt.cpp.obj
LOAD src/oboskrnl/CMakeFiles/oboskrnl.dir/error.cpp.obj
LOAD src/oboskrnl/CMakeFiles/oboskrnl.dir/driver_api/driver_interface.cpp.obj
LOAD src/oboskrnl/CMakeFiles/oboskrnl.dir/driver_api/load/module.cpp.obj
LOAD /home/omar/opt/cross/lib/gcc/x86_64-elf/11.4.0/libgcc.a
                0x0000000000100000                . = 0x100000
                0x0000000000100000                _kernel_start = .

.multiboot.data
                0x0000000000100000     0x8432
 *(.multiboot.data)
 .multiboot.data
                0x0000000000100000     0x8432 src/oboskrnl/CMakeFiles/oboskrnl.dir/boot/x86-64/kernel_bootstrap.asm.obj
                0x0000000000101000                boot_page_table1
                0x0000000000105000                boot_page_level3_map
                0x0000000000107000                boot_page_level4_map

.multiboot.text
                0x0000000000108432      0x10f
 *(.multiboot.text)
 .multiboot.text
                0x0000000000108432      0x10f src/oboskrnl/CMakeFiles/oboskrnl.dir/boot/x86-64/kernel_bootstrap.asm.obj
                0x0000000000108445                _start
                0xffffffff80108541                . = (. + 0xffffffff80000000)

.text           0xffffffff80109000    0x2790f load address 0x0000000000109000
                0xffffffff80109000                _stext = .
 *(.text)
 .text          0xffffffff80109000       0x55 src/oboskrnl/CMakeFiles/oboskrnl.dir/boot/x86-64/kernel_bootstrap.asm.obj
                0xffffffff8010903e                _ZN4obos15RestartComputerEv
                0xffffffff8010904b                idleTask
 *fill*         0xffffffff80109055        0xb 
 .text          0xffffffff80109060       0x1e src/oboskrnl/CMakeFiles/oboskrnl.dir/x86-64/inline-asm.asm.obj
                0xffffffff80109060                _Z9getEflagsv
                0xffffffff80109068                _Z6getEIPv
                0xffffffff8010906b                getEBP
                0xffffffff8010906f                _ZN4obos6memory19GetPageFaultAddressEv
                0xffffffff80109073                _ZN4obos6memory8tlbFlushEy
                0xffffffff80109077                _Z7haltCPUv
                0xffffffff8010907c                _Z3hltv
 *fill*         0xffffffff8010907e        0x2 
 .text          0xffffffff80109080      0x213 src/oboskrnl/CMakeFiles/oboskrnl.dir/descriptors/idt/x86-64/handlers.asm.obj
                0xffffffff80109080                isr0
                0xffffffff8010908a                isr1
                0xffffffff80109094                isr2
                0xffffffff8010909e                isr3
                0xffffffff801090a8                isr4
                0xffffffff801090b2                isr5
                0xffffffff801090bc                isr6
                0xffffffff801090c6                isr7
                0xffffffff801090d0                isr8
                0xffffffff801090d8                isr9
                0xffffffff801090e2                isr10
                0xffffffff801090ea                isr11
                0xffffffff801090f2                isr12
                0xffffffff801090fa                isr13
                0xffffffff80109102                isr14
                0xffffffff8010910a                isr15
                0xffffffff80109114                isr16
                0xffffffff8010911e                isr17
                0xffffffff80109128                isr18
                0xffffffff80109132                isr19
                0xffffffff8010913c                isr20
                0xffffffff80109146                isr21
                0xffffffff8010914e                isr22
                0xffffffff80109158                isr23
                0xffffffff80109162                isr24
                0xffffffff8010916c                isr25
                0xffffffff80109176                isr26
                0xffffffff80109180                isr27
                0xffffffff8010918a                isr28
                0xffffffff80109194                isr29
                0xffffffff8010919c                isr30
                0xffffffff801091a1                isr31
                0xffffffff801091a8                isr32
                0xffffffff801091af                isr33
                0xffffffff801091b6                isr34
                0xffffffff801091bd                isr35
                0xffffffff801091c4                isr36
                0xffffffff801091cb                isr37
                0xffffffff801091d2                isr38
                0xffffffff801091d9                isr39
                0xffffffff801091e0                isr40
                0xffffffff801091e7                isr41
                0xffffffff801091ee                isr42
                0xffffffff801091f5                isr43
                0xffffffff801091fc                isr44
                0xffffffff80109203                isr45
                0xffffffff8010920a                isr46
                0xffffffff80109211                isr47
                0xffffffff80109218                isr48
                0xffffffff8010921f                isr_common_stub
 *fill*         0xffffffff80109293        0xd 
 .text          0xffffffff801092a0        0x4 src/oboskrnl/CMakeFiles/oboskrnl.dir/descriptors/idt/x86-64/idt.asm.obj
                0xffffffff801092a0                _ZN4obos8idtFlushEy
 *fill*         0xffffffff801092a4        0xc 
 .text          0xffffffff801092b0       0xd8 src/oboskrnl/CMakeFiles/oboskrnl.dir/utils/memcpy_x86-64.asm.obj
                0xffffffff801092b0                memcpy
                0xffffffff801092b0                _ZN4obos5utils6memcpyEPvPKvy
                0xffffffff801092e3                _ZN4obos5utils7memzeroEPvy
                0xffffffff801092ff                _ZN4obos5utils8dwMemsetEPjjy
                0xffffffff80109325                _ZN4obos5utils8dwMemcpyEPjPKjy
                0xffffffff80109354                memset
                0xffffffff80109354                _ZN4obos5utils6memsetEPvjy
                0xffffffff80109370                _ZN4obos5utils6strlenEPKc
 *fill*         0xffffffff80109388        0x8 
 .text          0xffffffff80109390       0x1d src/oboskrnl/CMakeFiles/oboskrnl.dir/memory_manager/paging/x86-64/init.asm.obj
                0xffffffff80109390                _ZN4obos6memory25CPUSupportsExecuteDisableEv
 *fill*         0xffffffff801093ad        0x3 
 .text          0xffffffff801093b0       0xcd src/oboskrnl/CMakeFiles/oboskrnl.dir/multitasking/multitasking_x86-64.asm.obj
                0xffffffff801093b0                _ZN4obos12multitasking15switchToTaskAsmEv
                0xffffffff80109405                _ZN4obos12multitasking20switchToUserModeTaskEv
                0xffffffff8010945a                callSwitchToTaskImpl
                0xffffffff8010946d                callExitThreadImpl
 *fill*         0xffffffff8010947d        0x3 
 .text          0xffffffff80109480       0x14 src/oboskrnl/CMakeFiles/oboskrnl.dir/driver_api/interrupts.asm.obj
                0xffffffff80109480                isr80
 *fill*         0xffffffff80109494        0xc 
 .text          0xffffffff801094a0       0xef src/oboskrnl/CMakeFiles/oboskrnl.dir/syscalls/interrupts.asm.obj
                0xffffffff801094a0                isr64
 *fill*         0xffffffff8010958f        0x1 
 .text          0xffffffff80109590       0x3c src/oboskrnl/CMakeFiles/oboskrnl.dir/descriptors/gdt/gdt_x86-64.asm.obj
                0xffffffff80109590                _ZN4obos16InitializeGDTASMEv
 *fill*         0xffffffff801095cc        0x4 
 .text          0xffffffff801095d0       0x25 src/oboskrnl/CMakeFiles/oboskrnl.dir/driver_api/x86_64/dInterrupts.asm.obj
                0xffffffff801095d0                callDriverIrqHandler
 *fill*         0xffffffff801095f5        0xb 
 .text          0xffffffff80109600       0x28 src/oboskrnl/CMakeFiles/oboskrnl.dir/vfs/x86_64/driverCall.asm.obj
                0xffffffff80109600                callDriverIterateCallback
 .text          0xffffffff80109628      0xb06 src/oboskrnl/CMakeFiles/oboskrnl.dir/descriptors/idt/x86-64/idt.cpp.obj
                0xffffffff80109628                _ZN4obos8IdtEntryC2Eythh
                0xffffffff80109628                _ZN4obos8IdtEntryC1Eythh
                0xffffffff801096b2                _ZN4obos13InitializeIdtEv
                0xffffffff8010a108                _ZN4obos24RegisterInterruptHandlerEhPFvPKNS_15interrupt_frameEE
 .text          0xffffffff8010a12e      0xd4a src/oboskrnl/CMakeFiles/oboskrnl.dir/x86-64/exception_handlers.cpp.obj
                0xffffffff8010a12e                _ZN4obos9pageFaultEPKNS_15interrupt_frameE
                0xffffffff8010a8a4                _ZN4obos21debugExceptionHandlerEPKNS_15interrupt_frameE
                0xffffffff8010abed                _ZN4obos23defaultExceptionHandlerEPKNS_15interrupt_frameE
 .text          0xffffffff8010ae78      0x420 src/oboskrnl/CMakeFiles/oboskrnl.dir/memory_manager/paging/x86-64/init.cpp.obj
                0xffffffff8010ae78                _ZN4obos6memory7PageMapC2Ev
                0xffffffff8010ae78                _ZN4obos6memory7PageMapC1Ev
                0xffffffff8010aebe                _ZN4obos6memory7PageMapC1EPy
                0xffffffff8010aebe                _ZN4obos6memory7PageMapC2EPy
                0xffffffff8010aeec                _ZN4obos6memory7PageMap23getLevel3PageMapAddressEt
                0xffffffff8010af1e                _ZN4obos6memory7PageMap16getLevel3PageMapEt
                0xffffffff8010af60                _ZN4obos6memory7PageMap16getPageDirectoryEtt
                0xffffffff8010afb4                _ZN4obos6memory7PageMap24getPageDirectoryRealtiveEtt
                0xffffffff8010aff8                _ZN4obos6memory7PageMap12getPageTableEttt
                0xffffffff8010b052                _ZN4obos6memory7PageMap20getPageTableRealtiveEttt
                0xffffffff8010b09c                _ZN4obos6memory7PageMap17getPageTableEntryEtttt
                0xffffffff8010b100                _ZN4obos6memory7PageMap21getRealPageTableEntryEtttt
                0xffffffff8010b156                _ZN4obos6memory7PageMap12switchToThisEv
                0xffffffff8010b17a                _ZN4obos6memory7PageMapD2Ev
                0xffffffff8010b17a                _ZN4obos6memory7PageMapD1Ev
                0xffffffff8010b1a4                _ZN4obos6memory16InitializePagingEv
 .text          0xffffffff8010b298     0x11e5 src/oboskrnl/CMakeFiles/oboskrnl.dir/memory_manager/paging/x86-64/allocate.cpp.obj
                0xffffffff8010b298                _ZN4obos6memory14kmap_pageTableEPv
                0xffffffff8010b330                _ZN4obos6memory24allocatePagingStructuresEyy
                0xffffffff8010b69e                _ZN4obos6memory12VirtualAllocEPvyyb
                0xffffffff8010ba03                _ZN4obos6memory11VirtualFreeEPvy
                0xffffffff8010bcc8                _ZN4obos6memory17HasVirtualAddressEPKvyb
                0xffffffff8010bfb6                _ZN4obos6memory13MemoryProtectEPvyyb
                0xffffffff8010c315                _ZN4obos6memory13kmap_physicalEPvyS1_b
 .text          0xffffffff8010c47d      0x54f src/oboskrnl/CMakeFiles/oboskrnl.dir/memory_manager/x86-64/physical.cpp.obj
                0xffffffff8010c5ff                _ZN4obos6memory31InitializePhysicalMemoryManagerEv
                0xffffffff8010c7f4                _ZN4obos6memory19kalloc_physicalPageEv
                0xffffffff8010c910                _ZN4obos6memory18kfree_physicalPageEPv
 .text          0xffffffff8010c9cc      0xd56 src/oboskrnl/CMakeFiles/oboskrnl.dir/boot/kmain.cpp.obj
                0xffffffff8010cc3f                _ZN4obos5kmainEP14multiboot_infoj
                0xffffffff8010d352                _ZN4obos8kmainThrEv
                0xffffffff8010d533                __cxa_pure_virtual
                0xffffffff8010d555                __cxa_atexit
                0xffffffff8010d5fc                __cxa_finalize
 .text          0xffffffff8010d722      0xd8b src/oboskrnl/CMakeFiles/oboskrnl.dir/console.cpp.obj
                0xffffffff8010d9fa                _ZN4obos17InitializeConsoleEjj
                0xffffffff8010db92                _ZN4obos15SetConsoleColorEjj
                0xffffffff8010dbfe                _ZN4obos15GetConsoleColorERjS0_
                0xffffffff8010deea                _ZN4obos13ConsoleOutputEPKcyb
                0xffffffff8010df7c                _ZN4obos19ConsoleOutputStringEPKcb
                0xffffffff8010e012                _ZN4obos15ConsoleFillLineEcb
                0xffffffff8010e0a1                _ZN4obos22ConsoleOutputCharacterEcb
                0xffffffff8010e107                _ZN4obos22ConsoleOutputCharacterEcjjb
                0xffffffff8010e1a9                _ZN4obos25SetTerminalCursorPositionEjj
                0xffffffff8010e1cc                _ZN4obos25GetTerminalCursorPositionERjS0_
                0xffffffff8010e38f                _ZN4obos12ClearConsoleEv
                0xffffffff8010e40f                _ZN4obos11swapBuffersEv
 .text          0xffffffff8010e4ad     0x1705 src/oboskrnl/CMakeFiles/oboskrnl.dir/klog.cpp.obj
                0xffffffff8010e5a3                _Z10strreversePci
                0xffffffff8010e630                _Z13itoa_unsignedyPci
                0xffffffff8010e707                _ZN4obos22consoleOutputCharacterEhPv
                0xffffffff8010e74e                _ZN4obos8_vprintfEPFvhPvES0_PKcP13__va_list_tag
                0xffffffff8010eeb2                _ZN4obos6printfEPKcz
                0xffffffff8010ef75                _ZN4obos7sprintfEPcPKcz
                0xffffffff8010efe5                _ZN4obos7vprintfEPKcP13__va_list_tag
                0xffffffff8010f041                _ZN4obos6kpanicEPvS0_PKcz
                0xffffffff8010f1fc                _ZN4obos14printf_noFlushEPKcz
                0xffffffff8010f255                _ZN4obos15printStackTraceEPvPKc
                0xffffffff8010f412                _ZN4obos11disassembleEPvPKc
                0xffffffff8010f634                _ZN4obos7countToEPKcc
                0xffffffff8010f6a2                _ZN4obos7hex2binEPKcj
                0xffffffff8010f78c                _ZN4obos9addr2funcEPvRPcRy
                0xffffffff8010f93c                _ZN4obos9addr2fileEPvRPc
                0xffffffff8010fab8                _ZN4obos4randEv
                0xffffffff8010fae9                _ZN4obos5srandEj
                0xffffffff8010fb15                _ZN4obos4poopEv
 .text          0xffffffff8010fbb2      0x800 src/oboskrnl/CMakeFiles/oboskrnl.dir/inline-asm.cpp.obj
                0xffffffff8010fbb2                _Z4outbth
                0xffffffff8010fbd3                _Z4outwtt
                0xffffffff8010fbf4                _Z3inbt
                0xffffffff8010fc12                _Z3inwt
                0xffffffff8010fc32                _Z7io_waitv
                0xffffffff8010fc48                _Z3cliv
                0xffffffff8010fc5d                _Z3stiv
                0xffffffff8010fc72                _Z4_inth
                0xffffffff8011032e                _ZN4obos18EnterKernelSectionEv
                0xffffffff8011034c                _ZN4obos18LeaveKernelSectionEv
                0xffffffff80110388                _ZN4obos12EnterSyscallEv
                0xffffffff8011039d                _ZN4obos11ExitSyscallEv
 .text          0xffffffff801103b2      0x427 src/oboskrnl/CMakeFiles/oboskrnl.dir/utils/bitfields.cpp.obj
                0xffffffff801103b2                _ZN4obos5utils12BitfieldBaseC2Ev
                0xffffffff801103b2                _ZN4obos5utils12BitfieldBaseC1Ev
                0xffffffff801103dc                _ZN4obos5utils12BitfieldBase6setBitEy
                0xffffffff80110406                _ZN4obos5utils12BitfieldBase8clearBitEy
                0xffffffff80110434                _ZNK4obos5utils12BitfieldBase6getBitEy
                0xffffffff8011045a                _ZNK4obos5utils12BitfieldBaseixEy
                0xffffffff8011048a                _ZN4obos5utils12BitfieldBasecvyEv
                0xffffffff801104a0                _ZN4obos5utils12BitfieldBasecvbEv
                0xffffffff801104c2                _ZN4obos5utils8BitfieldC2Ev
                0xffffffff801104c2                _ZN4obos5utils8BitfieldC1Ev
                0xffffffff801104ec                _ZN4obos5utils8Bitfield6setBitEh
                0xffffffff8011052a                _ZN4obos5utils8Bitfield8clearBitEh
                0xffffffff80110568                _ZNK4obos5utils8Bitfield6getBitEh
                0xffffffff801105b8                _ZNK4obos5utils8BitfieldixEh
                0xffffffff801105e8                _ZN4obos5utils8BitfieldcvbEv
                0xffffffff80110602                _ZN4obos5utils15IntegerBitfieldC2Ev
                0xffffffff80110602                _ZN4obos5utils15IntegerBitfieldC1Ev
                0xffffffff8011062c                _ZN4obos5utils15IntegerBitfieldC1Ey
                0xffffffff8011062c                _ZN4obos5utils15IntegerBitfieldC2Ey
                0xffffffff80110666                _ZN4obos5utils15IntegerBitfield11setBitfieldEy
                0xffffffff80110685                _ZN4obos5utils16setBitInBitfieldERjh
                0xffffffff801106b6                _ZN4obos5utils18clearBitInBitfieldERjh
                0xffffffff801106e9                _ZN4obos5utils17testBitInBitfieldEjh
                0xffffffff80110728                _ZN4obos5utils16setBitInBitfieldERyh
                0xffffffff8011075e                _ZN4obos5utils18clearBitInBitfieldERyh
                0xffffffff80110797                _ZN4obos5utils17testBitInBitfieldEyh
 *fill*         0xffffffff801107d9        0x1 
 .text          0xffffffff801107da      0x4e2 src/oboskrnl/CMakeFiles/oboskrnl.dir/descriptors/idt/pic.cpp.obj
                0xffffffff801107da                _ZN4obos3PicC2Ett
                0xffffffff801107da                _ZN4obos3PicC1Ett
                0xffffffff80110828                _ZN4obos3Pic8setPortsEtt
                0xffffffff80110864                _ZN4obos3Pic15sendCommandByteEh
                0xffffffff801108ac                _ZN4obos3Pic15sendCommandWordEt
                0xffffffff801108f6                _ZN4obos3Pic12sendDataByteEh
                0xffffffff80110940                _ZN4obos3Pic12sendDataWordEt
                0xffffffff8011098a                _ZN4obos3Pic15recvCommandByteEv
                0xffffffff801109c0                _ZN4obos3Pic15recvCommandWordEv
                0xffffffff801109f6                _ZN4obos3Pic12recvDataByteEv
                0xffffffff80110a2e                _ZN4obos3Pic12recvDataWordEv
                0xffffffff80110a66                _ZN4obos3Pic7sendEOIEv
                0xffffffff80110a8a                _ZN4obos3Pic5remapEhh
                0xffffffff80110aee                _ZN4obos3Pic9enableIrqEh
                0xffffffff80110b48                _ZN4obos3Pic10disableIrqEh
                0xffffffff80110ba2                _ZN4obos3Pic7disableEv
                0xffffffff80110bc6                _ZN4obos3Pic15issuedInterruptEh
                0xffffffff80110c14                _ZN4obos7SendEOIEh
 .text          0xffffffff80110cbc       0xed src/oboskrnl/CMakeFiles/oboskrnl.dir/external/list/list_iterator.c.obj
                0xffffffff80110cbc                list_iterator_new
                0xffffffff80110cf9                list_iterator_new_from_node
                0xffffffff80110d3f                list_iterator_next
                0xffffffff80110d86                list_iterator_destroy
 .text          0xffffffff80110da9      0x237 src/oboskrnl/CMakeFiles/oboskrnl.dir/utils/memory.cpp.obj
                0xffffffff80110da9                memcmp
                0xffffffff80110dd6                _ZN4obos5utils6memcmpEPKvS2_y
                0xffffffff80110ecb                _ZN4obos5utils6memchrEPvhy
                0xffffffff80110f4d                _ZN4obos5utils6memchrEPKvhy
                0xffffffff80110f7a                _ZN4obos5utils6strcmpEPKcS2_
 .text          0xffffffff80110fe0      0x1bf src/oboskrnl/CMakeFiles/oboskrnl.dir/memory_manager/paging/liballoc_hooks.cpp.obj
                0xffffffff80110fe0                liballoc_alloc
                0xffffffff8011103c                liballoc_free
                0xffffffff80111073                liballoc_lock
                0xffffffff80111083                liballoc_unlock
                0xffffffff80111093                _Znwm
                0xffffffff801110bf                _Znam
                0xffffffff801110d9                _ZdlPv
                0xffffffff801110f4                _ZdaPv
                0xffffffff8011110f                _ZdlPvm
                0xffffffff8011112e                _ZdaPvm
                0xffffffff8011114d                _ZnwmPv
                0xffffffff80111163                _ZnamPv
                0xffffffff80111179                _ZdlPvS_
                0xffffffff8011118c                _ZdaPvS_
 .text          0xffffffff8011119f      0x6bc src/oboskrnl/CMakeFiles/oboskrnl.dir/memory_manager/liballoc/liballoc.cpp.obj
                0xffffffff8011119f                _Z20allocateNewPageBlocky
                0xffffffff801112b2                _Z13freePageBlockP9pageBlock
                0xffffffff80111348                _Z14allocate_mutexv
                0xffffffff80111394                kmalloc
                0xffffffff801115c0                kcalloc
                0xffffffff80111604                krealloc
                0xffffffff801116ae                kfree
 *fill*         0xffffffff8011185b        0x1 
 .text          0xffffffff8011185c     0x1044 src/oboskrnl/CMakeFiles/oboskrnl.dir/multitasking/threadHandle.cpp.obj
                0xffffffff8011185c                _ZN4obos12multitasking12ThreadHandleC1Ev
                0xffffffff8011185c                _ZN4obos12multitasking12ThreadHandleC2Ev
                0xffffffff801118c2                _ZN4obos12multitasking12ThreadHandle12CreateThreadENS0_6Thread10priority_tEPFvPvES4_jy
                0xffffffff80111958                _ZN4obos12multitasking12ThreadHandle10OpenThreadEj
                0xffffffff80111a14                _ZN4obos12multitasking12ThreadHandle10OpenThreadEPNS0_6ThreadE
                0xffffffff80111ab4                _ZN4obos12multitasking12ThreadHandle11PauseThreadEb
                0xffffffff80111b76                _ZN4obos12multitasking12ThreadHandle12ResumeThreadEv
                0xffffffff80111be2                _ZN4obos12multitasking12ThreadHandle17SetThreadPriorityENS0_6Thread10priority_tE
                0xffffffff80111dc6                _ZN4obos12multitasking12ThreadHandle15SetThreadStatusEj
                0xffffffff80111e8e                _ZN4obos12multitasking12ThreadHandle15TerminateThreadEj
                0xffffffff8011200a                _ZN4obos12multitasking12ThreadHandle6GetTidEv
                0xffffffff80112038                _ZN4obos12multitasking12ThreadHandle11GetExitCodeEv
                0xffffffff80112094                _ZN4obos12multitasking12ThreadHandle17GetThreadPriorityEv
                0xffffffff801120cc                _ZN4obos12multitasking12ThreadHandle15GetThreadStatusEv
                0xffffffff80112172                _ZN4obos12multitasking12ThreadHandle17WaitForThreadExitEv
                0xffffffff8011232a                _ZN4obos12multitasking12ThreadHandle25WaitForThreadStatusChangeEj
                0xffffffff80112468                _ZN4obos12multitasking12ThreadHandle9duplicateEv
                0xffffffff80112526                _ZN4obos12multitasking12ThreadHandle11closeHandleEv
                0xffffffff801126dd                _ZN4obos12multitasking14ExitThreadImplEj
                0xffffffff801127f5                _ZN4obos12multitasking10ExitThreadEj
                0xffffffff8011281b                _ZN4obos12multitasking19GetCurrentThreadTidEv
                0xffffffff8011283e                _ZN4obos12multitasking24GetCurrentThreadPriorityEv
                0xffffffff8011284e                _ZN4obos12multitasking22GetCurrentThreadStatusEv
                0xffffffff8011285e                _ZN4obos12multitasking22GetCurrentThreadHandleEv
 .text          0xffffffff801128a0       0x51 src/oboskrnl/CMakeFiles/oboskrnl.dir/external/list/list_node.c.obj
                0xffffffff801128a0                list_node_new
 .text          0xffffffff801128f1      0x58a src/oboskrnl/CMakeFiles/oboskrnl.dir/external/list/list.c.obj
                0xffffffff801128f1                list_new
                0xffffffff80112955                list_destroy
                0xffffffff801129d6                list_rpush
                0xffffffff80112a88                list_rpop
                0xffffffff80112b2c                list_lpop
                0xffffffff80112bcb                list_lpush
                0xffffffff80112c79                list_find
                0xffffffff80112d29                list_at
                0xffffffff80112dc9                list_remove
 *fill*         0xffffffff80112e7b        0x5 
 .text          0xffffffff80112e80      0x742 src/oboskrnl/CMakeFiles/oboskrnl.dir/multitasking/multitasking.cpp.obj
                0xffffffff80112e80                _ZN4obos12multitasking10canRanTaskEPNS0_6ThreadE
                0xffffffff80113080                _ZN4obos12multitasking12switchToTaskEPNS0_6ThreadE
                0xffffffff80113110                _ZN4obos12multitasking11findNewTaskEPKNS_15interrupt_frameE
                0xffffffff80113370                _ZN4obos12multitasking15SetPITFrequencyEt
                0xffffffff801133d0                _ZN4obos12multitasking10DisablePITEv
                0xffffffff801133f0                _ZN4obos12multitasking22InitializeMultitaskingEv
 .text          0xffffffff801135c2      0x32b src/oboskrnl/CMakeFiles/oboskrnl.dir/elf/elf.cpp.obj
                0xffffffff8011379a                _ZN4obos9elfLoader11LoadElfFileEPhyRyS2_b
                0xffffffff80113810                _ZN4obos9elfLoader12CheckElfFileEPhyb
 *fill*         0xffffffff801138ed        0x1 
 .text          0xffffffff801138ee      0x41b src/oboskrnl/CMakeFiles/oboskrnl.dir/multitasking/thread.cpp.obj
                0xffffffff801138ee                _ZN4obos12multitasking6ThreadC1ENS1_10priority_tEPFvPvES3_jy
                0xffffffff801138ee                _ZN4obos12multitasking6ThreadC2ENS1_10priority_tEPFvPvES3_jy
                0xffffffff80113a24                _ZN4obos12multitasking6Thread12CreateThreadENS1_10priority_tEPFvPvES3_jy
 *fill*         0xffffffff80113d09        0x1 
 .text          0xffffffff80113d0a      0x1e5 src/oboskrnl/CMakeFiles/oboskrnl.dir/multitasking/mutex/mutex.cpp.obj
                0xffffffff80113d0a                _ZN4obos12multitasking17MutexLockCallbackEPNS0_6ThreadEPv
                0xffffffff80113d4a                _ZN4obos12multitasking5Mutex4LockEb
                0xffffffff80113e4e                _ZN4obos12multitasking5Mutex6UnlockEv
                0xffffffff80113ec6                _ZN4obos12multitasking5MutexD2Ev
                0xffffffff80113ec6                _ZN4obos12multitasking5MutexD1Ev
 *fill*         0xffffffff80113eef        0x1 
 .text          0xffffffff80113ef0      0x36e src/oboskrnl/CMakeFiles/oboskrnl.dir/multitasking/mutex/mutexHandle.cpp.obj
                0xffffffff80113ef0                _ZN4obos12multitasking11MutexHandleC2Ev
                0xffffffff80113ef0                _ZN4obos12multitasking11MutexHandleC1Ev
                0xffffffff80113f2a                _ZN4obos12multitasking11MutexHandleC2Eb
                0xffffffff80113f2a                _ZN4obos12multitasking11MutexHandleC1Eb
                0xffffffff80113f6a                _ZN4obos12multitasking11MutexHandle9duplicateEv
                0xffffffff80113ff0                _ZN4obos12multitasking11MutexHandle11closeHandleEv
                0xffffffff80114098                _ZN4obos12multitasking11MutexHandle4LockEb
                0xffffffff801140e8                _ZN4obos12multitasking11MutexHandle6UnlockEv
                0xffffffff8011412e                _ZN4obos12multitasking11MutexHandle8IsLockedEv
                0xffffffff80114150                _ZN4obos12multitasking11MutexHandle15GetLockOwnerTidEv
                0xffffffff80114172                _ZN4obos12multitasking11MutexHandleD2Ev
                0xffffffff80114172                _ZN4obos12multitasking11MutexHandleD1Ev
                0xffffffff801141a8                _ZN4obos12multitasking11MutexHandleD0Ev
                0xffffffff801141d4                _ZN4obos12multitasking11MutexHandle4initEb
 .text          0xffffffff8011425e      0xb97 src/oboskrnl/CMakeFiles/oboskrnl.dir/process/process.cpp.obj
                0xffffffff8011425e                _ZN4obos7process7ProcessC1Ev
                0xffffffff8011425e                _ZN4obos7process7ProcessC2Ev
                0xffffffff801142df                _ZN4obos7process16DriverEntryPointEPv
                0xffffffff80114440                _ZN4obos7process7Process13CreateProcessEPhyPvb
                0xffffffff801149c6                _ZN4obos7process7Process16TerminateProcessEjb
                0xffffffff80114c68                _ZN4obos7process7Process15doContextSwitchEv
                0xffffffff80114c86                _ZN4obos7process7Process21UncommitProcessMemoryEv
 .text          0xffffffff80114df5       0x8c src/oboskrnl/CMakeFiles/oboskrnl.dir/driver_api/interrupts.cpp.obj
                0xffffffff80114df5                _Z10do_nothingv
                0xffffffff80114e00                _ZN4obos9driverAPI20ResetSyscallHandlersEv
                0xffffffff80114e36                _ZN4obos9driverAPI22RegisterSyscallHandlerEhy
                0xffffffff80114e5c                _ZN4obos9driverAPI24UnregisterSyscallHandlerEh
 .text          0xffffffff80114e81      0xb07 src/oboskrnl/CMakeFiles/oboskrnl.dir/driver_api/syscalls.cpp.obj
                0xffffffff80114e81                _ZN4obos9driverAPI16RegisterSyscallsEv
 .text          0xffffffff80115988     0x1c59 src/oboskrnl/CMakeFiles/oboskrnl.dir/syscalls/syscalls.cpp.obj
                0xffffffff80115a65                _ZN4obos7process16RegisterSyscallsEv
 .text          0xffffffff801175e1    0x186ee src/oboskrnl/CMakeFiles/oboskrnl.dir/external/amalgamated-dist/Zydis.c.obj
                0xffffffff80119a86                ZydisDecodeOperands
                0xffffffff8011e9ea                ZydisDecoderInit
                0xffffffff8011ea7e                ZydisDecoderEnableMode
                0xffffffff8011eabc                ZydisDecoderDecodeFull
                0xffffffff8011ebeb                ZydisDecoderDecodeInstruction
                0xffffffff8011ed4d                ZydisDecoderDecodeOperands
                0xffffffff8011edfb                ZydisDecoderTreeGetChildNode
                0xffffffff8011f405                ZydisGetInstructionEncodingInfo
                0xffffffff80124229                ZydisBuildRegisterOperand
                0xffffffff8012534c                ZydisEncoderEncodeInstruction
                0xffffffff801253b1                ZydisEncoderEncodeInstructionAbsolute
                0xffffffff801259d8                ZydisEncoderDecodedInstructionToEncoderRequest
                0xffffffff80125f83                ZydisEncoderNopFill
                0xffffffff80126009                ZydisGetRelInfo
                0xffffffff801260bd                ZydisGetEncodableInstructions
                0xffffffff80126817                ZydisFormatterBufferInit
                0xffffffff801268a8                ZydisFormatterBufferInitTokenized
                0xffffffff80126967                ZydisFormatterInit
                0xffffffff801269b0                ZydisFormatterSetProperty
                0xffffffff8012706b                ZydisFormatterSetHook
                0xffffffff80127136                ZydisFormatterFormatInstruction
                0xffffffff801272f3                ZydisFormatterFormatOperand
                0xffffffff80127594                ZydisFormatterTokenizeInstruction
                0xffffffff8012779a                ZydisFormatterTokenizeOperand
                0xffffffff80127a8a                ZydisFormatterATTFormatInstruction
                0xffffffff80128199                ZydisFormatterATTFormatOperandMEM
                0xffffffff80128655                ZydisFormatterATTPrintMnemonic
                0xffffffff801289c5                ZydisFormatterATTPrintRegister
                0xffffffff80128a8b                ZydisFormatterATTPrintAddressABS
                0xffffffff80128b2c                ZydisFormatterATTPrintDISP
                0xffffffff80128e94                ZydisFormatterATTPrintIMM
                0xffffffff80128f17                ZydisFormatterHelperGetExplicitSize
                0xffffffff80129111                ZydisFormatterBaseFormatOperandREG
                0xffffffff8012914f                ZydisFormatterBaseFormatOperandPTR
                0xffffffff8012952a                ZydisFormatterBaseFormatOperandIMM
                0xffffffff801295e3                ZydisFormatterBasePrintAddressABS
                0xffffffff80129834                ZydisFormatterBasePrintAddressREL
                0xffffffff80129c42                ZydisFormatterBasePrintIMM
                0xffffffff8012a0a7                ZydisFormatterBasePrintSegment
                0xffffffff8012a291                ZydisFormatterBasePrintPrefixes
                0xffffffff8012b212                ZydisFormatterBasePrintDecorator
                0xffffffff8012c705                ZydisFormatterTokenGetValue
                0xffffffff8012c758                ZydisFormatterTokenNext
                0xffffffff8012c7b9                ZydisFormatterBufferGetToken
                0xffffffff8012c80d                ZydisFormatterBufferGetString
                0xffffffff8012c86d                ZydisFormatterBufferAppend
                0xffffffff8012c991                ZydisFormatterBufferRemember
                0xffffffff8012c9eb                ZydisFormatterBufferRestore
                0xffffffff8012caac                ZydisFormatterIntelFormatInstruction
                0xffffffff8012d1bd                ZydisFormatterIntelFormatOperandMEM
                0xffffffff8012d695                ZydisFormatterIntelPrintMnemonic
                0xffffffff8012d841                ZydisFormatterIntelPrintRegister
                0xffffffff8012d923                ZydisFormatterIntelPrintDISP
                0xffffffff8012ddf1                ZydisFormatterIntelPrintTypecast
                0xffffffff8012e24b                ZydisFormatterIntelFormatInstructionMASM
                0xffffffff8012e284                ZydisFormatterIntelPrintAddressMASM
                0xffffffff8012e51d                ZydisCategoryGetString
                0xffffffff8012e542                ZydisISASetGetString
                0xffffffff8012e56a                ZydisISAExtGetString
                0xffffffff8012e58f                ZydisMnemonicGetString
                0xffffffff8012e5c2                ZydisMnemonicGetStringWrapped
                0xffffffff8012e5f2                ZydisRegisterEncode
                0xffffffff8012e670                ZydisRegisterGetId
                0xffffffff8012e6a6                ZydisRegisterGetClass
                0xffffffff8012e6db                ZydisRegisterGetWidth
                0xffffffff8012e735                ZydisRegisterGetLargestEnclosing
                0xffffffff8012e833                ZydisRegisterGetString
                0xffffffff8012e866                ZydisRegisterGetStringWrapped
                0xffffffff8012e896                ZydisRegisterClassGetWidth
                0xffffffff8012e8ed                ZydisGetInstructionSegments
                0xffffffff8012eeac                ZydisGetInstructionDefinition
                0xffffffff8012efb1                ZydisGetOperandDefinitions
                0xffffffff8012f018                ZydisGetElementInfo
                0xffffffff8012f050                ZydisGetAccessedFlags
                0xffffffff8012f0c1                ZydisStringAppendDecU64
                0xffffffff8012f2a7                ZydisStringAppendHexU64
                0xffffffff8012f535                ZydisStringAppendDecU
                0xffffffff8012f5c4                ZydisStringAppendHexU
                0xffffffff8012f65f                ZydisCalcAbsoluteAddress
                0xffffffff8012f87b                ZydisCalcAbsoluteAddressEx
                0xffffffff8012f9d6                ZydisGetVersion
                0xffffffff8012f9e6                ZydisIsFeatureEnabled
                0xffffffff8012fc4f                ZydisDisassembleIntel
                0xffffffff8012fc8f                ZydisDisassembleATT
 .text          0xffffffff8012fccf       0xf2 src/oboskrnl/CMakeFiles/oboskrnl.dir/descriptors/gdt/gdt.cpp.obj
                0xffffffff8012fccf                _ZN4obos13InitializeGdtEv
                0xffffffff8012fda7                _ZN4obos11SetTSSStackEPv
 .text          0xffffffff8012fdc1       0x54 src/oboskrnl/CMakeFiles/oboskrnl.dir/error.cpp.obj
                0xffffffff8012fdc1                _ZN4obos12GetLastErrorEv
                0xffffffff8012fde4                _ZN4obos12SetLastErrorEj
 *fill*         0xffffffff8012fe15        0x1 
 .text          0xffffffff8012fe16      0x7d7 src/oboskrnl/CMakeFiles/oboskrnl.dir/driver_api/driver_interface.cpp.obj
                0xffffffff8012fe16                _ZN4obos9driverAPI22DriverConnectionHandle8SendDataEPhyb
                0xffffffff8012fe54                _ZN4obos9driverAPI22DriverConnectionHandle8RecvDataEPhybb
                0xffffffff8012fea2                _ZN4obos9driverAPI22DriverConnectionHandle15CloseConnectionEb
                0xffffffff8012ffa2                _ZN4obos9driverAPI22DriverConnectionHandleD2Ev
                0xffffffff8012ffa2                _ZN4obos9driverAPI22DriverConnectionHandleD1Ev
                0xffffffff8012ffe2                _ZN4obos9driverAPI22DriverConnectionHandle12SendDataImplERNS0_17connection_bufferEPhyb
                0xffffffff8013011a                _ZN4obos9driverAPI22DriverConnectionHandle12RecvDataImplERNS0_17connection_bufferEPhybb
                0xffffffff8013029c                _ZN4obos9driverAPI28DriverClientConnectionHandle14OpenConnectionEj
                0xffffffff80130372                _ZN4obos9driverAPI28DriverClientConnectionHandle15CloseConnectionEb
                0xffffffff801303c0                _ZN4obos9driverAPI28DriverClientConnectionHandle8SendDataEPhyb
                0xffffffff80130406                _ZN4obos9driverAPI28DriverClientConnectionHandle8RecvDataEPhybb
                0xffffffff8013045c                _ZN4obos9driverAPI28DriverClientConnectionHandleD2Ev
                0xffffffff8013045c                _ZN4obos9driverAPI28DriverClientConnectionHandleD1Ev
                0xffffffff8013048a                _ZN4obos9driverAPI28DriverClientConnectionHandleD0Ev
                0xffffffff80130558                _ZN4obos9driverAPI6ListenEv
 .text          0xffffffff801305ed      0x2f8 src/oboskrnl/CMakeFiles/oboskrnl.dir/driver_api/load/module.cpp.obj
                0xffffffff80130641                _ZN4obos9driverAPI10LoadModuleEPhy
                0xffffffff801308e5                _glb_text_start = .
 *(.glb.text)
 .glb.text      0xffffffff801308e5       0x2a src/oboskrnl/CMakeFiles/oboskrnl.dir/process/process.cpp.obj
                0xffffffff801308e5                _ZN4obos7process14ProcEntryPointEPv
                0xffffffff8013090f                _glb_text_end = .
                0xffffffff8013090f                __etext = .

.iplt           0xffffffff8013090f        0x0 load address 0x000000000013090f
 .iplt          0xffffffff8013090f        0x0 src/oboskrnl/CMakeFiles/oboskrnl.dir/boot/x86-64/kernel_bootstrap.asm.obj

.gnu.linkonce.t._ZN4obos12x86_64_flagscvyEv
                0xffffffff80130910       0x16 load address 0x0000000000130910
 .gnu.linkonce.t._ZN4obos12x86_64_flagscvyEv
                0xffffffff80130910       0x16 src/oboskrnl/CMakeFiles/oboskrnl.dir/x86-64/exception_handlers.cpp.obj
                0xffffffff80130910                _ZN4obos12x86_64_flagscvyEv

.gnu.linkonce.t._ZN4obos6memory7PageMap21computeIndexAtAddressEyh
                0xffffffff80130926       0x31 load address 0x0000000000130926
 .gnu.linkonce.t._ZN4obos6memory7PageMap21computeIndexAtAddressEyh
                0xffffffff80130926       0x31 src/oboskrnl/CMakeFiles/oboskrnl.dir/x86-64/exception_handlers.cpp.obj
                0xffffffff80130926                _ZN4obos6memory7PageMap21computeIndexAtAddressEyh

.gnu.linkonce.t._ZN4obos5utils12BitfieldBaseC2ERKS1_
                0xffffffff80130958       0x31 load address 0x0000000000130958
 .gnu.linkonce.t._ZN4obos5utils12BitfieldBaseC2ERKS1_
                0xffffffff80130958       0x31 src/oboskrnl/CMakeFiles/oboskrnl.dir/x86-64/exception_handlers.cpp.obj
                0xffffffff80130958                _ZN4obos5utils12BitfieldBaseC2ERKS1_

.gnu.linkonce.t._ZN4obos12x86_64_flagsC1ERKS0_
                0xffffffff8013098a       0x34 load address 0x000000000013098a
 .gnu.linkonce.t._ZN4obos12x86_64_flagsC1ERKS0_
                0xffffffff8013098a       0x34 src/oboskrnl/CMakeFiles/oboskrnl.dir/x86-64/exception_handlers.cpp.obj
                0xffffffff8013098a                _ZN4obos12x86_64_flagsC1ERKS0_

.gnu.linkonce.t._ZNK4obos6memory7PageMap10getPageMapEv
                0xffffffff801309be       0x15 load address 0x00000000001309be
 .gnu.linkonce.t._ZNK4obos6memory7PageMap10getPageMapEv
                0xffffffff801309be       0x15 src/oboskrnl/CMakeFiles/oboskrnl.dir/memory_manager/paging/x86-64/init.cpp.obj
                0xffffffff801309be                _ZNK4obos6memory7PageMap10getPageMapEv

.gnu.linkonce.t._ZN4obos7process7Process14allocatedBlockC1Ev
                0xffffffff801309d4       0x26 load address 0x00000000001309d4
 .gnu.linkonce.t._ZN4obos7process7Process14allocatedBlockC1Ev
                0xffffffff801309d4       0x26 src/oboskrnl/CMakeFiles/oboskrnl.dir/memory_manager/paging/x86-64/allocate.cpp.obj
                0xffffffff801309d4                _ZN4obos7process7Process14allocatedBlockC1Ev

.gnu.linkonce.t._ZN4obos6Handle7getTypeEv
                0xffffffff801309fa       0x13 load address 0x00000000001309fa
 .gnu.linkonce.t._ZN4obos6Handle7getTypeEv
                0xffffffff801309fa       0x13 src/oboskrnl/CMakeFiles/oboskrnl.dir/boot/kmain.cpp.obj
                0xffffffff801309fa                _ZN4obos6Handle7getTypeEv

.gnu.linkonce.t._ZN4obos6HandleD2Ev
                0xffffffff80130a0e       0x1d load address 0x0000000000130a0e
 .gnu.linkonce.t._ZN4obos6HandleD2Ev
                0xffffffff80130a0e       0x1d src/oboskrnl/CMakeFiles/oboskrnl.dir/boot/kmain.cpp.obj
                0xffffffff80130a0e                _ZN4obos6HandleD2Ev

.gnu.linkonce.t._ZN4obos12multitasking12ThreadHandleD1Ev
                0xffffffff80130a2c       0x35 load address 0x0000000000130a2c
 .gnu.linkonce.t._ZN4obos12multitasking12ThreadHandleD1Ev
                0xffffffff80130a2c       0x35 src/oboskrnl/CMakeFiles/oboskrnl.dir/boot/kmain.cpp.obj
                0xffffffff80130a2c                _ZN4obos12multitasking12ThreadHandleD1Ev

.gnu.linkonce.t._ZN4obos12multitasking5Mutex8IsLockedEv
                0xffffffff80130a62       0x15 load address 0x0000000000130a62
 .gnu.linkonce.t._ZN4obos12multitasking5Mutex8IsLockedEv
                0xffffffff80130a62       0x15 src/oboskrnl/CMakeFiles/oboskrnl.dir/memory_manager/liballoc/liballoc.cpp.obj
                0xffffffff80130a62                _ZN4obos12multitasking5Mutex8IsLockedEv

.gnu.linkonce.t._ZN9safe_lockC1EPN4obos12multitasking5MutexE
                0xffffffff80130a78       0x29 load address 0x0000000000130a78
 .gnu.linkonce.t._ZN9safe_lockC1EPN4obos12multitasking5MutexE
                0xffffffff80130a78       0x29 src/oboskrnl/CMakeFiles/oboskrnl.dir/memory_manager/liballoc/liballoc.cpp.obj
                0xffffffff80130a78                _ZN9safe_lockC1EPN4obos12multitasking5MutexE

.gnu.linkonce.t._ZN9safe_lock4LockEb
                0xffffffff80130aa2       0x4a load address 0x0000000000130aa2
 .gnu.linkonce.t._ZN9safe_lock4LockEb
                0xffffffff80130aa2       0x4a src/oboskrnl/CMakeFiles/oboskrnl.dir/memory_manager/liballoc/liballoc.cpp.obj
                0xffffffff80130aa2                _ZN9safe_lock4LockEb

.gnu.linkonce.t._ZN9safe_lock6UnlockEv
                0xffffffff80130aec       0x2a load address 0x0000000000130aec
 .gnu.linkonce.t._ZN9safe_lock6UnlockEv
                0xffffffff80130aec       0x2a src/oboskrnl/CMakeFiles/oboskrnl.dir/memory_manager/liballoc/liballoc.cpp.obj
                0xffffffff80130aec                _ZN9safe_lock6UnlockEv

.gnu.linkonce.t._ZN9safe_lockD1Ev
                0xffffffff80130b16       0x1b load address 0x0000000000130b16
 .gnu.linkonce.t._ZN9safe_lockD1Ev
                0xffffffff80130b16       0x1b src/oboskrnl/CMakeFiles/oboskrnl.dir/memory_manager/liballoc/liballoc.cpp.obj
                0xffffffff80130b16                _ZN9safe_lockD1Ev

.gnu.linkonce.t._ZN4obos12multitasking5MutexC1Ev
                0xffffffff80130b32       0x31 load address 0x0000000000130b32
 .gnu.linkonce.t._ZN4obos12multitasking5MutexC1Ev
                0xffffffff80130b32       0x31 src/oboskrnl/CMakeFiles/oboskrnl.dir/memory_manager/liballoc/liballoc.cpp.obj
                0xffffffff80130b32                _ZN4obos12multitasking5MutexC1Ev

.gnu.linkonce.t._ZN4obos6Handle13getReferencesEv
                0xffffffff80130b64       0x1a load address 0x0000000000130b64
 .gnu.linkonce.t._ZN4obos6Handle13getReferencesEv
                0xffffffff80130b64       0x1a src/oboskrnl/CMakeFiles/oboskrnl.dir/multitasking/threadHandle.cpp.obj
                0xffffffff80130b64                _ZN4obos6Handle13getReferencesEv

.gnu.linkonce.t._ZN4obos12x86_64_flagsC1Ev
                0xffffffff80130b7e       0x29 load address 0x0000000000130b7e
 .gnu.linkonce.t._ZN4obos12x86_64_flagsC1Ev
                0xffffffff80130b7e       0x29 src/oboskrnl/CMakeFiles/oboskrnl.dir/multitasking/threadHandle.cpp.obj
                0xffffffff80130b7e                _ZN4obos12x86_64_flagsC1Ev

.gnu.linkonce.t._ZN4obos15interrupt_frameC1Ev
                0xffffffff80130ba8       0x21 load address 0x0000000000130ba8
 .gnu.linkonce.t._ZN4obos15interrupt_frameC1Ev
                0xffffffff80130ba8       0x21 src/oboskrnl/CMakeFiles/oboskrnl.dir/multitasking/threadHandle.cpp.obj
                0xffffffff80130ba8                _ZN4obos15interrupt_frameC1Ev

.gnu.linkonce.t._ZN4obos12multitasking6ThreadC1Ev
                0xffffffff80130bca      0x100 load address 0x0000000000130bca
 .gnu.linkonce.t._ZN4obos12multitasking6ThreadC1Ev
                0xffffffff80130bca      0x100 src/oboskrnl/CMakeFiles/oboskrnl.dir/multitasking/threadHandle.cpp.obj
                0xffffffff80130bca                _ZN4obos12multitasking6ThreadC1Ev

.gnu.linkonce.t._ZN4obos12multitasking6ThreadD1Ev
                0xffffffff80130cca       0x53 load address 0x0000000000130cca
 .gnu.linkonce.t._ZN4obos12multitasking6ThreadD1Ev
                0xffffffff80130cca       0x53 src/oboskrnl/CMakeFiles/oboskrnl.dir/multitasking/threadHandle.cpp.obj
                0xffffffff80130cca                _ZN4obos12multitasking6ThreadD1Ev

.gnu.linkonce.t._ZN4obos12multitasking6ThreadD0Ev
                0xffffffff80130d1e       0x2b load address 0x0000000000130d1e
 .gnu.linkonce.t._ZN4obos12multitasking6ThreadD0Ev
                0xffffffff80130d1e       0x2b src/oboskrnl/CMakeFiles/oboskrnl.dir/multitasking/threadHandle.cpp.obj
                0xffffffff80130d1e                _ZN4obos12multitasking6ThreadD0Ev

.gnu.linkonce.t._ZN4obos12multitasking12ThreadHandle7getTypeEv
                0xffffffff80130d4a       0x13 load address 0x0000000000130d4a
 .gnu.linkonce.t._ZN4obos12multitasking12ThreadHandle7getTypeEv
                0xffffffff80130d4a       0x13 src/oboskrnl/CMakeFiles/oboskrnl.dir/multitasking/threadHandle.cpp.obj
                0xffffffff80130d4a                _ZN4obos12multitasking12ThreadHandle7getTypeEv

.gnu.linkonce.t._ZN4obos12multitasking12ThreadHandleD0Ev
                0xffffffff80130d5e       0x2b load address 0x0000000000130d5e
 .gnu.linkonce.t._ZN4obos12multitasking12ThreadHandleD0Ev
                0xffffffff80130d5e       0x2b src/oboskrnl/CMakeFiles/oboskrnl.dir/multitasking/threadHandle.cpp.obj
                0xffffffff80130d5e                _ZN4obos12multitasking12ThreadHandleD0Ev

.gnu.linkonce.t._ZN4obos6HandleC2Ev
                0xffffffff80130d8a       0x4c load address 0x0000000000130d8a
 .gnu.linkonce.t._ZN4obos6HandleC2Ev
                0xffffffff80130d8a       0x4c src/oboskrnl/CMakeFiles/oboskrnl.dir/multitasking/threadHandle.cpp.obj
                0xffffffff80130d8a                _ZN4obos6HandleC2Ev

.gnu.linkonce.t._ZN4obos12x86_64_flagsC1Ey
                0xffffffff80130de0       0x39 load address 0x0000000000130de0
 .gnu.linkonce.t._ZN4obos12x86_64_flagsC1Ey
                0xffffffff80130de0       0x39 src/oboskrnl/CMakeFiles/oboskrnl.dir/multitasking/multitasking.cpp.obj
                0xffffffff80130de0                _ZN4obos12x86_64_flagsC1Ey

.gnu.linkonce.t._ZN4obos5utils12BitfieldBaseaSERKS1_
                0xffffffff80130e20       0x26 load address 0x0000000000130e20
 .gnu.linkonce.t._ZN4obos5utils12BitfieldBaseaSERKS1_
                0xffffffff80130e20       0x26 src/oboskrnl/CMakeFiles/oboskrnl.dir/multitasking/multitasking.cpp.obj
                0xffffffff80130e20                _ZN4obos5utils12BitfieldBaseaSERKS1_

.gnu.linkonce.t._ZN4obos12x86_64_flagsaSERKS0_
                0xffffffff80130e50       0x29 load address 0x0000000000130e50
 .gnu.linkonce.t._ZN4obos12x86_64_flagsaSERKS0_
                0xffffffff80130e50       0x29 src/oboskrnl/CMakeFiles/oboskrnl.dir/multitasking/multitasking.cpp.obj
                0xffffffff80130e50                _ZN4obos12x86_64_flagsaSERKS0_

.gnu.linkonce.t._ZN4obos15interrupt_frameaSERKS0_
                0xffffffff80130e80      0x1ce load address 0x0000000000130e80
 .gnu.linkonce.t._ZN4obos15interrupt_frameaSERKS0_
                0xffffffff80130e80      0x1ce src/oboskrnl/CMakeFiles/oboskrnl.dir/multitasking/multitasking.cpp.obj
                0xffffffff80130e80                _ZN4obos15interrupt_frameaSERKS0_

.gnu.linkonce.t._ZN4obos5utils12BitfieldBaseaSEOS1_
                0xffffffff80131050       0x26 load address 0x0000000000131050
 .gnu.linkonce.t._ZN4obos5utils12BitfieldBaseaSEOS1_
                0xffffffff80131050       0x26 src/oboskrnl/CMakeFiles/oboskrnl.dir/multitasking/multitasking.cpp.obj
                0xffffffff80131050                _ZN4obos5utils12BitfieldBaseaSEOS1_

.gnu.linkonce.t._ZN4obos12x86_64_flagsaSEOS0_
                0xffffffff80131080       0x29 load address 0x0000000000131080
 .gnu.linkonce.t._ZN4obos12x86_64_flagsaSEOS0_
                0xffffffff80131080       0x29 src/oboskrnl/CMakeFiles/oboskrnl.dir/multitasking/multitasking.cpp.obj
                0xffffffff80131080                _ZN4obos12x86_64_flagsaSEOS0_

.gnu.linkonce.t._ZN4obos12multitasking11MutexHandle7getTypeEv
                0xffffffff801310aa       0x13 load address 0x00000000001310aa
 .gnu.linkonce.t._ZN4obos12multitasking11MutexHandle7getTypeEv
                0xffffffff801310aa       0x13 src/oboskrnl/CMakeFiles/oboskrnl.dir/multitasking/mutex/mutexHandle.cpp.obj
                0xffffffff801310aa                _ZN4obos12multitasking11MutexHandle7getTypeEv

.gnu.linkonce.t._ZN4obos12multitasking5MutexC1Eb
                0xffffffff801310be       0x39 load address 0x00000000001310be
 .gnu.linkonce.t._ZN4obos12multitasking5MutexC1Eb
                0xffffffff801310be       0x39 src/oboskrnl/CMakeFiles/oboskrnl.dir/multitasking/mutex/mutexHandle.cpp.obj
                0xffffffff801310be                _ZN4obos12multitasking5MutexC1Eb

.gnu.linkonce.t._ZN4obos12multitasking9safe_lockC1EPNS0_11MutexHandleE
                0xffffffff801310f8       0x29 load address 0x00000000001310f8
 .gnu.linkonce.t._ZN4obos12multitasking9safe_lockC1EPNS0_11MutexHandleE
                0xffffffff801310f8       0x29 src/oboskrnl/CMakeFiles/oboskrnl.dir/driver_api/driver_interface.cpp.obj
                0xffffffff801310f8                _ZN4obos12multitasking9safe_lockC1EPNS0_11MutexHandleE

.gnu.linkonce.t._ZN4obos12multitasking9safe_lock4LockEb
                0xffffffff80131122       0x4a load address 0x0000000000131122
 .gnu.linkonce.t._ZN4obos12multitasking9safe_lock4LockEb
                0xffffffff80131122       0x4a src/oboskrnl/CMakeFiles/oboskrnl.dir/driver_api/driver_interface.cpp.obj
                0xffffffff80131122                _ZN4obos12multitasking9safe_lock4LockEb

.gnu.linkonce.t._ZN4obos12multitasking9safe_lock6UnlockEv
                0xffffffff8013116c       0x2a load address 0x000000000013116c
 .gnu.linkonce.t._ZN4obos12multitasking9safe_lock6UnlockEv
                0xffffffff8013116c       0x2a src/oboskrnl/CMakeFiles/oboskrnl.dir/driver_api/driver_interface.cpp.obj
                0xffffffff8013116c                _ZN4obos12multitasking9safe_lock6UnlockEv

.gnu.linkonce.t._ZN4obos12multitasking9safe_lockD1Ev
                0xffffffff80131196       0x1b load address 0x0000000000131196
 .gnu.linkonce.t._ZN4obos12multitasking9safe_lockD1Ev
                0xffffffff80131196       0x1b src/oboskrnl/CMakeFiles/oboskrnl.dir/driver_api/driver_interface.cpp.obj
                0xffffffff80131196                _ZN4obos12multitasking9safe_lockD1Ev

.gnu.linkonce.t._ZN4obos9driverAPI17connection_bufferD1Ev
                0xffffffff801311b2       0x1b load address 0x00000000001311b2
 .gnu.linkonce.t._ZN4obos9driverAPI17connection_bufferD1Ev
                0xffffffff801311b2       0x1b src/oboskrnl/CMakeFiles/oboskrnl.dir/driver_api/driver_interface.cpp.obj
                0xffffffff801311b2                _ZN4obos9driverAPI17connection_bufferD1Ev

.gnu.linkonce.t._ZN4obos9driverAPI17connection_bufferC1Ev
                0xffffffff801311ce       0x3f load address 0x00000000001311ce
 .gnu.linkonce.t._ZN4obos9driverAPI17connection_bufferC1Ev
                0xffffffff801311ce       0x3f src/oboskrnl/CMakeFiles/oboskrnl.dir/driver_api/driver_interface.cpp.obj
                0xffffffff801311ce                _ZN4obos9driverAPI17connection_bufferC1Ev

.gnu.linkonce.t._ZN4obos9driverAPI22DriverConnectionHandleC1Ev
                0xffffffff8013120e       0x3a load address 0x000000000013120e
 .gnu.linkonce.t._ZN4obos9driverAPI22DriverConnectionHandleC1Ev
                0xffffffff8013120e       0x3a src/oboskrnl/CMakeFiles/oboskrnl.dir/driver_api/driver_interface.cpp.obj
                0xffffffff8013120e                _ZN4obos9driverAPI22DriverConnectionHandleC1Ev

.gnu.linkonce.t._ZN4obos9driverAPI20driverIdentificationC1Ev
                0xffffffff80131248       0x24 load address 0x0000000000131248
 .gnu.linkonce.t._ZN4obos9driverAPI20driverIdentificationC1Ev
                0xffffffff80131248       0x24 src/oboskrnl/CMakeFiles/oboskrnl.dir/driver_api/load/module.cpp.obj
                0xffffffff80131248                _ZN4obos9driverAPI20driverIdentificationC1Ev

.rodata         0xffffffff80132000    0x6e42e load address 0x0000000000132000
 *(.rodata)
 .rodata        0xffffffff80132000      0x439 src/oboskrnl/CMakeFiles/oboskrnl.dir/x86-64/exception_handlers.cpp.obj
 *fill*         0xffffffff80132439        0x7 
 .rodata        0xffffffff80132440       0x10 src/oboskrnl/CMakeFiles/oboskrnl.dir/memory_manager/paging/x86-64/init.cpp.obj
 .rodata        0xffffffff80132450       0x10 src/oboskrnl/CMakeFiles/oboskrnl.dir/memory_manager/paging/x86-64/allocate.cpp.obj
 .rodata        0xffffffff80132460       0x10 src/oboskrnl/CMakeFiles/oboskrnl.dir/memory_manager/x86-64/physical.cpp.obj
 .rodata        0xffffffff80132470      0x1dd src/oboskrnl/CMakeFiles/oboskrnl.dir/boot/kmain.cpp.obj
 *fill*         0xffffffff8013264d        0x3 
 .rodata        0xffffffff80132650       0x88 src/oboskrnl/CMakeFiles/oboskrnl.dir/console.cpp.obj
 .rodata        0xffffffff801326d8      0x260 src/oboskrnl/CMakeFiles/oboskrnl.dir/klog.cpp.obj
 .rodata        0xffffffff80132938      0x800 src/oboskrnl/CMakeFiles/oboskrnl.dir/inline-asm.cpp.obj
 .rodata        0xffffffff80133138       0x97 src/oboskrnl/CMakeFiles/oboskrnl.dir/memory_manager/liballoc/liballoc.cpp.obj
 *fill*         0xffffffff801331cf        0x1 
 .rodata        0xffffffff801331d0       0x9f src/oboskrnl/CMakeFiles/oboskrnl.dir/multitasking/threadHandle.cpp.obj
 *fill*         0xffffffff8013326f        0x1 
 .rodata        0xffffffff80133270      0x138 src/oboskrnl/CMakeFiles/oboskrnl.dir/multitasking/multitasking.cpp.obj
 .rodata        0xffffffff801333a8       0x3c src/oboskrnl/CMakeFiles/oboskrnl.dir/elf/elf.cpp.obj
 *fill*         0xffffffff801333e4        0x4 
 .rodata        0xffffffff801333e8       0x9f src/oboskrnl/CMakeFiles/oboskrnl.dir/multitasking/thread.cpp.obj
 *fill*         0xffffffff80133487        0x1 
 .rodata        0xffffffff80133488       0xef src/oboskrnl/CMakeFiles/oboskrnl.dir/process/process.cpp.obj
 *fill*         0xffffffff80133577        0x1 
 .rodata        0xffffffff80133578       0x70 src/oboskrnl/CMakeFiles/oboskrnl.dir/driver_api/syscalls.cpp.obj
 *fill*         0xffffffff801335e8       0x18 
 .rodata        0xffffffff80133600    0x6cde0 src/oboskrnl/CMakeFiles/oboskrnl.dir/external/amalgamated-dist/Zydis.c.obj
                0xffffffff80133e20                FILTERS_XOP
                0xffffffff80133e60                FILTERS_VEX
                0xffffffff80133ee0                FILTERS_EMVEX
                0xffffffff80133f80                FILTERS_OPCODE
                0xffffffff8013c980                FILTERS_MODE
                0xffffffff8013c9a0                FILTERS_MODE_COMPACT
                0xffffffff8013d090                FILTERS_PREFIX_GROUP1
                0xffffffff8013d0a8                FILTERS_MODRM_MOD
                0xffffffff8013d0c0                FILTERS_MODRM_MOD_COMPACT
                0xffffffff8013fc20                FILTERS_MODRM_REG
                0xffffffff80140780                FILTERS_MODRM_RM
                0xffffffff80140e20                FILTERS_MANDATORY_PREFIX
                0xffffffff801427a0                FILTERS_OPERAND_SIZE
                0xffffffff80142920                FILTERS_ADDRESS_SIZE
                0xffffffff80142b40                FILTERS_VECTOR_LENGTH
                0xffffffff80146240                FILTERS_REX_W
                0xffffffff80148a42                FILTERS_REX_B
                0xffffffff80148a60                FILTERS_EVEX_B
                0xffffffff8014a4c0                FILTERS_MVEX_E
                0xffffffff8014a7a0                FILTERS_MODE_AMD
                0xffffffff8014a820                FILTERS_MODE_KNC
                0xffffffff8014a850                FILTERS_MODE_MPX
                0xffffffff8014a860                FILTERS_MODE_CET
                0xffffffff8014a880                FILTERS_MODE_LZCNT
                0xffffffff8014a890                FILTERS_MODE_TZCNT
                0xffffffff8014a89c                FILTERS_MODE_WBNOINVD
                0xffffffff8014a8a2                FILTERS_MODE_CLDEMOTE
                0xffffffff8014a8a8                FILTERS_MODE_CENTAUR
                0xffffffff8014a8ae                zydis_decoder_tree_root
                0xffffffff8014af00                encoder_instruction_lookup
                0xffffffff8014ca80                encoder_instructions
                0xffffffff80169960                ISTR_DEFINITIONS_LEGACY
                0xffffffff80170340                ISTR_DEFINITIONS_3DNOW
                0xffffffff80170580                ISTR_DEFINITIONS_XOP
                0xffffffff80170e80                ISTR_DEFINITIONS_VEX
                0xffffffff80176640                ISTR_DEFINITIONS_EVEX
                0xffffffff80184a00                ISTR_DEFINITIONS_MVEX
                0xffffffff801861e0                OPERAND_DEFINITIONS
 .rodata        0xffffffff801a03e0       0x4e src/oboskrnl/CMakeFiles/oboskrnl.dir/driver_api/load/module.cpp.obj
                0xffffffff801a042e                _ZN4obos6memory9__erodataE = .

.gnu.linkonce.r._ZTVN4obos12x86_64_flagsE
                0xffffffff801a0430       0x40 load address 0x00000000001a0430
 .gnu.linkonce.r._ZTVN4obos12x86_64_flagsE
                0xffffffff801a0430       0x40 src/oboskrnl/CMakeFiles/oboskrnl.dir/x86-64/exception_handlers.cpp.obj
                0xffffffff801a0430                _ZTVN4obos12x86_64_flagsE

.gnu.linkonce.r._ZTVN4obos6HandleE
                0xffffffff801a0470       0x38 load address 0x00000000001a0470
 .gnu.linkonce.r._ZTVN4obos6HandleE
                0xffffffff801a0470       0x38 src/oboskrnl/CMakeFiles/oboskrnl.dir/boot/kmain.cpp.obj
                0xffffffff801a0470                _ZTVN4obos6HandleE

.gnu.linkonce.r._ZTVN4obos5utils8BitfieldE
                0xffffffff801a04a8       0x60 load address 0x00000000001a04a8
 .gnu.linkonce.r._ZTVN4obos5utils8BitfieldE
                0xffffffff801a04a8       0x60 src/oboskrnl/CMakeFiles/oboskrnl.dir/utils/bitfields.cpp.obj
                0xffffffff801a04a8                _ZTVN4obos5utils8BitfieldE

.gnu.linkonce.r._ZTVN4obos5utils12BitfieldBaseE
                0xffffffff801a0508       0x40 load address 0x00000000001a0508
 .gnu.linkonce.r._ZTVN4obos5utils12BitfieldBaseE
                0xffffffff801a0508       0x40 src/oboskrnl/CMakeFiles/oboskrnl.dir/utils/bitfields.cpp.obj
                0xffffffff801a0508                _ZTVN4obos5utils12BitfieldBaseE

.gnu.linkonce.r._ZTVN4obos5utils15IntegerBitfieldE
                0xffffffff801a0548       0x60 load address 0x00000000001a0548
 .gnu.linkonce.r._ZTVN4obos5utils15IntegerBitfieldE
                0xffffffff801a0548       0x60 src/oboskrnl/CMakeFiles/oboskrnl.dir/utils/bitfields.cpp.obj
                0xffffffff801a0548                _ZTVN4obos5utils15IntegerBitfieldE

.gnu.linkonce.r._ZTVN4obos12multitasking12ThreadHandleE
                0xffffffff801a05a8       0x38 load address 0x00000000001a05a8
 .gnu.linkonce.r._ZTVN4obos12multitasking12ThreadHandleE
                0xffffffff801a05a8       0x38 src/oboskrnl/CMakeFiles/oboskrnl.dir/multitasking/threadHandle.cpp.obj
                0xffffffff801a05a8                _ZTVN4obos12multitasking12ThreadHandleE

.gnu.linkonce.r._ZTVN4obos12multitasking6ThreadE
                0xffffffff801a05e0       0x20 load address 0x00000000001a05e0
 .gnu.linkonce.r._ZTVN4obos12multitasking6ThreadE
                0xffffffff801a05e0       0x20 src/oboskrnl/CMakeFiles/oboskrnl.dir/multitasking/threadHandle.cpp.obj
                0xffffffff801a05e0                _ZTVN4obos12multitasking6ThreadE

.gnu.linkonce.r._ZTVN4obos12multitasking11MutexHandleE
                0xffffffff801a0600       0x38 load address 0x00000000001a0600
 .gnu.linkonce.r._ZTVN4obos12multitasking11MutexHandleE
                0xffffffff801a0600       0x38 src/oboskrnl/CMakeFiles/oboskrnl.dir/multitasking/mutex/mutexHandle.cpp.obj
                0xffffffff801a0600                _ZTVN4obos12multitasking11MutexHandleE

.gnu.linkonce.r._ZTVN4obos9driverAPI28DriverClientConnectionHandleE
                0xffffffff801a0638       0x20 load address 0x00000000001a0638
 .gnu.linkonce.r._ZTVN4obos9driverAPI28DriverClientConnectionHandleE
                0xffffffff801a0638       0x20 src/oboskrnl/CMakeFiles/oboskrnl.dir/driver_api/driver_interface.cpp.obj
                0xffffffff801a0638                _ZTVN4obos9driverAPI28DriverClientConnectionHandleE

.rela.dyn       0xffffffff801a0658        0x0 load address 0x00000000001a0658
 .rela.got      0xffffffff801a0658        0x0 src/oboskrnl/CMakeFiles/oboskrnl.dir/boot/x86-64/kernel_bootstrap.asm.obj
 .rela.iplt     0xffffffff801a0658        0x0 src/oboskrnl/CMakeFiles/oboskrnl.dir/boot/x86-64/kernel_bootstrap.asm.obj
 .rela.gnu.linkonce.t._ZN4obos5utils12BitfieldBaseC2ERKS1_
                0xffffffff801a0658        0x0 src/oboskrnl/CMakeFiles/oboskrnl.dir/boot/x86-64/kernel_bootstrap.asm.obj
 .rela.gnu.linkonce.t._ZN4obos12x86_64_flagsC1ERKS0_
                0xffffffff801a0658        0x0 src/oboskrnl/CMakeFiles/oboskrnl.dir/boot/x86-64/kernel_bootstrap.asm.obj
 .rela.gnu.linkonce.r._ZTVN4obos12x86_64_flagsE
                0xffffffff801a0658        0x0 src/oboskrnl/CMakeFiles/oboskrnl.dir/boot/x86-64/kernel_bootstrap.asm.obj
 .rela.text     0xffffffff801a0658        0x0 src/oboskrnl/CMakeFiles/oboskrnl.dir/boot/x86-64/kernel_bootstrap.asm.obj
 .rela.gnu.linkonce.t._ZN4obos6HandleD2Ev
                0xffffffff801a0658        0x0 src/oboskrnl/CMakeFiles/oboskrnl.dir/boot/x86-64/kernel_bootstrap.asm.obj
 .rela.gnu.linkonce.t._ZN4obos12multitasking12ThreadHandleD1Ev
                0xffffffff801a0658        0x0 src/oboskrnl/CMakeFiles/oboskrnl.dir/boot/x86-64/kernel_bootstrap.asm.obj
 .rela.gnu.linkonce.r._ZTVN4obos6HandleE
                0xffffffff801a0658        0x0 src/oboskrnl/CMakeFiles/oboskrnl.dir/boot/x86-64/kernel_bootstrap.asm.obj
 .rela.gnu.linkonce.t._ZN4obos12x86_64_flagsC1Ev
                0xffffffff801a0658        0x0 src/oboskrnl/CMakeFiles/oboskrnl.dir/boot/x86-64/kernel_bootstrap.asm.obj
 .rela.gnu.linkonce.t._ZN4obos12multitasking6ThreadC1Ev
                0xffffffff801a0658        0x0 src/oboskrnl/CMakeFiles/oboskrnl.dir/boot/x86-64/kernel_bootstrap.asm.obj
 .rela.gnu.linkonce.t._ZN4obos12multitasking6ThreadD1Ev
                0xffffffff801a0658        0x0 src/oboskrnl/CMakeFiles/oboskrnl.dir/boot/x86-64/kernel_bootstrap.asm.obj
 .rela.gnu.linkonce.t._ZN4obos6HandleC2Ev
                0xffffffff801a0658        0x0 src/oboskrnl/CMakeFiles/oboskrnl.dir/boot/x86-64/kernel_bootstrap.asm.obj
 .rela.gnu.linkonce.r._ZTVN4obos12multitasking12ThreadHandleE
                0xffffffff801a0658        0x0 src/oboskrnl/CMakeFiles/oboskrnl.dir/boot/x86-64/kernel_bootstrap.asm.obj
 .rela.gnu.linkonce.r._ZTVN4obos12multitasking6ThreadE
                0xffffffff801a0658        0x0 src/oboskrnl/CMakeFiles/oboskrnl.dir/boot/x86-64/kernel_bootstrap.asm.obj
 .rela.gnu.linkonce.t._ZN4obos12x86_64_flagsC1Ey
                0xffffffff801a0658        0x0 src/oboskrnl/CMakeFiles/oboskrnl.dir/boot/x86-64/kernel_bootstrap.asm.obj
 .rela.gnu.linkonce.r._ZTVN4obos12multitasking11MutexHandleE
                0xffffffff801a0658        0x0 src/oboskrnl/CMakeFiles/oboskrnl.dir/boot/x86-64/kernel_bootstrap.asm.obj

.data           0xffffffff801a1000      0xccc load address 0x00000000001a1000
 *(.data)
 .data          0xffffffff801a1000        0x0 src/oboskrnl/CMakeFiles/oboskrnl.dir/descriptors/idt/x86-64/handlers.asm.obj
 .data          0xffffffff801a1000       0x10 src/oboskrnl/CMakeFiles/oboskrnl.dir/syscalls/interrupts.asm.obj
 .data          0xffffffff801a1010       0x42 src/oboskrnl/CMakeFiles/oboskrnl.dir/descriptors/gdt/gdt_x86-64.asm.obj
                0xffffffff801a1010                GDT
                0xffffffff801a1038                TSS
 .data          0xffffffff801a1052        0x0 src/oboskrnl/CMakeFiles/oboskrnl.dir/descriptors/idt/x86-64/idt.cpp.obj
 .data          0xffffffff801a1052        0x0 src/oboskrnl/CMakeFiles/oboskrnl.dir/x86-64/exception_handlers.cpp.obj
 .data          0xffffffff801a1052        0x0 src/oboskrnl/CMakeFiles/oboskrnl.dir/memory_manager/paging/x86-64/init.cpp.obj
 .data          0xffffffff801a1052        0x0 src/oboskrnl/CMakeFiles/oboskrnl.dir/memory_manager/paging/x86-64/allocate.cpp.obj
 .data          0xffffffff801a1052        0x0 src/oboskrnl/CMakeFiles/oboskrnl.dir/memory_manager/x86-64/physical.cpp.obj
 *fill*         0xffffffff801a1052        0x6 
 .data          0xffffffff801a1058        0x8 src/oboskrnl/CMakeFiles/oboskrnl.dir/boot/kmain.cpp.obj
                0xffffffff801a1058                __dso_handle
 .data          0xffffffff801a1060        0x0 src/oboskrnl/CMakeFiles/oboskrnl.dir/console.cpp.obj
 .data          0xffffffff801a1060        0x8 src/oboskrnl/CMakeFiles/oboskrnl.dir/klog.cpp.obj
 .data          0xffffffff801a1068        0x0 src/oboskrnl/CMakeFiles/oboskrnl.dir/inline-asm.cpp.obj
 .data          0xffffffff801a1068        0x0 src/oboskrnl/CMakeFiles/oboskrnl.dir/utils/bitfields.cpp.obj
 .data          0xffffffff801a1068        0x0 src/oboskrnl/CMakeFiles/oboskrnl.dir/descriptors/idt/pic.cpp.obj
 .data          0xffffffff801a1068        0x0 src/oboskrnl/CMakeFiles/oboskrnl.dir/external/list/list_iterator.c.obj
 .data          0xffffffff801a1068        0x0 src/oboskrnl/CMakeFiles/oboskrnl.dir/utils/memory.cpp.obj
 .data          0xffffffff801a1068        0x8 src/oboskrnl/CMakeFiles/oboskrnl.dir/memory_manager/paging/liballoc_hooks.cpp.obj
                0xffffffff801a1068                liballoc_base
 .data          0xffffffff801a1070       0x10 src/oboskrnl/CMakeFiles/oboskrnl.dir/memory_manager/liballoc/liballoc.cpp.obj
 .data          0xffffffff801a1080        0x0 src/oboskrnl/CMakeFiles/oboskrnl.dir/multitasking/threadHandle.cpp.obj
 .data          0xffffffff801a1080        0x0 src/oboskrnl/CMakeFiles/oboskrnl.dir/external/list/list_node.c.obj
 .data          0xffffffff801a1080        0x0 src/oboskrnl/CMakeFiles/oboskrnl.dir/external/list/list.c.obj
 .data          0xffffffff801a1080        0xa src/oboskrnl/CMakeFiles/oboskrnl.dir/multitasking/multitasking.cpp.obj
                0xffffffff801a1080                _ZN4obos12multitasking12g_timerTicksE
                0xffffffff801a1088                _ZN4obos12multitasking20g_schedulerFrequencyE
 .data          0xffffffff801a108a        0x0 src/oboskrnl/CMakeFiles/oboskrnl.dir/elf/elf.cpp.obj
 *fill*         0xffffffff801a108a        0x2 
 .data          0xffffffff801a108c        0x4 src/oboskrnl/CMakeFiles/oboskrnl.dir/multitasking/thread.cpp.obj
                0xffffffff801a108c                _ZN4obos12multitasking15g_nextThreadTidE
 .data          0xffffffff801a1090        0x0 src/oboskrnl/CMakeFiles/oboskrnl.dir/multitasking/mutex/mutex.cpp.obj
 .data          0xffffffff801a1090        0x0 src/oboskrnl/CMakeFiles/oboskrnl.dir/multitasking/mutex/mutexHandle.cpp.obj
 .data          0xffffffff801a1090        0x0 src/oboskrnl/CMakeFiles/oboskrnl.dir/process/process.cpp.obj
 .data          0xffffffff801a1090        0x0 src/oboskrnl/CMakeFiles/oboskrnl.dir/driver_api/interrupts.cpp.obj
 .data          0xffffffff801a1090        0x8 src/oboskrnl/CMakeFiles/oboskrnl.dir/driver_api/syscalls.cpp.obj
                0xffffffff801a1090                _ZN4obos9driverAPI27g_registeredDriversCapacityE
 .data          0xffffffff801a1098        0x0 src/oboskrnl/CMakeFiles/oboskrnl.dir/syscalls/syscalls.cpp.obj
 *fill*         0xffffffff801a1098        0x8 
 .data          0xffffffff801a10a0      0xc2c src/oboskrnl/CMakeFiles/oboskrnl.dir/external/amalgamated-dist/Zydis.c.obj
 .data          0xffffffff801a1ccc        0x0 src/oboskrnl/CMakeFiles/oboskrnl.dir/descriptors/gdt/gdt.cpp.obj
 .data          0xffffffff801a1ccc        0x0 src/oboskrnl/CMakeFiles/oboskrnl.dir/error.cpp.obj
 .data          0xffffffff801a1ccc        0x0 src/oboskrnl/CMakeFiles/oboskrnl.dir/driver_api/driver_interface.cpp.obj
 .data          0xffffffff801a1ccc        0x0 src/oboskrnl/CMakeFiles/oboskrnl.dir/driver_api/load/module.cpp.obj

.got            0xffffffff801a1cd0        0x0 load address 0x00000000001a1cd0
 .got           0xffffffff801a1cd0        0x0 src/oboskrnl/CMakeFiles/oboskrnl.dir/boot/x86-64/kernel_bootstrap.asm.obj

.got.plt        0xffffffff801a1cd0        0x0 load address 0x00000000001a1cd0
 .got.plt       0xffffffff801a1cd0        0x0 src/oboskrnl/CMakeFiles/oboskrnl.dir/boot/x86-64/kernel_bootstrap.asm.obj

.igot.plt       0xffffffff801a1cd0        0x0 load address 0x00000000001a1cd0
 .igot.plt      0xffffffff801a1cd0        0x0 src/oboskrnl/CMakeFiles/oboskrnl.dir/boot/x86-64/kernel_bootstrap.asm.obj

.eh_frame       0xffffffff801a1cd0     0x7df4 load address 0x00000000001a1cd0
 .eh_frame      0xffffffff801a1cd0       0xc0 src/oboskrnl/CMakeFiles/oboskrnl.dir/descriptors/idt/x86-64/idt.cpp.obj
 .eh_frame      0xffffffff801a1d90      0x1d8 src/oboskrnl/CMakeFiles/oboskrnl.dir/x86-64/exception_handlers.cpp.obj
                                        0x1f0 (size before relaxing)
 .eh_frame      0xffffffff801a1f68      0x380 src/oboskrnl/CMakeFiles/oboskrnl.dir/memory_manager/paging/x86-64/init.cpp.obj
                                        0x398 (size before relaxing)
 .eh_frame      0xffffffff801a22e8      0x238 src/oboskrnl/CMakeFiles/oboskrnl.dir/memory_manager/paging/x86-64/allocate.cpp.obj
                                        0x288 (size before relaxing)
 .eh_frame      0xffffffff801a2520      0x120 src/oboskrnl/CMakeFiles/oboskrnl.dir/memory_manager/x86-64/physical.cpp.obj
                                        0x138 (size before relaxing)
 .eh_frame      0xffffffff801a2640      0x338 src/oboskrnl/CMakeFiles/oboskrnl.dir/boot/kmain.cpp.obj
                                        0x350 (size before relaxing)
 .eh_frame      0xffffffff801a2978      0x440 src/oboskrnl/CMakeFiles/oboskrnl.dir/console.cpp.obj
                                        0x458 (size before relaxing)
 .eh_frame      0xffffffff801a2db8      0x508 src/oboskrnl/CMakeFiles/oboskrnl.dir/klog.cpp.obj
                                        0x520 (size before relaxing)
 .eh_frame      0xffffffff801a32c0      0x2a0 src/oboskrnl/CMakeFiles/oboskrnl.dir/inline-asm.cpp.obj
                                        0x2b8 (size before relaxing)
 .eh_frame      0xffffffff801a3560      0x4d0 src/oboskrnl/CMakeFiles/oboskrnl.dir/utils/bitfields.cpp.obj
                                        0x4e8 (size before relaxing)
 .eh_frame      0xffffffff801a3a30      0x3b8 src/oboskrnl/CMakeFiles/oboskrnl.dir/descriptors/idt/pic.cpp.obj
                                        0x3d0 (size before relaxing)
 .eh_frame      0xffffffff801a3de8       0xe0 src/oboskrnl/CMakeFiles/oboskrnl.dir/external/list/list_iterator.c.obj
                                         0xf8 (size before relaxing)
 .eh_frame      0xffffffff801a3ec8      0x120 src/oboskrnl/CMakeFiles/oboskrnl.dir/utils/memory.cpp.obj
                                        0x138 (size before relaxing)
 .eh_frame      0xffffffff801a3fe8      0x310 src/oboskrnl/CMakeFiles/oboskrnl.dir/memory_manager/paging/liballoc_hooks.cpp.obj
                                        0x328 (size before relaxing)
 .eh_frame      0xffffffff801a42f8      0x360 src/oboskrnl/CMakeFiles/oboskrnl.dir/memory_manager/liballoc/liballoc.cpp.obj
                                        0x378 (size before relaxing)
 .eh_frame      0xffffffff801a4658      0x908 src/oboskrnl/CMakeFiles/oboskrnl.dir/multitasking/threadHandle.cpp.obj
                                        0xa00 (size before relaxing)
 .eh_frame      0xffffffff801a4f60       0x38 src/oboskrnl/CMakeFiles/oboskrnl.dir/external/list/list_node.c.obj
                                         0x50 (size before relaxing)
 .eh_frame      0xffffffff801a4f98      0x1f8 src/oboskrnl/CMakeFiles/oboskrnl.dir/external/list/list.c.obj
                                        0x210 (size before relaxing)
 .eh_frame      0xffffffff801a5190      0x370 src/oboskrnl/CMakeFiles/oboskrnl.dir/multitasking/multitasking.cpp.obj
                                        0x510 (size before relaxing)
 .eh_frame      0xffffffff801a5500       0xa8 src/oboskrnl/CMakeFiles/oboskrnl.dir/elf/elf.cpp.obj
                                         0xc0 (size before relaxing)
 .eh_frame      0xffffffff801a55a8       0x70 src/oboskrnl/CMakeFiles/oboskrnl.dir/multitasking/thread.cpp.obj
                                        0x1a0 (size before relaxing)
 .eh_frame      0xffffffff801a5618       0xe0 src/oboskrnl/CMakeFiles/oboskrnl.dir/multitasking/mutex/mutex.cpp.obj
                                         0xf8 (size before relaxing)
 .eh_frame      0xffffffff801a56f8      0x2e8 src/oboskrnl/CMakeFiles/oboskrnl.dir/multitasking/mutex/mutexHandle.cpp.obj
                                        0x3e0 (size before relaxing)
 .eh_frame      0xffffffff801a59e0      0x260 src/oboskrnl/CMakeFiles/oboskrnl.dir/process/process.cpp.obj
                                        0x518 (size before relaxing)
 .eh_frame      0xffffffff801a5c40       0xe0 src/oboskrnl/CMakeFiles/oboskrnl.dir/driver_api/interrupts.cpp.obj
                                         0xf8 (size before relaxing)
 .eh_frame      0xffffffff801a5d20      0x2f8 src/oboskrnl/CMakeFiles/oboskrnl.dir/driver_api/syscalls.cpp.obj
                                        0x380 (size before relaxing)
 .eh_frame      0xffffffff801a6018      0x9d8 src/oboskrnl/CMakeFiles/oboskrnl.dir/syscalls/syscalls.cpp.obj
                                        0x9f0 (size before relaxing)
 .eh_frame      0xffffffff801a69f0     0x2a98 src/oboskrnl/CMakeFiles/oboskrnl.dir/external/amalgamated-dist/Zydis.c.obj
                                       0x2ab0 (size before relaxing)
 .eh_frame      0xffffffff801a9488       0x70 src/oboskrnl/CMakeFiles/oboskrnl.dir/descriptors/gdt/gdt.cpp.obj
                                         0x88 (size before relaxing)
 .eh_frame      0xffffffff801a94f8       0x70 src/oboskrnl/CMakeFiles/oboskrnl.dir/error.cpp.obj
                                         0x88 (size before relaxing)
 .eh_frame      0xffffffff801a9568      0x4b0 src/oboskrnl/CMakeFiles/oboskrnl.dir/driver_api/driver_interface.cpp.obj
                                        0x4c8 (size before relaxing)
 .eh_frame      0xffffffff801a9a18       0xac src/oboskrnl/CMakeFiles/oboskrnl.dir/driver_api/load/module.cpp.obj
                                        0x170 (size before relaxing)

.ctors          0xffffffff801a9ac8       0x18 load address 0x00000000001a9ac8
 .ctors         0xffffffff801a9ac8        0x8 src/oboskrnl/CMakeFiles/oboskrnl.dir/memory_manager/paging/x86-64/init.cpp.obj
 .ctors         0xffffffff801a9ad0        0x8 src/oboskrnl/CMakeFiles/oboskrnl.dir/console.cpp.obj
 .ctors         0xffffffff801a9ad8        0x8 src/oboskrnl/CMakeFiles/oboskrnl.dir/memory_manager/liballoc/liballoc.cpp.obj

.bss            0xffffffff801aa000    0x139ac load address 0x00000000001aa000
 *(COMMON)
 *(.bss)
 .bss           0xffffffff801aa000     0x1820 src/oboskrnl/CMakeFiles/oboskrnl.dir/descriptors/idt/x86-64/idt.cpp.obj
                0xffffffff801aa000                _ZN4obos19g_interruptHandlersE
 .bss           0xffffffff801ab820        0x0 src/oboskrnl/CMakeFiles/oboskrnl.dir/x86-64/exception_handlers.cpp.obj
 .bss           0xffffffff801ab820       0x28 src/oboskrnl/CMakeFiles/oboskrnl.dir/memory_manager/paging/x86-64/init.cpp.obj
                0xffffffff801ab820                _ZN4obos6memory15g_level4PageMapE
                0xffffffff801ab830                _ZN4obos6memory15g_kernelPageMapE
                0xffffffff801ab840                _ZN4obos6memory10g_zeroPageE
 *fill*         0xffffffff801ab848      0x7b8 
 .bss           0xffffffff801ac000     0x2000 src/oboskrnl/CMakeFiles/oboskrnl.dir/memory_manager/paging/x86-64/allocate.cpp.obj
                0xffffffff801ac000                _ZN4obos6memory27g_pageTableMapPageDirectoryE
 .bss           0xffffffff801ae000       0x28 src/oboskrnl/CMakeFiles/oboskrnl.dir/memory_manager/x86-64/physical.cpp.obj
                0xffffffff801ae000                _ZN4obos6memory24g_physicalMemoryBitfieldE
                0xffffffff801ae008                _ZN4obos6memory14g_sizeOfMemoryE
                0xffffffff801ae010                _ZN4obos6memory17g_nPagesAllocatedE
                0xffffffff801ae018                _ZN4obos6memory15g_bitfieldCountE
                0xffffffff801ae020                _ZN4obos6memory12g_mmapLengthE
 *fill*         0xffffffff801ae028       0x18 
 .bss           0xffffffff801ae040     0x19b9 src/oboskrnl/CMakeFiles/oboskrnl.dir/boot/kmain.cpp.obj
                0xffffffff801ae040                _ZN4obos15g_multibootInfoE
                0xffffffff801ae048                _ZN4obos15g_kernelProcessE
                0xffffffff801ae060                __atexitFuncs
                0xffffffff801af860                __atexitFuncCount
 *fill*         0xffffffff801af9f9        0x7 
 .bss           0xffffffff801afa00       0x81 src/oboskrnl/CMakeFiles/oboskrnl.dir/console.cpp.obj
                0xffffffff801afa00                _ZN4obos17s_foregroundColorE
                0xffffffff801afa04                _ZN4obos17s_backgroundColorE
                0xffffffff801afa08                _ZN4obos16s_terminalColumnE
                0xffffffff801afa0c                _ZN4obos13s_terminalRowE
                0xffffffff801afa10                _ZN4obos20s_reachedEndTerminalE
                0xffffffff801afa18                _ZN4obos13s_framebufferE
                0xffffffff801afa20                _ZN4obos12s_backbufferE
                0xffffffff801afa28                _ZN4obos18s_framebufferWidthE
                0xffffffff801afa30                _ZN4obos19s_framebufferHeightE
                0xffffffff801afa38                _ZN4obos16s_nCharsVerticalE
                0xffffffff801afa40                _ZN4obos18s_nCharsHorizontalE
                0xffffffff801afa48                _ZN4obos4fontE
 .bss           0xffffffff801afa81        0x0 src/oboskrnl/CMakeFiles/oboskrnl.dir/klog.cpp.obj
 *fill*         0xffffffff801afa81        0x3 
 .bss           0xffffffff801afa84        0x8 src/oboskrnl/CMakeFiles/oboskrnl.dir/inline-asm.cpp.obj
                0xffffffff801afa84                inKernelSection
                0xffffffff801afa88                _ZN4obos11countCalledE
 .bss           0xffffffff801afa8c        0x0 src/oboskrnl/CMakeFiles/oboskrnl.dir/utils/bitfields.cpp.obj
 .bss           0xffffffff801afa8c        0x0 src/oboskrnl/CMakeFiles/oboskrnl.dir/descriptors/idt/pic.cpp.obj
 .bss           0xffffffff801afa8c        0x0 src/oboskrnl/CMakeFiles/oboskrnl.dir/external/list/list_iterator.c.obj
 .bss           0xffffffff801afa8c        0x0 src/oboskrnl/CMakeFiles/oboskrnl.dir/utils/memory.cpp.obj
 *fill*         0xffffffff801afa8c        0x4 
 .bss           0xffffffff801afa90        0x8 src/oboskrnl/CMakeFiles/oboskrnl.dir/memory_manager/paging/liballoc_hooks.cpp.obj
                0xffffffff801afa90                _ZN4obos25g_nLiballocPagesAllocatedE
 .bss           0xffffffff801afa98       0x28 src/oboskrnl/CMakeFiles/oboskrnl.dir/memory_manager/liballoc/liballoc.cpp.obj
                0xffffffff801afa98                pageBlockHead
                0xffffffff801afaa0                pageBlockTail
                0xffffffff801afaa8                nPageBlocks
                0xffffffff801afab0                totalPagesAllocated
 .bss           0xffffffff801afac0     0x2000 src/oboskrnl/CMakeFiles/oboskrnl.dir/multitasking/threadHandle.cpp.obj
 .bss           0xffffffff801b1ac0        0x0 src/oboskrnl/CMakeFiles/oboskrnl.dir/external/list/list_node.c.obj
 .bss           0xffffffff801b1ac0        0x0 src/oboskrnl/CMakeFiles/oboskrnl.dir/external/list/list.c.obj
 *fill*         0xffffffff801b1ac0      0x540 
 .bss           0xffffffff801b2000     0x2000 src/oboskrnl/CMakeFiles/oboskrnl.dir/multitasking/multitasking.cpp.obj
                0xffffffff801b2000                _ZN4obos12multitasking9g_threadsE
                0xffffffff801b2020                _ZN4obos12multitasking20g_threadPriorityListE
                0xffffffff801b2040                _ZN4obos12multitasking15g_currentThreadE
                0xffffffff801b2048                _ZN4obos12multitasking13g_initializedE
                0xffffffff801b2050                _ZN4obos12multitasking16g_schedulerMutexE
 .bss           0xffffffff801b4000        0x0 src/oboskrnl/CMakeFiles/oboskrnl.dir/elf/elf.cpp.obj
 .bss           0xffffffff801b4000        0x0 src/oboskrnl/CMakeFiles/oboskrnl.dir/multitasking/thread.cpp.obj
 .bss           0xffffffff801b4000        0x0 src/oboskrnl/CMakeFiles/oboskrnl.dir/multitasking/mutex/mutex.cpp.obj
 .bss           0xffffffff801b4000        0x0 src/oboskrnl/CMakeFiles/oboskrnl.dir/multitasking/mutex/mutexHandle.cpp.obj
 .bss           0xffffffff801b4000       0x1c src/oboskrnl/CMakeFiles/oboskrnl.dir/process/process.cpp.obj
                0xffffffff801b4000                _ZN4obos7process15g_nextProcessIdE
                0xffffffff801b4008                _ZN4obos7process13g_processListE
                0xffffffff801b4010                _ZN4obos7process18ProcEntryPointBaseE
 *fill*         0xffffffff801b401c        0x4 
 .bss           0xffffffff801b4020      0x800 src/oboskrnl/CMakeFiles/oboskrnl.dir/driver_api/interrupts.cpp.obj
                0xffffffff801b4020                _ZN4obos9driverAPI14g_syscallTableE
 .bss           0xffffffff801b4820      0x120 src/oboskrnl/CMakeFiles/oboskrnl.dir/driver_api/syscalls.cpp.obj
                0xffffffff801b4820                _ZN4obos9driverAPI19g_registeredDriversE
 .bss           0xffffffff801b4940     0x1000 src/oboskrnl/CMakeFiles/oboskrnl.dir/syscalls/syscalls.cpp.obj
                0xffffffff801b4940                _ZN4obos7process14g_syscallTableE
 .bss           0xffffffff801b5940        0x0 src/oboskrnl/CMakeFiles/oboskrnl.dir/external/amalgamated-dist/Zydis.c.obj
 .bss           0xffffffff801b5940       0x68 src/oboskrnl/CMakeFiles/oboskrnl.dir/descriptors/gdt/gdt.cpp.obj
                0xffffffff801b5940                _ZN4obos10s_tssEntryE
 .bss           0xffffffff801b59a8        0x4 src/oboskrnl/CMakeFiles/oboskrnl.dir/error.cpp.obj
 .bss           0xffffffff801b59ac        0x0 src/oboskrnl/CMakeFiles/oboskrnl.dir/driver_api/driver_interface.cpp.obj
 .bss           0xffffffff801b59ac        0x0 src/oboskrnl/CMakeFiles/oboskrnl.dir/driver_api/load/module.cpp.obj
 *(.bootstrap_stack)
 .bootstrap_stack
                0xffffffff801b59ac     0x8000 src/oboskrnl/CMakeFiles/oboskrnl.dir/boot/x86-64/kernel_bootstrap.asm.obj
                0xffffffff801b59ac                _ZN4obos12stack_bottomE
                0xffffffff801b99ac                _ZN4obos9stack_topE
                0xffffffff801b99ac                _ZN4obos15thrstack_bottomE
                0xffffffff801bd9ac                _ZN4obos12thrstack_topE
                0xffffffff801bd9ac                _kernel_end = .
                0x0000000000400000                _ZN4obos6memory8endImageE = 0x400000
                0xffffffff80000000                _ZN4obos11kernelStartE = 0xffffffff80000000
                0xffffffffffffffff                _ZN4obos6memory9endKernelE = 0xffffffffffffffff
OUTPUT(/mnt/c/Code/obos/out/oboskrnl elf64-x86-64)

.debug_aranges  0x0000000000000000      0xd30
 .debug_aranges
                0x0000000000000000       0x30 src/oboskrnl/CMakeFiles/oboskrnl.dir/boot/x86-64/kernel_bootstrap.asm.obj
 .debug_aranges
                0x0000000000000030       0x30 src/oboskrnl/CMakeFiles/oboskrnl.dir/x86-64/inline-asm.asm.obj
 .debug_aranges
                0x0000000000000060       0x30 src/oboskrnl/CMakeFiles/oboskrnl.dir/descriptors/idt/x86-64/handlers.asm.obj
 .debug_aranges
                0x0000000000000090       0x30 src/oboskrnl/CMakeFiles/oboskrnl.dir/descriptors/idt/x86-64/idt.asm.obj
 .debug_aranges
                0x00000000000000c0       0x30 src/oboskrnl/CMakeFiles/oboskrnl.dir/utils/memcpy_x86-64.asm.obj
 .debug_aranges
                0x00000000000000f0       0x30 src/oboskrnl/CMakeFiles/oboskrnl.dir/memory_manager/paging/x86-64/init.asm.obj
 .debug_aranges
                0x0000000000000120       0x30 src/oboskrnl/CMakeFiles/oboskrnl.dir/multitasking/multitasking_x86-64.asm.obj
 .debug_aranges
                0x0000000000000150       0x30 src/oboskrnl/CMakeFiles/oboskrnl.dir/driver_api/interrupts.asm.obj
 .debug_aranges
                0x0000000000000180       0x30 src/oboskrnl/CMakeFiles/oboskrnl.dir/syscalls/interrupts.asm.obj
 .debug_aranges
                0x00000000000001b0       0x30 src/oboskrnl/CMakeFiles/oboskrnl.dir/descriptors/gdt/gdt_x86-64.asm.obj
 .debug_aranges
                0x00000000000001e0       0x30 src/oboskrnl/CMakeFiles/oboskrnl.dir/driver_api/x86_64/dInterrupts.asm.obj
 .debug_aranges
                0x0000000000000210       0x30 src/oboskrnl/CMakeFiles/oboskrnl.dir/vfs/x86_64/driverCall.asm.obj
 .debug_aranges
                0x0000000000000240       0x30 src/oboskrnl/CMakeFiles/oboskrnl.dir/descriptors/idt/x86-64/idt.cpp.obj
 .debug_aranges
                0x0000000000000270       0x70 src/oboskrnl/CMakeFiles/oboskrnl.dir/x86-64/exception_handlers.cpp.obj
 .debug_aranges
                0x00000000000002e0       0x40 src/oboskrnl/CMakeFiles/oboskrnl.dir/memory_manager/paging/x86-64/init.cpp.obj
 .debug_aranges
                0x0000000000000320       0x50 src/oboskrnl/CMakeFiles/oboskrnl.dir/memory_manager/paging/x86-64/allocate.cpp.obj
 .debug_aranges
                0x0000000000000370       0x30 src/oboskrnl/CMakeFiles/oboskrnl.dir/memory_manager/x86-64/physical.cpp.obj
 .debug_aranges
                0x00000000000003a0       0x60 src/oboskrnl/CMakeFiles/oboskrnl.dir/boot/kmain.cpp.obj
 .debug_aranges
                0x0000000000000400       0x30 src/oboskrnl/CMakeFiles/oboskrnl.dir/console.cpp.obj
 .debug_aranges
                0x0000000000000430       0x30 src/oboskrnl/CMakeFiles/oboskrnl.dir/klog.cpp.obj
 .debug_aranges
                0x0000000000000460       0x30 src/oboskrnl/CMakeFiles/oboskrnl.dir/inline-asm.cpp.obj
 .debug_aranges
                0x0000000000000490       0x30 src/oboskrnl/CMakeFiles/oboskrnl.dir/utils/bitfields.cpp.obj
 .debug_aranges
                0x00000000000004c0       0x30 src/oboskrnl/CMakeFiles/oboskrnl.dir/descriptors/idt/pic.cpp.obj
 .debug_aranges
                0x00000000000004f0       0x30 src/oboskrnl/CMakeFiles/oboskrnl.dir/external/list/list_iterator.c.obj
 .debug_aranges
                0x0000000000000520       0x30 src/oboskrnl/CMakeFiles/oboskrnl.dir/utils/memory.cpp.obj
 .debug_aranges
                0x0000000000000550       0x30 src/oboskrnl/CMakeFiles/oboskrnl.dir/memory_manager/paging/liballoc_hooks.cpp.obj
 .debug_aranges
                0x0000000000000580       0x90 src/oboskrnl/CMakeFiles/oboskrnl.dir/memory_manager/liballoc/liballoc.cpp.obj
 .debug_aranges
                0x0000000000000610      0x100 src/oboskrnl/CMakeFiles/oboskrnl.dir/multitasking/threadHandle.cpp.obj
 .debug_aranges
                0x0000000000000710       0x30 src/oboskrnl/CMakeFiles/oboskrnl.dir/external/list/list_node.c.obj
 .debug_aranges
                0x0000000000000740       0x30 src/oboskrnl/CMakeFiles/oboskrnl.dir/external/list/list.c.obj
 .debug_aranges
                0x0000000000000770      0x100 src/oboskrnl/CMakeFiles/oboskrnl.dir/multitasking/multitasking.cpp.obj
 .debug_aranges
                0x0000000000000870       0x30 src/oboskrnl/CMakeFiles/oboskrnl.dir/elf/elf.cpp.obj
 .debug_aranges
                0x00000000000008a0       0x80 src/oboskrnl/CMakeFiles/oboskrnl.dir/multitasking/thread.cpp.obj
 .debug_aranges
                0x0000000000000920       0x30 src/oboskrnl/CMakeFiles/oboskrnl.dir/multitasking/mutex/mutex.cpp.obj
 .debug_aranges