
Discarded input sections

 .gnu.linkonce.t._ZN4obos6memory7PageMap21computeIndexAtAddressEyh
                0x0000000000000000       0x31 src/oboskrnl/CMakeFiles/oboskrnl.dir/memory_manager/paging/x86-64/allocate.cpp.obj
 .gnu.linkonce.t._ZN4obos6Handle7getTypeEv
                0x0000000000000000       0x13 src/oboskrnl/CMakeFiles/oboskrnl.dir/multitasking/threadHandle.cpp.obj
 .gnu.linkonce.t._ZN4obos6HandleD2Ev
                0x0000000000000000       0x1d src/oboskrnl/CMakeFiles/oboskrnl.dir/multitasking/threadHandle.cpp.obj
 .gnu.linkonce.t._ZN4obos12multitasking12ThreadHandleD1Ev
                0x0000000000000000       0x35 src/oboskrnl/CMakeFiles/oboskrnl.dir/multitasking/threadHandle.cpp.obj
 .gnu.linkonce.r._ZTVN4obos6HandleE
                0x0000000000000000       0x38 src/oboskrnl/CMakeFiles/oboskrnl.dir/multitasking/threadHandle.cpp.obj
 .gnu.linkonce.t._ZN4obos12multitasking6ThreadD1Ev
                0x0000000000000000       0x53 src/oboskrnl/CMakeFiles/oboskrnl.dir/multitasking/multitasking.cpp.obj
 .gnu.linkonce.t._ZN4obos12multitasking6ThreadD0Ev
                0x0000000000000000       0x2b src/oboskrnl/CMakeFiles/oboskrnl.dir/multitasking/multitasking.cpp.obj
 .gnu.linkonce.t._ZN4obos12multitasking6ThreadC1Ev
                0x0000000000000000       0xe0 src/oboskrnl/CMakeFiles/oboskrnl.dir/multitasking/multitasking.cpp.obj
 .gnu.linkonce.r._ZTVN4obos12multitasking6ThreadE
                0x0000000000000000       0x20 src/oboskrnl/CMakeFiles/oboskrnl.dir/multitasking/multitasking.cpp.obj
 .gnu.linkonce.t._ZN4obos12multitasking6ThreadD1Ev
                0x0000000000000000       0x53 src/oboskrnl/CMakeFiles/oboskrnl.dir/multitasking/thread.cpp.obj
 .gnu.linkonce.t._ZN4obos12multitasking6ThreadD0Ev
                0x0000000000000000       0x2b src/oboskrnl/CMakeFiles/oboskrnl.dir/multitasking/thread.cpp.obj
 .gnu.linkonce.r._ZTVN4obos12multitasking6ThreadE
                0x0000000000000000       0x20 src/oboskrnl/CMakeFiles/oboskrnl.dir/multitasking/thread.cpp.obj
 .gnu.linkonce.t._ZN4obos6Handle7getTypeEv
                0x0000000000000000       0x13 src/oboskrnl/CMakeFiles/oboskrnl.dir/multitasking/mutex/mutexHandle.cpp.obj
 .gnu.linkonce.t._ZN4obos6Handle13getReferencesEv
                0x0000000000000000       0x1a src/oboskrnl/CMakeFiles/oboskrnl.dir/multitasking/mutex/mutexHandle.cpp.obj
 .gnu.linkonce.t._ZN4obos6HandleD2Ev
                0x0000000000000000       0x1d src/oboskrnl/CMakeFiles/oboskrnl.dir/multitasking/mutex/mutexHandle.cpp.obj
 .gnu.linkonce.t._ZN4obos6HandleC2Ev
                0x0000000000000000       0x41 src/oboskrnl/CMakeFiles/oboskrnl.dir/multitasking/mutex/mutexHandle.cpp.obj
 .gnu.linkonce.r._ZTVN4obos6HandleE
                0x0000000000000000       0x38 src/oboskrnl/CMakeFiles/oboskrnl.dir/multitasking/mutex/mutexHandle.cpp.obj
 .gnu.linkonce.t._ZNK4obos6memory7PageMap10getPageMapEv
                0x0000000000000000       0x15 src/oboskrnl/CMakeFiles/oboskrnl.dir/process/process.cpp.obj
 .gnu.linkonce.t._ZN4obos6memory7PageMap21computeIndexAtAddressEyh
                0x0000000000000000       0x31 src/oboskrnl/CMakeFiles/oboskrnl.dir/process/process.cpp.obj
 .gnu.linkonce.t._ZN4obos12multitasking6ThreadD1Ev
                0x0000000000000000       0x53 src/oboskrnl/CMakeFiles/oboskrnl.dir/process/process.cpp.obj
 .gnu.linkonce.t._ZN4obos12multitasking6ThreadD0Ev
                0x0000000000000000       0x2b src/oboskrnl/CMakeFiles/oboskrnl.dir/process/process.cpp.obj
 .gnu.linkonce.t._ZN4obos6Handle7getTypeEv
                0x0000000000000000       0x13 src/oboskrnl/CMakeFiles/oboskrnl.dir/process/process.cpp.obj
 .gnu.linkonce.t._ZN4obos6HandleD2Ev
                0x0000000000000000       0x1d src/oboskrnl/CMakeFiles/oboskrnl.dir/process/process.cpp.obj
 .gnu.linkonce.t._ZN4obos12multitasking12ThreadHandleD1Ev
                0x0000000000000000       0x35 src/oboskrnl/CMakeFiles/oboskrnl.dir/process/process.cpp.obj
 .gnu.linkonce.t._ZN4obos12multitasking12ThreadHandleD0Ev
                0x0000000000000000       0x2b src/oboskrnl/CMakeFiles/oboskrnl.dir/process/process.cpp.obj
 .gnu.linkonce.t._ZN4obos12multitasking6ThreadC1Ev
                0x0000000000000000       0xe0 src/oboskrnl/CMakeFiles/oboskrnl.dir/process/process.cpp.obj
 .gnu.linkonce.r._ZTVN4obos6HandleE
                0x0000000000000000       0x38 src/oboskrnl/CMakeFiles/oboskrnl.dir/process/process.cpp.obj
 .gnu.linkonce.r._ZTVN4obos12multitasking6ThreadE
                0x0000000000000000       0x20 src/oboskrnl/CMakeFiles/oboskrnl.dir/process/process.cpp.obj
 .gnu.linkonce.t._ZNK4obos6memory7PageMap10getPageMapEv
                0x0000000000000000       0x15 src/oboskrnl/CMakeFiles/oboskrnl.dir/driver_api/syscalls.cpp.obj
 .gnu.linkonce.t._ZN4obos6memory7PageMap21computeIndexAtAddressEyh
                0x0000000000000000       0x31 src/oboskrnl/CMakeFiles/oboskrnl.dir/driver_api/syscalls.cpp.obj

Memory Configuration

Name             Origin             Length             Attributes
*default*        0x0000000000000000 0xffffffffffffffff

Linker script and memory map

LOAD src/oboskrnl/CMakeFiles/oboskrnl.dir/boot/x86-64/kernel_bootstrap.asm.obj
LOAD src/oboskrnl/CMakeFiles/oboskrnl.dir/x86-64/inline-asm.asm.obj
LOAD src/oboskrnl/CMakeFiles/oboskrnl.dir/descriptors/idt/x86-64/handlers.asm.obj
LOAD src/oboskrnl/CMakeFiles/oboskrnl.dir/descriptors/idt/x86-64/idt.asm.obj
LOAD src/oboskrnl/CMakeFiles/oboskrnl.dir/utils/memcpy_x86-64.asm.obj
LOAD src/oboskrnl/CMakeFiles/oboskrnl.dir/memory_manager/paging/x86-64/init.asm.obj
LOAD src/oboskrnl/CMakeFiles/oboskrnl.dir/multitasking/multitasking_x86-64.asm.obj
LOAD src/oboskrnl/CMakeFiles/oboskrnl.dir/driver_api/interrupts.asm.obj
LOAD src/oboskrnl/CMakeFiles/oboskrnl.dir/syscalls/interrupts.asm.obj
LOAD src/oboskrnl/CMakeFiles/oboskrnl.dir/descriptors/gdt/gdt_x86-64.asm.obj
LOAD src/oboskrnl/CMakeFiles/oboskrnl.dir/driver_api/x86_64/dInterrupts.asm.obj
LOAD src/oboskrnl/CMakeFiles/oboskrnl.dir/descriptors/idt/x86-64/idt.cpp.obj
LOAD src/oboskrnl/CMakeFiles/oboskrnl.dir/x86-64/exception_handlers.cpp.obj
LOAD src/oboskrnl/CMakeFiles/oboskrnl.dir/memory_manager/paging/x86-64/init.cpp.obj
LOAD src/oboskrnl/CMakeFiles/oboskrnl.dir/memory_manager/paging/x86-64/allocate.cpp.obj
LOAD src/oboskrnl/CMakeFiles/oboskrnl.dir/memory_manager/x86-64/physical.cpp.obj
LOAD src/oboskrnl/CMakeFiles/oboskrnl.dir/boot/kmain.cpp.obj
LOAD src/oboskrnl/CMakeFiles/oboskrnl.dir/console.cpp.obj
LOAD src/oboskrnl/CMakeFiles/oboskrnl.dir/klog.cpp.obj
LOAD src/oboskrnl/CMakeFiles/oboskrnl.dir/inline-asm.cpp.obj
LOAD src/oboskrnl/CMakeFiles/oboskrnl.dir/utils/bitfields.cpp.obj
LOAD src/oboskrnl/CMakeFiles/oboskrnl.dir/descriptors/idt/pic.cpp.obj
LOAD src/oboskrnl/CMakeFiles/oboskrnl.dir/external/list/list_iterator.c.obj
LOAD src/oboskrnl/CMakeFiles/oboskrnl.dir/utils/memory.cpp.obj
LOAD src/oboskrnl/CMakeFiles/oboskrnl.dir/memory_manager/paging/liballoc_hooks.cpp.obj
LOAD src/oboskrnl/CMakeFiles/oboskrnl.dir/memory_manager/liballoc/liballoc.c.obj
LOAD src/oboskrnl/CMakeFiles/oboskrnl.dir/multitasking/threadHandle.cpp.obj
LOAD src/oboskrnl/CMakeFiles/oboskrnl.dir/external/list/list_node.c.obj
LOAD src/oboskrnl/CMakeFiles/oboskrnl.dir/external/list/list.c.obj
LOAD src/oboskrnl/CMakeFiles/oboskrnl.dir/multitasking/multitasking.cpp.obj
LOAD src/oboskrnl/CMakeFiles/oboskrnl.dir/elf/elf.cpp.obj
LOAD src/oboskrnl/CMakeFiles/oboskrnl.dir/multitasking/thread.cpp.obj
LOAD src/oboskrnl/CMakeFiles/oboskrnl.dir/multitasking/mutex/mutex.cpp.obj
LOAD src/oboskrnl/CMakeFiles/oboskrnl.dir/multitasking/mutex/mutexHandle.cpp.obj
LOAD src/oboskrnl/CMakeFiles/oboskrnl.dir/process/process.cpp.obj
LOAD src/oboskrnl/CMakeFiles/oboskrnl.dir/driver_api/interrupts.cpp.obj
LOAD src/oboskrnl/CMakeFiles/oboskrnl.dir/driver_api/syscalls.cpp.obj
LOAD src/oboskrnl/CMakeFiles/oboskrnl.dir/syscalls/syscalls.cpp.obj
LOAD src/oboskrnl/CMakeFiles/oboskrnl.dir/external/amalgamated-dist/Zydis.c.obj
LOAD src/oboskrnl/CMakeFiles/oboskrnl.dir/descriptors/gdt/gdt.cpp.obj
LOAD /home/omar/opt/cross/lib/gcc/x86_64-elf/11.4.0/libgcc.a
                0x0000000000100000                . = 0x100000
                0x0000000000100000                _kernel_start = .

.multiboot.data
                0x0000000000100000     0x8432
 *(.multiboot.data)
 .multiboot.data
                0x0000000000100000     0x8432 src/oboskrnl/CMakeFiles/oboskrnl.dir/boot/x86-64/kernel_bootstrap.asm.obj
                0x0000000000101000                boot_page_table1
                0x0000000000105000                boot_page_level3_map
                0x0000000000107000                boot_page_level4_map

.multiboot.text
                0x0000000000108432      0x114
 *(.multiboot.text)
 .multiboot.text
                0x0000000000108432      0x114 src/oboskrnl/CMakeFiles/oboskrnl.dir/boot/x86-64/kernel_bootstrap.asm.obj
                0x0000000000108446                _start
                0xffffffff80108546                . = (. + 0xffffffff80000000)

.text           0xffffffff80109000    0x27dca load address 0x0000000000109000
                0xffffffff80109000                _stext = .
 *(.text)
 .text          0xffffffff80109000       0x4b src/oboskrnl/CMakeFiles/oboskrnl.dir/boot/x86-64/kernel_bootstrap.asm.obj
                0xffffffff8010903e                _ZN4obos15RestartComputerEv
 *fill*         0xffffffff8010904b        0x5 
 .text          0xffffffff80109050       0x17 src/oboskrnl/CMakeFiles/oboskrnl.dir/x86-64/inline-asm.asm.obj
                0xffffffff80109050                _Z9getEflagsv
                0xffffffff80109058                _Z6getEIPv
                0xffffffff8010905b                getEBP
                0xffffffff8010905f                _ZN4obos6memory19GetPageFaultAddressEv
                0xffffffff80109063                _ZN4obos6memory8tlbFlushEy
 *fill*         0xffffffff80109067        0x9 
 .text          0xffffffff80109070      0x213 src/oboskrnl/CMakeFiles/oboskrnl.dir/descriptors/idt/x86-64/handlers.asm.obj
                0xffffffff80109070                isr0
                0xffffffff8010907a                isr1
                0xffffffff80109084                isr2
                0xffffffff8010908e                isr3
                0xffffffff80109098                isr4
                0xffffffff801090a2                isr5
                0xffffffff801090ac                isr6
                0xffffffff801090b6                isr7
                0xffffffff801090c0                isr8
                0xffffffff801090c8                isr9
                0xffffffff801090d2                isr10
                0xffffffff801090da                isr11
                0xffffffff801090e2                isr12
                0xffffffff801090ea                isr13
                0xffffffff801090f2                isr14
                0xffffffff801090fa                isr15
                0xffffffff80109104                isr16
                0xffffffff8010910e                isr17
                0xffffffff80109118                isr18
                0xffffffff80109122                isr19
                0xffffffff8010912c                isr20
                0xffffffff80109136                isr21
                0xffffffff8010913e                isr22
                0xffffffff80109148                isr23
                0xffffffff80109152                isr24
                0xffffffff8010915c                isr25
                0xffffffff80109166                isr26
                0xffffffff80109170                isr27
                0xffffffff8010917a                isr28
                0xffffffff80109184                isr29
                0xffffffff8010918c                isr30
                0xffffffff80109191                isr31
                0xffffffff80109198                isr32
                0xffffffff8010919f                isr33
                0xffffffff801091a6                isr34
                0xffffffff801091ad                isr35
                0xffffffff801091b4                isr36
                0xffffffff801091bb                isr37
                0xffffffff801091c2                isr38
                0xffffffff801091c9                isr39
                0xffffffff801091d0                isr40
                0xffffffff801091d7                isr41
                0xffffffff801091de                isr42
                0xffffffff801091e5                isr43
                0xffffffff801091ec                isr44
                0xffffffff801091f3                isr45
                0xffffffff801091fa                isr46
                0xffffffff80109201                isr47
                0xffffffff80109208                isr48
                0xffffffff8010920f                isr_common_stub
 *fill*         0xffffffff80109283        0xd 
 .text          0xffffffff80109290        0x4 src/oboskrnl/CMakeFiles/oboskrnl.dir/descriptors/idt/x86-64/idt.asm.obj
                0xffffffff80109290                _ZN4obos8idtFlushEy
 *fill*         0xffffffff80109294        0xc 
 .text          0xffffffff801092a0       0xd7 src/oboskrnl/CMakeFiles/oboskrnl.dir/utils/memcpy_x86-64.asm.obj
                0xffffffff801092a0                memcpy
                0xffffffff801092a0                _ZN4obos5utils6memcpyEPvPKvy
                0xffffffff801092d3                _ZN4obos5utils7memzeroEPvy
                0xffffffff801092ef                _ZN4obos5utils8dwMemsetEPjjy
                0xffffffff80109315                _ZN4obos5utils8dwMemcpyEPjPKjy
                0xffffffff80109344                memset
                0xffffffff80109344                _ZN4obos5utils6memsetEPvjj
                0xffffffff8010935f                _ZN4obos5utils6strlenEPKc
 *fill*         0xffffffff80109377        0x9 
 .text          0xffffffff80109380       0x1d src/oboskrnl/CMakeFiles/oboskrnl.dir/memory_manager/paging/x86-64/init.asm.obj
                0xffffffff80109380                _ZN4obos6memory25CPUSupportsExecuteDisableEv
 *fill*         0xffffffff8010939d        0x3 
 .text          0xffffffff801093a0       0xaa src/oboskrnl/CMakeFiles/oboskrnl.dir/multitasking/multitasking_x86-64.asm.obj
                0xffffffff801093a0                _ZN4obos12multitasking15switchToTaskAsmEv
                0xffffffff801093f5                _ZN4obos12multitasking20switchToUserModeTaskEv
 *fill*         0xffffffff8010944a        0x6 
 .text          0xffffffff80109450       0x14 src/oboskrnl/CMakeFiles/oboskrnl.dir/driver_api/interrupts.asm.obj
                0xffffffff80109450                isr80
 *fill*         0xffffffff80109464        0xc 
 .text          0xffffffff80109470       0xef src/oboskrnl/CMakeFiles/oboskrnl.dir/syscalls/interrupts.asm.obj
                0xffffffff80109470                isr64
 *fill*         0xffffffff8010955f        0x1 
 .text          0xffffffff80109560       0x3c src/oboskrnl/CMakeFiles/oboskrnl.dir/descriptors/gdt/gdt_x86-64.asm.obj
                0xffffffff80109560                _ZN4obos16InitializeGDTASMEv
 *fill*         0xffffffff8010959c        0x4 
 .text          0xffffffff801095a0       0x25 src/oboskrnl/CMakeFiles/oboskrnl.dir/driver_api/x86_64/dInterrupts.asm.obj
                0xffffffff801095a0                callDriverIrqHandler
 *fill*         0xffffffff801095c5        0x1 
 .text          0xffffffff801095c6      0xb06 src/oboskrnl/CMakeFiles/oboskrnl.dir/descriptors/idt/x86-64/idt.cpp.obj
                0xffffffff801095c6                _ZN4obos8IdtEntryC2Eythh
                0xffffffff801095c6                _ZN4obos8IdtEntryC1Eythh
                0xffffffff80109650                _ZN4obos13InitializeIdtEv
                0xffffffff8010a0a6                _ZN4obos24RegisterInterruptHandlerEhPFvPKNS_15interrupt_frameEE
 .text          0xffffffff8010a0cc      0xd23 src/oboskrnl/CMakeFiles/oboskrnl.dir/x86-64/exception_handlers.cpp.obj
                0xffffffff8010a0cc                _ZN4obos9pageFaultEPKNS_15interrupt_frameE
                0xffffffff8010a7c2                _ZN4obos21debugExceptionHandlerEPKNS_15interrupt_frameE
                0xffffffff8010ab0a                _ZN4obos23defaultExceptionHandlerEPKNS_15interrupt_frameE
 *fill*         0xffffffff8010adef        0x1 
 .text          0xffffffff8010adf0      0x3bc src/oboskrnl/CMakeFiles/oboskrnl.dir/memory_manager/paging/x86-64/init.cpp.obj
                0xffffffff8010adf0                _ZN4obos6memory7PageMapC2Ev
                0xffffffff8010adf0                _ZN4obos6memory7PageMapC1Ev
                0xffffffff8010ae36                _ZN4obos6memory7PageMapC1EPy
                0xffffffff8010ae36                _ZN4obos6memory7PageMapC2EPy
                0xffffffff8010ae64                _ZN4obos6memory7PageMap23getLevel3PageMapAddressEt
                0xffffffff8010ae96                _ZN4obos6memory7PageMap16getLevel3PageMapEt
                0xffffffff8010aed8                _ZN4obos6memory7PageMap16getPageDirectoryEtt
                0xffffffff8010af2c                _ZN4obos6memory7PageMap24getPageDirectoryRealtiveEtt
                0xffffffff8010af70                _ZN4obos6memory7PageMap12getPageTableEttt
                0xffffffff8010afca                _ZN4obos6memory7PageMap20getPageTableRealtiveEttt
                0xffffffff8010b014                _ZN4obos6memory7PageMap17getPageTableEntryEtttt
                0xffffffff8010b078                _ZN4obos6memory7PageMap21getRealPageTableEntryEtttt
                0xffffffff8010b0ce                _ZN4obos6memory7PageMap12switchToThisEv
                0xffffffff8010b0f2                _ZN4obos6memory7PageMapD2Ev
                0xffffffff8010b0f2                _ZN4obos6memory7PageMapD1Ev
                0xffffffff8010b11c                _ZN4obos6memory16InitializePagingEv
 .text          0xffffffff8010b1ac     0x11cd src/oboskrnl/CMakeFiles/oboskrnl.dir/memory_manager/paging/x86-64/allocate.cpp.obj
                0xffffffff8010b1ac                _ZN4obos6memory14kmap_pageTableEPv
                0xffffffff8010b2b1                _ZN4obos6memory24allocatePagingStructuresEyy
                0xffffffff8010b61f                _ZN4obos6memory12VirtualAllocEPvyyb
                0xffffffff8010b950                _ZN4obos6memory11VirtualFreeEPvy
                0xffffffff8010bbf6                _ZN4obos6memory17HasVirtualAddressEPKvyb
                0xffffffff8010beda                _ZN4obos6memory13MemoryProtectEPvyyb
                0xffffffff8010c225                _ZN4obos6memory13kmap_physicalEPvyS1_b
 .text          0xffffffff8010c379      0x54f src/oboskrnl/CMakeFiles/oboskrnl.dir/memory_manager/x86-64/physical.cpp.obj
                0xffffffff8010c4fb                _ZN4obos6memory31InitializePhysicalMemoryManagerEv
                0xffffffff8010c6f0                _ZN4obos6memory19kalloc_physicalPageEv
                0xffffffff8010c80c                _ZN4obos6memory18kfree_physicalPageEPv
 .text          0xffffffff8010c8c8     0x1235 src/oboskrnl/CMakeFiles/oboskrnl.dir/boot/kmain.cpp.obj
                0xffffffff8010c927                _ZN4obos5kmainEP14multiboot_infoj
                0xffffffff8010d0ef                _ZN4obos8kmainThrEv
                0xffffffff8010d90b                __cxa_pure_virtual
                0xffffffff8010d930                __cxa_atexit
                0xffffffff8010d9d7                __cxa_finalize
 .text          0xffffffff8010dafd      0xd8b src/oboskrnl/CMakeFiles/oboskrnl.dir/console.cpp.obj
                0xffffffff8010ddd5                _ZN4obos17InitializeConsoleEjj
                0xffffffff8010df6d                _ZN4obos15SetConsoleColorEjj
                0xffffffff8010dfd9                _ZN4obos15GetConsoleColorERjS0_
                0xffffffff8010e2c5                _ZN4obos13ConsoleOutputEPKcyb
                0xffffffff8010e357                _ZN4obos19ConsoleOutputStringEPKcb
                0xffffffff8010e3ed                _ZN4obos15ConsoleFillLineEcb
                0xffffffff8010e47c                _ZN4obos22ConsoleOutputCharacterEcb
                0xffffffff8010e4e2                _ZN4obos22ConsoleOutputCharacterEcjjb
                0xffffffff8010e584                _ZN4obos25SetTerminalCursorPositionEjj
                0xffffffff8010e5a7                _ZN4obos25GetTerminalCursorPositionERjS0_
                0xffffffff8010e76a                _ZN4obos12ClearConsoleEv
                0xffffffff8010e7ea                _ZN4obos11swapBuffersEv
 .text          0xffffffff8010e888     0x1822 src/oboskrnl/CMakeFiles/oboskrnl.dir/klog.cpp.obj
                0xffffffff8010e97e                _Z10strreversePci
                0xffffffff8010ea0b                _Z13itoa_unsignedyPci
                0xffffffff8010eae2                _ZN4obos22consoleOutputCharacterEhPv
                0xffffffff8010eb29                _ZN4obos8_vprintfEPFvhPvES0_PKcP13__va_list_tag
                0xffffffff8010f21c                _ZN4obos6printfEPKcz
                0xffffffff8010f334                _ZN4obos7sprintfEPcPKcz
                0xffffffff8010f40e                _ZN4obos7vprintfEPKcP13__va_list_tag
                0xffffffff8010f46a                _ZN4obos6kpanicEPvS0_PKcz
                0xffffffff8010f69f                _ZN4obos14printf_noFlushEPKcz
                0xffffffff8010f74d                _ZN4obos15printStackTraceEPvPKc
                0xffffffff8010f90a                _ZN4obos11disassembleEPvPKc
                0xffffffff8010fb2c                _ZN4obos7countToEPKcc
                0xffffffff8010fb9a                _ZN4obos7hex2binEPKcj
                0xffffffff8010fc84                _ZN4obos9addr2funcEPvRPcRy
                0xffffffff8010fe34                _ZN4obos9addr2fileEPvRPc
                0xffffffff8010ffb0                _ZN4obos4randEv
                0xffffffff8010ffe1                _ZN4obos5srandEj
                0xffffffff8011000d                _ZN4obos4poopEv
 .text          0xffffffff801100aa      0x85e src/oboskrnl/CMakeFiles/oboskrnl.dir/inline-asm.cpp.obj
                0xffffffff801100aa                _Z4outbth
                0xffffffff801100cb                _Z4outwtt
                0xffffffff801100ec                _Z3inbt
                0xffffffff8011010a                _Z3inwt
                0xffffffff8011012a                _Z7io_waitv
                0xffffffff80110140                _Z3cliv
                0xffffffff80110155                _Z3stiv
                0xffffffff8011016a                _Z3hltv
                0xffffffff80110172                _Z4_inth
                0xffffffff8011082e                _ZN4obos18EnterKernelSectionEv
                0xffffffff80110877                _ZN4obos18LeaveKernelSectionEv
                0xffffffff801108de                _ZN4obos12EnterSyscallEv
                0xffffffff801108f3                _ZN4obos11ExitSyscallEv
 .text          0xffffffff80110908      0x42e src/oboskrnl/CMakeFiles/oboskrnl.dir/utils/bitfields.cpp.obj
                0xffffffff80110926                _ZN4obos5utils12BitfieldBaseC2Ev
                0xffffffff80110926                _ZN4obos5utils12BitfieldBaseC1Ev
                0xffffffff8011094e                _ZN4obos5utils12BitfieldBase6setBitEj
                0xffffffff80110974                _ZN4obos5utils12BitfieldBase8clearBitEj
                0xffffffff8011099c                _ZNK4obos5utils12BitfieldBase6getBitEj
                0xffffffff801109be                _ZNK4obos5utils12BitfieldBaseixEj
                0xffffffff801109ec                _ZN4obos5utils12BitfieldBasecvjEv
                0xffffffff80110a02                _ZN4obos5utils12BitfieldBasecvbEv
                0xffffffff80110a1e                _ZN4obos5utils8BitfieldC2Ev
                0xffffffff80110a1e                _ZN4obos5utils8BitfieldC1Ev
                0xffffffff80110a48                _ZN4obos5utils8Bitfield6setBitEh
                0xffffffff80110a82                _ZN4obos5utils8Bitfield8clearBitEh
                0xffffffff80110abc                _ZNK4obos5utils8Bitfield6getBitEh
                0xffffffff80110b0e                _ZNK4obos5utils8BitfieldixEh
                0xffffffff80110b3e                _ZN4obos5utils8BitfieldcvbEv
                0xffffffff80110b58                _ZN4obos5utils15IntegerBitfieldC2Ev
                0xffffffff80110b58                _ZN4obos5utils15IntegerBitfieldC1Ev
                0xffffffff80110b82                _ZN4obos5utils15IntegerBitfieldC2Ej
                0xffffffff80110b82                _ZN4obos5utils15IntegerBitfieldC1Ej
                0xffffffff80110bb8                _ZN4obos5utils15IntegerBitfield11setBitfieldEj
                0xffffffff80110bd4                _ZN4obos5utils16setBitInBitfieldERjh
                0xffffffff80110c05                _ZN4obos5utils18clearBitInBitfieldERjh
                0xffffffff80110c38                _ZN4obos5utils17testBitInBitfieldEjh
                0xffffffff80110c85                _ZN4obos5utils16setBitInBitfieldERyh
                0xffffffff80110cbb                _ZN4obos5utils18clearBitInBitfieldERyh
                0xffffffff80110cf4                _ZN4obos5utils17testBitInBitfieldEyh
 .text          0xffffffff80110d36      0x4b4 src/oboskrnl/CMakeFiles/oboskrnl.dir/descriptors/idt/pic.cpp.obj
                0xffffffff80110d36                _ZN4obos3PicC2Ett
                0xffffffff80110d36                _ZN4obos3PicC1Ett
                0xffffffff80110d84                _ZN4obos3Pic8setPortsEtt
                0xffffffff80110dc0                _ZN4obos3Pic15sendCommandByteEh
                0xffffffff80110e02                _ZN4obos3Pic15sendCommandWordEt
                0xffffffff80110e44                _ZN4obos3Pic12sendDataByteEh
                0xffffffff80110e86                _ZN4obos3Pic12sendDataWordEt
                0xffffffff80110eca                _ZN4obos3Pic15recvCommandByteEv
                0xffffffff80110f00                _ZN4obos3Pic15recvCommandWordEv
                0xffffffff80110f36                _ZN4obos3Pic12recvDataByteEv
                0xffffffff80110f6e                _ZN4obos3Pic12recvDataWordEv
                0xffffffff80110fa6                _ZN4obos3Pic7sendEOIEv
                0xffffffff80110fc6                _ZN4obos3Pic5remapEhh
                0xffffffff80111028                _ZN4obos3Pic9enableIrqEh
                0xffffffff8011107e                _ZN4obos3Pic10disableIrqEh
                0xffffffff801110d4                _ZN4obos3Pic7disableEv
                0xffffffff801110f4                _ZN4obos3Pic15issuedInterruptEh
                0xffffffff80111142                _ZN4obos7SendEOIEh
 .text          0xffffffff801111ea       0xed src/oboskrnl/CMakeFiles/oboskrnl.dir/external/list/list_iterator.c.obj
                0xffffffff801111ea                list_iterator_new
                0xffffffff80111227                list_iterator_new_from_node
                0xffffffff8011126d                list_iterator_next
                0xffffffff801112b4                list_iterator_destroy
 .text          0xffffffff801112d7      0x237 src/oboskrnl/CMakeFiles/oboskrnl.dir/utils/memory.cpp.obj
                0xffffffff801112d7                memcmp
                0xffffffff80111304                _ZN4obos5utils6memcmpEPKvS2_y
                0xffffffff801113f9                _ZN4obos5utils6memchrEPvhy
                0xffffffff8011147b                _ZN4obos5utils6memchrEPKvhy
                0xffffffff801114a8                _ZN4obos5utils6strcmpEPKcS2_
 .text          0xffffffff8011150e      0x1b7 src/oboskrnl/CMakeFiles/oboskrnl.dir/memory_manager/paging/liballoc_hooks.cpp.obj
                0xffffffff8011150e                liballoc_alloc
                0xffffffff8011156a                liballoc_free
                0xffffffff801115a1                liballoc_lock
                0xffffffff801115b1                liballoc_unlock
                0xffffffff801115c1                _Znwm
                0xffffffff801115e0                _Znam
                0xffffffff801115ff                _ZdlPv
                0xffffffff8011161a                _ZdaPv
                0xffffffff80111635                _ZdlPvm
                0xffffffff80111654                _ZdaPvm
                0xffffffff80111673                _ZnwmPv
                0xffffffff80111689                _ZnamPv
                0xffffffff8011169f                _ZdlPvS_
                0xffffffff801116b2                _ZdaPvS_
 .text          0xffffffff801116c5      0xdcc src/oboskrnl/CMakeFiles/oboskrnl.dir/memory_manager/liballoc/liballoc.c.obj
                0xffffffff80111899                kmalloc
                0xffffffff80112035                kfree
                0xffffffff801122d0                kcalloc
                0xffffffff8011231e                krealloc
 *fill*         0xffffffff80112491        0x1 
 .text          0xffffffff80112492      0xf24 src/oboskrnl/CMakeFiles/oboskrnl.dir/multitasking/threadHandle.cpp.obj
                0xffffffff80112492                _ZN4obos12multitasking12ThreadHandleC1Ev
                0xffffffff80112492                _ZN4obos12multitasking12ThreadHandleC2Ev
                0xffffffff801124f8                _ZN4obos12multitasking12ThreadHandle12CreateThreadENS0_6Thread10priority_tEPFvPvES4_jy
                0xffffffff801125a4                _ZN4obos12multitasking12ThreadHandle10OpenThreadEj
                0xffffffff8011265c                _ZN4obos12multitasking12ThreadHandle10OpenThreadEPNS0_6ThreadE
                0xffffffff801126f2                _ZN4obos12multitasking12ThreadHandle11PauseThreadEb
                0xffffffff80112794                _ZN4obos12multitasking12ThreadHandle12ResumeThreadEv
                0xffffffff801127f2                _ZN4obos12multitasking12ThreadHandle17SetThreadPriorityENS0_6Thread10priority_tE
                0xffffffff801129ac                _ZN4obos12multitasking12ThreadHandle15SetThreadStatusEj
                0xffffffff80112a64                _ZN4obos12multitasking12ThreadHandle15TerminateThreadEj
                0xffffffff80112ba0                _ZN4obos12multitasking12ThreadHandle6GetTidEv
                0xffffffff80112bce                _ZN4obos12multitasking12ThreadHandle11GetExitCodeEv
                0xffffffff80112c2a                _ZN4obos12multitasking12ThreadHandle17GetThreadPriorityEv
                0xffffffff80112c6e                _ZN4obos12multitasking12ThreadHandle15GetThreadStatusEv
                0xffffffff80112d18                _ZN4obos12multitasking12ThreadHandle17WaitForThreadExitEv
                0xffffffff80112ece                _ZN4obos12multitasking12ThreadHandle25WaitForThreadStatusChangeEj
                0xffffffff80113012                _ZN4obos12multitasking12ThreadHandle9duplicateEv
                0xffffffff801130c6                _ZN4obos12multitasking12ThreadHandle11closeHandleEv
                0xffffffff8011327d                _ZN4obos12multitasking10ExitThreadEj
                0xffffffff80113331                _ZN4obos12multitasking19GetCurrentThreadTidEv
                0xffffffff80113354                _ZN4obos12multitasking24GetCurrentThreadPriorityEv
                0xffffffff80113364                _ZN4obos12multitasking22GetCurrentThreadStatusEv
                0xffffffff80113374                _ZN4obos12multitasking22GetCurrentThreadHandleEv
 .text          0xffffffff801133b6       0x51 src/oboskrnl/CMakeFiles/oboskrnl.dir/external/list/list_node.c.obj
                0xffffffff801133b6                list_node_new
 .text          0xffffffff80113407      0x58a src/oboskrnl/CMakeFiles/oboskrnl.dir/external/list/list.c.obj
                0xffffffff80113407                list_new
                0xffffffff8011346b                list_destroy
                0xffffffff801134ec                list_rpush
                0xffffffff8011359e                list_rpop
                0xffffffff80113642                list_lpop
                0xffffffff801136e1                list_lpush
                0xffffffff8011378f                list_find
                0xffffffff8011383f                list_at
                0xffffffff801138df                list_remove
 .text          0xffffffff80113991      0xa45 src/oboskrnl/CMakeFiles/oboskrnl.dir/multitasking/multitasking.cpp.obj
                0xffffffff80113991                _ZN4obos12multitasking10canRanTaskEPNS0_6ThreadE
                0xffffffff801139d0                _ZN4obos12multitasking12switchToTaskEPNS0_6ThreadE
                0xffffffff80113b67                _ZN4obos12multitasking11findNewTaskEPKNS_15interrupt_frameE
                0xffffffff801141db                _ZN4obos12multitasking22InitializeMultitaskingEv
 .text          0xffffffff801143d6      0x271 src/oboskrnl/CMakeFiles/oboskrnl.dir/elf/elf.cpp.obj
                0xffffffff80114585                _ZN4obos9elfLoader11LoadElfFileEPhyRyS2_
 *fill*         0xffffffff80114647        0x1 
 .text          0xffffffff80114648      0x41f src/oboskrnl/CMakeFiles/oboskrnl.dir/multitasking/thread.cpp.obj
                0xffffffff80114648                _ZN4obos12multitasking6ThreadC1ENS1_10priority_tEPFvPvES3_jy
                0xffffffff80114648                _ZN4obos12multitasking6ThreadC2ENS1_10priority_tEPFvPvES3_jy
                0xffffffff80114760                _ZN4obos12multitasking6Thread12CreateThreadENS1_10priority_tEPFvPvES3_jy
 *fill*         0xffffffff80114a67        0x1 
 .text          0xffffffff80114a68      0x18d src/oboskrnl/CMakeFiles/oboskrnl.dir/multitasking/mutex/mutex.cpp.obj
                0xffffffff80114a68                _ZN4obos12multitasking17MutexLockCallbackEPNS0_6ThreadEPv
                0xffffffff80114aa8                _ZN4obos12multitasking5Mutex4LockEb
                0xffffffff80114b7a                _ZN4obos12multitasking5Mutex6UnlockEv
                0xffffffff80114bcc                _ZN4obos12multitasking5MutexD2Ev
                0xffffffff80114bcc                _ZN4obos12multitasking5MutexD1Ev
 *fill*         0xffffffff80114bf5        0x1 
 .text          0xffffffff80114bf6      0x2b9 src/oboskrnl/CMakeFiles/oboskrnl.dir/multitasking/mutex/mutexHandle.cpp.obj
                0xffffffff80114bf6                _ZN4obos12multitasking11MutexHandleC2Ev
                0xffffffff80114bf6                _ZN4obos12multitasking11MutexHandleC1Ev
                0xffffffff80114c9e                _ZN4obos12multitasking11MutexHandle9duplicateEv
                0xffffffff80114d24                _ZN4obos12multitasking11MutexHandle11closeHandleEv
                0xffffffff80114dcc                _ZN4obos12multitasking11MutexHandle4LockEb
                0xffffffff80114e18                _ZN4obos12multitasking11MutexHandle6UnlockEv
                0xffffffff80114e4e                _ZN4obos12multitasking11MutexHandleD2Ev
                0xffffffff80114e4e                _ZN4obos12multitasking11MutexHandleD1Ev
                0xffffffff80114e84                _ZN4obos12multitasking11MutexHandleD0Ev
 *fill*         0xffffffff80114eaf        0x1 
 .text          0xffffffff80114eb0      0xc1f src/oboskrnl/CMakeFiles/oboskrnl.dir/process/process.cpp.obj
                0xffffffff80114eb0                _ZN4obos7process7ProcessC1Ev
                0xffffffff80114eb0                _ZN4obos7process7ProcessC2Ev
                0xffffffff80114f7d                _ZN4obos7process16DriverEntryPointEPv
                0xffffffff80115100                _ZN4obos7process7Process13CreateProcessEPhyPvb
                0xffffffff801156b6                _ZN4obos7process7Process16TerminateProcessEj
                0xffffffff80115942                _ZN4obos7process7Process15doContextSwitchEv
                0xffffffff80115960                _ZN4obos7process7Process21UncommitProcessMemoryEv
 .text          0xffffffff80115acf       0x8c src/oboskrnl/CMakeFiles/oboskrnl.dir/driver_api/interrupts.cpp.obj
                0xffffffff80115acf                _Z10do_nothingv
                0xffffffff80115ada                _ZN4obos9driverAPI20ResetSyscallHandlersEv
                0xffffffff80115b10                _ZN4obos9driverAPI22RegisterSyscallHandlerEhy
                0xffffffff80115b36                _ZN4obos9driverAPI24UnregisterSyscallHandlerEh
 .text          0xffffffff80115b5b      0xf6f src/oboskrnl/CMakeFiles/oboskrnl.dir/driver_api/syscalls.cpp.obj
                0xffffffff80115b5b                _ZN4obos9driverAPI16RegisterSyscallsEv
 .text          0xffffffff80116aca     0x1ad2 src/oboskrnl/CMakeFiles/oboskrnl.dir/syscalls/syscalls.cpp.obj
                0xffffffff80116b97                _ZN4obos7process16RegisterSyscallsEv
 .text          0xffffffff8011859c    0x18712 src/oboskrnl/CMakeFiles/oboskrnl.dir/external/amalgamated-dist/Zydis.c.obj
                0xffffffff8011aa41                ZydisDecodeOperands
                0xffffffff8011f9a5                ZydisDecoderInit
                0xffffffff8011fa39                ZydisDecoderEnableMode
                0xffffffff8011fa77                ZydisDecoderDecodeFull
                0xffffffff8011fba6                ZydisDecoderDecodeInstruction
                0xffffffff8011fd08                ZydisDecoderDecodeOperands
                0xffffffff8011fdb6                ZydisDecoderTreeGetChildNode
                0xffffffff801203c0                ZydisGetInstructionEncodingInfo
                0xffffffff801251e4                ZydisBuildRegisterOperand
                0xffffffff8012631c                ZydisEncoderEncodeInstruction
                0xffffffff80126381                ZydisEncoderEncodeInstructionAbsolute
                0xffffffff801269a8                ZydisEncoderDecodedInstructionToEncoderRequest
                0xffffffff80126f53                ZydisEncoderNopFill
                0xffffffff80126fd9                ZydisGetRelInfo
                0xffffffff8012708d                ZydisGetEncodableInstructions
                0xffffffff801277e7                ZydisFormatterBufferInit
                0xffffffff80127878                ZydisFormatterBufferInitTokenized
                0xffffffff80127937                ZydisFormatterInit
                0xffffffff80127980                ZydisFormatterSetProperty
                0xffffffff8012803b                ZydisFormatterSetHook
                0xffffffff80128106                ZydisFormatterFormatInstruction
                0xffffffff801282c6                ZydisFormatterFormatOperand
                0xffffffff80128570                ZydisFormatterTokenizeInstruction
                0xffffffff80128776                ZydisFormatterTokenizeOperand
                0xffffffff80128a69                ZydisFormatterATTFormatInstruction
                0xffffffff80129178                ZydisFormatterATTFormatOperandMEM
                0xffffffff80129634                ZydisFormatterATTPrintMnemonic
                0xffffffff801299a4                ZydisFormatterATTPrintRegister
                0xffffffff80129a6a                ZydisFormatterATTPrintAddressABS
                0xffffffff80129b0b                ZydisFormatterATTPrintDISP
                0xffffffff80129e73                ZydisFormatterATTPrintIMM
                0xffffffff80129ef6                ZydisFormatterHelperGetExplicitSize
                0xffffffff8012a0f0                ZydisFormatterBaseFormatOperandREG
                0xffffffff8012a12e                ZydisFormatterBaseFormatOperandPTR
                0xffffffff8012a509                ZydisFormatterBaseFormatOperandIMM
                0xffffffff8012a5c2                ZydisFormatterBasePrintAddressABS
                0xffffffff8012a813                ZydisFormatterBasePrintAddressREL
                0xffffffff8012ac21                ZydisFormatterBasePrintIMM
                0xffffffff8012b086                ZydisFormatterBasePrintSegment
                0xffffffff8012b270                ZydisFormatterBasePrintPrefixes
                0xffffffff8012c1f1                ZydisFormatterBasePrintDecorator
                0xffffffff8012d6e4                ZydisFormatterTokenGetValue
                0xffffffff8012d737                ZydisFormatterTokenNext
                0xffffffff8012d798                ZydisFormatterBufferGetToken
                0xffffffff8012d7ec                ZydisFormatterBufferGetString
                0xffffffff8012d84c                ZydisFormatterBufferAppend
                0xffffffff8012d970                ZydisFormatterBufferRemember
                0xffffffff8012d9ca                ZydisFormatterBufferRestore
                0xffffffff8012da8b                ZydisFormatterIntelFormatInstruction
                0xffffffff8012e19c                ZydisFormatterIntelFormatOperandMEM
                0xffffffff8012e674                ZydisFormatterIntelPrintMnemonic
                0xffffffff8012e820                ZydisFormatterIntelPrintRegister
                0xffffffff8012e902                ZydisFormatterIntelPrintDISP
                0xffffffff8012edd0                ZydisFormatterIntelPrintTypecast
                0xffffffff8012f22a                ZydisFormatterIntelFormatInstructionMASM
                0xffffffff8012f263                ZydisFormatterIntelPrintAddressMASM
                0xffffffff8012f4fc                ZydisCategoryGetString
                0xffffffff8012f521                ZydisISASetGetString
                0xffffffff8012f549                ZydisISAExtGetString
                0xffffffff8012f56e                ZydisMnemonicGetString
                0xffffffff8012f5a1                ZydisMnemonicGetStringWrapped
                0xffffffff8012f5d1                ZydisRegisterEncode
                0xffffffff8012f64f                ZydisRegisterGetId
                0xffffffff8012f685                ZydisRegisterGetClass
                0xffffffff8012f6ba                ZydisRegisterGetWidth
                0xffffffff8012f714                ZydisRegisterGetLargestEnclosing
                0xffffffff8012f812                ZydisRegisterGetString
                0xffffffff8012f845                ZydisRegisterGetStringWrapped
                0xffffffff8012f875                ZydisRegisterClassGetWidth
                0xffffffff8012f8cc                ZydisGetInstructionSegments
                0xffffffff8012fe8b                ZydisGetInstructionDefinition
                0xffffffff8012ff90                ZydisGetOperandDefinitions
                0xffffffff8012fff7                ZydisGetElementInfo
                0xffffffff8013002f                ZydisGetAccessedFlags
                0xffffffff801300a0                ZydisStringAppendDecU64
                0xffffffff80130286                ZydisStringAppendHexU64
                0xffffffff80130514                ZydisStringAppendDecU
                0xffffffff801305a3                ZydisStringAppendHexU
                0xffffffff8013063e                ZydisCalcAbsoluteAddress
                0xffffffff8013085a                ZydisCalcAbsoluteAddressEx
                0xffffffff801309b5                ZydisGetVersion
                0xffffffff801309c5                ZydisIsFeatureEnabled
                0xffffffff80130c2e                ZydisDisassembleIntel
                0xffffffff80130c6e                ZydisDisassembleATT
 .text          0xffffffff80130cae       0xf2 src/oboskrnl/CMakeFiles/oboskrnl.dir/descriptors/gdt/gdt.cpp.obj
                0xffffffff80130cae                _ZN4obos13InitializeGdtEv
                0xffffffff80130d86                _ZN4obos11SetTSSStackEPv
                0xffffffff80130da0                _glb_text_start = .
 *(.glb.text)
 .glb.text      0xffffffff80130da0       0x2a src/oboskrnl/CMakeFiles/oboskrnl.dir/process/process.cpp.obj
                0xffffffff80130da0                _ZN4obos7process14ProcEntryPointEPv
                0xffffffff80130dca                _glb_text_end = .

.iplt           0xffffffff80130dca        0x0 load address 0x0000000000130dca
 .iplt          0xffffffff80130dca        0x0 src/oboskrnl/CMakeFiles/oboskrnl.dir/boot/x86-64/kernel_bootstrap.asm.obj

.gnu.linkonce.t._ZN4obos6memory7PageMap21computeIndexAtAddressEyh
                0xffffffff80130dca       0x31 load address 0x0000000000130dca
 .gnu.linkonce.t._ZN4obos6memory7PageMap21computeIndexAtAddressEyh
                0xffffffff80130dca       0x31 src/oboskrnl/CMakeFiles/oboskrnl.dir/x86-64/exception_handlers.cpp.obj
                0xffffffff80130dca                _ZN4obos6memory7PageMap21computeIndexAtAddressEyh

.gnu.linkonce.t._ZNK4obos6memory7PageMap10getPageMapEv
                0xffffffff80130dfc       0x15 load address 0x0000000000130dfc
 .gnu.linkonce.t._ZNK4obos6memory7PageMap10getPageMapEv
                0xffffffff80130dfc       0x15 src/oboskrnl/CMakeFiles/oboskrnl.dir/memory_manager/paging/x86-64/allocate.cpp.obj
                0xffffffff80130dfc                _ZNK4obos6memory7PageMap10getPageMapEv

.gnu.linkonce.t._ZN4obos7process7Process14allocatedBlockC1Ev
                0xffffffff80130e12       0x26 load address 0x0000000000130e12
 .gnu.linkonce.t._ZN4obos7process7Process14allocatedBlockC1Ev
                0xffffffff80130e12       0x26 src/oboskrnl/CMakeFiles/oboskrnl.dir/memory_manager/paging/x86-64/allocate.cpp.obj
                0xffffffff80130e12                _ZN4obos7process7Process14allocatedBlockC1Ev

.gnu.linkonce.t._ZN4obos6Handle7getTypeEv
                0xffffffff80130e38       0x13 load address 0x0000000000130e38
 .gnu.linkonce.t._ZN4obos6Handle7getTypeEv
                0xffffffff80130e38       0x13 src/oboskrnl/CMakeFiles/oboskrnl.dir/boot/kmain.cpp.obj
                0xffffffff80130e38                _ZN4obos6Handle7getTypeEv

.gnu.linkonce.t._ZN4obos6HandleD2Ev
                0xffffffff80130e4c       0x1d load address 0x0000000000130e4c
 .gnu.linkonce.t._ZN4obos6HandleD2Ev
                0xffffffff80130e4c       0x1d src/oboskrnl/CMakeFiles/oboskrnl.dir/boot/kmain.cpp.obj
                0xffffffff80130e4c                _ZN4obos6HandleD2Ev

.gnu.linkonce.t._ZN4obos12multitasking12ThreadHandleD1Ev
                0xffffffff80130e6a       0x35 load address 0x0000000000130e6a
 .gnu.linkonce.t._ZN4obos12multitasking12ThreadHandleD1Ev
                0xffffffff80130e6a       0x35 src/oboskrnl/CMakeFiles/oboskrnl.dir/boot/kmain.cpp.obj
                0xffffffff80130e6a                _ZN4obos12multitasking12ThreadHandleD1Ev

.gnu.linkonce.t._ZN4obos6Handle13getReferencesEv
                0xffffffff80130ea0       0x1a load address 0x0000000000130ea0
 .gnu.linkonce.t._ZN4obos6Handle13getReferencesEv
                0xffffffff80130ea0       0x1a src/oboskrnl/CMakeFiles/oboskrnl.dir/multitasking/threadHandle.cpp.obj
                0xffffffff80130ea0                _ZN4obos6Handle13getReferencesEv

.gnu.linkonce.t._ZN4obos12multitasking6ThreadD1Ev
                0xffffffff80130eba       0x53 load address 0x0000000000130eba
 .gnu.linkonce.t._ZN4obos12multitasking6ThreadD1Ev
                0xffffffff80130eba       0x53 src/oboskrnl/CMakeFiles/oboskrnl.dir/multitasking/threadHandle.cpp.obj
                0xffffffff80130eba                _ZN4obos12multitasking6ThreadD1Ev

.gnu.linkonce.t._ZN4obos12multitasking6ThreadD0Ev
                0xffffffff80130f0e       0x2b load address 0x0000000000130f0e
 .gnu.linkonce.t._ZN4obos12multitasking6ThreadD0Ev
                0xffffffff80130f0e       0x2b src/oboskrnl/CMakeFiles/oboskrnl.dir/multitasking/threadHandle.cpp.obj
                0xffffffff80130f0e                _ZN4obos12multitasking6ThreadD0Ev

.gnu.linkonce.t._ZN4obos12multitasking12ThreadHandle7getTypeEv
                0xffffffff80130f3a       0x13 load address 0x0000000000130f3a
 .gnu.linkonce.t._ZN4obos12multitasking12ThreadHandle7getTypeEv
                0xffffffff80130f3a       0x13 src/oboskrnl/CMakeFiles/oboskrnl.dir/multitasking/threadHandle.cpp.obj
                0xffffffff80130f3a                _ZN4obos12multitasking12ThreadHandle7getTypeEv

.gnu.linkonce.t._ZN4obos12multitasking12ThreadHandleD0Ev
                0xffffffff80130f4e       0x2b load address 0x0000000000130f4e
 .gnu.linkonce.t._ZN4obos12multitasking12ThreadHandleD0Ev
                0xffffffff80130f4e       0x2b src/oboskrnl/CMakeFiles/oboskrnl.dir/multitasking/threadHandle.cpp.obj
                0xffffffff80130f4e                _ZN4obos12multitasking12ThreadHandleD0Ev

.gnu.linkonce.t._ZN4obos6HandleC2Ev
                0xffffffff80130f7a       0x41 load address 0x0000000000130f7a
 .gnu.linkonce.t._ZN4obos6HandleC2Ev
                0xffffffff80130f7a       0x41 src/oboskrnl/CMakeFiles/oboskrnl.dir/multitasking/threadHandle.cpp.obj
                0xffffffff80130f7a                _ZN4obos6HandleC2Ev

.gnu.linkonce.t._ZN4obos12multitasking6ThreadC1Ev
                0xffffffff80130fbc       0xe0 load address 0x0000000000130fbc
 .gnu.linkonce.t._ZN4obos12multitasking6ThreadC1Ev
                0xffffffff80130fbc       0xe0 src/oboskrnl/CMakeFiles/oboskrnl.dir/multitasking/threadHandle.cpp.obj
                0xffffffff80130fbc                _ZN4obos12multitasking6ThreadC1Ev

.gnu.linkonce.t._ZN4obos12multitasking11MutexHandle7getTypeEv
                0xffffffff8013109c       0x13 load address 0x000000000013109c
 .gnu.linkonce.t._ZN4obos12multitasking11MutexHandle7getTypeEv
                0xffffffff8013109c       0x13 src/oboskrnl/CMakeFiles/oboskrnl.dir/multitasking/mutex/mutexHandle.cpp.obj
                0xffffffff8013109c                _ZN4obos12multitasking11MutexHandle7getTypeEv

.gnu.linkonce.t._ZN4obos12multitasking5MutexC1Ev
                0xffffffff801310b0       0x29 load address 0x00000000001310b0
 .gnu.linkonce.t._ZN4obos12multitasking5MutexC1Ev
                0xffffffff801310b0       0x29 src/oboskrnl/CMakeFiles/oboskrnl.dir/multitasking/mutex/mutexHandle.cpp.obj
                0xffffffff801310b0                _ZN4obos12multitasking5MutexC1Ev

.rodata         0xffffffff80132000    0x6e740 load address 0x0000000000132000
 *(.rodata)
 .rodata        0xffffffff80132000      0x45d src/oboskrnl/CMakeFiles/oboskrnl.dir/x86-64/exception_handlers.cpp.obj
 *fill*         0xffffffff8013245d        0x3 
 .rodata        0xffffffff80132460       0x10 src/oboskrnl/CMakeFiles/oboskrnl.dir/memory_manager/paging/x86-64/init.cpp.obj
 .rodata        0xffffffff80132470       0x10 src/oboskrnl/CMakeFiles/oboskrnl.dir/memory_manager/paging/x86-64/allocate.cpp.obj
 .rodata        0xffffffff80132480       0x10 src/oboskrnl/CMakeFiles/oboskrnl.dir/memory_manager/x86-64/physical.cpp.obj
 .rodata        0xffffffff80132490      0x635 src/oboskrnl/CMakeFiles/oboskrnl.dir/boot/kmain.cpp.obj
 *fill*         0xffffffff80132ac5        0x3 
 .rodata        0xffffffff80132ac8       0x88 src/oboskrnl/CMakeFiles/oboskrnl.dir/console.cpp.obj
 .rodata        0xffffffff80132b50      0x260 src/oboskrnl/CMakeFiles/oboskrnl.dir/klog.cpp.obj
 .rodata        0xffffffff80132db0      0x800 src/oboskrnl/CMakeFiles/oboskrnl.dir/inline-asm.cpp.obj
 .rodata        0xffffffff801335b0       0x9f src/oboskrnl/CMakeFiles/oboskrnl.dir/multitasking/threadHandle.cpp.obj
 *fill*         0xffffffff8013364f        0x1 
 .rodata        0xffffffff80133650       0x9f src/oboskrnl/CMakeFiles/oboskrnl.dir/multitasking/multitasking.cpp.obj
 *fill*         0xffffffff801336ef        0x1 
 .rodata        0xffffffff801336f0       0x50 src/oboskrnl/CMakeFiles/oboskrnl.dir/elf/elf.cpp.obj
 .rodata        0xffffffff80133740       0x9f src/oboskrnl/CMakeFiles/oboskrnl.dir/multitasking/thread.cpp.obj
 *fill*         0xffffffff801337df        0x1 
 .rodata        0xffffffff801337e0      0x107 src/oboskrnl/CMakeFiles/oboskrnl.dir/process/process.cpp.obj
 *fill*         0xffffffff801338e7        0x1 
 .rodata        0xffffffff801338e8       0x68 src/oboskrnl/CMakeFiles/oboskrnl.dir/driver_api/syscalls.cpp.obj
 *fill*         0xffffffff80133950       0x10 
 .rodata        0xffffffff80133960    0x6cde0 src/oboskrnl/CMakeFiles/oboskrnl.dir/external/amalgamated-dist/Zydis.c.obj
                0xffffffff80134180                FILTERS_XOP
                0xffffffff801341c0                FILTERS_VEX
                0xffffffff80134240                FILTERS_EMVEX
                0xffffffff801342e0                FILTERS_OPCODE
                0xffffffff8013cce0                FILTERS_MODE
                0xffffffff8013cd00                FILTERS_MODE_COMPACT
                0xffffffff8013d3f0                FILTERS_PREFIX_GROUP1
                0xffffffff8013d408                FILTERS_MODRM_MOD
                0xffffffff8013d420                FILTERS_MODRM_MOD_COMPACT
                0xffffffff8013ff80                FILTERS_MODRM_REG
                0xffffffff80140ae0                FILTERS_MODRM_RM
                0xffffffff80141180                FILTERS_MANDATORY_PREFIX
                0xffffffff80142b00                FILTERS_OPERAND_SIZE
                0xffffffff80142c80                FILTERS_ADDRESS_SIZE
                0xffffffff80142ea0                FILTERS_VECTOR_LENGTH
                0xffffffff801465a0                FILTERS_REX_W
                0xffffffff80148da2                FILTERS_REX_B
                0xffffffff80148dc0                FILTERS_EVEX_B
                0xffffffff8014a820                FILTERS_MVEX_E
                0xffffffff8014ab00                FILTERS_MODE_AMD
                0xffffffff8014ab80                FILTERS_MODE_KNC
                0xffffffff8014abb0                FILTERS_MODE_MPX
                0xffffffff8014abc0                FILTERS_MODE_CET
                0xffffffff8014abe0                FILTERS_MODE_LZCNT
                0xffffffff8014abf0                FILTERS_MODE_TZCNT
                0xffffffff8014abfc                FILTERS_MODE_WBNOINVD
                0xffffffff8014ac02                FILTERS_MODE_CLDEMOTE
                0xffffffff8014ac08                FILTERS_MODE_CENTAUR
                0xffffffff8014ac0e                zydis_decoder_tree_root
                0xffffffff8014b260                encoder_instruction_lookup
                0xffffffff8014cde0                encoder_instructions
                0xffffffff80169cc0                ISTR_DEFINITIONS_LEGACY
                0xffffffff801706a0                ISTR_DEFINITIONS_3DNOW
                0xffffffff801708e0                ISTR_DEFINITIONS_XOP
                0xffffffff801711e0                ISTR_DEFINITIONS_VEX
                0xffffffff801769a0                ISTR_DEFINITIONS_EVEX
                0xffffffff80184d60                ISTR_DEFINITIONS_MVEX
                0xffffffff80186540                OPERAND_DEFINITIONS
                0xffffffff801a0740                _ZN4obos6memory9__erodataE = .

.gnu.linkonce.r._ZTVN4obos6HandleE
                0xffffffff801a0740       0x38 load address 0x00000000001a0740
 .gnu.linkonce.r._ZTVN4obos6HandleE
                0xffffffff801a0740       0x38 src/oboskrnl/CMakeFiles/oboskrnl.dir/boot/kmain.cpp.obj
                0xffffffff801a0740                _ZTVN4obos6HandleE

.gnu.linkonce.r._ZTVN4obos5utils8BitfieldE
                0xffffffff801a0778       0x60 load address 0x00000000001a0778
 .gnu.linkonce.r._ZTVN4obos5utils8BitfieldE
                0xffffffff801a0778       0x60 src/oboskrnl/CMakeFiles/oboskrnl.dir/utils/bitfields.cpp.obj
                0xffffffff801a0778                _ZTVN4obos5utils8BitfieldE

.gnu.linkonce.r._ZTVN4obos5utils12BitfieldBaseE
                0xffffffff801a07d8       0x40 load address 0x00000000001a07d8
 .gnu.linkonce.r._ZTVN4obos5utils12BitfieldBaseE
                0xffffffff801a07d8       0x40 src/oboskrnl/CMakeFiles/oboskrnl.dir/utils/bitfields.cpp.obj
                0xffffffff801a07d8                _ZTVN4obos5utils12BitfieldBaseE

.gnu.linkonce.r._ZTVN4obos5utils15IntegerBitfieldE
                0xffffffff801a0818       0x60 load address 0x00000000001a0818
 .gnu.linkonce.r._ZTVN4obos5utils15IntegerBitfieldE
                0xffffffff801a0818       0x60 src/oboskrnl/CMakeFiles/oboskrnl.dir/utils/bitfields.cpp.obj
                0xffffffff801a0818                _ZTVN4obos5utils15IntegerBitfieldE

.gnu.linkonce.r._ZTVN4obos12multitasking12ThreadHandleE
                0xffffffff801a0878       0x38 load address 0x00000000001a0878
 .gnu.linkonce.r._ZTVN4obos12multitasking12ThreadHandleE
                0xffffffff801a0878       0x38 src/oboskrnl/CMakeFiles/oboskrnl.dir/multitasking/threadHandle.cpp.obj
                0xffffffff801a0878                _ZTVN4obos12multitasking12ThreadHandleE

.gnu.linkonce.r._ZTVN4obos12multitasking6ThreadE
                0xffffffff801a08b0       0x20 load address 0x00000000001a08b0
 .gnu.linkonce.r._ZTVN4obos12multitasking6ThreadE
                0xffffffff801a08b0       0x20 src/oboskrnl/CMakeFiles/oboskrnl.dir/multitasking/threadHandle.cpp.obj
                0xffffffff801a08b0                _ZTVN4obos12multitasking6ThreadE

.gnu.linkonce.r._ZTVN4obos12multitasking11MutexHandleE
                0xffffffff801a08d0       0x38 load address 0x00000000001a08d0
 .gnu.linkonce.r._ZTVN4obos12multitasking11MutexHandleE
                0xffffffff801a08d0       0x38 src/oboskrnl/CMakeFiles/oboskrnl.dir/multitasking/mutex/mutexHandle.cpp.obj
                0xffffffff801a08d0                _ZTVN4obos12multitasking11MutexHandleE

.rela.dyn       0xffffffff801a0908        0x0 load address 0x00000000001a0908
 .rela.got      0xffffffff801a0908        0x0 src/oboskrnl/CMakeFiles/oboskrnl.dir/boot/x86-64/kernel_bootstrap.asm.obj
 .rela.iplt     0xffffffff801a0908        0x0 src/oboskrnl/CMakeFiles/oboskrnl.dir/boot/x86-64/kernel_bootstrap.asm.obj
 .rela.text     0xffffffff801a0908        0x0 src/oboskrnl/CMakeFiles/oboskrnl.dir/boot/x86-64/kernel_bootstrap.asm.obj
 .rela.gnu.linkonce.t._ZN4obos6HandleD2Ev
                0xffffffff801a0908        0x0 src/oboskrnl/CMakeFiles/oboskrnl.dir/boot/x86-64/kernel_bootstrap.asm.obj
 .rela.gnu.linkonce.t._ZN4obos12multitasking12ThreadHandleD1Ev
                0xffffffff801a0908        0x0 src/oboskrnl/CMakeFiles/oboskrnl.dir/boot/x86-64/kernel_bootstrap.asm.obj
 .rela.gnu.linkonce.r._ZTVN4obos6HandleE
                0xffffffff801a0908        0x0 src/oboskrnl/CMakeFiles/oboskrnl.dir/boot/x86-64/kernel_bootstrap.asm.obj
 .rela.gnu.linkonce.t._ZN4obos12multitasking6ThreadD1Ev
                0xffffffff801a0908        0x0 src/oboskrnl/CMakeFiles/oboskrnl.dir/boot/x86-64/kernel_bootstrap.asm.obj
 .rela.gnu.linkonce.t._ZN4obos6HandleC2Ev
                0xffffffff801a0908        0x0 src/oboskrnl/CMakeFiles/oboskrnl.dir/boot/x86-64/kernel_bootstrap.asm.obj
 .rela.gnu.linkonce.t._ZN4obos12multitasking6ThreadC1Ev
                0xffffffff801a0908        0x0 src/oboskrnl/CMakeFiles/oboskrnl.dir/boot/x86-64/kernel_bootstrap.asm.obj
 .rela.gnu.linkonce.r._ZTVN4obos12multitasking12ThreadHandleE
                0xffffffff801a0908        0x0 src/oboskrnl/CMakeFiles/oboskrnl.dir/boot/x86-64/kernel_bootstrap.asm.obj
 .rela.gnu.linkonce.r._ZTVN4obos12multitasking6ThreadE
                0xffffffff801a0908        0x0 src/oboskrnl/CMakeFiles/oboskrnl.dir/boot/x86-64/kernel_bootstrap.asm.obj
 .rela.gnu.linkonce.r._ZTVN4obos12multitasking11MutexHandleE
                0xffffffff801a0908        0x0 src/oboskrnl/CMakeFiles/oboskrnl.dir/boot/x86-64/kernel_bootstrap.asm.obj

.data           0xffffffff801a1000      0xccc load address 0x00000000001a1000
 *(.data)
 .data          0xffffffff801a1000        0x0 src/oboskrnl/CMakeFiles/oboskrnl.dir/descriptors/idt/x86-64/handlers.asm.obj
 .data          0xffffffff801a1000       0x10 src/oboskrnl/CMakeFiles/oboskrnl.dir/syscalls/interrupts.asm.obj
 .data          0xffffffff801a1010       0x42 src/oboskrnl/CMakeFiles/oboskrnl.dir/descriptors/gdt/gdt_x86-64.asm.obj
                0xffffffff801a1010                GDT
                0xffffffff801a1038                TSS
 .data          0xffffffff801a1052        0x0 src/oboskrnl/CMakeFiles/oboskrnl.dir/descriptors/idt/x86-64/idt.cpp.obj
 .data          0xffffffff801a1052        0x0 src/oboskrnl/CMakeFiles/oboskrnl.dir/x86-64/exception_handlers.cpp.obj
 .data          0xffffffff801a1052        0x0 src/oboskrnl/CMakeFiles/oboskrnl.dir/memory_manager/paging/x86-64/init.cpp.obj
 .data          0xffffffff801a1052        0x0 src/oboskrnl/CMakeFiles/oboskrnl.dir/memory_manager/paging/x86-64/allocate.cpp.obj
 .data          0xffffffff801a1052        0x0 src/oboskrnl/CMakeFiles/oboskrnl.dir/memory_manager/x86-64/physical.cpp.obj
 *fill*         0xffffffff801a1052        0x6 
 .data          0xffffffff801a1058        0x8 src/oboskrnl/CMakeFiles/oboskrnl.dir/boot/kmain.cpp.obj
                0xffffffff801a1058                __dso_handle
 .data          0xffffffff801a1060        0x0 src/oboskrnl/CMakeFiles/oboskrnl.dir/console.cpp.obj
 .data          0xffffffff801a1060        0x8 src/oboskrnl/CMakeFiles/oboskrnl.dir/klog.cpp.obj
 .data          0xffffffff801a1068        0x0 src/oboskrnl/CMakeFiles/oboskrnl.dir/inline-asm.cpp.obj
 .data          0xffffffff801a1068        0x0 src/oboskrnl/CMakeFiles/oboskrnl.dir/utils/bitfields.cpp.obj
 .data          0xffffffff801a1068        0x0 src/oboskrnl/CMakeFiles/oboskrnl.dir/descriptors/idt/pic.cpp.obj
 .data          0xffffffff801a1068        0x0 src/oboskrnl/CMakeFiles/oboskrnl.dir/external/list/list_iterator.c.obj
 .data          0xffffffff801a1068        0x0 src/oboskrnl/CMakeFiles/oboskrnl.dir/utils/memory.cpp.obj
 .data          0xffffffff801a1068        0x8 src/oboskrnl/CMakeFiles/oboskrnl.dir/memory_manager/paging/liballoc_hooks.cpp.obj
                0xffffffff801a1068                liballoc_base
 .data          0xffffffff801a1070        0x8 src/oboskrnl/CMakeFiles/oboskrnl.dir/memory_manager/liballoc/liballoc.c.obj
 .data          0xffffffff801a1078        0x0 src/oboskrnl/CMakeFiles/oboskrnl.dir/multitasking/threadHandle.cpp.obj
 .data          0xffffffff801a1078        0x0 src/oboskrnl/CMakeFiles/oboskrnl.dir/external/list/list_node.c.obj
 .data          0xffffffff801a1078        0x0 src/oboskrnl/CMakeFiles/oboskrnl.dir/external/list/list.c.obj
 .data          0xffffffff801a1078        0x0 src/oboskrnl/CMakeFiles/oboskrnl.dir/multitasking/multitasking.cpp.obj
 .data          0xffffffff801a1078        0x0 src/oboskrnl/CMakeFiles/oboskrnl.dir/elf/elf.cpp.obj
 .data          0xffffffff801a1078        0x4 src/oboskrnl/CMakeFiles/oboskrnl.dir/multitasking/thread.cpp.obj
                0xffffffff801a1078                _ZN4obos12multitasking15g_nextThreadTidE
 .data          0xffffffff801a107c        0x0 src/oboskrnl/CMakeFiles/oboskrnl.dir/multitasking/mutex/mutex.cpp.obj
 .data          0xffffffff801a107c        0x0 src/oboskrnl/CMakeFiles/oboskrnl.dir/multitasking/mutex/mutexHandle.cpp.obj
 .data          0xffffffff801a107c        0x0 src/oboskrnl/CMakeFiles/oboskrnl.dir/process/process.cpp.obj
 .data          0xffffffff801a107c        0x0 src/oboskrnl/CMakeFiles/oboskrnl.dir/driver_api/interrupts.cpp.obj
 *fill*         0xffffffff801a107c        0x4 
 .data          0xffffffff801a1080        0x8 src/oboskrnl/CMakeFiles/oboskrnl.dir/driver_api/syscalls.cpp.obj
                0xffffffff801a1080                _ZN4obos9driverAPI27g_registeredDriversCapacityE
 .data          0xffffffff801a1088        0x0 src/oboskrnl/CMakeFiles/oboskrnl.dir/syscalls/syscalls.cpp.obj
 *fill*         0xffffffff801a1088       0x18 
 .data          0xffffffff801a10a0      0xc2c src/oboskrnl/CMakeFiles/oboskrnl.dir/external/amalgamated-dist/Zydis.c.obj
 .data          0xffffffff801a1ccc        0x0 src/oboskrnl/CMakeFiles/oboskrnl.dir/descriptors/gdt/gdt.cpp.obj

.got            0xffffffff801a1cd0        0x0 load address 0x00000000001a1cd0
 .got           0xffffffff801a1cd0        0x0 src/oboskrnl/CMakeFiles/oboskrnl.dir/boot/x86-64/kernel_bootstrap.asm.obj

.got.plt        0xffffffff801a1cd0        0x0 load address 0x00000000001a1cd0
 .got.plt       0xffffffff801a1cd0        0x0 src/oboskrnl/CMakeFiles/oboskrnl.dir/boot/x86-64/kernel_bootstrap.asm.obj

.igot.plt       0xffffffff801a1cd0        0x0 load address 0x00000000001a1cd0
 .igot.plt      0xffffffff801a1cd0        0x0 src/oboskrnl/CMakeFiles/oboskrnl.dir/boot/x86-64/kernel_bootstrap.asm.obj

.eh_frame       0xffffffff801a1cd0     0x73f4 load address 0x00000000001a1cd0
 .eh_frame      0xffffffff801a1cd0       0xc0 src/oboskrnl/CMakeFiles/oboskrnl.dir/descriptors/idt/x86-64/idt.cpp.obj
 .eh_frame      0xffffffff801a1d90      0x158 src/oboskrnl/CMakeFiles/oboskrnl.dir/x86-64/exception_handlers.cpp.obj
                                        0x170 (size before relaxing)
 .eh_frame      0xffffffff801a1ee8      0x348 src/oboskrnl/CMakeFiles/oboskrnl.dir/memory_manager/paging/x86-64/init.cpp.obj
                                        0x360 (size before relaxing)
 .eh_frame      0xffffffff801a2230      0x278 src/oboskrnl/CMakeFiles/oboskrnl.dir/memory_manager/paging/x86-64/allocate.cpp.obj
                                        0x2c8 (size before relaxing)
 .eh_frame      0xffffffff801a24a8      0x120 src/oboskrnl/CMakeFiles/oboskrnl.dir/memory_manager/x86-64/physical.cpp.obj
                                        0x138 (size before relaxing)
 .eh_frame      0xffffffff801a25c8      0x3c0 src/oboskrnl/CMakeFiles/oboskrnl.dir/boot/kmain.cpp.obj
                                        0x3d8 (size before relaxing)
 .eh_frame      0xffffffff801a2988      0x440 src/oboskrnl/CMakeFiles/oboskrnl.dir/console.cpp.obj
                                        0x458 (size before relaxing)
 .eh_frame      0xffffffff801a2dc8      0x518 src/oboskrnl/CMakeFiles/oboskrnl.dir/klog.cpp.obj
                                        0x530 (size before relaxing)
 .eh_frame      0xffffffff801a32e0      0x2d8 src/oboskrnl/CMakeFiles/oboskrnl.dir/inline-asm.cpp.obj
                                        0x2f0 (size before relaxing)
 .eh_frame      0xffffffff801a35b8      0x520 src/oboskrnl/CMakeFiles/oboskrnl.dir/utils/bitfields.cpp.obj
                                        0x538 (size before relaxing)
 .eh_frame      0xffffffff801a3ad8      0x3b8 src/oboskrnl/CMakeFiles/oboskrnl.dir/descriptors/idt/pic.cpp.obj
                                        0x3d0 (size before relaxing)
 .eh_frame      0xffffffff801a3e90       0xe0 src/oboskrnl/CMakeFiles/oboskrnl.dir/external/list/list_iterator.c.obj
                                         0xf8 (size before relaxing)
 .eh_frame      0xffffffff801a3f70      0x120 src/oboskrnl/CMakeFiles/oboskrnl.dir/utils/memory.cpp.obj
                                        0x138 (size before relaxing)
 .eh_frame      0xffffffff801a4090      0x310 src/oboskrnl/CMakeFiles/oboskrnl.dir/memory_manager/paging/liballoc_hooks.cpp.obj
                                        0x328 (size before relaxing)
 .eh_frame      0xffffffff801a43a0      0x188 src/oboskrnl/CMakeFiles/oboskrnl.dir/memory_manager/liballoc/liballoc.c.obj
                                        0x1a0 (size before relaxing)
 .eh_frame      0xffffffff801a4528      0x870 src/oboskrnl/CMakeFiles/oboskrnl.dir/multitasking/threadHandle.cpp.obj
                                        0x930 (size before relaxing)
 .eh_frame      0xffffffff801a4d98       0x38 src/oboskrnl/CMakeFiles/oboskrnl.dir/external/list/list_node.c.obj
                                         0x50 (size before relaxing)
 .eh_frame      0xffffffff801a4dd0      0x1f8 src/oboskrnl/CMakeFiles/oboskrnl.dir/external/list/list.c.obj
                                        0x210 (size before relaxing)
 .eh_frame      0xffffffff801a4fc8       0xf0 src/oboskrnl/CMakeFiles/oboskrnl.dir/multitasking/multitasking.cpp.obj
                                        0x1b0 (size before relaxing)
 .eh_frame      0xffffffff801a50b8       0x70 src/oboskrnl/CMakeFiles/oboskrnl.dir/elf/elf.cpp.obj
                                         0x88 (size before relaxing)
 .eh_frame      0xffffffff801a5128       0x70 src/oboskrnl/CMakeFiles/oboskrnl.dir/multitasking/thread.cpp.obj
                                         0xf8 (size before relaxing)
 .eh_frame      0xffffffff801a5198       0xe0 src/oboskrnl/CMakeFiles/oboskrnl.dir/multitasking/mutex/mutex.cpp.obj
                                         0xf8 (size before relaxing)
 .eh_frame      0xffffffff801a5278      0x208 src/oboskrnl/CMakeFiles/oboskrnl.dir/multitasking/mutex/mutexHandle.cpp.obj
                                        0x300 (size before relaxing)
 .eh_frame      0xffffffff801a5480      0x320 src/oboskrnl/CMakeFiles/oboskrnl.dir/process/process.cpp.obj
                                        0x530 (size before relaxing)
 .eh_frame      0xffffffff801a57a0       0xe0 src/oboskrnl/CMakeFiles/oboskrnl.dir/driver_api/interrupts.cpp.obj
                                         0xf8 (size before relaxing)
 .eh_frame      0xffffffff801a5880      0x3d8 src/oboskrnl/CMakeFiles/oboskrnl.dir/driver_api/syscalls.cpp.obj
                                        0x460 (size before relaxing)
 .eh_frame      0xffffffff801a5c58      0x968 src/oboskrnl/CMakeFiles/oboskrnl.dir/syscalls/syscalls.cpp.obj
                                        0x980 (size before relaxing)
 .eh_frame      0xffffffff801a65c0     0x2a98 src/oboskrnl/CMakeFiles/oboskrnl.dir/external/amalgamated-dist/Zydis.c.obj
                                       0x2ab0 (size before relaxing)
 .eh_frame      0xffffffff801a9058       0x6c src/oboskrnl/CMakeFiles/oboskrnl.dir/descriptors/gdt/gdt.cpp.obj
                                         0x88 (size before relaxing)

.ctors          0xffffffff801a90c8       0x10 load address 0x00000000001a90c8
 .ctors         0xffffffff801a90c8        0x8 src/oboskrnl/CMakeFiles/oboskrnl.dir/memory_manager/paging/x86-64/init.cpp.obj
 .ctors         0xffffffff801a90d0        0x8 src/oboskrnl/CMakeFiles/oboskrnl.dir/console.cpp.obj

.bss            0xffffffff801aa000     0xf508 load address 0x00000000001aa000
 *(COMMON)
 *(.bss)
 .bss           0xffffffff801aa000     0x1820 src/oboskrnl/CMakeFiles/oboskrnl.dir/descriptors/idt/x86-64/idt.cpp.obj
                0xffffffff801aa000                _ZN4obos19g_interruptHandlersE
 .bss           0xffffffff801ab820        0x0 src/oboskrnl/CMakeFiles/oboskrnl.dir/x86-64/exception_handlers.cpp.obj
 .bss           0xffffffff801ab820       0x28 src/oboskrnl/CMakeFiles/oboskrnl.dir/memory_manager/paging/x86-64/init.cpp.obj
                0xffffffff801ab820                _ZN4obos6memory15g_level4PageMapE
                0xffffffff801ab830                _ZN4obos6memory15g_kernelPageMapE
                0xffffffff801ab840                _ZN4obos6memory10g_zeroPageE
 *fill*         0xffffffff801ab848      0x7b8 
 .bss           0xffffffff801ac000     0x2000 src/oboskrnl/CMakeFiles/oboskrnl.dir/memory_manager/paging/x86-64/allocate.cpp.obj
 .bss           0xffffffff801ae000       0x28 src/oboskrnl/CMakeFiles/oboskrnl.dir/memory_manager/x86-64/physical.cpp.obj
                0xffffffff801ae000                _ZN4obos6memory24g_physicalMemoryBitfieldE
                0xffffffff801ae008                _ZN4obos6memory14g_sizeOfMemoryE
                0xffffffff801ae010                _ZN4obos6memory17g_nPagesAllocatedE
                0xffffffff801ae018                _ZN4obos6memory15g_bitfieldCountE
                0xffffffff801ae020                _ZN4obos6memory12g_mmapLengthE
 *fill*         0xffffffff801ae028       0x18 
 .bss           0xffffffff801ae040     0x19a0 src/oboskrnl/CMakeFiles/oboskrnl.dir/boot/kmain.cpp.obj
                0xffffffff801ae040                _ZN4obos15g_multibootInfoE
                0xffffffff801ae048                _ZN4obos15g_kernelProcessE
                0xffffffff801ae060                __atexitFuncs
                0xffffffff801af860                __atexitFuncCount
 .bss           0xffffffff801af9e0       0x81 src/oboskrnl/CMakeFiles/oboskrnl.dir/console.cpp.obj
                0xffffffff801af9e0                _ZN4obos17s_foregroundColorE
                0xffffffff801af9e4                _ZN4obos17s_backgroundColorE
                0xffffffff801af9e8                _ZN4obos16s_terminalColumnE
                0xffffffff801af9ec                _ZN4obos13s_terminalRowE
                0xffffffff801af9f0                _ZN4obos20s_reachedEndTerminalE
                0xffffffff801af9f8                _ZN4obos13s_framebufferE
                0xffffffff801afa00                _ZN4obos12s_backbufferE
                0xffffffff801afa08                _ZN4obos18s_framebufferWidthE
                0xffffffff801afa10                _ZN4obos19s_framebufferHeightE
                0xffffffff801afa18                _ZN4obos16s_nCharsVerticalE
                0xffffffff801afa20                _ZN4obos18s_nCharsHorizontalE
                0xffffffff801afa28                _ZN4obos4fontE
 .bss           0xffffffff801afa61        0x0 src/oboskrnl/CMakeFiles/oboskrnl.dir/klog.cpp.obj
 *fill*         0xffffffff801afa61        0x3 
 .bss           0xffffffff801afa64        0x8 src/oboskrnl/CMakeFiles/oboskrnl.dir/inline-asm.cpp.obj
                0xffffffff801afa64                inKernelSection
                0xffffffff801afa68                _ZN4obos11countCalledE
 .bss           0xffffffff801afa6c        0x0 src/oboskrnl/CMakeFiles/oboskrnl.dir/utils/bitfields.cpp.obj
 .bss           0xffffffff801afa6c        0x0 src/oboskrnl/CMakeFiles/oboskrnl.dir/descriptors/idt/pic.cpp.obj
 .bss           0xffffffff801afa6c        0x0 src/oboskrnl/CMakeFiles/oboskrnl.dir/external/list/list_iterator.c.obj
 .bss           0xffffffff801afa6c        0x0 src/oboskrnl/CMakeFiles/oboskrnl.dir/utils/memory.cpp.obj
 *fill*         0xffffffff801afa6c        0x4 
 .bss           0xffffffff801afa70        0x8 src/oboskrnl/CMakeFiles/oboskrnl.dir/memory_manager/paging/liballoc_hooks.cpp.obj
                0xffffffff801afa70                _ZN4obos25g_nLiballocPagesAllocatedE
 .bss           0xffffffff801afa78       0x38 src/oboskrnl/CMakeFiles/oboskrnl.dir/memory_manager/liballoc/liballoc.c.obj
 .bss           0xffffffff801afab0        0x0 src/oboskrnl/CMakeFiles/oboskrnl.dir/multitasking/threadHandle.cpp.obj
 .bss           0xffffffff801afab0        0x0 src/oboskrnl/CMakeFiles/oboskrnl.dir/external/list/list_node.c.obj
 .bss           0xffffffff801afab0        0x0 src/oboskrnl/CMakeFiles/oboskrnl.dir/external/list/list.c.obj
 *fill*         0xffffffff801afab0       0x10 
 .bss           0xffffffff801afac0       0x81 src/oboskrnl/CMakeFiles/oboskrnl.dir/multitasking/multitasking.cpp.obj
                0xffffffff801afac0                _ZN4obos12multitasking9g_threadsE
                0xffffffff801afae0                _ZN4obos12multitasking20g_threadPriorityListE
                0xffffffff801afb00                _ZN4obos12multitasking15g_currentThreadE
                0xffffffff801afb08                _ZN4obos12multitasking13g_initializedE
                0xffffffff801afb10                _ZN4obos12multitasking16g_schedulerMutexE
                0xffffffff801afb18                _ZN4obos12multitasking12g_timerTicksE
 .bss           0xffffffff801afb41        0x0 src/oboskrnl/CMakeFiles/oboskrnl.dir/elf/elf.cpp.obj
 .bss           0xffffffff801afb41        0x0 src/oboskrnl/CMakeFiles/oboskrnl.dir/multitasking/thread.cpp.obj
 .bss           0xffffffff801afb41        0x0 src/oboskrnl/CMakeFiles/oboskrnl.dir/multitasking/mutex/mutex.cpp.obj
 .bss           0xffffffff801afb41        0x0 src/oboskrnl/CMakeFiles/oboskrnl.dir/multitasking/mutex/mutexHandle.cpp.obj
 *fill*         0xffffffff801afb41        0x7 
 .bss           0xffffffff801afb48       0x1c src/oboskrnl/CMakeFiles/oboskrnl.dir/process/process.cpp.obj
                0xffffffff801afb48                _ZN4obos7process15g_nextProcessIdE
                0xffffffff801afb50                _ZN4obos7process13g_processListE
                0xffffffff801afb58                _ZN4obos7process18ProcEntryPointBaseE
 *fill*         0xffffffff801afb64       0x1c 
 .bss           0xffffffff801afb80      0x800 src/oboskrnl/CMakeFiles/oboskrnl.dir/driver_api/interrupts.cpp.obj
                0xffffffff801afb80                _ZN4obos9driverAPI14g_syscallTableE
 .bss           0xffffffff801b0380      0x120 src/oboskrnl/CMakeFiles/oboskrnl.dir/driver_api/syscalls.cpp.obj
                0xffffffff801b0380                _ZN4obos9driverAPI19g_registeredDriversE
 .bss           0xffffffff801b04a0     0x1000 src/oboskrnl/CMakeFiles/oboskrnl.dir/syscalls/syscalls.cpp.obj
                0xffffffff801b04a0                _ZN4obos7process14g_syscallTableE
 .bss           0xffffffff801b14a0        0x0 src/oboskrnl/CMakeFiles/oboskrnl.dir/external/amalgamated-dist/Zydis.c.obj
 .bss           0xffffffff801b14a0       0x68 src/oboskrnl/CMakeFiles/oboskrnl.dir/descriptors/gdt/gdt.cpp.obj
                0xffffffff801b14a0                _ZN4obos10s_tssEntryE
 *(.bootstrap_stack)
 .bootstrap_stack
                0xffffffff801b1508     0x8000 src/oboskrnl/CMakeFiles/oboskrnl.dir/boot/x86-64/kernel_bootstrap.asm.obj
                0xffffffff801b1508                _ZN4obos12stack_bottomE
                0xffffffff801b5508                _ZN4obos9stack_topE
                0xffffffff801b5508                _ZN4obos15thrstack_bottomE
                0xffffffff801b9508                _ZN4obos12thrstack_topE
                0xffffffff801b9508                _kernel_end = .
                0x0000000000400000                _ZN4obos6memory8endImageE = 0x400000
                0xffffffff80000000                _ZN4obos11kernelStartE = 0xffffffff80000000
                0xffffffffffffffff                _ZN4obos6memory9endKernelE = 0xffffffffffffffff
OUTPUT(/mnt/c/Code/obos/out/oboskrnl elf64-x86-64)

.debug_aranges  0x0000000000000000      0xa00
 .debug_aranges
                0x0000000000000000       0x30 src/oboskrnl/CMakeFiles/oboskrnl.dir/boot/x86-64/kernel_bootstrap.asm.obj
 .debug_aranges
                0x0000000000000030       0x30 src/oboskrnl/CMakeFiles/oboskrnl.dir/x86-64/inline-asm.asm.obj
 .debug_aranges
                0x0000000000000060       0x30 src/oboskrnl/CMakeFiles/oboskrnl.dir/descriptors/idt/x86-64/handlers.asm.obj
 .debug_aranges
                0x0000000000000090       0x30 src/oboskrnl/CMakeFiles/oboskrnl.dir/descriptors/idt/x86-64/idt.asm.obj
 .debug_aranges
                0x00000000000000c0       0x30 src/oboskrnl/CMakeFiles/oboskrnl.dir/utils/memcpy_x86-64.asm.obj
 .debug_aranges
                0x00000000000000f0       0x30 src/oboskrnl/CMakeFiles/oboskrnl.dir/memory_manager/paging/x86-64/init.asm.obj
 .debug_aranges
                0x0000000000000120       0x30 src/oboskrnl/CMakeFiles/oboskrnl.dir/multitasking/multitasking_x86-64.asm.obj
 .debug_aranges
                0x0000000000000150       0x30 src/oboskrnl/CMakeFiles/oboskrnl.dir/driver_api/interrupts.asm.obj
 .debug_aranges
                0x0000000000000180       0x30 src/oboskrnl/CMakeFiles/oboskrnl.dir/syscalls/interrupts.asm.obj
 .debug_aranges
                0x00000000000001b0       0x30 src/oboskrnl/CMakeFiles/oboskrnl.dir/descriptors/gdt/gdt_x86-64.asm.obj
 .debug_aranges
                0x00000000000001e0       0x30 src/oboskrnl/CMakeFiles/oboskrnl.dir/driver_api/x86_64/dInterrupts.asm.obj
 .debug_aranges
                0x0000000000000210       0x30 src/oboskrnl/CMakeFiles/oboskrnl.dir/descriptors/idt/x86-64/idt.cpp.obj
 .debug_aranges
                0x0000000000000240       0x40 src/oboskrnl/CMakeFiles/oboskrnl.dir/x86-64/exception_handlers.cpp.obj
 .debug_aranges
                0x0000000000000280       0x30 src/oboskrnl/CMakeFiles/oboskrnl.dir/memory_manager/paging/x86-64/init.cpp.obj
 .debug_aranges
                0x00000000000002b0       0x60 src/oboskrnl/CMakeFiles/oboskrnl.dir/memory_manager/paging/x86-64/allocate.cpp.obj
 .debug_aranges
[...]
 .debug_abbrev  0x000000000000410d      0x191 src/oboskrnl/CMakeFiles/oboskrnl.dir/elf/elf.cpp.obj
 .debug_abbrev  0x000000000000429e      0x3fc src/oboskrnl/CMakeFiles/oboskrnl.dir/multitasking/thread.cpp.obj
 .debug_abbrev  0x000000000000469a      0x3a4 src/oboskrnl/CMakeFiles/oboskrnl.dir/multitasking/mutex/mutex.cpp.obj
 .debug_abbrev  0x0000000000004a3e      0x42e src/oboskrnl/CMakeFiles/oboskrnl.dir/multitasking/mutex/mutexHandle.cpp.obj
 .debug_abbrev  0x0000000000004e6c      0x6ba src/oboskrnl/CMakeFiles/oboskrnl.dir/process/process.cpp.obj
 .debug_abbrev  0x0000000000005526      0x10a src/oboskrnl/CMakeFiles/oboskrnl.dir/driver_api/interrupts.cpp.obj
 .debug_abbrev  0x0000000000005630      0x6a6 src/oboskrnl/CMakeFiles/oboskrnl.dir/driver_api/syscalls.cpp.obj
 .debug_abbrev  0x0000000000005cd6      0x652 src/oboskrnl/CMakeFiles/oboskrnl.dir/syscalls/syscalls.cpp.obj
 .debug_abbrev  0x0000000000006328      0x3c5 src/oboskrnl/CMakeFiles/oboskrnl.dir/external/amalgamated-dist/Zydis.c.obj
 .debug_abbrev  0x00000000000066ed      0x146 src/oboskrnl/CMakeFiles/oboskrnl.dir/descriptors/gdt/gdt.cpp.obj

.debug_line     0x0000000000000000    0x38024
 .debug_line    0x0000000000000000       0x8b src/oboskrnl/CMakeFiles/oboskrnl.dir/boot/x86-64/kernel_bootstrap.asm.obj
 .debug_line    0x000000000000008b       0x77 src/oboskrnl/CMakeFiles/oboskrnl.dir/x86-64/inline-asm.asm.obj
 .debug_line    0x0000000000000102      0x188 src/oboskrnl/CMakeFiles/oboskrnl.dir/descriptors/idt/x86-64/handlers.asm.obj
 .debug_line    0x000000000000028a       0x74 src/oboskrnl/CMakeFiles/oboskrnl.dir/descriptors/idt/x86-64/idt.asm.obj
 .debug_line    0x00000000000002fe       0xc0 src/oboskrnl/CMakeFiles/oboskrnl.dir/utils/memcpy_x86-64.asm.obj
 .debug_line    0x00000000000003be       0x83 src/oboskrnl/CMakeFiles/oboskrnl.dir/memory_manager/paging/x86-64/init.asm.obj
 .debug_line    0x0000000000000441       0xac src/oboskrnl/CMakeFiles/oboskrnl.dir/multitasking/multitasking_x86-64.asm.obj
 .debug_line    0x00000000000004ed       0x76 src/oboskrnl/CMakeFiles/oboskrnl.dir/driver_api/interrupts.asm.obj
 .debug_line    0x0000000000000563      0x10e src/oboskrnl/CMakeFiles/oboskrnl.dir/syscalls/interrupts.asm.obj
 .debug_line    0x0000000000000671       0x84 src/oboskrnl/CMakeFiles/oboskrnl.dir/descriptors/gdt/gdt_x86-64.asm.obj
 .debug_line    0x00000000000006f5       0x83 src/oboskrnl/CMakeFiles/oboskrnl.dir/driver_api/x86_64/dInterrupts.asm.obj
 .debug_line    0x0000000000000778      0x5ba src/oboskrnl/CMakeFiles/oboskrnl.dir/descriptors/idt/x86-64/idt.cpp.obj
 .debug_line    0x0000000000000d32     0x111c src/oboskrnl/CMakeFiles/oboskrnl.dir/x86-64/exception_handlers.cpp.obj
 .debug_line    0x0000000000001e4e      0x6ca src/oboskrnl/CMakeFiles/oboskrnl.dir/memory_manager/paging/x86-64/init.cpp.obj
 .debug_line    0x0000000000002518     0x1b93 src/oboskrnl/CMakeFiles/oboskrnl.dir/memory_manager/paging/x86-64/allocate.cpp.obj
 .debug_line    0x00000000000040ab      0xa4b src/oboskrnl/CMakeFiles/oboskrnl.dir/memory_manager/x86-64/physical.cpp.obj
 .debug_line    0x0000000000004af6     0x1bdb src/oboskrnl/CMakeFiles/oboskrnl.dir/boot/kmain.cpp.obj
 .debug_line    0x00000000000066d1     0x1620 src/oboskrnl/CMakeFiles/oboskrnl.dir/console.cpp.obj
 .debug_line    0x0000000000007cf1     0x20d2 src/oboskrnl/CMakeFiles/oboskrnl.dir/klog.cpp.obj
 .debug_line    0x0000000000009dc3     0x13db src/oboskrnl/CMakeFiles/oboskrnl.dir/inline-asm.cpp.obj
 .debug_line    0x000000000000b19e      0x724 src/oboskrnl/CMakeFiles/oboskrnl.dir/utils/bitfields.cpp.obj
 .debug_line    0x000000000000b8c2      0x8b6 src/oboskrnl/CMakeFiles/oboskrnl.dir/descriptors/idt/pic.cpp.obj
 .debug_line    0x000000000000c178      0x27e src/oboskrnl/CMakeFiles/oboskrnl.dir/external/list/list_iterator.c.obj
 .debug_line    0x000000000000c3f6      0x46e src/oboskrnl/CMakeFiles/oboskrnl.dir/utils/memory.cpp.obj
 .debug_line    0x000000000000c864      0x412 src/oboskrnl/CMakeFiles/oboskrnl.dir/memory_manager/paging/liballoc_hooks.cpp.obj
 .debug_line    0x000000000000cc76     0x1717 src/oboskrnl/CMakeFiles/oboskrnl.dir/memory_manager/liballoc/liballoc.c.obj
 .debug_line    0x000000000000e38d     0x1f15 src/oboskrnl/CMakeFiles/oboskrnl.dir/multitasking/threadHandle.cpp.obj
 .debug_line    0x00000000000102a2      0x1a4 src/oboskrnl/CMakeFiles/oboskrnl.dir/external/list/list_node.c.obj
 .debug_line    0x0000000000010446      0xaf4 src/oboskrnl/CMakeFiles/oboskrnl.dir/external/list/list.c.obj
 .debug_line    0x0000000000010f3a     0x1131 src/oboskrnl/CMakeFiles/oboskrnl.dir/multitasking/multitasking.cpp.obj
 .debug_line    0x000000000001206b      0x614 src/oboskrnl/CMakeFiles/oboskrnl.dir/elf/elf.cpp.obj
 .debug_line    0x000000000001267f      0x707 src/oboskrnl/CMakeFiles/oboskrnl.dir/multitasking/thread.cpp.obj
 .debug_line    0x0000000000012d86      0x5ab src/oboskrnl/CMakeFiles/oboskrnl.dir/multitasking/mutex/mutex.cpp.obj
 .debug_line    0x0000000000013331      0x79e src/oboskrnl/CMakeFiles/oboskrnl.dir/multitasking/mutex/mutexHandle.cpp.obj
 .debug_line    0x0000000000013acf     0x1482 src/oboskrnl/CMakeFiles/oboskrnl.dir/process/process.cpp.obj
 .debug_line    0x0000000000014f51      0x258 src/oboskrnl/CMakeFiles/oboskrnl.dir/driver_api/interrupts.cpp.obj
 .debug_line    0x00000000000151a9     0x1d46 src/oboskrnl/CMakeFiles/oboskrnl.dir/driver_api/syscalls.cpp.obj
 .debug_line    0x0000000000016eef     0x2fa5 src/oboskrnl/CMakeFiles/oboskrnl.dir/syscalls/syscalls.cpp.obj
 .debug_line    0x0000000000019e94    0x1ded1 src/oboskrnl/CMakeFiles/oboskrnl.dir/external/amalgamated-dist/Zydis.c.obj
 .debug_line    0x0000000000037d65      0x2bf src/oboskrnl/CMakeFiles/oboskrnl.dir/descriptors/gdt/gdt.cpp.obj

.debug_frame    0x0000000000000000     0x7bd8
 .debug_frame   0x0000000000000000        0x0 src/oboskrnl/CMakeFiles/oboskrnl.dir/boot/x86-64/kernel_bootstrap.asm.obj
 .debug_frame   0x0000000000000000        0x0 src/oboskrnl/CMakeFiles/oboskrnl.dir/x86-64/inline-asm.asm.obj
 .debug_frame   0x0000000000000000        0x0 src/oboskrnl/CMakeFiles/oboskrnl.dir/descriptors/idt/x86-64/handlers.asm.obj
 .debug_frame   0x0000000000000000        0x0 src/oboskrnl/CMakeFiles/oboskrnl.dir/descriptors/idt/x86-64/idt.asm.obj
 .debug_frame   0x0000000000000000        0x0 src/oboskrnl/CMakeFiles/oboskrnl.dir/utils/memcpy_x86-64.asm.obj
 .debug_frame   0x0000000000000000        0x0 src/oboskrnl/CMakeFiles/oboskrnl.dir/memory_manager/paging/x86-64/init.asm.obj
 .debug_frame   0x0000000000000000        0x0 src/oboskrnl/CMakeFiles/oboskrnl.dir/multitasking/multitasking_x86-64.asm.obj
 .debug_frame   0x0000000000000000        0x0 src/oboskrnl/CMakeFiles/oboskrnl.dir/driver_api/interrupts.asm.obj
 .debug_frame   0x0000000000000000        0x0 src/oboskrnl/CMakeFiles/oboskrnl.dir/syscalls/interrupts.asm.obj
 .debug_frame   0x0000000000000000        0x0 src/oboskrnl/CMakeFiles/oboskrnl.dir/descriptors/gdt/gdt_x86-64.asm.obj
 .debug_frame   0x0000000000000000        0x0 src/oboskrnl/CMakeFiles/oboskrnl.dir/driver_api/x86_64/dInterrupts.asm.obj
 .debug_frame   0x0000000000000000       0xc0 src/oboskrnl/CMakeFiles/oboskrnl.dir/descriptors/idt/x86-64/idt.cpp.obj
 .debug_frame   0x00000000000000c0      0x170 src/oboskrnl/CMakeFiles/oboskrnl.dir/x86-64/exception_handlers.cpp.obj
 .debug_frame   0x0000000000000230      0x360 src/oboskrnl/CMakeFiles/oboskrnl.dir/memory_manager/paging/x86-64/init.cpp.obj
 .debug_frame   0x0000000000000590      0x2c8 src/oboskrnl/CMakeFiles/oboskrnl.dir/memory_manager/paging/x86-64/allocate.cpp.obj
 .debug_frame   0x0000000000000858      0x138 src/oboskrnl/CMakeFiles/oboskrnl.dir/memory_manager/x86-64/physical.cpp.obj
 .debug_frame   0x0000000000000990      0x3d8 src/oboskrnl/CMakeFiles/oboskrnl.dir/boot/kmain.cpp.obj
 .debug_frame   0x0000000000000d68      0x458 src/oboskrnl/CMakeFiles/oboskrnl.dir/console.cpp.obj
 .debug_frame   0x00000000000011c0      0x530 src/oboskrnl/CMakeFiles/oboskrnl.dir/klog.cpp.obj
 .debug_frame   0x00000000000016f0      0x2f0 src/oboskrnl/CMakeFiles/oboskrnl.dir/inline-asm.cpp.obj
 .debug_frame   0x00000000000019e0      0x538 src/oboskrnl/CMakeFiles/oboskrnl.dir/utils/bitfields.cpp.obj
 .debug_frame   0x0000000000001f18      0x3d0 src/oboskrnl/CMakeFiles/oboskrnl.dir/descriptors/idt/pic.cpp.obj
 .debug_frame   0x00000000000022e8       0xf8 src/oboskrnl/CMakeFiles/oboskrnl.dir/external/list/list_iterator.c.obj
 .debug_frame   0x00000000000023e0      0x138 src/oboskrnl/CMakeFiles/oboskrnl.dir/utils/memory.cpp.obj
 .debug_frame   0x0000000000002518      0x328 src/oboskrnl/CMakeFiles/oboskrnl.dir/memory_manager/paging/liballoc_hooks.cpp.obj
 .debug_frame   0x0000000000002840      0x1a0 src/oboskrnl/CMakeFiles/oboskrnl.dir/memory_manager/liballoc/liballoc.c.obj
 .debug_frame   0x00000000000029e0      0x930 src/oboskrnl/CMakeFiles/oboskrnl.dir/multitasking/threadHandle.cpp.obj
 .debug_frame   0x0000000000003310       0x50 src/oboskrnl/CMakeFiles/oboskrnl.dir/external/list/list_node.c.obj
 .debug_frame   0x0000000000003360      0x210 src/oboskrnl/CMakeFiles/oboskrnl.dir/external/list/list.c.obj
 .debug_frame   0x0000000000003570      0x1b0 src/oboskrnl/CMakeFiles/oboskrnl.dir/multitasking/multitasking.cpp.obj
 .debug_frame   0x0000000000003720       0x88 src/oboskrnl/CMakeFiles/oboskrnl.dir/elf/elf.cpp.obj
 .debug_frame   0x00000000000037a8       0xf8 src/oboskrnl/CMakeFiles/oboskrnl.dir/multitasking/thread.cpp.obj
 .debug_frame   0x00000000000038a0       0xf8 src/oboskrnl/CMakeFiles/oboskrnl.dir/multitasking/mutex/mutex.cpp.obj
 .debug_frame   0x0000000000003998      0x300 src/oboskrnl/CMakeFiles/oboskrnl.dir/multitasking/mutex/mutexHandle.cpp.obj
 .debug_frame   0x0000000000003c98      0x530 src/oboskrnl/CMakeFiles/oboskrnl.dir/process/process.cpp.obj
 .debug_frame   0x00000000000041c8       0xf8 src/oboskrnl/CMakeFiles/oboskrnl.dir/driver_api/interrupts.cpp.obj
 .debug_frame   0x00000000000042c0      0x460 src/oboskrnl/CMakeFiles/oboskrnl.dir/driver_api/syscalls.cpp.obj
 .debug_frame   0x0000000000004720      0x980 src/oboskrnl/CMakeFiles/oboskrnl.dir/syscalls/syscalls.cpp.obj
 .debug_frame   0x00000000000050a0     0x2ab0 src/oboskrnl/CMakeFiles/oboskrnl.dir/external/amalgamated-dist/Zydis.c.obj
 .debug_frame   0x0000000000007b50       0x88 src/oboskrnl/CMakeFiles/oboskrnl.dir/descriptors/gdt/gdt.cpp.obj

.debug_loc      0x0000000000000000        0x0
 .debug_loc     0x0000000000000000        0x0 src/oboskrnl/CMakeFiles/oboskrnl.dir/boot/x86-64/kernel_bootstrap.asm.obj
 .debug_loc     0x0000000000000000        0x0 src/oboskrnl/CMakeFiles/oboskrnl.dir/x86-64/inline-asm.asm.obj
 .debug_loc     0x0000000000000000        0x0 src/oboskrnl/CMakeFiles/oboskrnl.dir/descriptors/idt/x86-64/handlers.asm.obj
 .debug_loc     0x0000000000000000        0x0 src/oboskrnl/CMakeFiles/oboskrnl.dir/descriptors/idt/x86-64/idt.asm.obj
 .debug_loc     0x0000000000000000        0x0 src/oboskrnl/CMakeFiles/oboskrnl.dir/utils/memcpy_x86-64.asm.obj
 .debug_loc     0x0000000000000000        0x0 src/oboskrnl/CMakeFiles/oboskrnl.dir/memory_manager/paging/x86-64/init.asm.obj
 .debug_loc     0x0000000000000000        0x0 src/oboskrnl/CMakeFiles/oboskrnl.dir/multitasking/multitasking_x86-64.asm.obj
 .debug_loc     0x0000000000000000        0x0 src/oboskrnl/CMakeFiles/oboskrnl.dir/driver_api/interrupts.asm.obj
 .debug_loc     0x0000000000000000        0x0 src/oboskrnl/CMakeFiles/oboskrnl.dir/syscalls/interrupts.asm.obj
 .debug_loc     0x0000000000000000        0x0 src/oboskrnl/CMakeFiles/oboskrnl.dir/descriptors/gdt/gdt_x86-64.asm.obj
 .debug_loc     0x0000000000000000        0x0 src/oboskrnl/CMakeFiles/oboskrnl.dir/driver_api/x86_64/dInterrupts.asm.obj

.debug_str      0x0000000000000000     0x14ab
 .debug_str     0x0000000000000000        0x9 src/oboskrnl/CMakeFiles/oboskrnl.dir/descriptors/idt/x86-64/idt.cpp.obj
 .debug_str     0x0000000000000009       0x30 src/oboskrnl/CMakeFiles/oboskrnl.dir/x86-64/exception_handlers.cpp.obj
 .debug_str     0x0000000000000039       0x3d src/oboskrnl/CMakeFiles/oboskrnl.dir/memory_manager/paging/x86-64/init.cpp.obj
 .debug_str     0x0000000000000076       0xe3 src/oboskrnl/CMakeFiles/oboskrnl.dir/memory_manager/paging/x86-64/allocate.cpp.obj
 .debug_str     0x0000000000000159       0x29 src/oboskrnl/CMakeFiles/oboskrnl.dir/memory_manager/x86-64/physical.cpp.obj
 .debug_str     0x0000000000000182      0x350 src/oboskrnl/CMakeFiles/oboskrnl.dir/boot/kmain.cpp.obj
 .debug_str     0x00000000000004d2       0xa9 src/oboskrnl/CMakeFiles/oboskrnl.dir/console.cpp.obj
 .debug_str     0x000000000000057b      0x16f src/oboskrnl/CMakeFiles/oboskrnl.dir/klog.cpp.obj
 .debug_str     0x00000000000006ea       0x2a src/oboskrnl/CMakeFiles/oboskrnl.dir/inline-asm.cpp.obj
 .debug_str     0x0000000000000714       0x94 src/oboskrnl/CMakeFiles/oboskrnl.dir/utils/bitfields.cpp.obj
 .debug_str     0x00000000000007a8       0x39 src/oboskrnl/CMakeFiles/oboskrnl.dir/descriptors/idt/pic.cpp.obj
 .debug_str     0x00000000000007e1        0xa src/oboskrnl/CMakeFiles/oboskrnl.dir/external/list/list_iterator.c.obj
 .debug_str     0x00000000000007eb        0x0 src/oboskrnl/CMakeFiles/oboskrnl.dir/utils/memory.cpp.obj
 .debug_str     0x00000000000007eb       0x46 src/oboskrnl/CMakeFiles/oboskrnl.dir/memory_manager/paging/liballoc_hooks.cpp.obj
 .debug_str     0x0000000000000831       0x26 src/oboskrnl/CMakeFiles/oboskrnl.dir/memory_manager/liballoc/liballoc.c.obj
 .debug_str     0x0000000000000857      0x105 src/oboskrnl/CMakeFiles/oboskrnl.dir/multitasking/threadHandle.cpp.obj
 .debug_str     0x000000000000095c        0x0 src/oboskrnl/CMakeFiles/oboskrnl.dir/external/list/list_node.c.obj
 .debug_str     0x000000000000095c       0x14 src/oboskrnl/CMakeFiles/oboskrnl.dir/external/list/list.c.obj
 .debug_str     0x0000000000000970       0x36 src/oboskrnl/CMakeFiles/oboskrnl.dir/multitasking/multitasking.cpp.obj
 .debug_str     0x00000000000009a6       0x23 src/oboskrnl/CMakeFiles/oboskrnl.dir/elf/elf.cpp.obj
 .debug_str     0x00000000000009c9       0x5e src/oboskrnl/CMakeFiles/oboskrnl.dir/multitasking/thread.cpp.obj
 .debug_str     0x0000000000000a27       0x2a src/oboskrnl/CMakeFiles/oboskrnl.dir/multitasking/mutex/mutex.cpp.obj
 .debug_str     0x0000000000000a51       0x62 src/oboskrnl/CMakeFiles/oboskrnl.dir/multitasking/mutex/mutexHandle.cpp.obj
 .debug_str     0x0000000000000ab3       0x7b src/oboskrnl/CMakeFiles/oboskrnl.dir/process/process.cpp.obj
 .debug_str     0x0000000000000b2e        0x0 src/oboskrnl/CMakeFiles/oboskrnl.dir/driver_api/interrupts.cpp.obj
 .debug_str     0x0000000000000b2e       0x9b src/oboskrnl/CMakeFiles/oboskrnl.dir/driver_api/syscalls.cpp.obj
 .debug_str     0x0000000000000bc9      0x291 src/oboskrnl/CMakeFiles/oboskrnl.dir/syscalls/syscalls.cpp.obj
 .debug_str     0x0000000000000e5a      0x651 src/oboskrnl/CMakeFiles/oboskrnl.dir/external/amalgamated-dist/Zydis.c.obj
 .debug_str     0x00000000000014ab        0x0 src/oboskrnl/CMakeFiles/oboskrnl.dir/descriptors/gdt/gdt.cpp.obj

.comment        0x0000000000000000       0x12
 .comment       0x0000000000000000       0x12 src/oboskrnl/CMakeFiles/oboskrnl.dir/descriptors/idt/x86-64/idt.cpp.obj
                                         0x13 (size before relaxing)
 .comment       0x0000000000000012       0x13 src/oboskrnl/CMakeFiles/oboskrnl.dir/x86-64/exception_handlers.cpp.obj
 .comment       0x0000000000000012       0x13 src/oboskrnl/CMakeFiles/oboskrnl.dir/memory_manager/paging/x86-64/init.cpp.obj
 .comment       0x0000000000000012       0x13 src/oboskrnl/CMakeFiles/oboskrnl.dir/memory_manager/paging/x86-64/allocate.cpp.obj
 .comment       0x0000000000000012       0x13 src/oboskrnl/CMakeFiles/oboskrnl.dir/memory_manager/x86-64/physical.cpp.obj
 .comment       0x0000000000000012       0x13 src/oboskrnl/CMakeFiles/oboskrnl.dir/boot/kmain.cpp.obj
 .comment       0x0000000000000012       0x13 src/oboskrnl/CMakeFiles/oboskrnl.dir/console.cpp.obj
 .comment       0x0000000000000012       0x13 src/oboskrnl/CMakeFiles/oboskrnl.dir/klog.cpp.obj
 .comment       0x0000000000000012       0x13 src/oboskrnl/CMakeFiles/oboskrnl.dir/inline-asm.cpp.obj
 .comment       0x0000000000000012       0x13 src/oboskrnl/CMakeFiles/oboskrnl.dir/utils/bitfields.cpp.obj
 .comment       0x0000000000000012       0x13 src/oboskrnl/CMakeFiles/oboskrnl.dir/descriptors/idt/pic.cpp.obj
 .comment       0x0000000000000012       0x13 src/oboskrnl/CMakeFiles/oboskrnl.dir/external/list/list_iterator.c.obj
 .comment       0x0000000000000012       0x13 src/oboskrnl/CMakeFiles/oboskrnl.dir/utils/memory.cpp.obj
 .comment       0x0000000000000012       0x13 src/oboskrnl/CMakeFiles/oboskrnl.dir/memory_manager/paging/liballoc_hooks.cpp.obj
 .comment       0x0000000000000012       0x13 src/oboskrnl/CMakeFiles/oboskrnl.dir/memory_manager/liballoc/liballoc.c.obj
 .comment       0x0000000000000012       0x13 src/oboskrnl/CMakeFiles/oboskrnl.dir/multitasking/threadHandle.cpp.obj
 .comment       0x0000000000000012       0x13 src/oboskrnl/CMakeFiles/oboskrnl.dir/external/list/list_node.c.obj
 .comment       0x0000000000000012       0x13 src/oboskrnl/CMakeFiles/oboskrnl.dir/external/list/list.c.obj
 .comment       0x0000000000000012       0x13 src/oboskrnl/CMakeFiles/oboskrnl.dir/multitasking/multitasking.cpp.obj
 .comment       0x0000000000000012       0x13 src/oboskrnl/CMakeFiles/oboskrnl.dir/elf/elf.cpp.obj
 .comment       0x0000000000000012       0x13 src/oboskrnl/CMakeFiles/oboskrnl.dir/multitasking/thread.cpp.obj
 .comment       0x0000000000000012       0x13 src/oboskrnl/CMakeFiles/oboskrnl.dir/multitasking/mutex/mutex.cpp.obj
 .comment       0x0000000000000012       0x13 src/oboskrnl/CMakeFiles/oboskrnl.dir/multitasking/mutex/mutexHandle.cpp.obj
 .comment       0x0000000000000012       0x13 src/oboskrnl/CMakeFiles/oboskrnl.dir/process/process.cpp.obj
 .comment       0x0000000000000012       0x13 src/oboskrnl/CMakeFiles/oboskrnl.dir/driver_api/interrupts.cpp.obj
 .comment       0x0000000000000012       0x13 src/oboskrnl/CMakeFiles/oboskrnl.dir/driver_api/syscalls.cpp.obj
 .comment       0x0000000000000012       0x13 src/oboskrnl/CMakeFiles/oboskrnl.dir/syscalls/syscalls.cpp.obj
 .comment       0x0000000000000012       0x13 src/oboskrnl/CMakeFiles/oboskrnl.dir/external/amalgamated-dist/Zydis.c.obj
 .comment       0x0000000000000012       0x13 src/oboskrnl/CMakeFiles/oboskrnl.dir/descriptors/gdt/gdt.cpp.obj

.debug_rnglists
                0x0000000000000000      0x6f3
 .debug_rnglists
                0x0000000000000000       0x2f src/oboskrnl/CMakeFiles/oboskrnl.dir/x86-64/exception_handlers.cpp.obj
 .debug_rnglists
                0x000000000000002f       0x51 src/oboskrnl/CMakeFiles/oboskrnl.dir/memory_manager/paging/x86-64/allocate.cpp.obj
 .debug_rnglists
                0x0000000000000080       0x51 src/oboskrnl/CMakeFiles/oboskrnl.dir/boot/kmain.cpp.obj
 .debug_rnglists
                0x00000000000000d1       0x52 src/oboskrnl/CMakeFiles/oboskrnl.dir/klog.cpp.obj
 .debug_rnglists
                0x0000000000000123       0xc8 src/oboskrnl/CMakeFiles/oboskrnl.dir/multitasking/threadHandle.cpp.obj
 .debug_rnglists
                0x00000000000001eb       0x51 src/oboskrnl/CMakeFiles/oboskrnl.dir/multitasking/multitasking.cpp.obj
 .debug_rnglists
                0x000000000000023c       0x40 src/oboskrnl/CMakeFiles/oboskrnl.dir/multitasking/thread.cpp.obj
 .debug_rnglists
                0x000000000000027c       0x84 src/oboskrnl/CMakeFiles/oboskrnl.dir/multitasking/mutex/mutexHandle.cpp.obj
 .debug_rnglists
                0x0000000000000300       0xc8 src/oboskrnl/CMakeFiles/oboskrnl.dir/process/process.cpp.obj
 .debug_rnglists
                0x00000000000003c8       0xef src/oboskrnl/CMakeFiles/oboskrnl.dir/driver_api/syscalls.cpp.obj
 .debug_rnglists
                0x00000000000004b7      0x23c src/oboskrnl/CMakeFiles/oboskrnl.dir/external/amalgamated-dist/Zydis.c.obj
