Archive member included to satisfy reference by file (symbol)

/home/omar/opt/cross/lib/gcc/i686-elf/11.4.0/libgcc.a(_udivdi3.o)
                              src/oboskrnl/CMakeFiles/oboskrnl.dir/external/amalgamated-dist/Zydis.c.obj (__udivdi3)
/home/omar/opt/cross/lib/gcc/i686-elf/11.4.0/libgcc.a(_umoddi3.o)
                              src/oboskrnl/CMakeFiles/oboskrnl.dir/klog.cpp.obj (__umoddi3)

Discarded input sections

 .gnu.linkonce.t._ZN4obos6Handle7getTypeEv
                0x00000000        0xa src/oboskrnl/CMakeFiles/oboskrnl.dir/multitasking/threadHandle.cpp.obj
 .gnu.linkonce.t._ZN4obos6HandleD2Ev
                0x00000000       0x10 src/oboskrnl/CMakeFiles/oboskrnl.dir/multitasking/threadHandle.cpp.obj
 .gnu.linkonce.t._ZN4obos12multitasking12ThreadHandleD1Ev
                0x00000000       0x30 src/oboskrnl/CMakeFiles/oboskrnl.dir/multitasking/threadHandle.cpp.obj
 .gnu.linkonce.r._ZTVN4obos6HandleE
                0x00000000       0x1c src/oboskrnl/CMakeFiles/oboskrnl.dir/multitasking/threadHandle.cpp.obj
 .gnu.linkonce.t._ZN4obos12multitasking6ThreadD1Ev
                0x00000000       0x41 src/oboskrnl/CMakeFiles/oboskrnl.dir/multitasking/multitasking.cpp.obj
 .gnu.linkonce.t._ZN4obos12multitasking6ThreadD0Ev
                0x00000000       0x26 src/oboskrnl/CMakeFiles/oboskrnl.dir/multitasking/multitasking.cpp.obj
 .gnu.linkonce.t._ZN4obos12multitasking6ThreadC1Ev
                0x00000000       0x99 src/oboskrnl/CMakeFiles/oboskrnl.dir/multitasking/multitasking.cpp.obj
 .gnu.linkonce.r._ZTVN4obos12multitasking6ThreadE
                0x00000000       0x10 src/oboskrnl/CMakeFiles/oboskrnl.dir/multitasking/multitasking.cpp.obj
 .gnu.linkonce.t._ZN4obos12multitasking6ThreadD1Ev
                0x00000000       0x41 src/oboskrnl/CMakeFiles/oboskrnl.dir/multitasking/thread.cpp.obj
 .gnu.linkonce.t._ZN4obos12multitasking6ThreadD0Ev
                0x00000000       0x26 src/oboskrnl/CMakeFiles/oboskrnl.dir/multitasking/thread.cpp.obj
 .gnu.linkonce.r._ZTVN4obos12multitasking6ThreadE
                0x00000000       0x10 src/oboskrnl/CMakeFiles/oboskrnl.dir/multitasking/thread.cpp.obj
 .gnu.linkonce.t._ZN4obos6Handle7getTypeEv
                0x00000000        0xa src/oboskrnl/CMakeFiles/oboskrnl.dir/multitasking/mutex/mutexHandle.cpp.obj
 .gnu.linkonce.t._ZN4obos6Handle13getReferencesEv
                0x00000000        0xe src/oboskrnl/CMakeFiles/oboskrnl.dir/multitasking/mutex/mutexHandle.cpp.obj
 .gnu.linkonce.t._ZN4obos6HandleD2Ev
                0x00000000       0x10 src/oboskrnl/CMakeFiles/oboskrnl.dir/multitasking/mutex/mutexHandle.cpp.obj
 .gnu.linkonce.t._ZN4obos6HandleC2Ev
                0x00000000       0x2e src/oboskrnl/CMakeFiles/oboskrnl.dir/multitasking/mutex/mutexHandle.cpp.obj
 .gnu.linkonce.r._ZTVN4obos6HandleE
                0x00000000       0x1c src/oboskrnl/CMakeFiles/oboskrnl.dir/multitasking/mutex/mutexHandle.cpp.obj
 .gnu.linkonce.t._ZN4obos12multitasking6ThreadD1Ev
                0x00000000       0x41 src/oboskrnl/CMakeFiles/oboskrnl.dir/process/process.cpp.obj
 .gnu.linkonce.t._ZN4obos12multitasking6ThreadD0Ev
                0x00000000       0x26 src/oboskrnl/CMakeFiles/oboskrnl.dir/process/process.cpp.obj
 .gnu.linkonce.t._ZN4obos6Handle7getTypeEv
                0x00000000        0xa src/oboskrnl/CMakeFiles/oboskrnl.dir/process/process.cpp.obj
 .gnu.linkonce.t._ZN4obos6HandleD2Ev
                0x00000000       0x10 src/oboskrnl/CMakeFiles/oboskrnl.dir/process/process.cpp.obj
 .gnu.linkonce.t._ZN4obos12multitasking12ThreadHandleD1Ev
                0x00000000       0x30 src/oboskrnl/CMakeFiles/oboskrnl.dir/process/process.cpp.obj
 .gnu.linkonce.t._ZN4obos12multitasking12ThreadHandleD0Ev
                0x00000000       0x26 src/oboskrnl/CMakeFiles/oboskrnl.dir/process/process.cpp.obj
 .gnu.linkonce.t._ZN4obos12multitasking6ThreadC1Ev
                0x00000000       0x99 src/oboskrnl/CMakeFiles/oboskrnl.dir/process/process.cpp.obj
 .gnu.linkonce.r._ZTVN4obos6HandleE
                0x00000000       0x1c src/oboskrnl/CMakeFiles/oboskrnl.dir/process/process.cpp.obj
 .gnu.linkonce.r._ZTVN4obos12multitasking6ThreadE
                0x00000000       0x10 src/oboskrnl/CMakeFiles/oboskrnl.dir/process/process.cpp.obj

Memory Configuration

Name             Origin             Length             Attributes
*default*        0x00000000         0xffffffff

Linker script and memory map

LOAD src/oboskrnl/CMakeFiles/oboskrnl.dir/boot/i686/kernel_bootstrap.asm.obj
LOAD src/oboskrnl/CMakeFiles/oboskrnl.dir/descriptors/gdt/gdt.asm.obj
LOAD src/oboskrnl/CMakeFiles/oboskrnl.dir/descriptors/idt/i686/idt.asm.obj
LOAD src/oboskrnl/CMakeFiles/oboskrnl.dir/descriptors/idt/i686/handlers.asm.obj
LOAD src/oboskrnl/CMakeFiles/oboskrnl.dir/memory_manager/paging/i686/init.asm.obj
LOAD src/oboskrnl/CMakeFiles/oboskrnl.dir/multitasking/multitasking-i686.asm.obj
LOAD src/oboskrnl/CMakeFiles/oboskrnl.dir/utils/memcpy_i686.asm.obj
LOAD src/oboskrnl/CMakeFiles/oboskrnl.dir/i686/inline-asm.asm.obj
LOAD src/oboskrnl/CMakeFiles/oboskrnl.dir/driver_api/interrupts.asm.obj
LOAD src/oboskrnl/CMakeFiles/oboskrnl.dir/syscalls/interrupts.asm.obj
LOAD src/oboskrnl/CMakeFiles/oboskrnl.dir/memory_manager/i686/physical.cpp.obj
LOAD src/oboskrnl/CMakeFiles/oboskrnl.dir/memory_manager/paging/i686/init.cpp.obj
LOAD src/oboskrnl/CMakeFiles/oboskrnl.dir/memory_manager/paging/i686/allocate.cpp.obj
LOAD src/oboskrnl/CMakeFiles/oboskrnl.dir/descriptors/idt/i686/idt.cpp.obj
LOAD src/oboskrnl/CMakeFiles/oboskrnl.dir/i686/exception_handlers.cpp.obj
LOAD src/oboskrnl/CMakeFiles/oboskrnl.dir/boot/kmain.cpp.obj
LOAD src/oboskrnl/CMakeFiles/oboskrnl.dir/console.cpp.obj
LOAD src/oboskrnl/CMakeFiles/oboskrnl.dir/klog.cpp.obj
LOAD src/oboskrnl/CMakeFiles/oboskrnl.dir/inline-asm.cpp.obj
LOAD src/oboskrnl/CMakeFiles/oboskrnl.dir/utils/bitfields.cpp.obj
LOAD src/oboskrnl/CMakeFiles/oboskrnl.dir/descriptors/idt/pic.cpp.obj
LOAD src/oboskrnl/CMakeFiles/oboskrnl.dir/external/list/list_iterator.c.obj
LOAD src/oboskrnl/CMakeFiles/oboskrnl.dir/utils/memory.cpp.obj
LOAD src/oboskrnl/CMakeFiles/oboskrnl.dir/memory_manager/paging/liballoc_hooks.cpp.obj
LOAD src/oboskrnl/CMakeFiles/oboskrnl.dir/memory_manager/liballoc/liballoc.c.obj
LOAD src/oboskrnl/CMakeFiles/oboskrnl.dir/multitasking/threadHandle.cpp.obj
LOAD src/oboskrnl/CMakeFiles/oboskrnl.dir/external/list/list_node.c.obj
LOAD src/oboskrnl/CMakeFiles/oboskrnl.dir/external/list/list.c.obj
LOAD src/oboskrnl/CMakeFiles/oboskrnl.dir/multitasking/multitasking.cpp.obj
LOAD src/oboskrnl/CMakeFiles/oboskrnl.dir/elf/elf.cpp.obj
LOAD src/oboskrnl/CMakeFiles/oboskrnl.dir/multitasking/thread.cpp.obj
LOAD src/oboskrnl/CMakeFiles/oboskrnl.dir/multitasking/mutex/mutex.cpp.obj
LOAD src/oboskrnl/CMakeFiles/oboskrnl.dir/multitasking/mutex/mutexHandle.cpp.obj
LOAD src/oboskrnl/CMakeFiles/oboskrnl.dir/process/process.cpp.obj
LOAD src/oboskrnl/CMakeFiles/oboskrnl.dir/driver_api/interrupts.cpp.obj
LOAD src/oboskrnl/CMakeFiles/oboskrnl.dir/driver_api/syscalls.cpp.obj
LOAD src/oboskrnl/CMakeFiles/oboskrnl.dir/syscalls/syscalls.cpp.obj
LOAD src/oboskrnl/CMakeFiles/oboskrnl.dir/external/amalgamated-dist/Zydis.c.obj
LOAD src/oboskrnl/CMakeFiles/oboskrnl.dir/descriptors/gdt/gdt.cpp.obj
LOAD /home/omar/opt/cross/lib/gcc/i686-elf/11.4.0/libgcc.a
                0x00100000                        . = 0x100000
                0x00100000                        _kernel_start = .

.multiboot.data
                0x00100000     0x3004
 *(.multiboot.data)
 .multiboot.data
                0x00100000     0x3004 src/oboskrnl/CMakeFiles/oboskrnl.dir/boot/i686/kernel_bootstrap.asm.obj
                0x00102000                boot_page_directory1

.multiboot.text
                0x00103004       0x64
 *(.multiboot.text)
 .multiboot.text
                0x00103004       0x64 src/oboskrnl/CMakeFiles/oboskrnl.dir/boot/i686/kernel_bootstrap.asm.obj
                0x00103004                _start
                0xc0103068                        . = (. + 0xc0000000)

.text           0xc0104000    0x2367e load address 0x00104000
                0xc0104000                        _stext = .
 *(.text)
 .text          0xc0104000       0x25 src/oboskrnl/CMakeFiles/oboskrnl.dir/boot/i686/kernel_bootstrap.asm.obj
                0xc0104018                _ZN4obos15RestartComputerEv
 *fill*         0xc0104025        0xb 
 .text          0xc0104030       0x25 src/oboskrnl/CMakeFiles/oboskrnl.dir/descriptors/gdt/gdt.asm.obj
                0xc0104030                gdtFlush
                0xc010404d                tssFlush
 *fill*         0xc0104055        0xb 
 .text          0xc0104060        0x8 src/oboskrnl/CMakeFiles/oboskrnl.dir/descriptors/idt/i686/idt.asm.obj
                0xc0104060                _ZN4obos8idtFlushEj
 *fill*         0xc0104068        0x8 
 .text          0xc0104070      0x1d0 src/oboskrnl/CMakeFiles/oboskrnl.dir/descriptors/idt/i686/handlers.asm.obj
                0xc0104070                isr0
                0xc010407a                isr1
                0xc0104084                isr2
                0xc010408e                isr3
                0xc0104098                isr4
                0xc01040a2                isr5
                0xc01040ac                isr6
                0xc01040b6                isr7
                0xc01040c0                isr8
                0xc01040c8                isr9
                0xc01040d2                isr10
                0xc01040da                isr11
                0xc01040e2                isr12
                0xc01040ea                isr13
                0xc01040f2                isr14
                0xc01040fa                isr15
                0xc0104104                isr16
                0xc010410e                isr17
                0xc0104118                isr18
                0xc0104122                isr19
                0xc010412c                isr20
                0xc0104136                isr21
                0xc010413e                isr22
                0xc0104148                isr23
                0xc0104152                isr24
                0xc010415c                isr25
                0xc0104166                isr26
                0xc0104170                isr27
                0xc010417a                isr28
                0xc0104184                isr29
                0xc010418c                isr30
                0xc0104191                isr31
                0xc0104198                isr32
                0xc010419f                isr33
                0xc01041a6                isr34
                0xc01041ad                isr35
                0xc01041b4                isr36
                0xc01041bb                isr37
                0xc01041c2                isr38
                0xc01041c9                isr39
                0xc01041d0                isr40
                0xc01041d7                isr41
                0xc01041de                isr42
                0xc01041e5                isr43
                0xc01041ec                isr44
                0xc01041f3                isr45
                0xc01041fa                isr46
                0xc0104201                isr47
                0xc0104208                isr48
                0xc010420f                isr_common_stub
 .text          0xc0104240       0x20 src/oboskrnl/CMakeFiles/oboskrnl.dir/memory_manager/paging/i686/init.asm.obj
                0xc0104240                _ZN4obos6memory13PageDirectory15switchToThisAsmEj
                0xc010424c                _ZN4obos6memory19GetPageFaultAddressEv
                0xc0104250                _ZN4obos6memory12enablePagingEv
 .text          0xc0104260       0x7e src/oboskrnl/CMakeFiles/oboskrnl.dir/multitasking/multitasking-i686.asm.obj
                0xc0104260                _ZN4obos12multitasking15switchToTaskAsmEv
                0xc0104294                _ZN4obos12multitasking20switchToUserModeTaskEv
 *fill*         0xc01042de        0x2 
 .text          0xc01042e0       0xa2 src/oboskrnl/CMakeFiles/oboskrnl.dir/utils/memcpy_i686.asm.obj
                0xc01042e0                memcpy
                0xc01042e0                _ZN4obos5utils6memcpyEPvPKvj
                0xc01042fd                _ZN4obos5utils7memzeroEPvj
                0xc0104315                _ZN4obos5utils8dwMemsetEPjjj
                0xc0104331                _ZN4obos5utils8dwMemcpyEPjPKjj
                0xc0104352                memset
                0xc0104352                _ZN4obos5utils6memsetEPvjj
                0xc010436c                _ZN4obos5utils6strlenEPKc
 *fill*         0xc0104382        0xe 
 .text          0xc0104390        0xd src/oboskrnl/CMakeFiles/oboskrnl.dir/i686/inline-asm.asm.obj
                0xc0104390                _Z9getEflagsv
                0xc0104397                _Z6getEIPv
                0xc010439a                getEBP
 *fill*         0xc010439d        0x3 
 .text          0xc01043a0       0x12 src/oboskrnl/CMakeFiles/oboskrnl.dir/driver_api/interrupts.asm.obj
                0xc01043a0                isr80
 *fill*         0xc01043b2        0xe 
 .text          0xc01043c0       0x39 src/oboskrnl/CMakeFiles/oboskrnl.dir/syscalls/interrupts.asm.obj
                0xc01043c0                isr64
 .text          0xc01043f9      0x5d7 src/oboskrnl/CMakeFiles/oboskrnl.dir/memory_manager/i686/physical.cpp.obj
                0xc01044de                _ZN4obos6memory31InitializePhysicalMemoryManagerEv
                0xc010471b                _ZN4obos6memory19kalloc_physicalPageEv
                0xc01048b2                _ZN4obos6memory18kfree_physicalPageEPv
 .text          0xc01049d0      0x313 src/oboskrnl/CMakeFiles/oboskrnl.dir/memory_manager/paging/i686/init.cpp.obj
                0xc01049d0                _ZN4obos6memory13PageDirectoryC2Ev
                0xc01049d0                _ZN4obos6memory13PageDirectoryC1Ev
                0xc01049fe                _ZN4obos6memory13PageDirectoryC1EPj
                0xc01049fe                _ZN4obos6memory13PageDirectoryC2EPj
                0xc0104a2a                _ZN4obos6memory13PageDirectory4initEv
                0xc0104a52                _ZN4obos6memory13PageDirectory12switchToThisEv
                0xc0104a8a                _ZN4obos6memory13PageDirectory19getPageTableAddressEt
                0xc0104afc                _ZN4obos6memory13PageDirectory12getPageTableEt
                0xc0104b76                _ZN4obos6memory13PageDirectoryD1Ev
                0xc0104b76                _ZN4obos6memory13PageDirectoryD2Ev
                0xc0104b9c                _ZN4obos6memory13PageDirectory14addressToIndexEj
                0xc0104ba8                _ZN4obos6memory13PageDirectory23addressToPageTableIndexEj
                0xc0104bb7                _ZN4obos6memory16InitializePagingEv
                0xc0104cd1                _ZN4obos6memory8tlbFlushEj
 .text          0xc0104ce3      0x97d src/oboskrnl/CMakeFiles/oboskrnl.dir/memory_manager/paging/i686/allocate.cpp.obj
                0xc0104ce3                _ZN4obos6memory14kmap_pageTableEPv
                0xc0104d15                _ZN4obos6memory15kfree_pageTableEv
                0xc0104d38                _ZN4obos6memory13kmap_physicalEPvjS1_b
                0xc0104ef8                _ZN4obos6memory12VirtualAllocEPvjj
                0xc010520c                _ZN4obos6memory11VirtualFreeEPvj
                0xc0105414                _ZN4obos6memory17HasVirtualAddressEPKvj
                0xc010552a                _ZN4obos6memory13MemoryProtectEPvjj
 .text          0xc0105660      0xa42 src/oboskrnl/CMakeFiles/oboskrnl.dir/descriptors/idt/i686/idt.cpp.obj
                0xc0105660                _ZN4obos8IdtEntryC2Ejth
                0xc0105660                _ZN4obos8IdtEntryC1Ejth
                0xc01056b3                _ZN4obos13InitializeIdtEv
                0xc0106085                _ZN4obos24RegisterInterruptHandlerEhPFvPKNS_15interrupt_frameEE
 .text          0xc01060a2      0x382 src/oboskrnl/CMakeFiles/oboskrnl.dir/i686/exception_handlers.cpp.obj
                0xc01060a2                _ZN4obos9pageFaultEPKNS_15interrupt_frameE
                0xc010629f                _ZN4obos23defaultExceptionHandlerEPKNS_15interrupt_frameE
 .text          0xc0106424      0xbf2 src/oboskrnl/CMakeFiles/oboskrnl.dir/boot/kmain.cpp.obj
                0xc0106468                _ZN4obos5kmainEP14multiboot_infoj
                0xc01067d1                _ZN4obos8kmainThrEv
                0xc0106e43                __cxa_pure_virtual
                0xc0106e64                __cxa_atexit
                0xc0106edc                __cxa_finalize
 .text          0xc0107016      0xc70 src/oboskrnl/CMakeFiles/oboskrnl.dir/console.cpp.obj
                0xc0107291                _ZN4obos17InitializeConsoleEjj
                0xc0107459                _ZN4obos15SetConsoleColorEjj
                0xc01074a5                _ZN4obos15GetConsoleColorERjS0_
                0xc010773d                _ZN4obos13ConsoleOutputEPKcjb
                0xc01077c1                _ZN4obos19ConsoleOutputStringEPKcb
                0xc010784c                _ZN4obos15ConsoleFillLineEcb
                0xc01078d6                _ZN4obos22ConsoleOutputCharacterEcb
                0xc010793f                _ZN4obos22ConsoleOutputCharacterEcjjb
                0xc01079d8                _ZN4obos25SetTerminalCursorPositionEjj
                0xc01079ee                _ZN4obos25GetTerminalCursorPositionERjS0_
                0xc0107b75                _ZN4obos12ClearConsoleEv
                0xc0107bf0                _ZN4obos11swapBuffersEv
 .text          0xc0107c86     0x107a src/oboskrnl/CMakeFiles/oboskrnl.dir/klog.cpp.obj
                0xc0107d41                _Z10strreversePci
                0xc0107db1                _Z13itoa_unsignedjPci
                0xc0107e5c                _ZN4obos22consoleOutputCharacterEhPv
                0xc0107eaa                _ZN4obos8_vprintfEPFvhPvES0_PKcPc
                0xc0108295                _ZN4obos6printfEPKcz
                0xc0108313                _ZN4obos7sprintfEPcPKcz
                0xc010834f                _ZN4obos7vprintfEPKcPc
                0xc0108390                _ZN4obos6kpanicEPvS0_PKcz
                0xc0108531                _ZN4obos14printf_noFlushEPKcz
                0xc0108556                _ZN4obos15printStackTraceEPvPKc
                0xc01086cd                _ZN4obos11disassembleEPvPKc
                0xc0108891                _ZN4obos7countToEPKcc
                0xc01088eb                _ZN4obos7hex2binEPKcj
                0xc01089ae                _ZN4obos9addr2funcEPvRPcRj
                0xc0108afd                _ZN4obos9addr2fileEPvRPc
                0xc0108c23                _ZN4obos4randEv
                0xc0108c4a                _ZN4obos5srandEj
                0xc0108c6e                _ZN4obos4poopEv
 .text          0xc0108d00      0x838 src/oboskrnl/CMakeFiles/oboskrnl.dir/inline-asm.cpp.obj
                0xc0108d00                _Z4outbth
                0xc0108d21                _Z4outwtt
                0xc0108d42                _Z3inbt
                0xc0108d5f                _Z3inwt
                0xc0108d7e                _Z7io_waitv
                0xc0108d93                _Z3cliv
                0xc0108da7                _Z3stiv
                0xc0108dbb                _Z3hltv
                0xc0108dc2                _Z4_inth
                0xc010947a                _ZN4obos18EnterKernelSectionEv
                0xc01094bc                _ZN4obos18LeaveKernelSectionEv
                0xc010951a                _ZN4obos12EnterSyscallEv
                0xc0109529                _ZN4obos11ExitSyscallEv
 .text          0xc0109538      0x2c2 src/oboskrnl/CMakeFiles/oboskrnl.dir/utils/bitfields.cpp.obj
                0xc0109556                _ZN4obos5utils12BitfieldBaseC2Ev
                0xc0109556                _ZN4obos5utils12BitfieldBaseC1Ev
                0xc0109570                _ZN4obos5utils12BitfieldBase6setBitEj
                0xc0109588                _ZN4obos5utils12BitfieldBase8clearBitEj
                0xc01095a2                _ZNK4obos5utils12BitfieldBase6getBitEj
                0xc01095b6                _ZNK4obos5utils12BitfieldBaseixEj
                0xc01095d6                _ZN4obos5utils12BitfieldBasecvjEv
                0xc01095e2                _ZN4obos5utils12BitfieldBasecvbEv
                0xc01095f4                _ZN4obos5utils8BitfieldC2Ev
                0xc01095f4                _ZN4obos5utils8BitfieldC1Ev
                0xc0109610                _ZN4obos5utils8Bitfield6setBitEh
                0xc0109646                _ZN4obos5utils8Bitfield8clearBitEh
                0xc010967c                _ZNK4obos5utils8Bitfield6getBitEh
                0xc01096c8                _ZNK4obos5utils8BitfieldixEh
                0xc01096f0                _ZN4obos5utils8BitfieldcvbEv
                0xc0109702                _ZN4obos5utils15IntegerBitfieldC2Ev
                0xc0109702                _ZN4obos5utils15IntegerBitfieldC1Ev
                0xc010971e                _ZN4obos5utils15IntegerBitfieldC2Ej
                0xc010971e                _ZN4obos5utils15IntegerBitfieldC1Ej
                0xc0109744                _ZN4obos5utils15IntegerBitfield11setBitfieldEj
                0xc0109753                _ZN4obos5utils16setBitInBitfieldERjh
                0xc0109781                _ZN4obos5utils18clearBitInBitfieldERjh
                0xc01097b1                _ZN4obos5utils17testBitInBitfieldEjh
 .text          0xc01097fa      0x487 src/oboskrnl/CMakeFiles/oboskrnl.dir/descriptors/idt/pic.cpp.obj
                0xc01097fa                _ZN4obos3PicC2Ett
                0xc01097fa                _ZN4obos3PicC1Ett
                0xc0109842                _ZN4obos3Pic8setPortsEtt
                0xc0109876                _ZN4obos3Pic15sendCommandByteEh
                0xc01098b4                _ZN4obos3Pic15sendCommandWordEt
                0xc01098f4                _ZN4obos3Pic12sendDataByteEh
                0xc0109934                _ZN4obos3Pic12sendDataWordEt
                0xc0109974                _ZN4obos3Pic15recvCommandByteEv
                0xc01099a8                _ZN4obos3Pic15recvCommandWordEv
                0xc01099dc                _ZN4obos3Pic12recvDataByteEv
                0xc0109a10                _ZN4obos3Pic12recvDataWordEv
                0xc0109a44                _ZN4obos3Pic7sendEOIEv
                0xc0109a5e                _ZN4obos3Pic5remapEhh
                0xc0109aba                _ZN4obos3Pic9enableIrqEh
                0xc0109b10                _ZN4obos3Pic10disableIrqEh
                0xc0109b66                _ZN4obos3Pic7disableEv
                0xc0109b82                _ZN4obos3Pic15issuedInterruptEh
                0xc0109bd0                _ZN4obos7SendEOIEh
 .text          0xc0109c81       0xbb src/oboskrnl/CMakeFiles/oboskrnl.dir/external/list/list_iterator.c.obj
                0xc0109c81                list_iterator_new
                0xc0109cb0                list_iterator_new_from_node
                0xc0109ce9                list_iterator_next
                0xc0109d1e                list_iterator_destroy
 .text          0xc0109d3c      0x1c6 src/oboskrnl/CMakeFiles/oboskrnl.dir/utils/memory.cpp.obj
                0xc0109d3c                memcmp
                0xc0109d58                _ZN4obos5utils6memcmpEPKvS2_j
                0xc0109e1d                _ZN4obos5utils6memchrEPvhj
                0xc0109e83                _ZN4obos5utils6memchrEPKvhj
                0xc0109ea7                _ZN4obos5utils6strcmpEPKcS2_
 .text          0xc0109f02      0x14d src/oboskrnl/CMakeFiles/oboskrnl.dir/memory_manager/paging/liballoc_hooks.cpp.obj
                0xc0109f02                liballoc_alloc
                0xc0109f5d                liballoc_free
                0xc0109f83                liballoc_lock
                0xc0109f95                liballoc_unlock
                0xc0109fa7                _Znwm
                0xc0109fbf                _Znam
                0xc0109fd7                _ZdlPv
                0xc0109fee                _ZdaPv
                0xc010a005                _ZdlPvm
                0xc010a01c                _ZdaPvm
                0xc010a033                _ZnwmPv
                0xc010a03b                _ZnamPv
                0xc010a043                _ZdlPvS_
                0xc010a049                _ZdaPvS_
 .text          0xc010a04f      0xc1d src/oboskrnl/CMakeFiles/oboskrnl.dir/memory_manager/liballoc/liballoc.c.obj
                0xc010a1f5                kmalloc
                0xc010a881                kfree
                0xc010aade                kcalloc
                0xc010ab19                krealloc
 .text          0xc010ac6c      0xc61 src/oboskrnl/CMakeFiles/oboskrnl.dir/multitasking/threadHandle.cpp.obj
                0xc010ac6c                _ZN4obos12multitasking12ThreadHandleC1Ev
                0xc010ac6c                _ZN4obos12multitasking12ThreadHandleC2Ev
                0xc010acc0                _ZN4obos12multitasking12ThreadHandle12CreateThreadENS0_6Thread10priority_tEPFvPvES4_jj
                0xc010ad40                _ZN4obos12multitasking12ThreadHandle10OpenThreadEj
                0xc010ade6                _ZN4obos12multitasking12ThreadHandle10OpenThreadEPNS0_6ThreadE
                0xc010ae58                _ZN4obos12multitasking12ThreadHandle11PauseThreadEb
                0xc010aee4                _ZN4obos12multitasking12ThreadHandle12ResumeThreadEv
                0xc010af2e                _ZN4obos12multitasking12ThreadHandle17SetThreadPriorityENS0_6Thread10priority_tE
                0xc010b0ac                _ZN4obos12multitasking12ThreadHandle15SetThreadStatusEj
                0xc010b14e                _ZN4obos12multitasking12ThreadHandle15TerminateThreadEj
                0xc010b24c                _ZN4obos12multitasking12ThreadHandle6GetTidEv
                0xc010b26c                _ZN4obos12multitasking12ThreadHandle11GetExitCodeEv
                0xc010b2b6                _ZN4obos12multitasking12ThreadHandle17GetThreadPriorityEv
                0xc010b2ea                _ZN4obos12multitasking12ThreadHandle15GetThreadStatusEv
                0xc010b360                _ZN4obos12multitasking12ThreadHandle17WaitForThreadExitEv
                0xc010b48c                _ZN4obos12multitasking12ThreadHandle25WaitForThreadStatusChangeEj
                0xc010b5a4                _ZN4obos12multitasking12ThreadHandle9duplicateEv
                0xc010b62a                _ZN4obos12multitasking12ThreadHandle11closeHandleEv
                0xc010b7aa                _ZN4obos12multitasking10ExitThreadEj
                0xc010b855                _ZN4obos12multitasking19GetCurrentThreadTidEv
                0xc010b872                _ZN4obos12multitasking24GetCurrentThreadPriorityEv
                0xc010b87f                _ZN4obos12multitasking22GetCurrentThreadStatusEv
                0xc010b88c                _ZN4obos12multitasking22GetCurrentThreadHandleEv
 .text          0xc010b8cd       0x44 src/oboskrnl/CMakeFiles/oboskrnl.dir/external/list/list_node.c.obj
                0xc010b8cd                list_node_new
 .text          0xc010b911      0x48d src/oboskrnl/CMakeFiles/oboskrnl.dir/external/list/list.c.obj
                0xc010b911                list_new
                0xc010b96a                list_destroy
                0xc010b9dd                list_rpush
                0xc010ba60                list_rpop
                0xc010bae0                list_lpop
                0xc010bb5e                list_lpush
                0xc010bbdd                list_find
                0xc010bc7b                list_at
                0xc010bd11                list_remove
 .text          0xc010bd9e      0x86c src/oboskrnl/CMakeFiles/oboskrnl.dir/multitasking/multitasking.cpp.obj
                0xc010bd9e                _ZN4obos12multitasking10canRanTaskEPNS0_6ThreadE
                0xc010bdca                _ZN4obos12multitasking12switchToTaskEPNS0_6ThreadE
                0xc010bf27                _ZN4obos12multitasking11findNewTaskEPKNS_15interrupt_frameE
                0xc010c449                _ZN4obos12multitasking22InitializeMultitaskingEv
 .text          0xc010c60a      0x217 src/oboskrnl/CMakeFiles/oboskrnl.dir/elf/elf.cpp.obj
                0xc010c783                _ZN4obos9elfLoader11LoadElfFileEPhjRjS2_
 *fill*         0xc010c821        0x1 
 .text          0xc010c822      0x2d2 src/oboskrnl/CMakeFiles/oboskrnl.dir/multitasking/thread.cpp.obj
                0xc010c822                _ZN4obos12multitasking6ThreadC2ENS1_10priority_tEPFvPvES3_jj
                0xc010c822                _ZN4obos12multitasking6ThreadC1ENS1_10priority_tEPFvPvES3_jj
                0xc010c8dc                _ZN4obos12multitasking6Thread12CreateThreadENS1_10priority_tEPFvPvES3_jj
 .text          0xc010caf4      0x14b src/oboskrnl/CMakeFiles/oboskrnl.dir/multitasking/mutex/mutex.cpp.obj
                0xc010caf4                _ZN4obos12multitasking17MutexLockCallbackEPNS0_6ThreadEPv
                0xc010cb26                _ZN4obos12multitasking5Mutex4LockEb
                0xc010cbdc                _ZN4obos12multitasking5Mutex6UnlockEv
                0xc010cc1e                _ZN4obos12multitasking5MutexD2Ev
                0xc010cc1e                _ZN4obos12multitasking5MutexD1Ev
 *fill*         0xc010cc3f        0x1 
 .text          0xc010cc40      0x262 src/oboskrnl/CMakeFiles/oboskrnl.dir/multitasking/mutex/mutexHandle.cpp.obj
                0xc010cc40                _ZN4obos12multitasking11MutexHandleC2Ev
                0xc010cc40                _ZN4obos12multitasking11MutexHandleC1Ev
                0xc010ccd8                _ZN4obos12multitasking11MutexHandle9duplicateEv
                0xc010cd4c                _ZN4obos12multitasking11MutexHandle11closeHandleEv
                0xc010cdde                _ZN4obos12multitasking11MutexHandle4LockEb
                0xc010ce20                _ZN4obos12multitasking11MutexHandle6UnlockEv
                0xc010ce4c                _ZN4obos12multitasking11MutexHandleD2Ev
                0xc010ce4c                _ZN4obos12multitasking11MutexHandleD1Ev
                0xc010ce7c                _ZN4obos12multitasking11MutexHandleD0Ev
 .text          0xc010cea2      0x899 src/oboskrnl/CMakeFiles/oboskrnl.dir/process/process.cpp.obj
                0xc010cea2                _ZN4obos7process7ProcessC1Ev
                0xc010cea2                _ZN4obos7process7ProcessC2Ev
                0xc010cf28                _ZN4obos7process16DriverEntryPointEPv
                0xc010d05c                _ZN4obos7process7Process13CreateProcessEPhjPvb
                0xc010d3a2                _ZN4obos7process7Process16TerminateProcessEj
                0xc010d622                _ZN4obos7process7Process15doContextSwitchEv
                0xc010d63c                _ZN4obos7process7Process21UncommitProcessMemoryEv
 .text          0xc010d73b       0x6a src/oboskrnl/CMakeFiles/oboskrnl.dir/driver_api/interrupts.cpp.obj
                0xc010d73b                _Z10do_nothingv
                0xc010d745                _ZN4obos9driverAPI20ResetSyscallHandlersEv
                0xc010d769                _ZN4obos9driverAPI22RegisterSyscallHandlerEhj
                0xc010d786                _ZN4obos9driverAPI24UnregisterSyscallHandlerEh
 .text          0xc010d7a5      0xae8 src/oboskrnl/CMakeFiles/oboskrnl.dir/driver_api/syscalls.cpp.obj
                0xc010d7a5                _ZN4obos9driverAPI16RegisterSyscallsEv
 .text          0xc010e28d     0x17cb src/oboskrnl/CMakeFiles/oboskrnl.dir/syscalls/syscalls.cpp.obj
                0xc010e337                _ZN4obos7process16RegisterSyscallsEv
 .text          0xc010fa58    0x1776a src/oboskrnl/CMakeFiles/oboskrnl.dir/external/amalgamated-dist/Zydis.c.obj
                0xc0111b57                ZydisDecodeOperands
                0xc01169e2                ZydisDecoderInit
                0xc0116a5e                ZydisDecoderEnableMode
                0xc0116a95                ZydisDecoderDecodeFull
                0xc0116b7a                ZydisDecoderDecodeInstruction
                0xc0116c7d                ZydisDecoderDecodeOperands
                0xc0116d0d                ZydisDecoderTreeGetChildNode
                0xc0117158                ZydisGetInstructionEncodingInfo
                0xc011c1ad                ZydisBuildRegisterOperand
                0xc011d689                ZydisEncoderEncodeInstruction
                0xc011d6dc                ZydisEncoderEncodeInstructionAbsolute
                0xc011dd21                ZydisEncoderDecodedInstructionToEncoderRequest
                0xc011e2a0                ZydisEncoderNopFill
                0xc011e305                ZydisGetRelInfo
                0xc011e394                ZydisGetEncodableInstructions
                0xc011ea06                ZydisFormatterBufferInit
                0xc011ea71                ZydisFormatterBufferInitTokenized
                0xc011eafc                ZydisFormatterInit
                0xc011eb34                ZydisFormatterSetProperty
                0xc011f073                ZydisFormatterSetHook
                0xc011f113                ZydisFormatterFormatInstruction
                0xc011f244                ZydisFormatterFormatOperand
                0xc011f42f                ZydisFormatterTokenizeInstruction
                0xc011f59e                ZydisFormatterTokenizeOperand
                0xc011f7c7                ZydisFormatterATTFormatInstruction
                0xc011fd86                ZydisFormatterATTFormatOperandMEM
                0xc0120210                ZydisFormatterATTPrintMnemonic
                0xc0120550                ZydisFormatterATTPrintRegister
                0xc01205fc                ZydisFormatterATTPrintAddressABS
                0xc012067f                ZydisFormatterATTPrintDISP
                0xc012093b                ZydisFormatterATTPrintIMM
                0xc01209a4                ZydisFormatterHelperGetExplicitSize
                0xc0120b30                ZydisFormatterBaseFormatOperandREG
                0xc0120b59                ZydisFormatterBaseFormatOperandPTR
                0xc0120e83                ZydisFormatterBaseFormatOperandIMM
                0xc0120f31                ZydisFormatterBasePrintAddressABS
                0xc0121149                ZydisFormatterBasePrintAddressREL
                0xc01214ca                ZydisFormatterBasePrintIMM
                0xc0121887                ZydisFormatterBasePrintSegment
                0xc0121a86                ZydisFormatterBasePrintPrefixes
                0xc0122baa                ZydisFormatterBasePrintDecorator
                0xc0123dfb                ZydisFormatterTokenGetValue
                0xc0123e34                ZydisFormatterTokenNext
                0xc0123e83                ZydisFormatterBufferGetToken
                0xc0123ec1                ZydisFormatterBufferGetString
                0xc0123f0a                ZydisFormatterBufferAppend
                0xc0123ff8                ZydisFormatterBufferRemember
                0xc0124039                ZydisFormatterBufferRestore
                0xc01240cb                ZydisFormatterIntelFormatInstruction
                0xc0124683                ZydisFormatterIntelFormatOperandMEM
                0xc0124b1f                ZydisFormatterIntelPrintMnemonic
                0xc0124cb2                ZydisFormatterIntelPrintRegister
                0xc0124d7b                ZydisFormatterIntelPrintDISP
                0xc0125168                ZydisFormatterIntelPrintTypecast
                0xc012555d                ZydisFormatterIntelFormatInstructionMASM
                0xc012558a                ZydisFormatterIntelPrintAddressMASM
                0xc01257d8                ZydisCategoryGetString
                0xc01257f4                ZydisISASetGetString
                0xc0125813                ZydisISAExtGetString
                0xc012582f                ZydisMnemonicGetString
                0xc0125855                ZydisMnemonicGetStringWrapped
                0xc0125879                ZydisRegisterEncode
                0xc01258ee                ZydisRegisterGetId
                0xc0125917                ZydisRegisterGetClass
                0xc012593f                ZydisRegisterGetWidth
                0xc0125984                ZydisRegisterGetLargestEnclosing
                0xc0125a70                ZydisRegisterGetString
                0xc0125a96                ZydisRegisterGetStringWrapped
                0xc0125aba                ZydisRegisterClassGetWidth
                0xc0125afc                ZydisGetInstructionSegments
                0xc0126019                ZydisGetInstructionDefinition
                0xc01260ce                ZydisGetOperandDefinitions
                0xc012611d                ZydisGetElementInfo
                0xc0126143                ZydisGetAccessedFlags
                0xc0126197                ZydisStringAppendDecU32
                0xc01262f1                ZydisStringAppendDecU64
                0xc01264be                ZydisStringAppendHexU32
                0xc01266dc                ZydisStringAppendHexU64
                0xc0126977                ZydisStringAppendDecU
                0xc0126a57                ZydisStringAppendHexU
                0xc0126b5a                ZydisCalcAbsoluteAddress
                0xc0126dac                ZydisCalcAbsoluteAddressEx
                0xc0126f41                ZydisGetVersion
                0xc0126f50                ZydisIsFeatureEnabled
                0xc012715c                ZydisDisassembleIntel
                0xc012718f                ZydisDisassembleATT
 .text          0xc01271c2      0x219 src/oboskrnl/CMakeFiles/oboskrnl.dir/descriptors/gdt/gdt.cpp.obj
                0xc01271c2                _ZN4obos8GdtEntryC2Ejjhh
                0xc01271c2                _ZN4obos8GdtEntryC1Ejjhh
                0xc012723b                _ZN4obos13InitializeGdtEv
                0xc01273cd                _ZN4obos11SetTSSStackEPv
 *fill*         0xc01273db        0x5 
 .text          0xc01273e0      0x12a /home/omar/opt/cross/lib/gcc/i686-elf/11.4.0/libgcc.a(_udivdi3.o)
                0xc01273e0                __udivdi3
 *fill*         0xc012750a        0x6 
 .text          0xc0127510      0x150 /home/omar/opt/cross/lib/gcc/i686-elf/11.4.0/libgcc.a(_umoddi3.o)
                0xc0127510                __umoddi3
                0xc0127660                        _glb_text_start = .
 *(.glb.text)
 .glb.text      0xc0127660       0x1e src/oboskrnl/CMakeFiles/oboskrnl.dir/process/process.cpp.obj
                0xc0127660                _ZN4obos7process14ProcEntryPointEPv
                0xc012767e                        _glb_text_end = .

.iplt           0xc012767e        0x0 load address 0x0012767e
 .iplt          0xc012767e        0x0 src/oboskrnl/CMakeFiles/oboskrnl.dir/boot/i686/kernel_bootstrap.asm.obj

.gnu.linkonce.t._ZN4obos6Handle7getTypeEv
                0xc012767e        0xa load address 0x0012767e
 .gnu.linkonce.t._ZN4obos6Handle7getTypeEv
                0xc012767e        0xa src/oboskrnl/CMakeFiles/oboskrnl.dir/boot/kmain.cpp.obj
                0xc012767e                _ZN4obos6Handle7getTypeEv

.gnu.linkonce.t._ZN4obos6HandleD2Ev
                0xc0127688       0x10 load address 0x00127688
 .gnu.linkonce.t._ZN4obos6HandleD2Ev
                0xc0127688       0x10 src/oboskrnl/CMakeFiles/oboskrnl.dir/boot/kmain.cpp.obj
                0xc0127688                _ZN4obos6HandleD2Ev

.gnu.linkonce.t._ZN4obos12multitasking12ThreadHandleD1Ev
                0xc0127698       0x30 load address 0x00127698
 .gnu.linkonce.t._ZN4obos12multitasking12ThreadHandleD1Ev
                0xc0127698       0x30 src/oboskrnl/CMakeFiles/oboskrnl.dir/boot/kmain.cpp.obj
                0xc0127698                _ZN4obos12multitasking12ThreadHandleD1Ev

.gnu.linkonce.t._ZN4obos6Handle13getReferencesEv
                0xc01276c8        0xe load address 0x001276c8
 .gnu.linkonce.t._ZN4obos6Handle13getReferencesEv
                0xc01276c8        0xe src/oboskrnl/CMakeFiles/oboskrnl.dir/multitasking/threadHandle.cpp.obj
                0xc01276c8                _ZN4obos6Handle13getReferencesEv

.gnu.linkonce.t._ZN4obos12multitasking6ThreadD1Ev
                0xc01276d6       0x41 load address 0x001276d6
 .gnu.linkonce.t._ZN4obos12multitasking6ThreadD1Ev
                0xc01276d6       0x41 src/oboskrnl/CMakeFiles/oboskrnl.dir/multitasking/threadHandle.cpp.obj
                0xc01276d6                _ZN4obos12multitasking6ThreadD1Ev

.gnu.linkonce.t._ZN4obos12multitasking6ThreadD0Ev
                0xc0127718       0x26 load address 0x00127718
 .gnu.linkonce.t._ZN4obos12multitasking6ThreadD0Ev
                0xc0127718       0x26 src/oboskrnl/CMakeFiles/oboskrnl.dir/multitasking/threadHandle.cpp.obj
                0xc0127718                _ZN4obos12multitasking6ThreadD0Ev

.gnu.linkonce.t._ZN4obos12multitasking12ThreadHandle7getTypeEv
                0xc012773e        0xa load address 0x0012773e
 .gnu.linkonce.t._ZN4obos12multitasking12ThreadHandle7getTypeEv
                0xc012773e        0xa src/oboskrnl/CMakeFiles/oboskrnl.dir/multitasking/threadHandle.cpp.obj
                0xc012773e                _ZN4obos12multitasking12ThreadHandle7getTypeEv

.gnu.linkonce.t._ZN4obos12multitasking12ThreadHandleD0Ev
                0xc0127748       0x26 load address 0x00127748
 .gnu.linkonce.t._ZN4obos12multitasking12ThreadHandleD0Ev
                0xc0127748       0x26 src/oboskrnl/CMakeFiles/oboskrnl.dir/multitasking/threadHandle.cpp.obj
                0xc0127748                _ZN4obos12multitasking12ThreadHandleD0Ev

.gnu.linkonce.t._ZN4obos6HandleC2Ev
                0xc012776e       0x2e load address 0x0012776e
 .gnu.linkonce.t._ZN4obos6HandleC2Ev
                0xc012776e       0x2e src/oboskrnl/CMakeFiles/oboskrnl.dir/multitasking/threadHandle.cpp.obj
                0xc012776e                _ZN4obos6HandleC2Ev

.gnu.linkonce.t._ZN4obos12multitasking6ThreadC1Ev
                0xc012779c       0x99 load address 0x0012779c
 .gnu.linkonce.t._ZN4obos12multitasking6ThreadC1Ev
                0xc012779c       0x99 src/oboskrnl/CMakeFiles/oboskrnl.dir/multitasking/threadHandle.cpp.obj
                0xc012779c                _ZN4obos12multitasking6ThreadC1Ev

.gnu.linkonce.t._ZN4obos12multitasking11MutexHandle7getTypeEv
                0xc0127836        0xa load address 0x00127836
 .gnu.linkonce.t._ZN4obos12multitasking11MutexHandle7getTypeEv
                0xc0127836        0xa src/oboskrnl/CMakeFiles/oboskrnl.dir/multitasking/mutex/mutexHandle.cpp.obj
                0xc0127836                _ZN4obos12multitasking11MutexHandle7getTypeEv

.gnu.linkonce.t._ZN4obos12multitasking5MutexC1Ev
                0xc0127840       0x1d load address 0x00127840
 .gnu.linkonce.t._ZN4obos12multitasking5MutexC1Ev
                0xc0127840       0x1d src/oboskrnl/CMakeFiles/oboskrnl.dir/multitasking/mutex/mutexHandle.cpp.obj
                0xc0127840                _ZN4obos12multitasking5MutexC1Ev

.gnu.linkonce.t._ZN4obos6memory13PageDirectory16getPageDirectoryEv
                0xc012785e        0xa load address 0x0012785e
 .gnu.linkonce.t._ZN4obos6memory13PageDirectory16getPageDirectoryEv
                0xc012785e        0xa src/oboskrnl/CMakeFiles/oboskrnl.dir/process/process.cpp.obj
                0xc012785e                _ZN4obos6memory13PageDirectory16getPageDirectoryEv

.rodata         0xc0128000    0x6ad60 load address 0x00128000
 *(.rodata)
 .rodata        0xc0128000       0x98 src/oboskrnl/CMakeFiles/oboskrnl.dir/memory_manager/i686/physical.cpp.obj
 .rodata        0xc0128098        0x8 src/oboskrnl/CMakeFiles/oboskrnl.dir/memory_manager/paging/i686/init.cpp.obj
 .rodata        0xc01280a0        0x8 src/oboskrnl/CMakeFiles/oboskrnl.dir/memory_manager/paging/i686/allocate.cpp.obj
 .rodata        0xc01280a8      0x307 src/oboskrnl/CMakeFiles/oboskrnl.dir/i686/exception_handlers.cpp.obj
 *fill*         0xc01283af        0x1 
 .rodata        0xc01283b0      0x625 src/oboskrnl/CMakeFiles/oboskrnl.dir/boot/kmain.cpp.obj
 *fill*         0xc01289d5        0x3 
 .rodata        0xc01289d8       0x44 src/oboskrnl/CMakeFiles/oboskrnl.dir/console.cpp.obj
 .rodata        0xc0128a1c      0x1c8 src/oboskrnl/CMakeFiles/oboskrnl.dir/klog.cpp.obj
 .rodata        0xc0128be4      0x400 src/oboskrnl/CMakeFiles/oboskrnl.dir/inline-asm.cpp.obj
 .rodata        0xc0128fe4       0x9f src/oboskrnl/CMakeFiles/oboskrnl.dir/multitasking/threadHandle.cpp.obj
 *fill*         0xc0129083        0x1 
 .rodata        0xc0129084       0x9f src/oboskrnl/CMakeFiles/oboskrnl.dir/multitasking/multitasking.cpp.obj
 *fill*         0xc0129123        0x1 
 .rodata        0xc0129124       0x50 src/oboskrnl/CMakeFiles/oboskrnl.dir/elf/elf.cpp.obj
 .rodata        0xc0129174       0x9f src/oboskrnl/CMakeFiles/oboskrnl.dir/multitasking/thread.cpp.obj
 *fill*         0xc0129213        0x1 
 .rodata        0xc0129214       0xfb src/oboskrnl/CMakeFiles/oboskrnl.dir/process/process.cpp.obj
 *fill*         0xc012930f        0x1 
 .rodata        0xc0129310       0x34 src/oboskrnl/CMakeFiles/oboskrnl.dir/driver_api/syscalls.cpp.obj
 *fill*         0xc0129344       0x1c 
 .rodata        0xc0129360    0x69a00 src/oboskrnl/CMakeFiles/oboskrnl.dir/external/amalgamated-dist/Zydis.c.obj
                0xc0129800                FILTERS_XOP
                0xc0129840                FILTERS_VEX
                0xc01298c0                FILTERS_EMVEX
                0xc0129960                FILTERS_OPCODE
                0xc0132360                FILTERS_MODE
                0xc0132380                FILTERS_MODE_COMPACT
                0xc0132a64                FILTERS_PREFIX_GROUP1
                0xc0132a7c                FILTERS_MODRM_MOD
                0xc0132aa0                FILTERS_MODRM_MOD_COMPACT
                0xc0135600                FILTERS_MODRM_REG
                0xc0136160                FILTERS_MODRM_RM
                0xc0136800                FILTERS_MANDATORY_PREFIX
                0xc0138180                FILTERS_OPERAND_SIZE
                0xc0138300                FILTERS_ADDRESS_SIZE
                0xc0138520                FILTERS_VECTOR_LENGTH
                0xc013bc20                FILTERS_REX_W
                0xc013e424                FILTERS_REX_B
                0xc013e440                FILTERS_EVEX_B
                0xc013fea0                FILTERS_MVEX_E
                0xc0140180                FILTERS_MODE_AMD
                0xc0140200                FILTERS_MODE_KNC
                0xc014022c                FILTERS_MODE_MPX
                0xc0140238                FILTERS_MODE_CET
                0xc0140258                FILTERS_MODE_LZCNT
                0xc0140264                FILTERS_MODE_TZCNT
                0xc0140270                FILTERS_MODE_WBNOINVD
                0xc0140278                FILTERS_MODE_CLDEMOTE
                0xc0140280                FILTERS_MODE_CENTAUR
                0xc0140286                zydis_decoder_tree_root
                0xc01405c0                encoder_instruction_lookup
                0xc0142140                encoder_instructions
                0xc015c400                ISTR_DEFINITIONS_LEGACY
                0xc0162de0                ISTR_DEFINITIONS_3DNOW
                0xc0163020                ISTR_DEFINITIONS_XOP
                0xc0163920                ISTR_DEFINITIONS_VEX
                0xc01690e0                ISTR_DEFINITIONS_EVEX
                0xc01774a0                ISTR_DEFINITIONS_MVEX
                0xc0178c80                OPERAND_DEFINITIONS
                0xc0192d60                        _ZN4obos6memory9__erodataE = .

.gnu.linkonce.r._ZTVN4obos6HandleE
                0xc0192d60       0x1c load address 0x00192d60
 .gnu.linkonce.r._ZTVN4obos6HandleE
                0xc0192d60       0x1c src/oboskrnl/CMakeFiles/oboskrnl.dir/boot/kmain.cpp.obj
                0xc0192d60                _ZTVN4obos6HandleE

.gnu.linkonce.r._ZTVN4obos5utils8BitfieldE
                0xc0192d7c       0x30 load address 0x00192d7c
 .gnu.linkonce.r._ZTVN4obos5utils8BitfieldE
                0xc0192d7c       0x30 src/oboskrnl/CMakeFiles/oboskrnl.dir/utils/bitfields.cpp.obj
                0xc0192d7c                _ZTVN4obos5utils8BitfieldE

.gnu.linkonce.r._ZTVN4obos5utils12BitfieldBaseE
                0xc0192dac       0x20 load address 0x00192dac
 .gnu.linkonce.r._ZTVN4obos5utils12BitfieldBaseE
                0xc0192dac       0x20 src/oboskrnl/CMakeFiles/oboskrnl.dir/utils/bitfields.cpp.obj
                0xc0192dac                _ZTVN4obos5utils12BitfieldBaseE

.gnu.linkonce.r._ZTVN4obos5utils15IntegerBitfieldE
                0xc0192dcc       0x30 load address 0x00192dcc
 .gnu.linkonce.r._ZTVN4obos5utils15IntegerBitfieldE
                0xc0192dcc       0x30 src/oboskrnl/CMakeFiles/oboskrnl.dir/utils/bitfields.cpp.obj
                0xc0192dcc                _ZTVN4obos5utils15IntegerBitfieldE

.gnu.linkonce.r._ZTVN4obos12multitasking12ThreadHandleE
                0xc0192dfc       0x1c load address 0x00192dfc
 .gnu.linkonce.r._ZTVN4obos12multitasking12ThreadHandleE
                0xc0192dfc       0x1c src/oboskrnl/CMakeFiles/oboskrnl.dir/multitasking/threadHandle.cpp.obj
                0xc0192dfc                _ZTVN4obos12multitasking12ThreadHandleE

.gnu.linkonce.r._ZTVN4obos12multitasking6ThreadE
                0xc0192e18       0x10 load address 0x00192e18
 .gnu.linkonce.r._ZTVN4obos12multitasking6ThreadE
                0xc0192e18       0x10 src/oboskrnl/CMakeFiles/oboskrnl.dir/multitasking/threadHandle.cpp.obj
                0xc0192e18                _ZTVN4obos12multitasking6ThreadE

.gnu.linkonce.r._ZTVN4obos12multitasking11MutexHandleE
                0xc0192e28       0x1c load address 0x00192e28
 .gnu.linkonce.r._ZTVN4obos12multitasking11MutexHandleE
                0xc0192e28       0x1c src/oboskrnl/CMakeFiles/oboskrnl.dir/multitasking/mutex/mutexHandle.cpp.obj
                0xc0192e28                _ZTVN4obos12multitasking11MutexHandleE

.eh_frame       0xc0192e44       0xc0 load address 0x00192e44
 .eh_frame      0xc0192e44       0x64 /home/omar/opt/cross/lib/gcc/i686-elf/11.4.0/libgcc.a(_udivdi3.o)
 .eh_frame      0xc0192ea8       0x5c /home/omar/opt/cross/lib/gcc/i686-elf/11.4.0/libgcc.a(_umoddi3.o)
                                 0x74 (size before relaxing)

.rel.dyn        0xc0192f04        0x0 load address 0x00192f04
 .rel.got       0xc0192f04        0x0 src/oboskrnl/CMakeFiles/oboskrnl.dir/boot/i686/kernel_bootstrap.asm.obj
 .rel.iplt      0xc0192f04        0x0 src/oboskrnl/CMakeFiles/oboskrnl.dir/boot/i686/kernel_bootstrap.asm.obj
 .rel.text      0xc0192f04        0x0 src/oboskrnl/CMakeFiles/oboskrnl.dir/boot/i686/kernel_bootstrap.asm.obj
 .rel.gnu.linkonce.t._ZN4obos6HandleD2Ev
                0xc0192f04        0x0 src/oboskrnl/CMakeFiles/oboskrnl.dir/boot/i686/kernel_bootstrap.asm.obj
 .rel.gnu.linkonce.t._ZN4obos12multitasking12ThreadHandleD1Ev
                0xc0192f04        0x0 src/oboskrnl/CMakeFiles/oboskrnl.dir/boot/i686/kernel_bootstrap.asm.obj
 .rel.gnu.linkonce.r._ZTVN4obos6HandleE
                0xc0192f04        0x0 src/oboskrnl/CMakeFiles/oboskrnl.dir/boot/i686/kernel_bootstrap.asm.obj
 .rel.gnu.linkonce.t._ZN4obos12multitasking6ThreadD1Ev
                0xc0192f04        0x0 src/oboskrnl/CMakeFiles/oboskrnl.dir/boot/i686/kernel_bootstrap.asm.obj
 .rel.gnu.linkonce.t._ZN4obos12multitasking6ThreadD0Ev
                0xc0192f04        0x0 src/oboskrnl/CMakeFiles/oboskrnl.dir/boot/i686/kernel_bootstrap.asm.obj
 .rel.gnu.linkonce.t._ZN4obos12multitasking12ThreadHandleD0Ev
                0xc0192f04        0x0 src/oboskrnl/CMakeFiles/oboskrnl.dir/boot/i686/kernel_bootstrap.asm.obj
 .rel.gnu.linkonce.t._ZN4obos6HandleC2Ev
                0xc0192f04        0x0 src/oboskrnl/CMakeFiles/oboskrnl.dir/boot/i686/kernel_bootstrap.asm.obj
 .rel.gnu.linkonce.t._ZN4obos12multitasking6ThreadC1Ev
                0xc0192f04        0x0 src/oboskrnl/CMakeFiles/oboskrnl.dir/boot/i686/kernel_bootstrap.asm.obj
 .rel.gnu.linkonce.r._ZTVN4obos12multitasking12ThreadHandleE
                0xc0192f04        0x0 src/oboskrnl/CMakeFiles/oboskrnl.dir/boot/i686/kernel_bootstrap.asm.obj
 .rel.gnu.linkonce.r._ZTVN4obos12multitasking6ThreadE
                0xc0192f04        0x0 src/oboskrnl/CMakeFiles/oboskrnl.dir/boot/i686/kernel_bootstrap.asm.obj
 .rel.gnu.linkonce.r._ZTVN4obos12multitasking11MutexHandleE
                0xc0192f04        0x0 src/oboskrnl/CMakeFiles/oboskrnl.dir/boot/i686/kernel_bootstrap.asm.obj

.data           0xc0193000      0xa60 load address 0x00193000
 *(.data)
 .data          0xc0193000      0x400 src/oboskrnl/CMakeFiles/oboskrnl.dir/descriptors/idt/i686/handlers.asm.obj
                0xc0193000                _ZN4obos19g_interruptHandlersE
 .data          0xc0193400        0x8 src/oboskrnl/CMakeFiles/oboskrnl.dir/multitasking/multitasking-i686.asm.obj
 .data          0xc0193408       0x10 src/oboskrnl/CMakeFiles/oboskrnl.dir/syscalls/interrupts.asm.obj
 .data          0xc0193418        0x4 src/oboskrnl/CMakeFiles/oboskrnl.dir/memory_manager/i686/physical.cpp.obj
 .data          0xc019341c        0x0 src/oboskrnl/CMakeFiles/oboskrnl.dir/memory_manager/paging/i686/init.cpp.obj
 .data          0xc019341c        0x0 src/oboskrnl/CMakeFiles/oboskrnl.dir/memory_manager/paging/i686/allocate.cpp.obj
 .data          0xc019341c        0x0 src/oboskrnl/CMakeFiles/oboskrnl.dir/descriptors/idt/i686/idt.cpp.obj
 .data          0xc019341c        0x0 src/oboskrnl/CMakeFiles/oboskrnl.dir/i686/exception_handlers.cpp.obj
 .data          0xc019341c        0x4 src/oboskrnl/CMakeFiles/oboskrnl.dir/boot/kmain.cpp.obj
                0xc019341c                __dso_handle
 .data          0xc0193420        0x0 src/oboskrnl/CMakeFiles/oboskrnl.dir/console.cpp.obj
 .data          0xc0193420        0x4 src/oboskrnl/CMakeFiles/oboskrnl.dir/klog.cpp.obj
 .data          0xc0193424        0x0 src/oboskrnl/CMakeFiles/oboskrnl.dir/inline-asm.cpp.obj
 .data          0xc0193424        0x0 src/oboskrnl/CMakeFiles/oboskrnl.dir/utils/bitfields.cpp.obj
 .data          0xc0193424        0x0 src/oboskrnl/CMakeFiles/oboskrnl.dir/descriptors/idt/pic.cpp.obj
 .data          0xc0193424        0x0 src/oboskrnl/CMakeFiles/oboskrnl.dir/external/list/list_iterator.c.obj
 .data          0xc0193424        0x0 src/oboskrnl/CMakeFiles/oboskrnl.dir/utils/memory.cpp.obj
 .data          0xc0193424        0x4 src/oboskrnl/CMakeFiles/oboskrnl.dir/memory_manager/paging/liballoc_hooks.cpp.obj
                0xc0193424                liballoc_base
 .data          0xc0193428        0x8 src/oboskrnl/CMakeFiles/oboskrnl.dir/memory_manager/liballoc/liballoc.c.obj
 .data          0xc0193430        0x0 src/oboskrnl/CMakeFiles/oboskrnl.dir/multitasking/threadHandle.cpp.obj
 .data          0xc0193430        0x0 src/oboskrnl/CMakeFiles/oboskrnl.dir/external/list/list_node.c.obj
 .data          0xc0193430        0x0 src/oboskrnl/CMakeFiles/oboskrnl.dir/external/list/list.c.obj
 .data          0xc0193430        0x0 src/oboskrnl/CMakeFiles/oboskrnl.dir/multitasking/multitasking.cpp.obj
 .data          0xc0193430        0x0 src/oboskrnl/CMakeFiles/oboskrnl.dir/elf/elf.cpp.obj
 .data          0xc0193430        0x4 src/oboskrnl/CMakeFiles/oboskrnl.dir/multitasking/thread.cpp.obj
                0xc0193430                _ZN4obos12multitasking15g_nextThreadTidE
 .data          0xc0193434        0x0 src/oboskrnl/CMakeFiles/oboskrnl.dir/multitasking/mutex/mutex.cpp.obj
 .data          0xc0193434        0x0 src/oboskrnl/CMakeFiles/oboskrnl.dir/multitasking/mutex/mutexHandle.cpp.obj
 .data          0xc0193434        0x0 src/oboskrnl/CMakeFiles/oboskrnl.dir/process/process.cpp.obj
 .data          0xc0193434        0x0 src/oboskrnl/CMakeFiles/oboskrnl.dir/driver_api/interrupts.cpp.obj
 .data          0xc0193434        0x4 src/oboskrnl/CMakeFiles/oboskrnl.dir/driver_api/syscalls.cpp.obj
                0xc0193434                _ZN4obos9driverAPI27g_registeredDriversCapacityE
 .data          0xc0193438        0x0 src/oboskrnl/CMakeFiles/oboskrnl.dir/syscalls/syscalls.cpp.obj
 *fill*         0xc0193438        0x8 
 .data          0xc0193440      0x620 src/oboskrnl/CMakeFiles/oboskrnl.dir/external/amalgamated-dist/Zydis.c.obj
 .data          0xc0193a60        0x0 src/oboskrnl/CMakeFiles/oboskrnl.dir/descriptors/gdt/gdt.cpp.obj
 .data          0xc0193a60        0x0 /home/omar/opt/cross/lib/gcc/i686-elf/11.4.0/libgcc.a(_udivdi3.o)
 .data          0xc0193a60        0x0 /home/omar/opt/cross/lib/gcc/i686-elf/11.4.0/libgcc.a(_umoddi3.o)

.got            0xc0193a60        0x0 load address 0x00193a60
 .got           0xc0193a60        0x0 src/oboskrnl/CMakeFiles/oboskrnl.dir/boot/i686/kernel_bootstrap.asm.obj

.got.plt        0xc0193a60        0x0 load address 0x00193a60
 .got.plt       0xc0193a60        0x0 src/oboskrnl/CMakeFiles/oboskrnl.dir/boot/i686/kernel_bootstrap.asm.obj

.igot.plt       0xc0193a60        0x0 load address 0x00193a60
 .igot.plt      0xc0193a60        0x0 src/oboskrnl/CMakeFiles/oboskrnl.dir/boot/i686/kernel_bootstrap.asm.obj

.ctors          0xc0193a60        0x8 load address 0x00193a60
 .ctors         0xc0193a60        0x4 src/oboskrnl/CMakeFiles/oboskrnl.dir/boot/kmain.cpp.obj
 .ctors         0xc0193a64        0x4 src/oboskrnl/CMakeFiles/oboskrnl.dir/console.cpp.obj

.bss            0xc0194000    0x2c270 load address 0x00194000
 *(COMMON)
 *(.bss)
 .bss           0xc0194000    0x2000c src/oboskrnl/CMakeFiles/oboskrnl.dir/memory_manager/i686/physical.cpp.obj
                0xc0194000                _ZN4obos6memory16g_availablePagesE
                0xc01b4000                _ZN4obos6memory20g_physicalMemorySizeE
                0xc01b4004                _ZN4obos6memory34g_physicalMemoryManagerInitializedE
 .bss           0xc01b400c        0x8 src/oboskrnl/CMakeFiles/oboskrnl.dir/memory_manager/paging/i686/init.cpp.obj
                0xc01b400c                _ZN4obos6memory15g_enabledPagingE
                0xc01b4010                _ZN4obos6memory15g_pageDirectoryE
 *fill*         0xc01b4014      0xfec 
 .bss           0xc01b5000     0x1000 src/oboskrnl/CMakeFiles/oboskrnl.dir/memory_manager/paging/i686/allocate.cpp.obj
                0xc01b5000                _ZN4obos6memory15s_lastPageTableE
 .bss           0xc01b6000      0x806 src/oboskrnl/CMakeFiles/oboskrnl.dir/descriptors/idt/i686/idt.cpp.obj
 .bss           0xc01b6806        0x0 src/oboskrnl/CMakeFiles/oboskrnl.dir/i686/exception_handlers.cpp.obj
 *fill*         0xc01b6806       0x1a 
 .bss           0xc01b6820      0xc24 src/oboskrnl/CMakeFiles/oboskrnl.dir/boot/kmain.cpp.obj
                0xc01b6820                _ZN4obos15g_multibootInfoE
                0xc01b6824                _ZN4obos15g_pageDirectoryE
                0xc01b682c                _ZN4obos15g_kernelProcessE
                0xc01b6840                __atexitFuncs
                0xc01b7440                __atexitFuncCount
 .bss           0xc01b7444       0x45 src/oboskrnl/CMakeFiles/oboskrnl.dir/console.cpp.obj
                0xc01b7444                _ZN4obos17s_foregroundColorE
                0xc01b7448                _ZN4obos17s_backgroundColorE
                0xc01b744c                _ZN4obos16s_terminalColumnE
                0xc01b7450                _ZN4obos13s_terminalRowE
                0xc01b7454                _ZN4obos20s_reachedEndTerminalE
                0xc01b7458                _ZN4obos13s_framebufferE
                0xc01b745c                _ZN4obos12s_backbufferE
                0xc01b7460                _ZN4obos18s_framebufferWidthE
                0xc01b7464                _ZN4obos19s_framebufferHeightE
                0xc01b7468                _ZN4obos16s_nCharsVerticalE
                0xc01b746c                _ZN4obos18s_nCharsHorizontalE
                0xc01b7470                _ZN4obos4fontE
 .bss           0xc01b7489        0x0 src/oboskrnl/CMakeFiles/oboskrnl.dir/klog.cpp.obj
 *fill*         0xc01b7489        0x3 
 .bss           0xc01b748c        0x8 src/oboskrnl/CMakeFiles/oboskrnl.dir/inline-asm.cpp.obj
                0xc01b748c                inKernelSection
                0xc01b7490                _ZN4obos11countCalledE
 .bss           0xc01b7494        0x0 src/oboskrnl/CMakeFiles/oboskrnl.dir/utils/bitfields.cpp.obj
 .bss           0xc01b7494        0x0 src/oboskrnl/CMakeFiles/oboskrnl.dir/descriptors/idt/pic.cpp.obj
 .bss           0xc01b7494        0x0 src/oboskrnl/CMakeFiles/oboskrnl.dir/external/list/list_iterator.c.obj
 .bss           0xc01b7494        0x0 src/oboskrnl/CMakeFiles/oboskrnl.dir/utils/memory.cpp.obj
 .bss           0xc01b7494        0x4 src/oboskrnl/CMakeFiles/oboskrnl.dir/memory_manager/paging/liballoc_hooks.cpp.obj
                0xc01b7494                _ZN4obos25g_nLiballocPagesAllocatedE
 .bss           0xc01b7498       0x30 src/oboskrnl/CMakeFiles/oboskrnl.dir/memory_manager/liballoc/liballoc.c.obj
 .bss           0xc01b74c8        0x0 src/oboskrnl/CMakeFiles/oboskrnl.dir/multitasking/threadHandle.cpp.obj
 .bss           0xc01b74c8        0x0 src/oboskrnl/CMakeFiles/oboskrnl.dir/external/list/list_node.c.obj
 .bss           0xc01b74c8        0x0 src/oboskrnl/CMakeFiles/oboskrnl.dir/external/list/list.c.obj
 .bss           0xc01b74c8       0x31 src/oboskrnl/CMakeFiles/oboskrnl.dir/multitasking/multitasking.cpp.obj
                0xc01b74c8                _ZN4obos12multitasking9g_threadsE
                0xc01b74cc                _ZN4obos12multitasking20g_threadPriorityListE
                0xc01b74dc                _ZN4obos12multitasking15g_currentThreadE
                0xc01b74e0                _ZN4obos12multitasking13g_initializedE
                0xc01b74e4                _ZN4obos12multitasking16g_schedulerMutexE
 .bss           0xc01b74f9        0x0 src/oboskrnl/CMakeFiles/oboskrnl.dir/elf/elf.cpp.obj
 .bss           0xc01b74f9        0x0 src/oboskrnl/CMakeFiles/oboskrnl.dir/multitasking/thread.cpp.obj
 .bss           0xc01b74f9        0x0 src/oboskrnl/CMakeFiles/oboskrnl.dir/multitasking/mutex/mutex.cpp.obj
 .bss           0xc01b74f9        0x0 src/oboskrnl/CMakeFiles/oboskrnl.dir/multitasking/mutex/mutexHandle.cpp.obj
 *fill*         0xc01b74f9        0x3 
 .bss           0xc01b74fc       0x10 src/oboskrnl/CMakeFiles/oboskrnl.dir/process/process.cpp.obj
                0xc01b74fc                _ZN4obos7process15g_nextProcessIdE
                0xc01b7500                _ZN4obos7process13g_processListE
                0xc01b7504                _ZN4obos7process18ProcEntryPointBaseE
 *fill*         0xc01b750c       0x14 
 .bss           0xc01b7520      0x400 src/oboskrnl/CMakeFiles/oboskrnl.dir/driver_api/interrupts.cpp.obj
                0xc01b7520                _ZN4obos9driverAPI14g_syscallTableE
 .bss           0xc01b7920       0xa0 src/oboskrnl/CMakeFiles/oboskrnl.dir/driver_api/syscalls.cpp.obj
                0xc01b7920                _ZN4obos9driverAPI19g_registeredDriversE
 .bss           0xc01b79c0      0x800 src/oboskrnl/CMakeFiles/oboskrnl.dir/syscalls/syscalls.cpp.obj
                0xc01b79c0                _ZN4obos7process14g_syscallTableE
 .bss           0xc01b81c0        0x0 src/oboskrnl/CMakeFiles/oboskrnl.dir/external/amalgamated-dist/Zydis.c.obj
 .bss           0xc01b81c0       0xb0 src/oboskrnl/CMakeFiles/oboskrnl.dir/descriptors/gdt/gdt.cpp.obj
                0xc01b81c0                _ZN4obos10g_tssEntryE
 .bss           0xc01b8270        0x0 /home/omar/opt/cross/lib/gcc/i686-elf/11.4.0/libgcc.a(_udivdi3.o)
 .bss           0xc01b8270        0x0 /home/omar/opt/cross/lib/gcc/i686-elf/11.4.0/libgcc.a(_umoddi3.o)
 *(.bootstrap_stack)
 .bootstrap_stack
                0xc01b8270     0x8000 src/oboskrnl/CMakeFiles/oboskrnl.dir/boot/i686/kernel_bootstrap.asm.obj
                0xc01b8270                _ZN4obos12stack_bottomE
                0xc01bc270                _ZN4obos9stack_topE
                0xc01bc270                _ZN4obos15thrstack_bottomE
                0xc01c0270                _ZN4obos12thrstack_topE
                0xc01c0270                        _kernel_end = .
                0x00400000                        _ZN4obos6memory8endImageE = 0x400000
                0xc0000000                        _ZN4obos11kernelStartE = 0xc0000000
                0xe0000000                        _ZN4obos6memory9endKernelE = 0xe0000000
OUTPUT(/mnt/c/Code/obos/out/oboskrnl elf32-i386)

.debug_frame    0x00000000     0x64ec
 .debug_frame   0x00000000      0x12c src/oboskrnl/CMakeFiles/oboskrnl.dir/memory_manager/i686/physical.cpp.obj
 .debug_frame   0x0000012c      0x208 src/oboskrnl/CMakeFiles/oboskrnl.dir/memory_manager/paging/i686/init.cpp.obj
 .debug_frame   0x00000334      0x188 src/oboskrnl/CMakeFiles/oboskrnl.dir/memory_manager/paging/i686/allocate.cpp.obj
 .debug_frame   0x000004bc       0x98 src/oboskrnl/CMakeFiles/oboskrnl.dir/descriptors/idt/i686/idt.cpp.obj
 .debug_frame   0x00000554       0xa4 src/oboskrnl/CMakeFiles/oboskrnl.dir/i686/exception_handlers.cpp.obj
 .debug_frame   0x000005f8      0x26c src/oboskrnl/CMakeFiles/oboskrnl.dir/boot/kmain.cpp.obj
 .debug_frame   0x00000864      0x3b8 src/oboskrnl/CMakeFiles/oboskrnl.dir/console.cpp.obj
 .debug_frame   0x00000c1c      0x440 src/oboskrnl/CMakeFiles/oboskrnl.dir/klog.cpp.obj
 .debug_frame   0x0000105c      0x250 src/oboskrnl/CMakeFiles/oboskrnl.dir/inline-asm.cpp.obj
 .debug_frame   0x000012ac      0x3ac src/oboskrnl/CMakeFiles/oboskrnl.dir/utils/bitfields.cpp.obj
 .debug_frame   0x00001658      0x300 src/oboskrnl/CMakeFiles/oboskrnl.dir/descriptors/idt/pic.cpp.obj
 .debug_frame   0x00001958       0xc4 src/oboskrnl/CMakeFiles/oboskrnl.dir/external/list/list_iterator.c.obj
 .debug_frame   0x00001a1c       0xf8 src/oboskrnl/CMakeFiles/oboskrnl.dir/utils/memory.cpp.obj
 .debug_frame   0x00001b14      0x27c src/oboskrnl/CMakeFiles/oboskrnl.dir/memory_manager/paging/liballoc_hooks.cpp.obj
 .debug_frame   0x00001d90      0x160 src/oboskrnl/CMakeFiles/oboskrnl.dir/memory_manager/liballoc/liballoc.c.obj
 .debug_frame   0x00001ef0      0x754 src/oboskrnl/CMakeFiles/oboskrnl.dir/multitasking/threadHandle.cpp.obj
 .debug_frame   0x00002644       0x40 src/oboskrnl/CMakeFiles/oboskrnl.dir/external/list/list_node.c.obj
 .debug_frame   0x00002684      0x1a0 src/oboskrnl/CMakeFiles/oboskrnl.dir/external/list/list.c.obj
 .debug_frame   0x00002824      0x164 src/oboskrnl/CMakeFiles/oboskrnl.dir/multitasking/multitasking.cpp.obj
 .debug_frame   0x00002988       0x6c src/oboskrnl/CMakeFiles/oboskrnl.dir/elf/elf.cpp.obj
 .debug_frame   0x000029f4       0xc4 src/oboskrnl/CMakeFiles/oboskrnl.dir/multitasking/thread.cpp.obj
 .debug_frame   0x00002ab8       0xc4 src/oboskrnl/CMakeFiles/oboskrnl.dir/multitasking/mutex/mutex.cpp.obj
 .debug_frame   0x00002b7c      0x260 src/oboskrnl/CMakeFiles/oboskrnl.dir/multitasking/mutex/mutexHandle.cpp.obj
 .debug_frame   0x00002ddc      0x3e4 src/oboskrnl/CMakeFiles/oboskrnl.dir/process/process.cpp.obj
 .debug_frame   0x000031c0       0xc4 src/oboskrnl/CMakeFiles/oboskrnl.dir/driver_api/interrupts.cpp.obj
 .debug_frame   0x00003284      0x2dc src/oboskrnl/CMakeFiles/oboskrnl.dir/driver_api/syscalls.cpp.obj
 .debug_frame   0x00003560      0x798 src/oboskrnl/CMakeFiles/oboskrnl.dir/syscalls/syscalls.cpp.obj
 .debug_frame   0x00003cf8     0x275c src/oboskrnl/CMakeFiles/oboskrnl.dir/external/amalgamated-dist/Zydis.c.obj
 .debug_frame   0x00006454       0x98 src/oboskrnl/CMakeFiles/oboskrnl.dir/descriptors/gdt/gdt.cpp.obj

.debug_info     0x00000000    0x5f949
 .debug_info    0x00000000      0xf45 src/oboskrnl/CMakeFiles/oboskrnl.dir/memory_manager/i686/physical.cpp.obj
 .debug_info    0x00000f45      0xba2 src/oboskrnl/CMakeFiles/oboskrnl.dir/memory_manager/paging/i686/init.cpp.obj
 .debug_info    0x00001ae7      0xdaa src/oboskrnl/CMakeFiles/oboskrnl.dir/memory_manager/paging/i686/allocate.cpp.obj
 .debug_info    0x00002891      0x7fd src/oboskrnl/CMakeFiles/oboskrnl.dir/descriptors/idt/i686/idt.cpp.obj
 .debug_info    0x0000308e     0x12c3 src/oboskrnl/CMakeFiles/oboskrnl.dir/i686/exception_handlers.cpp.obj
 .debug_info    0x00004351     0x3681 src/oboskrnl/CMakeFiles/oboskrnl.dir/boot/kmain.cpp.obj
 .debug_info    0x000079d2     0x2701 src/oboskrnl/CMakeFiles/oboskrnl.dir/console.cpp.obj
 .debug_info    0x0000a0d3    0x15e40 src/oboskrnl/CMakeFiles/oboskrnl.dir/klog.cpp.obj
 .debug_info    0x0001ff13     0x1857 src/oboskrnl/CMakeFiles/oboskrnl.dir/inline-asm.cpp.obj
 .debug_info    0x0002176a      0xe15 src/oboskrnl/CMakeFiles/oboskrnl.dir/utils/bitfields.cpp.obj
 .debug_info    0x0002257f      0xc96 src/oboskrnl/CMakeFiles/oboskrnl.dir/descriptors/idt/pic.cpp.obj
 .debug_info    0x00023215      0x3ca src/oboskrnl/CMakeFiles/oboskrnl.dir/external/list/list_iterator.c.obj
 .debug_info    0x000235df      0x548 src/oboskrnl/CMakeFiles/oboskrnl.dir/utils/memory.cpp.obj
 .debug_info    0x00023b27      0x6d7 src/oboskrnl/CMakeFiles/oboskrnl.dir/memory_manager/paging/liballoc_hooks.cpp.obj
 .debug_info    0x000241fe      0x776 src/oboskrnl/CMakeFiles/oboskrnl.dir/memory_manager/liballoc/liballoc.c.obj
 .debug_info    0x00024974     0x2a17 src/oboskrnl/CMakeFiles/oboskrnl.dir/multitasking/threadHandle.cpp.obj
 .debug_info    0x0002738b      0x1bd src/oboskrnl/CMakeFiles/oboskrnl.dir/external/list/list_node.c.obj
 .debug_info    0x00027548      0x5ac src/oboskrnl/CMakeFiles/oboskrnl.dir/external/list/list.c.obj
 .debug_info    0x00027af4     0x1e4f src/oboskrnl/CMakeFiles/oboskrnl.dir/multitasking/multitasking.cpp.obj
 .debug_info    0x00029943      0xa6c src/oboskrnl/CMakeFiles/oboskrnl.dir/elf/elf.cpp.obj
 .debug_info    0x0002a3af     0x14ab src/oboskrnl/CMakeFiles/oboskrnl.dir/multitasking/thread.cpp.obj
 .debug_info    0x0002b85a     0x1368 src/oboskrnl/CMakeFiles/oboskrnl.dir/multitasking/mutex/mutex.cpp.obj
 .debug_info    0x0002cbc2     0x1a06 src/oboskrnl/CMakeFiles/oboskrnl.dir/multitasking/mutex/mutexHandle.cpp.obj
 .debug_info    0x0002e5c8     0x2629 src/oboskrnl/CMakeFiles/oboskrnl.dir/process/process.cpp.obj
 .debug_info    0x00030bf1      0x44c src/oboskrnl/CMakeFiles/oboskrnl.dir/driver_api/interrupts.cpp.obj
 .debug_info    0x0003103d     0x2dc6 src/oboskrnl/CMakeFiles/oboskrnl.dir/driver_api/syscalls.cpp.obj
 .debug_info    0x00033e03     0x324a src/oboskrnl/CMakeFiles/oboskrnl.dir/syscalls/syscalls.cpp.obj
 .debug_info    0x0003704d    0x27b97 src/oboskrnl/CMakeFiles/oboskrnl.dir/external/amalgamated-dist/Zydis.c.obj
 .debug_info    0x0005ebe4      0x6f6 src/oboskrnl/CMakeFiles/oboskrnl.dir/descriptors/gdt/gdt.cpp.obj
 .debug_info    0x0005f2da      0x32c /home/omar/opt/cross/lib/gcc/i686-elf/11.4.0/libgcc.a(_udivdi3.o)
 .debug_info    0x0005f606      0x343 /home/omar/opt/cross/lib/gcc/i686-elf/11.4.0/libgcc.a(_umoddi3.o)

.debug_abbrev   0x00000000     0x66ef
 .debug_abbrev  0x00000000      0x25e src/oboskrnl/CMakeFiles/oboskrnl.dir/memory_manager/i686/physical.cpp.obj
 .debug_abbrev  0x0000025e      0x334 src/oboskrnl/CMakeFiles/oboskrnl.dir/memory_manager/paging/i686/init.cpp.obj
 .debug_abbrev  0x00000592      0x283 src/oboskrnl/CMakeFiles/oboskrnl.dir/memory_manager/paging/i686/allocate.cpp.obj
 .debug_abbrev  0x00000815      0x1d8 src/oboskrnl/CMakeFiles/oboskrnl.dir/descriptors/idt/i686/idt.cpp.obj
 .debug_abbrev  0x000009ed      0x2f9 src/oboskrnl/CMakeFiles/oboskrnl.dir/i686/exception_handlers.cpp.obj
 .debug_abbrev  0x00000ce6      0x7a9 src/oboskrnl/CMakeFiles/oboskrnl.dir/boot/kmain.cpp.obj
 .debug_abbrev  0x0000148f      0x58a src/oboskrnl/CMakeFiles/oboskrnl.dir/console.cpp.obj
 .debug_abbrev  0x00001a19      0x5f2 src/oboskrnl/CMakeFiles/oboskrnl.dir/klog.cpp.obj
 .debug_abbrev  0x0000200b      0x436 src/oboskrnl/CMakeFiles/oboskrnl.dir/inline-asm.cpp.obj
 .debug_abbrev  0x00002441      0x338 src/oboskrnl/CMakeFiles/oboskrnl.dir/utils/bitfields.cpp.obj
 .debug_abbrev  0x00002779      0x231 src/oboskrnl/CMakeFiles/oboskrnl.dir/descriptors/idt/pic.cpp.obj
 .debug_abbrev  0x000029aa      0x175 src/oboskrnl/CMakeFiles/oboskrnl.dir/external/list/list_iterator.c.obj
 .debug_abbrev  0x00002b1f       0xfd src/oboskrnl/CMakeFiles/oboskrnl.dir/utils/memory.cpp.obj
 .debug_abbrev  0x00002c1c      0x1ff src/oboskrnl/CMakeFiles/oboskrnl.dir/memory_manager/paging/liballoc_hooks.cpp.obj
 .debug_abbrev  0x00002e1b      0x201 src/oboskrnl/CMakeFiles/oboskrnl.dir/memory_manager/liballoc/liballoc.c.obj
 .debug_abbrev  0x0000301c      0x5d3 src/oboskrnl/CMakeFiles/oboskrnl.dir/multitasking/threadHandle.cpp.obj
 .debug_abbrev  0x000035ef       0xbe src/oboskrnl/CMakeFiles/oboskrnl.dir/external/list/list_node.c.obj
 .debug_abbrev  0x000036ad      0x1ae src/oboskrnl/CMakeFiles/oboskrnl.dir/external/list/list.c.obj
 .debug_abbrev  0x0000385b      0x4a4 src/oboskrnl/CMakeFiles/oboskrnl.dir/multitasking/multitasking.cpp.obj
 .debug_abbrev  0x00003cff      0x192 src/oboskrnl/CMakeFiles/oboskrnl.dir/elf/elf.cpp.obj
 .debug_abbrev  0x00003e91      0x3cc src/oboskrnl/CMakeFiles/oboskrnl.dir/multitasking/thread.cpp.obj
 .debug_abbrev  0x0000425d      0x3b3 src/oboskrnl/CMakeFiles/oboskrnl.dir/multitasking/mutex/mutex.cpp.obj
 .debug_abbrev  0x00004610      0x429 src/oboskrnl/CMakeFiles/oboskrnl.dir/multitasking/mutex/mutexHandle.cpp.obj
 .debug_abbrev  0x00004a39      0x696 src/oboskrnl/CMakeFiles/oboskrnl.dir/process/process.cpp.obj
 .debug_abbrev  0x000050cf      0x124 src/oboskrnl/CMakeFiles/oboskrnl.dir/driver_api/interrupts.cpp.obj
 .debug_abbrev  0x000051f3      0x631 src/oboskrnl/CMakeFiles/oboskrnl.dir/driver_api/syscalls.cpp.obj
 .debug_abbrev  0x00005824      0x644 src/oboskrnl/CMakeFiles/oboskrnl.dir/syscalls/syscalls.cpp.obj
 .debug_abbrev  0x00005e68      0x3c5 src/oboskrnl/CMakeFiles/oboskrnl.dir/external/amalgamated-dist/Zydis.c.obj
 .debug_abbrev  0x0000622d      0x1f6 src/oboskrnl/CMakeFiles/oboskrnl.dir/descriptors/gdt/gdt.cpp.obj
 .debug_abbrev  0x00006423      0x15b /home/omar/opt/cross/lib/gcc/i686-elf/11.4.0/libgcc.a(_udivdi3.o)
 .debug_abbrev  0x0000657e      0x171 /home/omar/opt/cross/lib/gcc/i686-elf/11.4.0/libgcc.a(_umoddi3.o)

.debug_aranges  0x00000000      0x4e8
 .debug_aranges
                0x00000000       0x20 src/oboskrnl/CMakeFiles/oboskrnl.dir/memory_manager/i686/physical.cpp.obj
 .debug_aranges
                0x00000020       0x20 src/oboskrnl/CMakeFiles/oboskrnl.dir/memory_manager/paging/i686/init.cpp.obj
 .debug_aranges
                0x00000040       0x20 src/oboskrnl/CMakeFiles/oboskrnl.dir/memory_manager/paging/i686/allocate.cpp.obj
 .debug_aranges
                0x00000060       0x20 src/oboskrnl/CMakeFiles/oboskrnl.dir/descriptors/idt/i686/idt.cpp.obj
 .debug_aranges
                0x00000080       0x20 src/oboskrnl/CMakeFiles/oboskrnl.dir/i686/exception_handlers.cpp.obj
 .debug_aranges
                0x000000a0       0x38 src/oboskrnl/CMakeFiles/oboskrnl.dir/boot/kmain.cpp.obj
 .debug_aranges
                0x000000d8       0x20 src/oboskrnl/CMakeFiles/oboskrnl.dir/console.cpp.obj
 .debug_aranges
                0x000000f8       0x20 src/oboskrnl/CMakeFiles/oboskrnl.dir/klog.cpp.obj
 .debug_aranges
                0x00000118       0x20 src/oboskrnl/CMakeFiles/oboskrnl.dir/inline-asm.cpp.obj
 .debug_aranges
                0x00000138       0x20 src/oboskrnl/CMakeFiles/oboskrnl.dir/utils/bitfields.cpp.obj
 .debug_aranges
                0x00000158       0x20 src/oboskrnl/CMakeFiles/oboskrnl.dir/descriptors/idt/pic.cpp.obj
 .debug_aranges
                0x00000178       0x20 src/oboskrnl/CMakeFiles/oboskrnl.dir/external/list/list_iterator.c.obj
 .debug_aranges
                0x00000198       0x20 src/oboskrnl/CMakeFiles/oboskrnl.dir/utils/memory.cpp.obj
 .debug_aranges
                0x000001b8       0x20 src/oboskrnl/CMakeFiles/oboskrnl.dir/memory_manager/paging/liballoc_hooks.cpp.obj
 .debug_aranges
                0x000001d8       0x20 src/oboskrnl/CMakeFiles/oboskrnl.dir/memory_manager/liballoc/liballoc.c.obj
 .debug_aranges
                0x000001f8       0x70 src/oboskrnl/CMakeFiles/oboskrnl.dir/multitasking/threadHandle.cpp.obj
 .debug_aranges
                0x00000268       0x20 src/oboskrnl/CMakeFiles/oboskrnl.dir/external/list/list_node.c.obj
 .debug_aranges
                0x00000288       0x20 src/oboskrnl/CMakeFiles/oboskrnl.dir/external/list/list.c.obj
 .debug_aranges
                0x000002a8       0x38 src/oboskrnl/CMakeFiles/oboskrnl.dir/multitasking/multitasking.cpp.obj
 .debug_aranges
                0x000002e0       0x20 src/oboskrnl/CMakeFiles/oboskrnl.dir/elf/elf.cpp.obj
 .debug_aranges
                0x00000300       0x30 src/oboskrnl/CMakeFiles/oboskrnl.dir/multitasking/thread.cpp.obj
 .debug_aranges
                0x00000330       0x20 src/oboskrnl/CMakeFiles/oboskrnl.dir/multitasking/mutex/mutex.cpp.obj
 .debug_aranges
                0x00000350       0x50 src/oboskrnl/CMakeFiles/oboskrnl.dir/multitasking/mutex/mutexHandle.cpp.obj
 .debug_aranges
                0x000003a0       0x68 src/oboskrnl/CMakeFiles/oboskrnl.dir/process/process.cpp.obj
 .debug_aranges
                0x00000408       0x20 src/oboskrnl/CMakeFiles/oboskrnl.dir/driver_api/interrupts.cpp.obj
 .debug_aranges
                0x00000428       0x20 src/oboskrnl/CMakeFiles/oboskrnl.dir/driver_api/syscalls.cpp.obj
 .debug_aranges
                0x00000448       0x20 src/oboskrnl/CMakeFiles/oboskrnl.dir/syscalls/syscalls.cpp.obj
 .debug_aranges
                0x00000468       0x20 src/oboskrnl/CMakeFiles/oboskrnl.dir/external/amalgamated-dist/Zydis.c.obj
 .debug_aranges
                0x00000488       0x20 src/oboskrnl/CMakeFiles/oboskrnl.dir/descriptors/gdt/gdt.cpp.obj
 .debug_aranges
                0x000004a8       0x20 /home/omar/opt/cross/lib/gcc/i686-elf/11.4.0/libgcc.a(_udivdi3.o)
 .debug_aranges
                0x000004c8       0x20 /home/omar/opt/cross/lib/gcc/i686-elf/11.4.0/libgcc.a(_umoddi3.o)

.debug_line     0x00000000    0x28216
 .debug_line    0x00000000      0x927 src/oboskrnl/CMakeFiles/oboskrnl.dir/memory_manager/i686/physical.cpp.obj
 .debug_line    0x00000927      0x5db src/oboskrnl/CMakeFiles/oboskrnl.dir/memory_manager/paging/i686/init.cpp.obj
 .debug_line    0x00000f02      0xd14 src/oboskrnl/CMakeFiles/oboskrnl.dir/memory_manager/paging/i686/allocate.cpp.obj
 .debug_line    0x00001c16      0x409 src/oboskrnl/CMakeFiles/oboskrnl.dir/descriptors/idt/i686/idt.cpp.obj
 .debug_line    0x0000201f      0x699 src/oboskrnl/CMakeFiles/oboskrnl.dir/i686/exception_handlers.cpp.obj
 .debug_line    0x000026b8      0xf71 src/oboskrnl/CMakeFiles/oboskrnl.dir/boot/kmain.cpp.obj
 .debug_line    0x00003629     0x10d9 src/oboskrnl/CMakeFiles/oboskrnl.dir/console.cpp.obj
 .debug_line    0x00004702     0x1831 src/oboskrnl/CMakeFiles/oboskrnl.dir/klog.cpp.obj
 .debug_line    0x00005f33      0xeda src/oboskrnl/CMakeFiles/oboskrnl.dir/inline-asm.cpp.obj
 .debug_line    0x00006e0d      0x48b src/oboskrnl/CMakeFiles/oboskrnl.dir/utils/bitfields.cpp.obj
 .debug_line    0x00007298      0x693 src/oboskrnl/CMakeFiles/oboskrnl.dir/descriptors/idt/pic.cpp.obj
 .debug_line    0x0000792b      0x217 src/oboskrnl/CMakeFiles/oboskrnl.dir/external/list/list_iterator.c.obj
 .debug_line    0x00007b42      0x387 src/oboskrnl/CMakeFiles/oboskrnl.dir/utils/memory.cpp.obj
 .debug_line    0x00007ec9      0x3ab src/oboskrnl/CMakeFiles/oboskrnl.dir/memory_manager/paging/liballoc_hooks.cpp.obj
 .debug_line    0x00008274     0x10ec src/oboskrnl/CMakeFiles/oboskrnl.dir/memory_manager/liballoc/liballoc.c.obj
 .debug_line    0x00009360     0x16fc src/oboskrnl/CMakeFiles/oboskrnl.dir/multitasking/threadHandle.cpp.obj
 .debug_line    0x0000aa5c      0x179 src/oboskrnl/CMakeFiles/oboskrnl.dir/external/list/list_node.c.obj
 .debug_line    0x0000abd5      0x835 src/oboskrnl/CMakeFiles/oboskrnl.dir/external/list/list.c.obj
 .debug_line    0x0000b40a      0xcb8 src/oboskrnl/CMakeFiles/oboskrnl.dir/multitasking/multitasking.cpp.obj
 .debug_line    0x0000c0c2      0x4bf src/oboskrnl/CMakeFiles/oboskrnl.dir/elf/elf.cpp.obj
 .debug_line    0x0000c581      0x53e src/oboskrnl/CMakeFiles/oboskrnl.dir/multitasking/thread.cpp.obj
 .debug_line    0x0000cabf      0x4ca src/oboskrnl/CMakeFiles/oboskrnl.dir/multitasking/mutex/mutex.cpp.obj
 .debug_line    0x0000cf89      0x62d src/oboskrnl/CMakeFiles/oboskrnl.dir/multitasking/mutex/mutexHandle.cpp.obj
 .debug_line    0x0000d5b6      0xdc6 src/oboskrnl/CMakeFiles/oboskrnl.dir/process/process.cpp.obj
 .debug_line    0x0000e37c      0x204 src/oboskrnl/CMakeFiles/oboskrnl.dir/driver_api/interrupts.cpp.obj
 .debug_line    0x0000e580     0x13af src/oboskrnl/CMakeFiles/oboskrnl.dir/driver_api/syscalls.cpp.obj
 .debug_line    0x0000f92f     0x22ac src/oboskrnl/CMakeFiles/oboskrnl.dir/syscalls/syscalls.cpp.obj
 .debug_line    0x00011bdb    0x15fac src/oboskrnl/CMakeFiles/oboskrnl.dir/external/amalgamated-dist/Zydis.c.obj
 .debug_line    0x00027b87      0x341 src/oboskrnl/CMakeFiles/oboskrnl.dir/descriptors/gdt/gdt.cpp.obj
 .debug_line    0x00027ec8      0x179 /home/omar/opt/cross/lib/gcc/i686-elf/11.4.0/libgcc.a(_udivdi3.o)
 .debug_line    0x00028041      0x1d5 /home/omar/opt/cross/lib/gcc/i686-elf/11.4.0/libgcc.a(_umoddi3.o)

.debug_str      0x00000000     0x1375
 .debug_str     0x00000000       0x1f src/oboskrnl/CMakeFiles/oboskrnl.dir/memory_manager/i686/physical.cpp.obj
 .debug_str     0x0000001f       0x1d src/oboskrnl/CMakeFiles/oboskrnl.dir/memory_manager/paging/i686/init.cpp.obj
 .debug_str     0x0000003c       0x3d src/oboskrnl/CMakeFiles/oboskrnl.dir/memory_manager/paging/i686/allocate.cpp.obj
 .debug_str     0x00000079        0x9 src/oboskrnl/CMakeFiles/oboskrnl.dir/descriptors/idt/i686/idt.cpp.obj
 .debug_str     0x00000082       0x30 src/oboskrnl/CMakeFiles/oboskrnl.dir/i686/exception_handlers.cpp.obj
 .debug_str     0x000000b2       0xb0 src/oboskrnl/CMakeFiles/oboskrnl.dir/boot/kmain.cpp.obj
 .debug_str     0x00000162       0xc0 src/oboskrnl/CMakeFiles/oboskrnl.dir/console.cpp.obj
 .debug_str     0x00000222      0x180 src/oboskrnl/CMakeFiles/oboskrnl.dir/klog.cpp.obj
 .debug_str     0x000003a2       0x30 src/oboskrnl/CMakeFiles/oboskrnl.dir/inline-asm.cpp.obj
 .debug_str     0x000003d2       0x5e src/oboskrnl/CMakeFiles/oboskrnl.dir/utils/bitfields.cpp.obj
 .debug_str     0x00000430       0x39 src/oboskrnl/CMakeFiles/oboskrnl.dir/descriptors/idt/pic.cpp.obj
 .debug_str     0x00000469        0xa src/oboskrnl/CMakeFiles/oboskrnl.dir/external/list/list_iterator.c.obj
 .debug_str     0x00000473        0x0 src/oboskrnl/CMakeFiles/oboskrnl.dir/utils/memory.cpp.obj
 .debug_str     0x00000473       0x46 src/oboskrnl/CMakeFiles/oboskrnl.dir/memory_manager/paging/liballoc_hooks.cpp.obj
 .debug_str     0x000004b9       0x26 src/oboskrnl/CMakeFiles/oboskrnl.dir/memory_manager/liballoc/liballoc.c.obj
 .debug_str     0x000004df      0x10b src/oboskrnl/CMakeFiles/oboskrnl.dir/multitasking/threadHandle.cpp.obj
 .debug_str     0x000005ea        0x0 src/oboskrnl/CMakeFiles/oboskrnl.dir/external/list/list_node.c.obj
 .debug_str     0x000005ea       0x14 src/oboskrnl/CMakeFiles/oboskrnl.dir/external/list/list.c.obj
 .debug_str     0x000005fe       0x3c src/oboskrnl/CMakeFiles/oboskrnl.dir/multitasking/multitasking.cpp.obj
 .debug_str     0x0000063a       0x23 src/oboskrnl/CMakeFiles/oboskrnl.dir/elf/elf.cpp.obj
 .debug_str     0x0000065d       0x64 src/oboskrnl/CMakeFiles/oboskrnl.dir/multitasking/thread.cpp.obj
 .debug_str     0x000006c1       0x30 src/oboskrnl/CMakeFiles/oboskrnl.dir/multitasking/mutex/mutex.cpp.obj
 .debug_str     0x000006f1       0x68 src/oboskrnl/CMakeFiles/oboskrnl.dir/multitasking/mutex/mutexHandle.cpp.obj
 .debug_str     0x00000759       0x81 src/oboskrnl/CMakeFiles/oboskrnl.dir/process/process.cpp.obj
 .debug_str     0x000007da        0x0 src/oboskrnl/CMakeFiles/oboskrnl.dir/driver_api/interrupts.cpp.obj
 .debug_str     0x000007da       0xb2 src/oboskrnl/CMakeFiles/oboskrnl.dir/driver_api/syscalls.cpp.obj
 .debug_str     0x0000088c      0x297 src/oboskrnl/CMakeFiles/oboskrnl.dir/syscalls/syscalls.cpp.obj
 .debug_str     0x00000b23      0x6c6 src/oboskrnl/CMakeFiles/oboskrnl.dir/external/amalgamated-dist/Zydis.c.obj
 .debug_str     0x000011e9        0x9 src/oboskrnl/CMakeFiles/oboskrnl.dir/descriptors/gdt/gdt.cpp.obj
 .debug_str     0x000011f2      0x179 /home/omar/opt/cross/lib/gcc/i686-elf/11.4.0/libgcc.a(_udivdi3.o)
                                0x1e3 (size before relaxing)
 .debug_str     0x0000136b        0xa /home/omar/opt/cross/lib/gcc/i686-elf/11.4.0/libgcc.a(_umoddi3.o)
                                0x1e3 (size before relaxing)

.comment        0x00000000       0x12
 .comment       0x00000000       0x12 src/oboskrnl/CMakeFiles/oboskrnl.dir/memory_manager/i686/physical.cpp.obj
                                 0x13 (size before relaxing)
 .comment       0x00000012       0x13 src/oboskrnl/CMakeFiles/oboskrnl.dir/memory_manager/paging/i686/init.cpp.obj
 .comment       0x00000012       0x13 src/oboskrnl/CMakeFiles/oboskrnl.dir/memory_manager/paging/i686/allocate.cpp.obj
 .comment       0x00000012       0x13 src/oboskrnl/CMakeFiles/oboskrnl.dir/descriptors/idt/i686/idt.cpp.obj
 .comment       0x00000012       0x13 src/oboskrnl/CMakeFiles/oboskrnl.dir/i686/exception_handlers.cpp.obj
 .comment       0x00000012       0x13 src/oboskrnl/CMakeFiles/oboskrnl.dir/boot/kmain.cpp.obj
 .comment       0x00000012       0x13 src/oboskrnl/CMakeFiles/oboskrnl.dir/console.cpp.obj
 .comment       0x00000012       0x13 src/oboskrnl/CMakeFiles/oboskrnl.dir/klog.cpp.obj
 .comment       0x00000012       0x13 src/oboskrnl/CMakeFiles/oboskrnl.dir/inline-asm.cpp.obj
 .comment       0x00000012       0x13 src/oboskrnl/CMakeFiles/oboskrnl.dir/utils/bitfields.cpp.obj
 .comment       0x00000012       0x13 src/oboskrnl/CMakeFiles/oboskrnl.dir/descriptors/idt/pic.cpp.obj
 .comment       0x00000012       0x13 src/oboskrnl/CMakeFiles/oboskrnl.dir/external/list/list_iterator.c.obj
 .comment       0x00000012       0x13 src/oboskrnl/CMakeFiles/oboskrnl.dir/utils/memory.cpp.obj
 .comment       0x00000012       0x13 src/oboskrnl/CMakeFiles/oboskrnl.dir/memory_manager/paging/liballoc_hooks.cpp.obj
 .comment       0x00000012       0x13 src/oboskrnl/CMakeFiles/oboskrnl.dir/memory_manager/liballoc/liballoc.c.obj
 .comment       0x00000012       0x13 src/oboskrnl/CMakeFiles/oboskrnl.dir/multitasking/threadHandle.cpp.obj
 .comment       0x00000012       0x13 src/oboskrnl/CMakeFiles/oboskrnl.dir/external/list/list_node.c.obj
 .comment       0x00000012       0x13 src/oboskrnl/CMakeFiles/oboskrnl.dir/external/list/list.c.obj
 .comment       0x00000012       0x13 src/oboskrnl/CMakeFiles/oboskrnl.dir/multitasking/multitasking.cpp.obj
 .comment       0x00000012       0x13 src/oboskrnl/CMakeFiles/oboskrnl.dir/elf/elf.cpp.obj
 .comment       0x00000012       0x13 src/oboskrnl/CMakeFiles/oboskrnl.dir/multitasking/thread.cpp.obj
 .comment       0x00000012       0x13 src/oboskrnl/CMakeFiles/oboskrnl.dir/multitasking/mutex/mutex.cpp.obj
 .comment       0x00000012       0x13 src/oboskrnl/CMakeFiles/oboskrnl.dir/multitasking/mutex/mutexHandle.cpp.obj
 .comment       0x00000012       0x13 src/oboskrnl/CMakeFiles/oboskrnl.dir/process/process.cpp.obj
 .comment       0x00000012       0x13 src/oboskrnl/CMakeFiles/oboskrnl.dir/driver_api/interrupts.cpp.obj
 .comment       0x00000012       0x13 src/oboskrnl/CMakeFiles/oboskrnl.dir/driver_api/syscalls.cpp.obj
 .comment       0x00000012       0x13 src/oboskrnl/CMakeFiles/oboskrnl.dir/syscalls/syscalls.cpp.obj
 .comment       0x00000012       0x13 src/oboskrnl/CMakeFiles/oboskrnl.dir/external/amalgamated-dist/Zydis.c.obj
 .comment       0x00000012       0x13 src/oboskrnl/CMakeFiles/oboskrnl.dir/descriptors/gdt/gdt.cpp.obj
 .comment       0x00000012       0x13 /home/omar/opt/cross/lib/gcc/i686-elf/11.4.0/libgcc.a(_udivdi3.o)
 .comment       0x00000012       0x13 /home/omar/opt/cross/lib/gcc/i686-elf/11.4.0/libgcc.a(_umoddi3.o)

.debug_rnglists
                0x00000000      0x402
 .debug_rnglists
                0x00000000       0x1f src/oboskrnl/CMakeFiles/oboskrnl.dir/memory_manager/paging/i686/allocate.cpp.obj
 .debug_rnglists
                0x0000001f       0x31 src/oboskrnl/CMakeFiles/oboskrnl.dir/boot/kmain.cpp.obj
 .debug_rnglists
                0x00000050       0x32 src/oboskrnl/CMakeFiles/oboskrnl.dir/klog.cpp.obj
 .debug_rnglists
                0x00000082       0x70 src/oboskrnl/CMakeFiles/oboskrnl.dir/multitasking/threadHandle.cpp.obj
 .debug_rnglists
                0x000000f2       0x31 src/oboskrnl/CMakeFiles/oboskrnl.dir/multitasking/multitasking.cpp.obj
 .debug_rnglists
                0x00000123       0x28 src/oboskrnl/CMakeFiles/oboskrnl.dir/multitasking/thread.cpp.obj
 .debug_rnglists
                0x0000014b       0x4c src/oboskrnl/CMakeFiles/oboskrnl.dir/multitasking/mutex/mutexHandle.cpp.obj
 .debug_rnglists
                0x00000197       0x67 src/oboskrnl/CMakeFiles/oboskrnl.dir/process/process.cpp.obj
 .debug_rnglists
                0x000001fe       0x6b src/oboskrnl/CMakeFiles/oboskrnl.dir/driver_api/syscalls.cpp.obj
 .debug_rnglists
                0x00000269      0x14f src/oboskrnl/CMakeFiles/oboskrnl.dir/external/amalgamated-dist/Zydis.c.obj
 .debug_rnglists
                0x000003b8       0x2a /home/omar/opt/cross/lib/gcc/i686-elf/11.4.0/libgcc.a(_udivdi3.o)
 .debug_rnglists
                0x000003e2       0x20 /home/omar/opt/cross/lib/gcc/i686-elf/11.4.0/libgcc.a(_umoddi3.o)

.debug_loclists
                0x00000000      0x9a0
 .debug_loclists
                0x00000000      0x50b /home/omar/opt/cross/lib/gcc/i686-elf/11.4.0/libgcc.a(_udivdi3.o)
 .debug_loclists
                0x0000050b      0x495 /home/omar/opt/cross/lib/gcc/i686-elf/11.4.0/libgcc.a(_umoddi3.o)

.debug_line_str
                0x00000000       0x93
 .debug_line_str
                0x00000000       0x93 /home/omar/opt/cross/lib/gcc/i686-elf/11.4.0/libgcc.a(_udivdi3.o)
                                 0xf0 (size before relaxing)
 .debug_line_str
                0x00000093       0xf0 /home/omar/opt/cross/lib/gcc/i686-elf/11.4.0/libgcc.a(_umoddi3.o)
