
Discarded input sections

 .gnu.linkonce.t._ZN4obos12multitasking6ThreadD1Ev
                0x00000000       0x3b src/oboskrnl/CMakeFiles/oboskrnl.dir/multitasking/multitasking.cpp.o
 .gnu.linkonce.t._ZN4obos12multitasking6ThreadD0Ev
                0x00000000       0x26 src/oboskrnl/CMakeFiles/oboskrnl.dir/multitasking/multitasking.cpp.o
 .gnu.linkonce.r._ZTVN4obos12multitasking6ThreadE
                0x00000000       0x10 src/oboskrnl/CMakeFiles/oboskrnl.dir/multitasking/multitasking.cpp.o
 .gnu.linkonce.t._ZN4obos12multitasking6ThreadD1Ev
                0x00000000       0x3b src/oboskrnl/CMakeFiles/oboskrnl.dir/multitasking/thread.cpp.o
 .gnu.linkonce.t._ZN4obos12multitasking6ThreadD0Ev
                0x00000000       0x26 src/oboskrnl/CMakeFiles/oboskrnl.dir/multitasking/thread.cpp.o
 .gnu.linkonce.r._ZTVN4obos12multitasking6ThreadE
                0x00000000       0x10 src/oboskrnl/CMakeFiles/oboskrnl.dir/multitasking/thread.cpp.o

Memory Configuration

Name             Origin             Length             Attributes
*default*        0x00000000         0xffffffff

Linker script and memory map

LOAD /tmp/cc0q8W0y.o
LOAD /home/omar/opt/cross/lib/gcc/i686-elf/11.4.0/crtbegin.o
LOAD /home/omar/opt/cross/lib/gcc/i686-elf/11.4.0/crtend.o
LOAD /tmp/ccBMv4tQ.o
LOAD /home/omar/opt/cross/lib/gcc/i686-elf/11.4.0/libgcc.a
LOAD src/oboskrnl/CMakeFiles/oboskrnl.dir/boot/kernel_bootstrap-i686.asm.o
LOAD src/oboskrnl/CMakeFiles/oboskrnl.dir/descriptors/gdt/gdt.asm.o
LOAD src/oboskrnl/CMakeFiles/oboskrnl.dir/descriptors/idt/idt.asm.o
LOAD src/oboskrnl/CMakeFiles/oboskrnl.dir/descriptors/idt/handlers.asm.o
LOAD src/oboskrnl/CMakeFiles/oboskrnl.dir/memory_manager/paging/init.asm.o
LOAD src/oboskrnl/CMakeFiles/oboskrnl.dir/multitasking/multitasking.asm.o
LOAD src/oboskrnl/CMakeFiles/oboskrnl.dir/utils/memcpy.asm.o
LOAD src/oboskrnl/CMakeFiles/oboskrnl.dir/inline-asm.asm.o
LOAD src/oboskrnl/CMakeFiles/oboskrnl.dir/boot/kmain.cpp.o
LOAD src/oboskrnl/CMakeFiles/oboskrnl.dir/console.cpp.o
LOAD src/oboskrnl/CMakeFiles/oboskrnl.dir/klog.cpp.o
LOAD src/oboskrnl/CMakeFiles/oboskrnl.dir/inline-asm.cpp.o
LOAD src/oboskrnl/CMakeFiles/oboskrnl.dir/descriptors/gdt/gdt.cpp.o
LOAD src/oboskrnl/CMakeFiles/oboskrnl.dir/descriptors/idt/idt.cpp.o
LOAD src/oboskrnl/CMakeFiles/oboskrnl.dir/memory_manager/physical.cpp.o
LOAD src/oboskrnl/CMakeFiles/oboskrnl.dir/utils/bitfields.cpp.o
LOAD src/oboskrnl/CMakeFiles/oboskrnl.dir/descriptors/idt/pic.cpp.o
LOAD src/oboskrnl/CMakeFiles/oboskrnl.dir/memory_manager/paging/init.cpp.o
LOAD src/oboskrnl/CMakeFiles/oboskrnl.dir/memory_manager/paging/allocate.cpp.o
LOAD src/oboskrnl/CMakeFiles/oboskrnl.dir/utils/memory.cpp.o
LOAD src/oboskrnl/CMakeFiles/oboskrnl.dir/memory_manager/paging/liballoc_hooks.cpp.o
LOAD src/oboskrnl/CMakeFiles/oboskrnl.dir/memory_manager/liballoc/liballoc.c.o
LOAD src/oboskrnl/CMakeFiles/oboskrnl.dir/external/list/list_iterator.c.o
LOAD src/oboskrnl/CMakeFiles/oboskrnl.dir/external/list/list_node.c.o
LOAD src/oboskrnl/CMakeFiles/oboskrnl.dir/external/list/list.c.o
LOAD src/oboskrnl/CMakeFiles/oboskrnl.dir/multitasking/multitasking.cpp.o
LOAD src/oboskrnl/CMakeFiles/oboskrnl.dir/multitasking/threadHandle.cpp.o
LOAD src/oboskrnl/CMakeFiles/oboskrnl.dir/multitasking/thread.cpp.o
LOAD src/oboskrnl/CMakeFiles/oboskrnl.dir/multitasking/mutex/mutex.cpp.o
LOAD src/oboskrnl/CMakeFiles/oboskrnl.dir/multitasking/mutex/mutexHandle.cpp.o
                0x00100000                        . = 0x100000
                0x00100000                        _kernel_start = .

.multiboot.data
                0x00100000     0x3004
 *(.multiboot.data)
 .multiboot.data
                0x00100000     0x3004 src/oboskrnl/CMakeFiles/oboskrnl.dir/boot/kernel_bootstrap-i686.asm.o
                0x00102000                boot_page_directory1

.multiboot.text
                0x00103004       0x63
 *(.multiboot.text)
 .multiboot.text
                0x00103004       0x63 src/oboskrnl/CMakeFiles/oboskrnl.dir/boot/kernel_bootstrap-i686.asm.o
                0x00103004                _start
                0xc0103067                        . = (. + 0xc0000000)

.text           0xc0104000     0x68ec load address 0x00104000
 *(.text)
 .text          0xc0104000        0x0 /tmp/cc0q8W0y.o
 .text          0xc0104000      0x145 /home/omar/opt/cross/lib/gcc/i686-elf/11.4.0/crtbegin.o
 *fill*         0xc0104145        0xb 
 .text          0xc0104150       0x41 /home/omar/opt/cross/lib/gcc/i686-elf/11.4.0/crtend.o
 .text          0xc0104191        0x0 /tmp/ccBMv4tQ.o
 *fill*         0xc0104191        0xf 
 .text          0xc01041a0       0x19 src/oboskrnl/CMakeFiles/oboskrnl.dir/boot/kernel_bootstrap-i686.asm.o
                0xc01041ae                _ZN4obos15RestartComputerEv
 *fill*         0xc01041b9        0x7 
 .text          0xc01041c0       0x1d src/oboskrnl/CMakeFiles/oboskrnl.dir/descriptors/gdt/gdt.asm.o
                0xc01041c0                gdtFlush
 *fill*         0xc01041dd        0x3 
 .text          0xc01041e0        0x8 src/oboskrnl/CMakeFiles/oboskrnl.dir/descriptors/idt/idt.asm.o
                0xc01041e0                _ZN4obos8idtFlushEj
 *fill*         0xc01041e8        0x8 
 .text          0xc01041f0      0x1cb src/oboskrnl/CMakeFiles/oboskrnl.dir/descriptors/idt/handlers.asm.o
                0xc01041f0                isr0
                0xc01041fa                isr1
                0xc0104204                isr2
                0xc010420e                isr3
                0xc0104218                isr4
                0xc0104222                isr5
                0xc010422c                isr6
                0xc0104236                isr7
                0xc0104240                isr8
                0xc0104248                isr9
                0xc0104252                isr10
                0xc010425a                isr11
                0xc0104262                isr12
                0xc010426a                isr13
                0xc0104272                isr14
                0xc010427a                isr15
                0xc0104284                isr16
                0xc010428e                isr17
                0xc0104298                isr18
                0xc01042a2                isr19
                0xc01042ac                isr20
                0xc01042b6                isr21
                0xc01042be                isr22
                0xc01042c8                isr23
                0xc01042d2                isr24
                0xc01042dc                isr25
                0xc01042e6                isr26
                0xc01042f0                isr27
                0xc01042fa                isr28
                0xc0104304                isr29
                0xc010430c                isr30
                0xc0104311                isr31
                0xc0104318                isr32
                0xc010431f                isr33
                0xc0104326                isr34
                0xc010432d                isr35
                0xc0104334                isr36
                0xc010433b                isr37
                0xc0104342                isr38
                0xc0104349                isr39
                0xc0104350                isr40
                0xc0104357                isr41
                0xc010435e                isr42
                0xc0104365                isr43
                0xc010436c                isr44
                0xc0104373                isr45
                0xc010437a                isr46
                0xc0104381                isr47
                0xc0104388                isr48
                0xc010438f                isr_common_stub
 *fill*         0xc01043bb        0x5 
 .text          0xc01043c0       0x20 src/oboskrnl/CMakeFiles/oboskrnl.dir/memory_manager/paging/init.asm.o
                0xc01043c0                _ZN4obos6memory13PageDirectory15switchToThisAsmEj
                0xc01043cc                _ZN4obos6memory19GetPageFaultAddressEv
                0xc01043d0                _ZN4obos6memory12enablePagingEv
 .text          0xc01043e0       0x34 src/oboskrnl/CMakeFiles/oboskrnl.dir/multitasking/multitasking.asm.o
                0xc01043e0                _ZN4obos12multitasking15switchToTaskAsmEv
 *fill*         0xc0104414        0xc 
 .text          0xc0104420       0x81 src/oboskrnl/CMakeFiles/oboskrnl.dir/utils/memcpy.asm.o
                0xc0104420                _ZN4obos5utils6memcpyEPvPKvj
                0xc010443d                _ZN4obos5utils7memzeroEPvj
                0xc0104455                _ZN4obos5utils8dwMemsetEPjjj
                0xc0104471                _ZN4obos5utils6memsetEPvjj
                0xc010448b                _ZN4obos5utils6strlenEPKc
 *fill*         0xc01044a1        0xf 
 .text          0xc01044b0        0x7 src/oboskrnl/CMakeFiles/oboskrnl.dir/inline-asm.asm.o
                0xc01044b0                _Z9getEflagsv
 *fill*         0xc01044b7        0x1 
 .text          0xc01044b8      0x882 src/oboskrnl/CMakeFiles/oboskrnl.dir/boot/kmain.cpp.o
                0xc01044b8                _ZN4obos9pageFaultEPKNS_15interrupt_frameE
                0xc0104645                _ZN4obos23defaultExceptionHandlerEPKNS_15interrupt_frameE
                0xc010479e                _ZN4obos5kmainEP14multiboot_infoj
                0xc0104983                _ZN4obos10testThreadEPv
                0xc01049bb                _ZN4obos8kmainThrEv
                0xc0104b6d                __cxa_pure_virtual
                0xc0104b88                __cxa_atexit
                0xc0104c00                __cxa_finalize
 .text          0xc0104d3a      0x836 src/oboskrnl/CMakeFiles/oboskrnl.dir/console.cpp.o
                0xc0104f43                _ZN4obos17InitializeConsoleEjj
                0xc01050c1                _ZN4obos9SetCursorEb
                0xc01050d0                _ZN4obos15SetConsoleColorEjj
                0xc01050e6                _ZN4obos15GetConsoleColorERjS0_
                0xc01052e5                _ZN4obos13ConsoleOutputEPKcjb
                0xc0105369                _ZN4obos19ConsoleOutputStringEPKcb
                0xc01053f4                _ZN4obos15ConsoleFillLineEcb
                0xc010547e                _ZN4obos22ConsoleOutputCharacterEcb
                0xc01054e7                _ZN4obos25SetTerminalCursorPositionEjj
                0xc0105534                _ZN4obos11swapBuffersEv
 .text          0xc0105570      0x909 src/oboskrnl/CMakeFiles/oboskrnl.dir/klog.cpp.o
                0xc010562b                _Z10strreversePci
                0xc010569b                _Z13itoa_unsignedjPci
                0xc01057b7                _ZN4obos8_vprintfEPFvhPvES0_PKcPc
                0xc0105b9f                _ZN4obos6printfEPKcz
                0xc0105bca                _ZN4obos7vprintfEPKcPc
                0xc0105bfc                _ZN4obos6kpanicEPvPKcz
                0xc0105d8e                _ZN4obos14printf_noFlushEPKcz
                0xc0105db4                _ZN4obos15printStackTraceEPvPKc
 .text          0xc0105e79      0x81a src/oboskrnl/CMakeFiles/oboskrnl.dir/inline-asm.cpp.o
                0xc0105e79                _Z4outbth
                0xc0105e9a                _Z4outwtt
                0xc0105ebb                _Z3inbt
                0xc0105ed8                _Z3inwt
                0xc0105ef7                _Z7io_waitv
                0xc0105f0c                _Z3cliv
                0xc0105f20                _Z3stiv
                0xc0105f34                _Z3hltv
                0xc0105f3b                _Z4_inth
                0xc01065f3                _ZN4obos18EnterKernelSectionEv
                0xc0106635                _ZN4obos18LeaveKernelSectionEv
 *fill*         0xc0106693        0x1 
 .text          0xc0106694      0x177 src/oboskrnl/CMakeFiles/oboskrnl.dir/descriptors/gdt/gdt.cpp.o
                0xc0106694                _ZN4obos8GdtEntryC2Ejjhh
                0xc0106694                _ZN4obos8GdtEntryC1Ejjhh
                0xc010670d                _ZN4obos13InitializeGdtEv
 *fill*         0xc010680b        0x1 
 .text          0xc010680c      0x9dc src/oboskrnl/CMakeFiles/oboskrnl.dir/descriptors/idt/idt.cpp.o
                0xc010680c                _ZN4obos8IdtEntryC2Ejth
                0xc010680c                _ZN4obos8IdtEntryC1Ejth
                0xc010685f                _ZN4obos13InitializeIdtEv
                0xc01071cb                _ZN4obos24RegisterInterruptHandlerEhPFvPKNS_15interrupt_frameEE
 .text          0xc01071e8      0x69d src/oboskrnl/CMakeFiles/oboskrnl.dir/memory_manager/physical.cpp.o
                0xc01072ce                _ZN4obos6memory31InitializePhysicalMemoryManagerEv
                0xc0107505                _ZN4obos6memory20kalloc_physicalPagesEj
                0xc0107752                _ZN4obos6memory19kfree_physicalPagesEPvj
 *fill*         0xc0107885        0x1 
 .text          0xc0107886      0x2c2 src/oboskrnl/CMakeFiles/oboskrnl.dir/utils/bitfields.cpp.o
                0xc01078a4                _ZN4obos5utils12BitfieldBaseC2Ev
                0xc01078a4                _ZN4obos5utils12BitfieldBaseC1Ev
                0xc01078be                _ZN4obos5utils12BitfieldBase6setBitEj
                0xc01078d6                _ZN4obos5utils12BitfieldBase8clearBitEj
                0xc01078f0                _ZNK4obos5utils12BitfieldBase6getBitEj
                0xc0107904                _ZNK4obos5utils12BitfieldBaseixEj
                0xc0107924                _ZN4obos5utils12BitfieldBasecvjEv
                0xc0107930                _ZN4obos5utils12BitfieldBasecvbEv
                0xc0107942                _ZN4obos5utils8BitfieldC2Ev
                0xc0107942                _ZN4obos5utils8BitfieldC1Ev
                0xc010795e                _ZN4obos5utils8Bitfield6setBitEh
                0xc0107994                _ZN4obos5utils8Bitfield8clearBitEh
                0xc01079ca                _ZNK4obos5utils8Bitfield6getBitEh
                0xc0107a16                _ZNK4obos5utils8BitfieldixEh
                0xc0107a3e                _ZN4obos5utils8BitfieldcvbEv
                0xc0107a50                _ZN4obos5utils15IntegerBitfieldC2Ev
                0xc0107a50                _ZN4obos5utils15IntegerBitfieldC1Ev
                0xc0107a6c                _ZN4obos5utils15IntegerBitfieldC2Ej
                0xc0107a6c                _ZN4obos5utils15IntegerBitfieldC1Ej
                0xc0107a92                _ZN4obos5utils15IntegerBitfield11setBitfieldEj
                0xc0107aa1                _ZN4obos5utils16setBitInBitfieldERjh
                0xc0107acf                _ZN4obos5utils18clearBitInBitfieldERjh
                0xc0107aff                _ZN4obos5utils17testBitInBitfieldEjh
 .text          0xc0107b48      0x471 src/oboskrnl/CMakeFiles/oboskrnl.dir/descriptors/idt/pic.cpp.o
                0xc0107b48                _ZN4obos3PicC2Ett
                0xc0107b48                _ZN4obos3PicC1Ett
                0xc0107b90                _ZN4obos3Pic8setPortsEtt
                0xc0107bc4                _ZN4obos3Pic15sendCommandByteEh
                0xc0107c02                _ZN4obos3Pic15sendCommandWordEt
                0xc0107c42                _ZN4obos3Pic12sendDataByteEh
                0xc0107c82                _ZN4obos3Pic12sendDataWordEt
                0xc0107cc2                _ZN4obos3Pic15recvCommandByteEv
                0xc0107cf6                _ZN4obos3Pic15recvCommandWordEv
                0xc0107d2a                _ZN4obos3Pic12recvDataByteEv
                0xc0107d5e                _ZN4obos3Pic12recvDataWordEv
                0xc0107d92                _ZN4obos3Pic7sendEOIEv
                0xc0107dac                _ZN4obos3Pic5remapEhh
                0xc0107e08                _ZN4obos3Pic9enableIrqEh
                0xc0107e54                _ZN4obos3Pic10disableIrqEh
                0xc0107ea0                _ZN4obos3Pic7disableEv
                0xc0107ebc                _ZN4obos3Pic15issuedInterruptEh
                0xc0107f0a                _ZN4obos7SendEOIEj
 *fill*         0xc0107fb9        0x1 
 .text          0xc0107fba      0x268 src/oboskrnl/CMakeFiles/oboskrnl.dir/memory_manager/paging/init.cpp.o
                0xc0107fba                _ZN4obos6memory13PageDirectoryC2Ev
                0xc0107fba                _ZN4obos6memory13PageDirectoryC1Ev
                0xc0107fe8                _ZN4obos6memory13PageDirectoryC1EPj
                0xc0107fe8                _ZN4obos6memory13PageDirectoryC2EPj
                0xc0108014                _ZN4obos6memory13PageDirectory4initEv
                0xc010805c                _ZN4obos6memory13PageDirectory12switchToThisEv
                0xc010808c                _ZN4obos6memory13PageDirectory19getPageTableAddressEt
                0xc01080c6                _ZN4obos6memory13PageDirectory12getPageTableEt
                0xc0108108                _ZN4obos6memory13PageDirectory7destroyEv
                0xc010816e                _ZN4obos6memory13PageDirectoryD1Ev
                0xc010816e                _ZN4obos6memory13PageDirectoryD2Ev
                0xc0108186                _ZN4obos6memory13PageDirectory14addressToIndexEj
                0xc0108192                _ZN4obos6memory13PageDirectory23addressToPageTableIndexEj
                0xc01081a1                _ZN4obos6memory16InitializePagingEv
                0xc0108216                _ZN4obos6memory8tlbFlushEj
 .text          0xc0108222      0x81a src/oboskrnl/CMakeFiles/oboskrnl.dir/memory_manager/paging/allocate.cpp.o
                0xc0108222                _ZN4obos6memory14kmap_pageTableEPv
                0xc0108241                _ZN4obos6memory15kfree_pageTableEv
                0xc0108264                _ZN4obos6memory13kmap_physicalEPvjjS1_b
                0xc010844a                _ZN4obos6memory12VirtualAllocEPvjj
                0xc0108721                _ZN4obos6memory11VirtualFreeEPvj
                0xc0108926                _ZN4obos6memory17HasVirtualAddressEPKvj
 .text          0xc0108a3c      0x14f src/oboskrnl/CMakeFiles/oboskrnl.dir/utils/memory.cpp.o
                0xc0108a3c                _ZN4obos5utils6memcmpEPKvS2_j
                0xc0108b01                _ZN4obos5utils6memchrEPvhj
                0xc0108b67                _ZN4obos5utils6memchrEPKvhj
 .text          0xc0108b8b      0x13f src/oboskrnl/CMakeFiles/oboskrnl.dir/memory_manager/paging/liballoc_hooks.cpp.o
                0xc0108b8b                liballoc_lock
                0xc0108b9d                liballoc_unlock
                0xc0108baf                liballoc_alloc
                0xc0108bfc                liballoc_free
                0xc0108c22                _Znwm
                0xc0108c3a                _Znam
                0xc0108c52                _ZdlPv
                0xc0108c69                _ZdaPv
                0xc0108c80                _ZdlPvm
                0xc0108c97                _ZdaPvm
                0xc0108cae                _ZnwmPv
                0xc0108cb6                _ZnamPv
                0xc0108cbe                _ZdlPvS_
                0xc0108cc4                _ZdaPvS_
 .text          0xc0108cca      0xc1d src/oboskrnl/CMakeFiles/oboskrnl.dir/memory_manager/liballoc/liballoc.c.o
                0xc0108e70                kmalloc
                0xc01094fc                kfree
                0xc0109759                kcalloc
                0xc0109794                krealloc
 .text          0xc01098e7       0xbb src/oboskrnl/CMakeFiles/oboskrnl.dir/external/list/list_iterator.c.o
                0xc01098e7                list_iterator_new
                0xc0109916                list_iterator_new_from_node
                0xc010994f                list_iterator_next
                0xc0109984                list_iterator_destroy
 .text          0xc01099a2       0x44 src/oboskrnl/CMakeFiles/oboskrnl.dir/external/list/list_node.c.o
                0xc01099a2                list_node_new
 .text          0xc01099e6      0x48d src/oboskrnl/CMakeFiles/oboskrnl.dir/external/list/list.c.o
                0xc01099e6                list_new
                0xc0109a3f                list_destroy
                0xc0109ab2                list_rpush
                0xc0109b35                list_rpop
                0xc0109bb5                list_lpop
                0xc0109c33                list_lpush
                0xc0109cb2                list_find
                0xc0109d50                list_at
                0xc0109de6                list_remove
 .text          0xc0109e73      0x5a7 src/oboskrnl/CMakeFiles/oboskrnl.dir/multitasking/multitasking.cpp.o
                0xc0109e73                _ZN4obos12multitasking10canRanTaskEPNS0_6ThreadE
                0xc0109e9f                _ZN4obos12multitasking12switchToTaskEPNS0_6ThreadE
                0xc0109ebf                _ZN4obos12multitasking11findNewTaskEPKNS_15interrupt_frameE
                0xc010a275                _ZN4obos12multitasking22InitializeMultitaskingEv
 .text          0xc010a41a        0x0 src/oboskrnl/CMakeFiles/oboskrnl.dir/multitasking/threadHandle.cpp.o
 .text          0xc010a41a      0x204 src/oboskrnl/CMakeFiles/oboskrnl.dir/multitasking/thread.cpp.o
                0xc010a41a                _ZN4obos12multitasking6ThreadC2ENS1_10priority_tEPFvPvES3_jj
                0xc010a41a                _ZN4obos12multitasking6ThreadC1ENS1_10priority_tEPFvPvES3_jj
                0xc010a4a4                _ZN4obos12multitasking6Thread12CreateThreadENS1_10priority_tEPFvPvES3_jj
 .text          0xc010a61e      0x11f src/oboskrnl/CMakeFiles/oboskrnl.dir/multitasking/mutex/mutex.cpp.o
                0xc010a61e                _ZN4obos12multitasking17MutexLockCallbackEPNS0_6ThreadEPv
                0xc010a650                _ZN4obos12multitasking5Mutex4LockEb
                0xc010a6e4                _ZN4obos12multitasking5Mutex6UnlockEv
                0xc010a71c                _ZN4obos12multitasking5MutexD2Ev
                0xc010a71c                _ZN4obos12multitasking5MutexD1Ev
 *fill*         0xc010a73d        0x1 
 .text          0xc010a73e      0x1ae src/oboskrnl/CMakeFiles/oboskrnl.dir/multitasking/mutex/mutexHandle.cpp.o
                0xc010a73e                _ZN4obos12multitasking11MutexHandleC2Ev
                0xc010a73e                _ZN4obos12multitasking11MutexHandleC1Ev
                0xc010a7a6                _ZN4obos12multitasking11MutexHandle9duplicateEv
                0xc010a7de                _ZN4obos12multitasking11MutexHandle11closeHandleEv
                0xc010a832                _ZN4obos12multitasking11MutexHandle4LockEb
                0xc010a86a                _ZN4obos12multitasking11MutexHandle6UnlockEv
                0xc010a896                _ZN4obos12multitasking11MutexHandleD2Ev
                0xc010a896                _ZN4obos12multitasking11MutexHandleD1Ev
                0xc010a8c6                _ZN4obos12multitasking11MutexHandleD0Ev

.init           0xc010a8ec        0xf load address 0x0010a8ec
 .init          0xc010a8ec        0x3 /tmp/cc0q8W0y.o
                0xc010a8ec                _init
 .init          0xc010a8ef        0x5 /home/omar/opt/cross/lib/gcc/i686-elf/11.4.0/crtbegin.o
 .init          0xc010a8f4        0x5 /home/omar/opt/cross/lib/gcc/i686-elf/11.4.0/crtend.o
 .init          0xc010a8f9        0x2 /tmp/ccBMv4tQ.o

.fini           0xc010a8fb        0xa load address 0x0010a8fb
 .fini          0xc010a8fb        0x3 /tmp/cc0q8W0y.o
                0xc010a8fb                _fini
 .fini          0xc010a8fe        0x5 /home/omar/opt/cross/lib/gcc/i686-elf/11.4.0/crtbegin.o
 .fini          0xc010a903        0x2 /tmp/ccBMv4tQ.o

.iplt           0xc010a905        0x0 load address 0x0010a905
 .iplt          0xc010a905        0x0 /tmp/cc0q8W0y.o

.gnu.linkonce.t._ZN4obos12multitasking6ThreadD1Ev
                0xc010a906       0x3b load address 0x0010a906
 .gnu.linkonce.t._ZN4obos12multitasking6ThreadD1Ev
                0xc010a906       0x3b src/oboskrnl/CMakeFiles/oboskrnl.dir/boot/kmain.cpp.o
                0xc010a906                _ZN4obos12multitasking6ThreadD1Ev

.gnu.linkonce.t._ZN4obos12multitasking6ThreadD0Ev
                0xc010a942       0x26 load address 0x0010a942
 .gnu.linkonce.t._ZN4obos12multitasking6ThreadD0Ev
                0xc010a942       0x26 src/oboskrnl/CMakeFiles/oboskrnl.dir/boot/kmain.cpp.o
                0xc010a942                _ZN4obos12multitasking6ThreadD0Ev

.gnu.linkonce.t._ZN4obos12multitasking6ThreadC1Ev
                0xc010a968       0x6a load address 0x0010a968
 .gnu.linkonce.t._ZN4obos12multitasking6ThreadC1Ev
                0xc010a968       0x6a src/oboskrnl/CMakeFiles/oboskrnl.dir/multitasking/multitasking.cpp.o
                0xc010a968                _ZN4obos12multitasking6ThreadC1Ev

.gnu.linkonce.t._ZN4obos6Handle13getReferencesEv
                0xc010a9d2        0xe load address 0x0010a9d2
 .gnu.linkonce.t._ZN4obos6Handle13getReferencesEv
                0xc010a9d2        0xe src/oboskrnl/CMakeFiles/oboskrnl.dir/multitasking/mutex/mutexHandle.cpp.o
                0xc010a9d2                _ZN4obos6Handle13getReferencesEv

.gnu.linkonce.t._ZN4obos6HandleD2Ev
                0xc010a9e0       0x10 load address 0x0010a9e0
 .gnu.linkonce.t._ZN4obos6HandleD2Ev
                0xc010a9e0       0x10 src/oboskrnl/CMakeFiles/oboskrnl.dir/multitasking/mutex/mutexHandle.cpp.o
                0xc010a9e0                _ZN4obos6HandleD2Ev

.gnu.linkonce.t._ZN4obos6HandleC2Ev
                0xc010a9f0       0x1a load address 0x0010a9f0
 .gnu.linkonce.t._ZN4obos6HandleC2Ev
                0xc010a9f0       0x1a src/oboskrnl/CMakeFiles/oboskrnl.dir/multitasking/mutex/mutexHandle.cpp.o
                0xc010a9f0                _ZN4obos6HandleC2Ev

.gnu.linkonce.t._ZN4obos12multitasking5MutexC1Ev
                0xc010aa0a       0x1d load address 0x0010aa0a
 .gnu.linkonce.t._ZN4obos12multitasking5MutexC1Ev
                0xc010aa0a       0x1d src/oboskrnl/CMakeFiles/oboskrnl.dir/multitasking/mutex/mutexHandle.cpp.o
                0xc010aa0a                _ZN4obos12multitasking5MutexC1Ev

.rodata         0xc010b000     0x1547 load address 0x0010b000
 *(.rodata)
 .rodata        0xc010b000      0x5dd src/oboskrnl/CMakeFiles/oboskrnl.dir/boot/kmain.cpp.o
 *fill*         0xc010b5dd        0x3 
 .rodata        0xc010b5e0       0x8c src/oboskrnl/CMakeFiles/oboskrnl.dir/console.cpp.o
 *fill*         0xc010b66c       0x14 
 .rodata        0xc010b680      0x8e1 src/oboskrnl/CMakeFiles/oboskrnl.dir/klog.cpp.o
 *fill*         0xc010bf61        0x3 
 .rodata        0xc010bf64      0x400 src/oboskrnl/CMakeFiles/oboskrnl.dir/inline-asm.cpp.o
 .rodata        0xc010c364       0x93 src/oboskrnl/CMakeFiles/oboskrnl.dir/memory_manager/physical.cpp.o
 *fill*         0xc010c3f7        0x1 
 .rodata        0xc010c3f8        0x8 src/oboskrnl/CMakeFiles/oboskrnl.dir/memory_manager/paging/init.cpp.o
 .rodata        0xc010c400        0x8 src/oboskrnl/CMakeFiles/oboskrnl.dir/memory_manager/paging/allocate.cpp.o
 .rodata        0xc010c408       0x9f src/oboskrnl/CMakeFiles/oboskrnl.dir/multitasking/multitasking.cpp.o
 *fill*         0xc010c4a7        0x1 
 .rodata        0xc010c4a8       0x9f src/oboskrnl/CMakeFiles/oboskrnl.dir/multitasking/thread.cpp.o
                0xc010c547                        _ZN4obos6memory9__erodataE = .

.eh_frame       0xc010c548        0x4 load address 0x0010c548
 .eh_frame      0xc010c548        0x0 /home/omar/opt/cross/lib/gcc/i686-elf/11.4.0/crtbegin.o
 .eh_frame      0xc010c548        0x4 /home/omar/opt/cross/lib/gcc/i686-elf/11.4.0/crtend.o

.gnu.linkonce.r._ZTVN4obos12multitasking6ThreadE
                0xc010c54c       0x10 load address 0x0010c54c
 .gnu.linkonce.r._ZTVN4obos12multitasking6ThreadE
                0xc010c54c       0x10 src/oboskrnl/CMakeFiles/oboskrnl.dir/boot/kmain.cpp.o
                0xc010c54c                _ZTVN4obos12multitasking6ThreadE

.gnu.linkonce.r._ZTVN4obos5utils8BitfieldE
                0xc010c55c       0x30 load address 0x0010c55c
 .gnu.linkonce.r._ZTVN4obos5utils8BitfieldE
                0xc010c55c       0x30 src/oboskrnl/CMakeFiles/oboskrnl.dir/utils/bitfields.cpp.o
                0xc010c55c                _ZTVN4obos5utils8BitfieldE

.gnu.linkonce.r._ZTVN4obos5utils12BitfieldBaseE
                0xc010c58c       0x20 load address 0x0010c58c
 .gnu.linkonce.r._ZTVN4obos5utils12BitfieldBaseE
                0xc010c58c       0x20 src/oboskrnl/CMakeFiles/oboskrnl.dir/utils/bitfields.cpp.o
                0xc010c58c                _ZTVN4obos5utils12BitfieldBaseE

.gnu.linkonce.r._ZTVN4obos5utils15IntegerBitfieldE
                0xc010c5ac       0x30 load address 0x0010c5ac
 .gnu.linkonce.r._ZTVN4obos5utils15IntegerBitfieldE
                0xc010c5ac       0x30 src/oboskrnl/CMakeFiles/oboskrnl.dir/utils/bitfields.cpp.o
                0xc010c5ac                _ZTVN4obos5utils15IntegerBitfieldE

.gnu.linkonce.r._ZTVN4obos12multitasking11MutexHandleE
                0xc010c5dc       0x18 load address 0x0010c5dc
 .gnu.linkonce.r._ZTVN4obos12multitasking11MutexHandleE
                0xc010c5dc       0x18 src/oboskrnl/CMakeFiles/oboskrnl.dir/multitasking/mutex/mutexHandle.cpp.o
                0xc010c5dc                _ZTVN4obos12multitasking11MutexHandleE

.gnu.linkonce.r._ZTVN4obos6HandleE
                0xc010c5f4       0x18 load address 0x0010c5f4
 .gnu.linkonce.r._ZTVN4obos6HandleE
                0xc010c5f4       0x18 src/oboskrnl/CMakeFiles/oboskrnl.dir/multitasking/mutex/mutexHandle.cpp.o
                0xc010c5f4                _ZTVN4obos6HandleE

.rel.dyn        0xc010c60c        0x0 load address 0x0010c60c
 .rel.got       0xc010c60c        0x0 /tmp/cc0q8W0y.o
 .rel.iplt      0xc010c60c        0x0 /tmp/cc0q8W0y.o
 .rel.text      0xc010c60c        0x0 /tmp/cc0q8W0y.o
 .rel.gnu.linkonce.t._ZN4obos12multitasking6ThreadD1Ev
                0xc010c60c        0x0 /tmp/cc0q8W0y.o
 .rel.gnu.linkonce.t._ZN4obos12multitasking6ThreadD0Ev
                0xc010c60c        0x0 /tmp/cc0q8W0y.o
 .rel.gnu.linkonce.r._ZTVN4obos12multitasking6ThreadE
                0xc010c60c        0x0 /tmp/cc0q8W0y.o
 .rel.gnu.linkonce.t._ZN4obos12multitasking6ThreadC1Ev
                0xc010c60c        0x0 /tmp/cc0q8W0y.o
 .rel.gnu.linkonce.t._ZN4obos6HandleD2Ev
                0xc010c60c        0x0 /tmp/cc0q8W0y.o
 .rel.gnu.linkonce.t._ZN4obos6HandleC2Ev
                0xc010c60c        0x0 /tmp/cc0q8W0y.o

.data           0xc010d000      0x420 load address 0x0010d000
 *(.data)
 .data          0xc010d000        0x0 /tmp/cc0q8W0y.o
 .data          0xc010d000        0x4 /home/omar/opt/cross/lib/gcc/i686-elf/11.4.0/crtbegin.o
                0xc010d000                __dso_handle
 .data          0xc010d004        0x0 /home/omar/opt/cross/lib/gcc/i686-elf/11.4.0/crtend.o
 .data          0xc010d004        0x0 /tmp/ccBMv4tQ.o
 .data          0xc010d004      0x400 src/oboskrnl/CMakeFiles/oboskrnl.dir/descriptors/idt/handlers.asm.o
                0xc010d004                _ZN4obos19g_interruptHandlersE
 .data          0xc010d404        0x8 src/oboskrnl/CMakeFiles/oboskrnl.dir/multitasking/multitasking.asm.o
 .data          0xc010d40c        0x0 src/oboskrnl/CMakeFiles/oboskrnl.dir/boot/kmain.cpp.o
 .data          0xc010d40c        0x0 src/oboskrnl/CMakeFiles/oboskrnl.dir/console.cpp.o
 .data          0xc010d40c        0x4 src/oboskrnl/CMakeFiles/oboskrnl.dir/klog.cpp.o
 .data          0xc010d410        0x0 src/oboskrnl/CMakeFiles/oboskrnl.dir/inline-asm.cpp.o
 .data          0xc010d410        0x0 src/oboskrnl/CMakeFiles/oboskrnl.dir/descriptors/gdt/gdt.cpp.o
 .data          0xc010d410        0x0 src/oboskrnl/CMakeFiles/oboskrnl.dir/descriptors/idt/idt.cpp.o
 .data          0xc010d410        0x4 src/oboskrnl/CMakeFiles/oboskrnl.dir/memory_manager/physical.cpp.o
 .data          0xc010d414        0x0 src/oboskrnl/CMakeFiles/oboskrnl.dir/utils/bitfields.cpp.o
 .data          0xc010d414        0x0 src/oboskrnl/CMakeFiles/oboskrnl.dir/descriptors/idt/pic.cpp.o
 .data          0xc010d414        0x0 src/oboskrnl/CMakeFiles/oboskrnl.dir/memory_manager/paging/init.cpp.o
 .data          0xc010d414        0x0 src/oboskrnl/CMakeFiles/oboskrnl.dir/memory_manager/paging/allocate.cpp.o
 .data          0xc010d414        0x0 src/oboskrnl/CMakeFiles/oboskrnl.dir/utils/memory.cpp.o
 .data          0xc010d414        0x0 src/oboskrnl/CMakeFiles/oboskrnl.dir/memory_manager/paging/liballoc_hooks.cpp.o
 .data          0xc010d414        0x8 src/oboskrnl/CMakeFiles/oboskrnl.dir/memory_manager/liballoc/liballoc.c.o
 .data          0xc010d41c        0x0 src/oboskrnl/CMakeFiles/oboskrnl.dir/external/list/list_iterator.c.o
 .data          0xc010d41c        0x0 src/oboskrnl/CMakeFiles/oboskrnl.dir/external/list/list_node.c.o
 .data          0xc010d41c        0x0 src/oboskrnl/CMakeFiles/oboskrnl.dir/external/list/list.c.o
 .data          0xc010d41c        0x0 src/oboskrnl/CMakeFiles/oboskrnl.dir/multitasking/multitasking.cpp.o
 .data          0xc010d41c        0x0 src/oboskrnl/CMakeFiles/oboskrnl.dir/multitasking/threadHandle.cpp.o
 .data          0xc010d41c        0x4 src/oboskrnl/CMakeFiles/oboskrnl.dir/multitasking/thread.cpp.o
                0xc010d41c                _ZN4obos12multitasking15g_nextThreadTidE
 .data          0xc010d420        0x0 src/oboskrnl/CMakeFiles/oboskrnl.dir/multitasking/mutex/mutex.cpp.o
 .data          0xc010d420        0x0 src/oboskrnl/CMakeFiles/oboskrnl.dir/multitasking/mutex/mutexHandle.cpp.o

.got            0xc010d420        0x0 load address 0x0010d420
 .got           0xc010d420        0x0 /tmp/cc0q8W0y.o

.got.plt        0xc010d420        0x0 load address 0x0010d420
 .got.plt       0xc010d420        0x0 /tmp/cc0q8W0y.o

.igot.plt       0xc010d420        0x0 load address 0x0010d420
 .igot.plt      0xc010d420        0x0 /tmp/cc0q8W0y.o

.ctors          0xc010d420        0xc load address 0x0010d420
 .ctors         0xc010d420        0x4 /home/omar/opt/cross/lib/gcc/i686-elf/11.4.0/crtbegin.o
 .ctors         0xc010d424        0x4 /home/omar/opt/cross/lib/gcc/i686-elf/11.4.0/crtend.o
 .ctors         0xc010d428        0x4 src/oboskrnl/CMakeFiles/oboskrnl.dir/boot/kmain.cpp.o

.dtors          0xc010d42c        0x8 load address 0x0010d42c
 .dtors         0xc010d42c        0x4 /home/omar/opt/cross/lib/gcc/i686-elf/11.4.0/crtbegin.o
 .dtors         0xc010d430        0x4 /home/omar/opt/cross/lib/gcc/i686-elf/11.4.0/crtend.o
                0xc010d430                __DTOR_END__

.tm_clone_table
                0xc010d434        0x0 load address 0x0010d434
 .tm_clone_table
                0xc010d434        0x0 /home/omar/opt/cross/lib/gcc/i686-elf/11.4.0/crtbegin.o
 .tm_clone_table
                0xc010d434        0x0 /home/omar/opt/cross/lib/gcc/i686-elf/11.4.0/crtend.o

.bss            0xc010e000    0x2b051 load address 0x0010e000
 *(COMMON)
 *(.bss)
 .bss           0xc010e000        0x0 /tmp/cc0q8W0y.o
 .bss           0xc010e000       0x20 /home/omar/opt/cross/lib/gcc/i686-elf/11.4.0/crtbegin.o
 .bss           0xc010e020        0x0 /home/omar/opt/cross/lib/gcc/i686-elf/11.4.0/crtend.o
 .bss           0xc010e020        0x0 /tmp/ccBMv4tQ.o
 .bss           0xc010e020      0xc24 src/oboskrnl/CMakeFiles/oboskrnl.dir/boot/kmain.cpp.o
                0xc010e020                _ZN4obos15g_multibootInfoE
                0xc010e024                _ZN4obos15g_pageDirectoryE
                0xc010e040                __atexitFuncs
                0xc010ec40                __atexitFuncCount
 .bss           0xc010ec44       0x34 src/oboskrnl/CMakeFiles/oboskrnl.dir/console.cpp.o
                0xc010ec44                _ZN4obos17s_foregroundColorE
                0xc010ec48                _ZN4obos17s_backgroundColorE
                0xc010ec4c                _ZN4obos16s_terminalColumnE
                0xc010ec50                _ZN4obos13s_terminalRowE
                0xc010ec54                _ZN4obos20s_reachedEndTerminalE
                0xc010ec58                _ZN4obos13s_framebufferE
                0xc010ec5c                _ZN4obos12s_backbufferE
                0xc010ec60                _ZN4obos18s_framebufferWidthE
                0xc010ec64                _ZN4obos19s_framebufferHeightE
                0xc010ec68                _ZN4obos16s_nCharsVerticalE
                0xc010ec6c                _ZN4obos18s_nCharsHorizontalE
                0xc010ec70                _ZN4obos4fontE
 .bss           0xc010ec78        0x0 src/oboskrnl/CMakeFiles/oboskrnl.dir/klog.cpp.o
 .bss           0xc010ec78        0x8 src/oboskrnl/CMakeFiles/oboskrnl.dir/inline-asm.cpp.o
 .bss           0xc010ec80       0x48 src/oboskrnl/CMakeFiles/oboskrnl.dir/descriptors/gdt/gdt.cpp.o
 *fill*         0xc010ecc8       0x18 
 .bss           0xc010ece0      0x806 src/oboskrnl/CMakeFiles/oboskrnl.dir/descriptors/idt/idt.cpp.o
 *fill*         0xc010f4e6       0x1a 
 .bss           0xc010f500    0x2000c src/oboskrnl/CMakeFiles/oboskrnl.dir/memory_manager/physical.cpp.o
                0xc010f500                _ZN4obos6memory16g_availablePagesE
                0xc012f500                _ZN4obos6memory20g_physicalMemorySizeE
                0xc012f504                _ZN4obos6memory34g_physicalMemoryManagerInitializedE
 .bss           0xc012f50c        0x0 src/oboskrnl/CMakeFiles/oboskrnl.dir/utils/bitfields.cpp.o
 .bss           0xc012f50c        0x0 src/oboskrnl/CMakeFiles/oboskrnl.dir/descriptors/idt/pic.cpp.o
 .bss           0xc012f50c        0x8 src/oboskrnl/CMakeFiles/oboskrnl.dir/memory_manager/paging/init.cpp.o
                0xc012f50c                _ZN4obos6memory15g_enabledPagingE
                0xc012f510                _ZN4obos6memory15g_pageDirectoryE
 *fill*         0xc012f514      0xaec 
 .bss           0xc0130000     0x1000 src/oboskrnl/CMakeFiles/oboskrnl.dir/memory_manager/paging/allocate.cpp.o
                0xc0130000                _ZN4obos6memory15s_lastPageTableE
 .bss           0xc0131000        0x0 src/oboskrnl/CMakeFiles/oboskrnl.dir/utils/memory.cpp.o
 .bss           0xc0131000        0x4 src/oboskrnl/CMakeFiles/oboskrnl.dir/memory_manager/paging/liballoc_hooks.cpp.o
 *fill*         0xc0131004        0x4 
 .bss           0xc0131008       0x30 src/oboskrnl/CMakeFiles/oboskrnl.dir/memory_manager/liballoc/liballoc.c.o
 .bss           0xc0131038        0x0 src/oboskrnl/CMakeFiles/oboskrnl.dir/external/list/list_iterator.c.o
 .bss           0xc0131038        0x0 src/oboskrnl/CMakeFiles/oboskrnl.dir/external/list/list_node.c.o
 .bss           0xc0131038        0x0 src/oboskrnl/CMakeFiles/oboskrnl.dir/external/list/list.c.o
 .bss           0xc0131038       0x19 src/oboskrnl/CMakeFiles/oboskrnl.dir/multitasking/multitasking.cpp.o
                0xc0131038                _ZN4obos12multitasking9g_threadsE
                0xc013103c                _ZN4obos12multitasking20g_threadPriorityListE
                0xc013104c                _ZN4obos12multitasking15g_currentThreadE
                0xc0131050                _ZN4obos12multitasking13g_initializedE
 .bss           0xc0131051        0x0 src/oboskrnl/CMakeFiles/oboskrnl.dir/multitasking/threadHandle.cpp.o
 .bss           0xc0131051        0x0 src/oboskrnl/CMakeFiles/oboskrnl.dir/multitasking/thread.cpp.o
 .bss           0xc0131051        0x0 src/oboskrnl/CMakeFiles/oboskrnl.dir/multitasking/mutex/mutex.cpp.o
 .bss           0xc0131051        0x0 src/oboskrnl/CMakeFiles/oboskrnl.dir/multitasking/mutex/mutexHandle.cpp.o
 *(.bootstrap_stack)
 .bootstrap_stack
                0xc0131051     0x8000 src/oboskrnl/CMakeFiles/oboskrnl.dir/boot/kernel_bootstrap-i686.asm.o
                0xc0131051                _ZN4obos12stack_bottomE
                0xc0135051                _ZN4obos9stack_topE
                0xc0135051                _ZN4obos15thrstack_bottomE
                0xc0139051                _ZN4obos12thrstack_topE
                0xc0139051                        _kernel_end = .
                0x00400000                        _ZN4obos6memory8endImageE = 0x400000
                0xe0000000                        _ZN4obos6memory9endKernelE = 0xe0000000
OUTPUT(/mnt/c/Code/obos/out/oboskrnl elf32-i386)

.comment        0x00000000       0x12
 .comment       0x00000000       0x12 /home/omar/opt/cross/lib/gcc/i686-elf/11.4.0/crtbegin.o
                                 0x13 (size before relaxing)
 .comment       0x00000012       0x13 /home/omar/opt/cross/lib/gcc/i686-elf/11.4.0/crtend.o
 .comment       0x00000012       0x13 src/oboskrnl/CMakeFiles/oboskrnl.dir/boot/kmain.cpp.o
 .comment       0x00000012       0x13 src/oboskrnl/CMakeFiles/oboskrnl.dir/console.cpp.o
 .comment       0x00000012       0x13 src/oboskrnl/CMakeFiles/oboskrnl.dir/klog.cpp.o
 .comment       0x00000012       0x13 src/oboskrnl/CMakeFiles/oboskrnl.dir/inline-asm.cpp.o
 .comment       0x00000012       0x13 src/oboskrnl/CMakeFiles/oboskrnl.dir/descriptors/gdt/gdt.cpp.o
 .comment       0x00000012       0x13 src/oboskrnl/CMakeFiles/oboskrnl.dir/descriptors/idt/idt.cpp.o
 .comment       0x00000012       0x13 src/oboskrnl/CMakeFiles/oboskrnl.dir/memory_manager/physical.cpp.o
 .comment       0x00000012       0x13 src/oboskrnl/CMakeFiles/oboskrnl.dir/utils/bitfields.cpp.o
 .comment       0x00000012       0x13 src/oboskrnl/CMakeFiles/oboskrnl.dir/descriptors/idt/pic.cpp.o
 .comment       0x00000012       0x13 src/oboskrnl/CMakeFiles/oboskrnl.dir/memory_manager/paging/init.cpp.o
 .comment       0x00000012       0x13 src/oboskrnl/CMakeFiles/oboskrnl.dir/memory_manager/paging/allocate.cpp.o
 .comment       0x00000012       0x13 src/oboskrnl/CMakeFiles/oboskrnl.dir/utils/memory.cpp.o
 .comment       0x00000012       0x13 src/oboskrnl/CMakeFiles/oboskrnl.dir/memory_manager/paging/liballoc_hooks.cpp.o
 .comment       0x00000012       0x13 src/oboskrnl/CMakeFiles/oboskrnl.dir/memory_manager/liballoc/liballoc.c.o
 .comment       0x00000012       0x13 src/oboskrnl/CMakeFiles/oboskrnl.dir/external/list/list_iterator.c.o
 .comment       0x00000012       0x13 src/oboskrnl/CMakeFiles/oboskrnl.dir/external/list/list_node.c.o
 .comment       0x00000012       0x13 src/oboskrnl/CMakeFiles/oboskrnl.dir/external/list/list.c.o
 .comment       0x00000012       0x13 src/oboskrnl/CMakeFiles/oboskrnl.dir/multitasking/multitasking.cpp.o
 .comment       0x00000012       0x13 src/oboskrnl/CMakeFiles/oboskrnl.dir/multitasking/threadHandle.cpp.o
 .comment       0x00000012       0x13 src/oboskrnl/CMakeFiles/oboskrnl.dir/multitasking/thread.cpp.o
 .comment       0x00000012       0x13 src/oboskrnl/CMakeFiles/oboskrnl.dir/multitasking/mutex/mutex.cpp.o
 .comment       0x00000012       0x13 src/oboskrnl/CMakeFiles/oboskrnl.dir/multitasking/mutex/mutexHandle.cpp.o

.debug_aranges  0x00000000      0x410
 .debug_aranges
                0x00000000       0x20 src/oboskrnl/CMakeFiles/oboskrnl.dir/boot/kernel_bootstrap-i686.asm.o
 .debug_aranges
                0x00000020       0x20 src/oboskrnl/CMakeFiles/oboskrnl.dir/descriptors/gdt/gdt.asm.o
 .debug_aranges
                0x00000040       0x20 src/oboskrnl/CMakeFiles/oboskrnl.dir/descriptors/idt/idt.asm.o
 .debug_aranges
                0x00000060       0x20 src/oboskrnl/CMakeFiles/oboskrnl.dir/descriptors/idt/handlers.asm.o
 .debug_aranges
                0x00000080       0x20 src/oboskrnl/CMakeFiles/oboskrnl.dir/memory_manager/paging/init.asm.o
 .debug_aranges
                0x000000a0       0x20 src/oboskrnl/CMakeFiles/oboskrnl.dir/multitasking/multitasking.asm.o
 .debug_aranges
                0x000000c0       0x20 src/oboskrnl/CMakeFiles/oboskrnl.dir/utils/memcpy.asm.o
 .debug_aranges
                0x000000e0       0x20 src/oboskrnl/CMakeFiles/oboskrnl.dir/inline-asm.asm.o
 .debug_aranges
                0x00000100       0x30 src/oboskrnl/CMakeFiles/oboskrnl.dir/boot/kmain.cpp.o
 .debug_aranges
                0x00000130       0x20 src/oboskrnl/CMakeFiles/oboskrnl.dir/console.cpp.o
 .debug_aranges
                0x00000150       0x20 src/oboskrnl/CMakeFiles/oboskrnl.dir/klog.cpp.o
 .debug_aranges
                0x00000170       0x20 src/oboskrnl/CMakeFiles/oboskrnl.dir/inline-asm.cpp.o
 .debug_aranges
                0x00000190       0x20 src/oboskrnl/CMakeFiles/oboskrnl.dir/descriptors/gdt/gdt.cpp.o
 .debug_aranges
                0x000001b0       0x20 src/oboskrnl/CMakeFiles/oboskrnl.dir/descriptors/idt/idt.cpp.o
 .debug_aranges
                0x000001d0       0x20 src/oboskrnl/CMakeFiles/oboskrnl.dir/memory_manager/physical.cpp.o
 .debug_aranges
                0x000001f0       0x20 src/oboskrnl/CMakeFiles/oboskrnl.dir/utils/bitfields.cpp.o
 .debug_aranges
                0x00000210       0x20 src/oboskrnl/CMakeFiles/oboskrnl.dir/descriptors/idt/pic.cpp.o
 .debug_aranges
                0x00000230       0x20 src/oboskrnl/CMakeFiles/oboskrnl.dir/memory_manager/paging/init.cpp.o
 .debug_aranges
                0x00000250       0x20 src/oboskrnl/CMakeFiles/oboskrnl.dir/memory_manager/paging/allocate.cpp.o
 .debug_aranges
                0x00000270       0x20 src/oboskrnl/CMakeFiles/oboskrnl.dir/utils/memory.cpp.o
 .debug_aranges
                0x00000290       0x20 src/oboskrnl/CMakeFiles/oboskrnl.dir/memory_manager/paging/liballoc_hooks.cpp.o
 .debug_aranges
                0x000002b0       0x20 src/oboskrnl/CMakeFiles/oboskrnl.dir/memory_manager/liballoc/liballoc.c.o
 .debug_aranges
                0x000002d0       0x20 src/oboskrnl/CMakeFiles/oboskrnl.dir/external/list/list_iterator.c.o
 .debug_aranges
                0x000002f0       0x20 src/oboskrnl/CMakeFiles/oboskrnl.dir/external/list/list_node.c.o
 .debug_aranges
                0x00000310       0x20 src/oboskrnl/CMakeFiles/oboskrnl.dir/external/list/list.c.o
 .debug_aranges
                0x00000330       0x38 src/oboskrnl/CMakeFiles/oboskrnl.dir/multitasking/multitasking.cpp.o
 .debug_aranges
                0x00000368       0x18 src/oboskrnl/CMakeFiles/oboskrnl.dir/multitasking/threadHandle.cpp.o
 .debug_aranges
                0x00000380       0x30 src/oboskrnl/CMakeFiles/oboskrnl.dir/multitasking/thread.cpp.o
 .debug_aranges
                0x000003b0       0x20 src/oboskrnl/CMakeFiles/oboskrnl.dir/multitasking/mutex/mutex.cpp.o
 .debug_aranges
                0x000003d0       0x40 src/oboskrnl/CMakeFiles/oboskrnl.dir/multitasking/mutex/mutexHandle.cpp.o

.debug_pubnames
                0x00000000        0x0
 .debug_pubnames
                0x00000000        0x0 src/oboskrnl/CMakeFiles/oboskrnl.dir/boot/kernel_bootstrap-i686.asm.o
 .debug_pubnames
                0x00000000        0x0 src/oboskrnl/CMakeFiles/oboskrnl.dir/descriptors/gdt/gdt.asm.o
 .debug_pubnames
                0x00000000        0x0 src/oboskrnl/CMakeFiles/oboskrnl.dir/descriptors/idt/idt.asm.o
 .debug_pubnames
                0x00000000        0x0 src/oboskrnl/CMakeFiles/oboskrnl.dir/descriptors/idt/handlers.asm.o
 .debug_pubnames
                0x00000000        0x0 src/oboskrnl/CMakeFiles/oboskrnl.dir/memory_manager/paging/init.asm.o
 .debug_pubnames
                0x00000000        0x0 src/oboskrnl/CMakeFiles/oboskrnl.dir/multitasking/multitasking.asm.o
 .debug_pubnames
                0x00000000        0x0 src/oboskrnl/CMakeFiles/oboskrnl.dir/utils/memcpy.asm.o
 .debug_pubnames
                0x00000000        0x0 src/oboskrnl/CMakeFiles/oboskrnl.dir/inline-asm.asm.o

.debug_info     0x00000000     0xffaf
 .debug_info    0x00000000       0x71 src/oboskrnl/CMakeFiles/oboskrnl.dir/boot/kernel_bootstrap-i686.asm.o
 .debug_info    0x00000071       0x6a src/oboskrnl/CMakeFiles/oboskrnl.dir/descriptors/gdt/gdt.asm.o
 .debug_info    0x000000db       0x6a src/oboskrnl/CMakeFiles/oboskrnl.dir/descriptors/idt/idt.asm.o
 .debug_info    0x00000145       0x6f src/oboskrnl/CMakeFiles/oboskrnl.dir/descriptors/idt/handlers.asm.o
 .debug_info    0x000001b4       0x71 src/oboskrnl/CMakeFiles/oboskrnl.dir/memory_manager/paging/init.asm.o
 .debug_info    0x00000225       0x70 src/oboskrnl/CMakeFiles/oboskrnl.dir/multitasking/multitasking.asm.o
 .debug_info    0x00000295       0x63 src/oboskrnl/CMakeFiles/oboskrnl.dir/utils/memcpy.asm.o
 .debug_info    0x000002f8       0x61 src/oboskrnl/CMakeFiles/oboskrnl.dir/inline-asm.asm.o
 .debug_info    0x00000359     0x2551 src/oboskrnl/CMakeFiles/oboskrnl.dir/boot/kmain.cpp.o
 .debug_info    0x000028aa     0x15ad src/oboskrnl/CMakeFiles/oboskrnl.dir/console.cpp.o
 .debug_info    0x00003e57     0x15f8 src/oboskrnl/CMakeFiles/oboskrnl.dir/klog.cpp.o
 .debug_info    0x0000544f      0x979 src/oboskrnl/CMakeFiles/oboskrnl.dir/inline-asm.cpp.o
 .debug_info    0x00005dc8      0x43a src/oboskrnl/CMakeFiles/oboskrnl.dir/descriptors/gdt/gdt.cpp.o
 .debug_info    0x00006202      0x789 src/oboskrnl/CMakeFiles/oboskrnl.dir/descriptors/idt/idt.cpp.o
 .debug_info    0x0000698b      0xf63 src/oboskrnl/CMakeFiles/oboskrnl.dir/memory_manager/physical.cpp.o
 .debug_info    0x000078ee      0xdf7 src/oboskrnl/CMakeFiles/oboskrnl.dir/utils/bitfields.cpp.o
 .debug_info    0x000086e5      0xc86 src/oboskrnl/CMakeFiles/oboskrnl.dir/descriptors/idt/pic.cpp.o
 .debug_info    0x0000936b      0xadb src/oboskrnl/CMakeFiles/oboskrnl.dir/memory_manager/paging/init.cpp.o
 .debug_info    0x00009e46      0xcda src/oboskrnl/CMakeFiles/oboskrnl.dir/memory_manager/paging/allocate.cpp.o
 .debug_info    0x0000ab20      0x415 src/oboskrnl/CMakeFiles/oboskrnl.dir/utils/memory.cpp.o
 .debug_info    0x0000af35      0x63f src/oboskrnl/CMakeFiles/oboskrnl.dir/memory_manager/paging/liballoc_hooks.cpp.o
 .debug_info    0x0000b574      0x758 src/oboskrnl/CMakeFiles/oboskrnl.dir/memory_manager/liballoc/liballoc.c.o
 .debug_info    0x0000bccc      0x3ac src/oboskrnl/CMakeFiles/oboskrnl.dir/external/list/list_iterator.c.o
 .debug_info    0x0000c078      0x19f src/oboskrnl/CMakeFiles/oboskrnl.dir/external/list/list_node.c.o
 .debug_info    0x0000c217      0x58e src/oboskrnl/CMakeFiles/oboskrnl.dir/external/list/list.c.o
 .debug_info    0x0000c7a5     0x1123 src/oboskrnl/CMakeFiles/oboskrnl.dir/multitasking/multitasking.cpp.o
 .debug_info    0x0000d8c8      0x19e src/oboskrnl/CMakeFiles/oboskrnl.dir/multitasking/threadHandle.cpp.o
 .debug_info    0x0000da66      0xbf3 src/oboskrnl/CMakeFiles/oboskrnl.dir/multitasking/thread.cpp.o
 .debug_info    0x0000e659      0xa04 src/oboskrnl/CMakeFiles/oboskrnl.dir/multitasking/mutex/mutex.cpp.o
 .debug_info    0x0000f05d      0xf52 src/oboskrnl/CMakeFiles/oboskrnl.dir/multitasking/mutex/mutexHandle.cpp.o

.debug_abbrev   0x00000000     0x3565
 .debug_abbrev  0x00000000       0x1b src/oboskrnl/CMakeFiles/oboskrnl.dir/boot/kernel_bootstrap-i686.asm.o
 .debug_abbrev  0x0000001b       0x1b src/oboskrnl/CMakeFiles/oboskrnl.dir/descriptors/gdt/gdt.asm.o
 .debug_abbrev  0x00000036       0x1b src/oboskrnl/CMakeFiles/oboskrnl.dir/descriptors/idt/idt.asm.o
 .debug_abbrev  0x00000051       0x1b src/oboskrnl/CMakeFiles/oboskrnl.dir/descriptors/idt/handlers.asm.o
 .debug_abbrev  0x0000006c       0x1b src/oboskrnl/CMakeFiles/oboskrnl.dir/memory_manager/paging/init.asm.o
 .debug_abbrev  0x00000087       0x1b src/oboskrnl/CMakeFiles/oboskrnl.dir/multitasking/multitasking.asm.o
 .debug_abbrev  0x000000a2       0x1b src/oboskrnl/CMakeFiles/oboskrnl.dir/utils/memcpy.asm.o
 .debug_abbrev  0x000000bd       0x1b src/oboskrnl/CMakeFiles/oboskrnl.dir/inline-asm.asm.o
 .debug_abbrev  0x000000d8      0x5cc src/oboskrnl/CMakeFiles/oboskrnl.dir/boot/kmain.cpp.o
 .debug_abbrev  0x000006a4      0x300 src/oboskrnl/CMakeFiles/oboskrnl.dir/console.cpp.o
 .debug_abbrev  0x000009a4      0x400 src/oboskrnl/CMakeFiles/oboskrnl.dir/klog.cpp.o
 .debug_abbrev  0x00000da4      0x228 src/oboskrnl/CMakeFiles/oboskrnl.dir/inline-asm.cpp.o
 .debug_abbrev  0x00000fcc      0x173 src/oboskrnl/CMakeFiles/oboskrnl.dir/descriptors/gdt/gdt.cpp.o
 .debug_abbrev  0x0000113f      0x1cc src/oboskrnl/CMakeFiles/oboskrnl.dir/descriptors/idt/idt.cpp.o
 .debug_abbrev  0x0000130b      0x24b src/oboskrnl/CMakeFiles/oboskrnl.dir/memory_manager/physical.cpp.o
 .debug_abbrev  0x00001556      0x338 src/oboskrnl/CMakeFiles/oboskrnl.dir/utils/bitfields.cpp.o
 .debug_abbrev  0x0000188e      0x231 src/oboskrnl/CMakeFiles/oboskrnl.dir/descriptors/idt/pic.cpp.o
 .debug_abbrev  0x00001abf      0x327 src/oboskrnl/CMakeFiles/oboskrnl.dir/memory_manager/paging/init.cpp.o
 .debug_abbrev  0x00001de6      0x26e src/oboskrnl/CMakeFiles/oboskrnl.dir/memory_manager/paging/allocate.cpp.o
 .debug_abbrev  0x00002054       0xed src/oboskrnl/CMakeFiles/oboskrnl.dir/utils/memory.cpp.o
 .debug_abbrev  0x00002141      0x1b3 src/oboskrnl/CMakeFiles/oboskrnl.dir/memory_manager/paging/liballoc_hooks.cpp.o
 .debug_abbrev  0x000022f4      0x201 src/oboskrnl/CMakeFiles/oboskrnl.dir/memory_manager/liballoc/liballoc.c.o
 .debug_abbrev  0x000024f5      0x175 src/oboskrnl/CMakeFiles/oboskrnl.dir/external/list/list_iterator.c.o
 .debug_abbrev  0x0000266a       0xbe src/oboskrnl/CMakeFiles/oboskrnl.dir/external/list/list_node.c.o
 .debug_abbrev  0x00002728      0x1ae src/oboskrnl/CMakeFiles/oboskrnl.dir/external/list/list.c.o
 .debug_abbrev  0x000028d6      0x375 src/oboskrnl/CMakeFiles/oboskrnl.dir/multitasking/multitasking.cpp.o
 .debug_abbrev  0x00002c4b       0x46 src/oboskrnl/CMakeFiles/oboskrnl.dir/multitasking/threadHandle.cpp.o
 .debug_abbrev  0x00002c91      0x2fa src/oboskrnl/CMakeFiles/oboskrnl.dir/multitasking/thread.cpp.o
 .debug_abbrev  0x00002f8b      0x2cc src/oboskrnl/CMakeFiles/oboskrnl.dir/multitasking/mutex/mutex.cpp.o
 .debug_abbrev  0x00003257      0x30e src/oboskrnl/CMakeFiles/oboskrnl.dir/multitasking/mutex/mutexHandle.cpp.o

.debug_line     0x00000000     0x9bd4
 .debug_line    0x00000000       0x7a src/oboskrnl/CMakeFiles/oboskrnl.dir/boot/kernel_bootstrap-i686.asm.o
 .debug_line    0x0000007a       0x71 src/oboskrnl/CMakeFiles/oboskrnl.dir/descriptors/gdt/gdt.asm.o
 .debug_line    0x000000eb       0x6a src/oboskrnl/CMakeFiles/oboskrnl.dir/descriptors/idt/idt.asm.o
 .debug_line    0x00000155      0x14b src/oboskrnl/CMakeFiles/oboskrnl.dir/descriptors/idt/handlers.asm.o
 .debug_line    0x000002a0       0x7b src/oboskrnl/CMakeFiles/oboskrnl.dir/memory_manager/paging/init.asm.o
 .debug_line    0x0000031b       0x7c src/oboskrnl/CMakeFiles/oboskrnl.dir/multitasking/multitasking.asm.o
 .debug_line    0x00000397       0xa0 src/oboskrnl/CMakeFiles/oboskrnl.dir/utils/memcpy.asm.o
 .debug_line    0x00000437       0x62 src/oboskrnl/CMakeFiles/oboskrnl.dir/inline-asm.asm.o
 .debug_line    0x00000499      0xc0b src/oboskrnl/CMakeFiles/oboskrnl.dir/boot/kmain.cpp.o
 .debug_line    0x000010a4      0xbae src/oboskrnl/CMakeFiles/oboskrnl.dir/console.cpp.o
 .debug_line    0x00001c52      0xcfa src/oboskrnl/CMakeFiles/oboskrnl.dir/klog.cpp.o
 .debug_line    0x0000294c      0xd29 src/oboskrnl/CMakeFiles/oboskrnl.dir/inline-asm.cpp.o
 .debug_line    0x00003675      0x22d src/oboskrnl/CMakeFiles/oboskrnl.dir/descriptors/gdt/gdt.cpp.o
 .debug_line    0x000038a2      0x39f src/oboskrnl/CMakeFiles/oboskrnl.dir/descriptors/idt/idt.cpp.o
 .debug_line    0x00003c41      0x9f3 src/oboskrnl/CMakeFiles/oboskrnl.dir/memory_manager/physical.cpp.o
 .debug_line    0x00004634      0x48d src/oboskrnl/CMakeFiles/oboskrnl.dir/utils/bitfields.cpp.o
 .debug_line    0x00004ac1      0x66d src/oboskrnl/CMakeFiles/oboskrnl.dir/descriptors/idt/pic.cpp.o
 .debug_line    0x0000512e      0x56c src/oboskrnl/CMakeFiles/oboskrnl.dir/memory_manager/paging/init.cpp.o
 .debug_line    0x0000569a      0xb45 src/oboskrnl/CMakeFiles/oboskrnl.dir/memory_manager/paging/allocate.cpp.o
 .debug_line    0x000061df      0x311 src/oboskrnl/CMakeFiles/oboskrnl.dir/utils/memory.cpp.o
 .debug_line    0x000064f0      0x399 src/oboskrnl/CMakeFiles/oboskrnl.dir/memory_manager/paging/liballoc_hooks.cpp.o
 .debug_line    0x00006889     0x10ee src/oboskrnl/CMakeFiles/oboskrnl.dir/memory_manager/liballoc/liballoc.c.o
 .debug_line    0x00007977      0x219 src/oboskrnl/CMakeFiles/oboskrnl.dir/external/list/list_iterator.c.o
 .debug_line    0x00007b90      0x17b src/oboskrnl/CMakeFiles/oboskrnl.dir/external/list/list_node.c.o
 .debug_line    0x00007d0b      0x837 src/oboskrnl/CMakeFiles/oboskrnl.dir/external/list/list.c.o
 .debug_line    0x00008542      0x8c7 src/oboskrnl/CMakeFiles/oboskrnl.dir/multitasking/multitasking.cpp.o
 .debug_line    0x00008e09      0x13c src/oboskrnl/CMakeFiles/oboskrnl.dir/multitasking/threadHandle.cpp.o
 .debug_line    0x00008f45      0x441 src/oboskrnl/CMakeFiles/oboskrnl.dir/multitasking/thread.cpp.o
 .debug_line    0x00009386      0x3c5 src/oboskrnl/CMakeFiles/oboskrnl.dir/multitasking/mutex/mutex.cpp.o
 .debug_line    0x0000974b      0x489 src/oboskrnl/CMakeFiles/oboskrnl.dir/multitasking/mutex/mutexHandle.cpp.o

.debug_frame    0x00000000     0x2278
 .debug_frame   0x00000000        0x0 src/oboskrnl/CMakeFiles/oboskrnl.dir/boot/kernel_bootstrap-i686.asm.o
 .debug_frame   0x00000000        0x0 src/oboskrnl/CMakeFiles/oboskrnl.dir/descriptors/gdt/gdt.asm.o
 .debug_frame   0x00000000        0x0 src/oboskrnl/CMakeFiles/oboskrnl.dir/descriptors/idt/idt.asm.o
 .debug_frame   0x00000000        0x0 src/oboskrnl/CMakeFiles/oboskrnl.dir/descriptors/idt/handlers.asm.o
 .debug_frame   0x00000000        0x0 src/oboskrnl/CMakeFiles/oboskrnl.dir/memory_manager/paging/init.asm.o
 .debug_frame   0x00000000        0x0 src/oboskrnl/CMakeFiles/oboskrnl.dir/multitasking/multitasking.asm.o
 .debug_frame   0x00000000        0x0 src/oboskrnl/CMakeFiles/oboskrnl.dir/utils/memcpy.asm.o
 .debug_frame   0x00000000        0x0 src/oboskrnl/CMakeFiles/oboskrnl.dir/inline-asm.asm.o
 .debug_frame   0x00000000      0x2e8 src/oboskrnl/CMakeFiles/oboskrnl.dir/boot/kmain.cpp.o
 .debug_frame   0x000002e8      0x2e0 src/oboskrnl/CMakeFiles/oboskrnl.dir/console.cpp.o
 .debug_frame   0x000005c8      0x258 src/oboskrnl/CMakeFiles/oboskrnl.dir/klog.cpp.o
 .debug_frame   0x00000820      0x1f8 src/oboskrnl/CMakeFiles/oboskrnl.dir/inline-asm.cpp.o
 .debug_frame   0x00000a18       0x6c src/oboskrnl/CMakeFiles/oboskrnl.dir/descriptors/gdt/gdt.cpp.o
 .debug_frame   0x00000a84       0x98 src/oboskrnl/CMakeFiles/oboskrnl.dir/descriptors/idt/idt.cpp.o
 .debug_frame   0x00000b1c      0x12c src/oboskrnl/CMakeFiles/oboskrnl.dir/memory_manager/physical.cpp.o
 .debug_frame   0x00000c48      0x3ac src/oboskrnl/CMakeFiles/oboskrnl.dir/utils/bitfields.cpp.o
 .debug_frame   0x00000ff4      0x300 src/oboskrnl/CMakeFiles/oboskrnl.dir/descriptors/idt/pic.cpp.o
 .debug_frame   0x000012f4      0x22c src/oboskrnl/CMakeFiles/oboskrnl.dir/memory_manager/paging/init.cpp.o
 .debug_frame   0x00001520      0x154 src/oboskrnl/CMakeFiles/oboskrnl.dir/memory_manager/paging/allocate.cpp.o
 .debug_frame   0x00001674       0x98 src/oboskrnl/CMakeFiles/oboskrnl.dir/utils/memory.cpp.o
 .debug_frame   0x0000170c      0x27c src/oboskrnl/CMakeFiles/oboskrnl.dir/memory_manager/paging/liballoc_hooks.cpp.o
 .debug_frame   0x00001988      0x160 src/oboskrnl/CMakeFiles/oboskrnl.dir/memory_manager/liballoc/liballoc.c.o
 .debug_frame   0x00001ae8       0xc4 src/oboskrnl/CMakeFiles/oboskrnl.dir/external/list/list_iterator.c.o
 .debug_frame   0x00001bac       0x40 src/oboskrnl/CMakeFiles/oboskrnl.dir/external/list/list_node.c.o
 .debug_frame   0x00001bec      0x1a0 src/oboskrnl/CMakeFiles/oboskrnl.dir/external/list/list.c.o
 .debug_frame   0x00001d8c      0x164 src/oboskrnl/CMakeFiles/oboskrnl.dir/multitasking/multitasking.cpp.o
 .debug_frame   0x00001ef0       0xc4 src/oboskrnl/CMakeFiles/oboskrnl.dir/multitasking/thread.cpp.o
 .debug_frame   0x00001fb4       0xc4 src/oboskrnl/CMakeFiles/oboskrnl.dir/multitasking/mutex/mutex.cpp.o
 .debug_frame   0x00002078      0x200 src/oboskrnl/CMakeFiles/oboskrnl.dir/multitasking/mutex/mutexHandle.cpp.o

.debug_loc      0x00000000        0x0
 .debug_loc     0x00000000        0x0 src/oboskrnl/CMakeFiles/oboskrnl.dir/boot/kernel_bootstrap-i686.asm.o
 .debug_loc     0x00000000        0x0 src/oboskrnl/CMakeFiles/oboskrnl.dir/descriptors/gdt/gdt.asm.o
 .debug_loc     0x00000000        0x0 src/oboskrnl/CMakeFiles/oboskrnl.dir/descriptors/idt/idt.asm.o
 .debug_loc     0x00000000        0x0 src/oboskrnl/CMakeFiles/oboskrnl.dir/descriptors/idt/handlers.asm.o
 .debug_loc     0x00000000        0x0 src/oboskrnl/CMakeFiles/oboskrnl.dir/memory_manager/paging/init.asm.o
 .debug_loc     0x00000000        0x0 src/oboskrnl/CMakeFiles/oboskrnl.dir/multitasking/multitasking.asm.o
 .debug_loc     0x00000000        0x0 src/oboskrnl/CMakeFiles/oboskrnl.dir/utils/memcpy.asm.o
 .debug_loc     0x00000000        0x0 src/oboskrnl/CMakeFiles/oboskrnl.dir/inline-asm.asm.o

.debug_rnglists
                0x00000000      0x13e
 .debug_rnglists
                0x00000000       0x28 src/oboskrnl/CMakeFiles/oboskrnl.dir/boot/kmain.cpp.o
 .debug_rnglists
                0x00000028       0x32 src/oboskrnl/CMakeFiles/oboskrnl.dir/console.cpp.o
 .debug_rnglists
                0x0000005a       0x1f src/oboskrnl/CMakeFiles/oboskrnl.dir/klog.cpp.o
 .debug_rnglists
                0x00000079       0x1f src/oboskrnl/CMakeFiles/oboskrnl.dir/memory_manager/paging/allocate.cpp.o
 .debug_rnglists
                0x00000098       0x44 src/oboskrnl/CMakeFiles/oboskrnl.dir/multitasking/multitasking.cpp.o
 .debug_rnglists
                0x000000dc       0x28 src/oboskrnl/CMakeFiles/oboskrnl.dir/multitasking/thread.cpp.o
 .debug_rnglists
                0x00000104       0x3a src/oboskrnl/CMakeFiles/oboskrnl.dir/multitasking/mutex/mutexHandle.cpp.o

.debug_str      0x00000000      0x2c8
 .debug_str     0x00000000       0x39 src/oboskrnl/CMakeFiles/oboskrnl.dir/boot/kmain.cpp.o
 .debug_str     0x00000039       0x39 src/oboskrnl/CMakeFiles/oboskrnl.dir/console.cpp.o
 .debug_str     0x00000072       0x33 src/oboskrnl/CMakeFiles/oboskrnl.dir/klog.cpp.o
 .debug_str     0x000000a5        0x0 src/oboskrnl/CMakeFiles/oboskrnl.dir/inline-asm.cpp.o
 .debug_str     0x000000a5        0x9 src/oboskrnl/CMakeFiles/oboskrnl.dir/descriptors/gdt/gdt.cpp.o
 .debug_str     0x000000ae        0x9 src/oboskrnl/CMakeFiles/oboskrnl.dir/descriptors/idt/idt.cpp.o
 .debug_str     0x000000b7        0xe src/oboskrnl/CMakeFiles/oboskrnl.dir/memory_manager/physical.cpp.o
 .debug_str     0x000000c5       0x5e src/oboskrnl/CMakeFiles/oboskrnl.dir/utils/bitfields.cpp.o
 .debug_str     0x00000123       0x39 src/oboskrnl/CMakeFiles/oboskrnl.dir/descriptors/idt/pic.cpp.o
 .debug_str     0x0000015c       0x1d src/oboskrnl/CMakeFiles/oboskrnl.dir/memory_manager/paging/init.cpp.o
 .debug_str     0x00000179       0x3d src/oboskrnl/CMakeFiles/oboskrnl.dir/memory_manager/paging/allocate.cpp.o
 .debug_str     0x000001b6        0x0 src/oboskrnl/CMakeFiles/oboskrnl.dir/utils/memory.cpp.o
 .debug_str     0x000001b6       0x46 src/oboskrnl/CMakeFiles/oboskrnl.dir/memory_manager/paging/liballoc_hooks.cpp.o
 .debug_str     0x000001fc       0x26 src/oboskrnl/CMakeFiles/oboskrnl.dir/memory_manager/liballoc/liballoc.c.o
 .debug_str     0x00000222        0xa src/oboskrnl/CMakeFiles/oboskrnl.dir/external/list/list_iterator.c.o
 .debug_str     0x0000022c        0x0 src/oboskrnl/CMakeFiles/oboskrnl.dir/external/list/list_node.c.o
 .debug_str     0x0000022c       0x14 src/oboskrnl/CMakeFiles/oboskrnl.dir/external/list/list.c.o
 .debug_str     0x00000240        0x7 src/oboskrnl/CMakeFiles/oboskrnl.dir/multitasking/multitasking.cpp.o
 .debug_str     0x00000247        0x0 src/oboskrnl/CMakeFiles/oboskrnl.dir/multitasking/threadHandle.cpp.o
 .debug_str     0x00000247       0x3b src/oboskrnl/CMakeFiles/oboskrnl.dir/multitasking/thread.cpp.o
 .debug_str     0x00000282        0x7 src/oboskrnl/CMakeFiles/oboskrnl.dir/multitasking/mutex/mutex.cpp.o
 .debug_str     0x00000289       0x3f src/oboskrnl/CMakeFiles/oboskrnl.dir/multitasking/mutex/mutexHandle.cpp.o
