Archive member included to satisfy reference by file (symbol)

/home/omar/opt/cross/lib/gcc/i686-elf/11.4.0/libgcc.a(_umoddi3.o)
                              src/oboskrnl/CMakeFiles/oboskrnl.dir/klog.cpp.o (__umoddi3)

Discarded input sections

 .gnu.linkonce.t._ZN4obos6HandleD2Ev
                0x00000000       0x10 src/oboskrnl/CMakeFiles/oboskrnl.dir/multitasking/threadHandle.cpp.o
 .gnu.linkonce.t._ZN4obos12multitasking6ThreadD1Ev
                0x00000000       0x3b src/oboskrnl/CMakeFiles/oboskrnl.dir/multitasking/threadHandle.cpp.o
 .gnu.linkonce.t._ZN4obos12multitasking6ThreadD0Ev
                0x00000000       0x26 src/oboskrnl/CMakeFiles/oboskrnl.dir/multitasking/threadHandle.cpp.o
 .gnu.linkonce.t._ZN4obos12multitasking12ThreadHandleD1Ev
                0x00000000       0x30 src/oboskrnl/CMakeFiles/oboskrnl.dir/multitasking/threadHandle.cpp.o
 .gnu.linkonce.t._ZN4obos12multitasking6ThreadC1Ev
                0x00000000       0x7e src/oboskrnl/CMakeFiles/oboskrnl.dir/multitasking/threadHandle.cpp.o
 .gnu.linkonce.r._ZTVN4obos12multitasking6ThreadE
                0x00000000       0x10 src/oboskrnl/CMakeFiles/oboskrnl.dir/multitasking/threadHandle.cpp.o
 .gnu.linkonce.r._ZTVN4obos6HandleE
                0x00000000       0x18 src/oboskrnl/CMakeFiles/oboskrnl.dir/multitasking/threadHandle.cpp.o
 .gnu.linkonce.t._ZN4obos12multitasking6ThreadD1Ev
                0x00000000       0x3b src/oboskrnl/CMakeFiles/oboskrnl.dir/multitasking/thread.cpp.o
 .gnu.linkonce.t._ZN4obos12multitasking6ThreadD0Ev
                0x00000000       0x26 src/oboskrnl/CMakeFiles/oboskrnl.dir/multitasking/thread.cpp.o
 .gnu.linkonce.r._ZTVN4obos12multitasking6ThreadE
                0x00000000       0x10 src/oboskrnl/CMakeFiles/oboskrnl.dir/multitasking/thread.cpp.o
 .gnu.linkonce.t._ZN4obos6Handle13getReferencesEv
                0x00000000        0xe src/oboskrnl/CMakeFiles/oboskrnl.dir/multitasking/mutex/mutexHandle.cpp.o
 .gnu.linkonce.t._ZN4obos6HandleD2Ev
                0x00000000       0x10 src/oboskrnl/CMakeFiles/oboskrnl.dir/multitasking/mutex/mutexHandle.cpp.o
 .gnu.linkonce.t._ZN4obos6HandleC2Ev
                0x00000000       0x2e src/oboskrnl/CMakeFiles/oboskrnl.dir/multitasking/mutex/mutexHandle.cpp.o
 .gnu.linkonce.r._ZTVN4obos6HandleE
                0x00000000       0x18 src/oboskrnl/CMakeFiles/oboskrnl.dir/multitasking/mutex/mutexHandle.cpp.o

Memory Configuration

Name             Origin             Length             Attributes
*default*        0x00000000         0xffffffff

Linker script and memory map

LOAD /tmp/ccj33TZN.o
LOAD /home/omar/opt/cross/lib/gcc/i686-elf/11.4.0/crtbegin.o
LOAD /home/omar/opt/cross/lib/gcc/i686-elf/11.4.0/crtend.o
LOAD /tmp/cc8lwy8y.o
LOAD src/oboskrnl/CMakeFiles/oboskrnl.dir/boot/kernel_bootstrap-i686.asm.o
LOAD src/oboskrnl/CMakeFiles/oboskrnl.dir/descriptors/gdt/gdt.asm.o
LOAD src/oboskrnl/CMakeFiles/oboskrnl.dir/descriptors/idt/idt.asm.o
LOAD src/oboskrnl/CMakeFiles/oboskrnl.dir/descriptors/idt/handlers.asm.o
LOAD src/oboskrnl/CMakeFiles/oboskrnl.dir/memory_manager/paging/init.asm.o
LOAD src/oboskrnl/CMakeFiles/oboskrnl.dir/multitasking/multitasking.asm.o
LOAD src/oboskrnl/CMakeFiles/oboskrnl.dir/utils/memcpy.asm.o
LOAD src/oboskrnl/CMakeFiles/oboskrnl.dir/inline-asm.asm.o
LOAD src/oboskrnl/CMakeFiles/oboskrnl.dir/boot/kmain.cpp.o
LOAD src/oboskrnl/CMakeFiles/oboskrnl.dir/console.cpp.o
LOAD src/oboskrnl/CMakeFiles/oboskrnl.dir/klog.cpp.o
LOAD src/oboskrnl/CMakeFiles/oboskrnl.dir/inline-asm.cpp.o
LOAD src/oboskrnl/CMakeFiles/oboskrnl.dir/descriptors/gdt/gdt.cpp.o
LOAD src/oboskrnl/CMakeFiles/oboskrnl.dir/descriptors/idt/idt.cpp.o
LOAD src/oboskrnl/CMakeFiles/oboskrnl.dir/memory_manager/physical.cpp.o
LOAD src/oboskrnl/CMakeFiles/oboskrnl.dir/utils/bitfields.cpp.o
LOAD src/oboskrnl/CMakeFiles/oboskrnl.dir/descriptors/idt/pic.cpp.o
LOAD src/oboskrnl/CMakeFiles/oboskrnl.dir/memory_manager/paging/init.cpp.o
LOAD src/oboskrnl/CMakeFiles/oboskrnl.dir/memory_manager/paging/allocate.cpp.o
LOAD src/oboskrnl/CMakeFiles/oboskrnl.dir/utils/memory.cpp.o
LOAD src/oboskrnl/CMakeFiles/oboskrnl.dir/memory_manager/paging/liballoc_hooks.cpp.o
LOAD src/oboskrnl/CMakeFiles/oboskrnl.dir/memory_manager/liballoc/liballoc.c.o
LOAD src/oboskrnl/CMakeFiles/oboskrnl.dir/external/list/list_iterator.c.o
LOAD src/oboskrnl/CMakeFiles/oboskrnl.dir/external/list/list_node.c.o
LOAD src/oboskrnl/CMakeFiles/oboskrnl.dir/external/list/list.c.o
LOAD src/oboskrnl/CMakeFiles/oboskrnl.dir/multitasking/multitasking.cpp.o
LOAD src/oboskrnl/CMakeFiles/oboskrnl.dir/multitasking/threadHandle.cpp.o
LOAD src/oboskrnl/CMakeFiles/oboskrnl.dir/multitasking/thread.cpp.o
LOAD src/oboskrnl/CMakeFiles/oboskrnl.dir/multitasking/mutex/mutex.cpp.o
LOAD src/oboskrnl/CMakeFiles/oboskrnl.dir/multitasking/mutex/mutexHandle.cpp.o
LOAD /home/omar/opt/cross/lib/gcc/i686-elf/11.4.0/libgcc.a
                0x00100000                        . = 0x100000
                0x00100000                        _kernel_start = .

.multiboot.data
                0x00100000     0x3004
 *(.multiboot.data)
 .multiboot.data
                0x00100000     0x3004 src/oboskrnl/CMakeFiles/oboskrnl.dir/boot/kernel_bootstrap-i686.asm.o
                0x00102000                boot_page_directory1

.multiboot.text
                0x00103004       0x63
 *(.multiboot.text)
 .multiboot.text
                0x00103004       0x63 src/oboskrnl/CMakeFiles/oboskrnl.dir/boot/kernel_bootstrap-i686.asm.o
                0x00103004                _start
                0xc0103067                        . = (. + 0xc0000000)

.text           0xc0104000     0x7540 load address 0x00104000
 *(.text)
 .text          0xc0104000        0x0 /tmp/ccj33TZN.o
 .text          0xc0104000      0x145 /home/omar/opt/cross/lib/gcc/i686-elf/11.4.0/crtbegin.o
 *fill*         0xc0104145        0xb 
 .text          0xc0104150       0x41 /home/omar/opt/cross/lib/gcc/i686-elf/11.4.0/crtend.o
 .text          0xc0104191        0x0 /tmp/cc8lwy8y.o
 *fill*         0xc0104191        0xf 
 .text          0xc01041a0       0x1b src/oboskrnl/CMakeFiles/oboskrnl.dir/boot/kernel_bootstrap-i686.asm.o
                0xc01041ae                _ZN4obos15RestartComputerEv
 *fill*         0xc01041bb        0x5 
 .text          0xc01041c0       0x1d src/oboskrnl/CMakeFiles/oboskrnl.dir/descriptors/gdt/gdt.asm.o
                0xc01041c0                gdtFlush
 *fill*         0xc01041dd        0x3 
 .text          0xc01041e0        0x8 src/oboskrnl/CMakeFiles/oboskrnl.dir/descriptors/idt/idt.asm.o
                0xc01041e0                _ZN4obos8idtFlushEj
 *fill*         0xc01041e8        0x8 
 .text          0xc01041f0      0x1cb src/oboskrnl/CMakeFiles/oboskrnl.dir/descriptors/idt/handlers.asm.o
                0xc01041f0                isr0
                0xc01041fa                isr1
                0xc0104204                isr2
                0xc010420e                isr3
                0xc0104218                isr4
                0xc0104222                isr5
                0xc010422c                isr6
                0xc0104236                isr7
                0xc0104240                isr8
                0xc0104248                isr9
                0xc0104252                isr10
                0xc010425a                isr11
                0xc0104262                isr12
                0xc010426a                isr13
                0xc0104272                isr14
                0xc010427a                isr15
                0xc0104284                isr16
                0xc010428e                isr17
                0xc0104298                isr18
                0xc01042a2                isr19
                0xc01042ac                isr20
                0xc01042b6                isr21
                0xc01042be                isr22
                0xc01042c8                isr23
                0xc01042d2                isr24
                0xc01042dc                isr25
                0xc01042e6                isr26
                0xc01042f0                isr27
                0xc01042fa                isr28
                0xc0104304                isr29
                0xc010430c                isr30
                0xc0104311                isr31
                0xc0104318                isr32
                0xc010431f                isr33
                0xc0104326                isr34
                0xc010432d                isr35
                0xc0104334                isr36
                0xc010433b                isr37
                0xc0104342                isr38
                0xc0104349                isr39
                0xc0104350                isr40
                0xc0104357                isr41
                0xc010435e                isr42
                0xc0104365                isr43
                0xc010436c                isr44
                0xc0104373                isr45
                0xc010437a                isr46
                0xc0104381                isr47
                0xc0104388                isr48
                0xc010438f                isr_common_stub
 *fill*         0xc01043bb        0x5 
 .text          0xc01043c0       0x20 src/oboskrnl/CMakeFiles/oboskrnl.dir/memory_manager/paging/init.asm.o
                0xc01043c0                _ZN4obos6memory13PageDirectory15switchToThisAsmEj
                0xc01043cc                _ZN4obos6memory19GetPageFaultAddressEv
                0xc01043d0                _ZN4obos6memory12enablePagingEv
 .text          0xc01043e0       0x34 src/oboskrnl/CMakeFiles/oboskrnl.dir/multitasking/multitasking.asm.o
                0xc01043e0                _ZN4obos12multitasking15switchToTaskAsmEv
 *fill*         0xc0104414        0xc 
 .text          0xc0104420       0x81 src/oboskrnl/CMakeFiles/oboskrnl.dir/utils/memcpy.asm.o
                0xc0104420                _ZN4obos5utils6memcpyEPvPKvj
                0xc010443d                _ZN4obos5utils7memzeroEPvj
                0xc0104455                _ZN4obos5utils8dwMemsetEPjjj
                0xc0104471                _ZN4obos5utils6memsetEPvjj
                0xc010448b                _ZN4obos5utils6strlenEPKc
 *fill*         0xc01044a1        0xf 
 .text          0xc01044b0        0x7 src/oboskrnl/CMakeFiles/oboskrnl.dir/inline-asm.asm.o
                0xc01044b0                _Z9getEflagsv
 *fill*         0xc01044b7        0x1 
 .text          0xc01044b8      0x8f5 src/oboskrnl/CMakeFiles/oboskrnl.dir/boot/kmain.cpp.o
                0xc01044b8                _ZN4obos9pageFaultEPKNS_15interrupt_frameE
                0xc0104645                _ZN4obos23defaultExceptionHandlerEPKNS_15interrupt_frameE
                0xc01047ee                _ZN4obos5kmainEP14multiboot_infoj
                0xc01049d8                _ZN4obos10testThreadEPv
                0xc0104a08                _ZN4obos8kmainThrEv
                0xc0104be0                __cxa_pure_virtual
                0xc0104bfb                __cxa_atexit
                0xc0104c73                __cxa_finalize
 .text          0xc0104dad      0x836 src/oboskrnl/CMakeFiles/oboskrnl.dir/console.cpp.o
                0xc0104fb6                _ZN4obos17InitializeConsoleEjj
                0xc0105134                _ZN4obos9SetCursorEb
                0xc0105143                _ZN4obos15SetConsoleColorEjj
                0xc0105159                _ZN4obos15GetConsoleColorERjS0_
                0xc0105358                _ZN4obos13ConsoleOutputEPKcjb
                0xc01053dc                _ZN4obos19ConsoleOutputStringEPKcb
                0xc0105467                _ZN4obos15ConsoleFillLineEcb
                0xc01054f1                _ZN4obos22ConsoleOutputCharacterEcb
                0xc010555a                _ZN4obos25SetTerminalCursorPositionEjj
                0xc01055a7                _ZN4obos11swapBuffersEv
 *fill*         0xc01055e3        0x1 
 .text          0xc01055e4      0x9e6 src/oboskrnl/CMakeFiles/oboskrnl.dir/klog.cpp.o
                0xc010569f                _Z10strreversePci
                0xc010570f                _Z13itoa_unsignedjPci
                0xc010582b                _ZN4obos8_vprintfEPFvhPvES0_PKcPc
                0xc0105c13                _ZN4obos6printfEPKcz
                0xc0105c3e                _ZN4obos7vprintfEPKcPc
                0xc0105c70                _ZN4obos6kpanicEPvPKcz
                0xc0105e02                _ZN4obos14printf_noFlushEPKcz
                0xc0105e28                _ZN4obos15printStackTraceEPvPKc
                0xc0105eed                _ZN4obos4randEv
                0xc0105f14                _ZN4obos5srandEj
                0xc0105f38                _ZN4obos4poopEv
 .text          0xc0105fca      0x81a src/oboskrnl/CMakeFiles/oboskrnl.dir/inline-asm.cpp.o
                0xc0105fca                _Z4outbth
                0xc0105feb                _Z4outwtt
                0xc010600c                _Z3inbt
                0xc0106029                _Z3inwt
                0xc0106048                _Z7io_waitv
                0xc010605d                _Z3cliv
                0xc0106071                _Z3stiv
                0xc0106085                _Z3hltv
                0xc010608c                _Z4_inth
                0xc0106744                _ZN4obos18EnterKernelSectionEv
                0xc0106786                _ZN4obos18LeaveKernelSectionEv
 .text          0xc01067e4      0x177 src/oboskrnl/CMakeFiles/oboskrnl.dir/descriptors/gdt/gdt.cpp.o
                0xc01067e4                _ZN4obos8GdtEntryC2Ejjhh
                0xc01067e4                _ZN4obos8GdtEntryC1Ejjhh
                0xc010685d                _ZN4obos13InitializeGdtEv
 *fill*         0xc010695b        0x1 
 .text          0xc010695c      0x9dc src/oboskrnl/CMakeFiles/oboskrnl.dir/descriptors/idt/idt.cpp.o
                0xc010695c                _ZN4obos8IdtEntryC2Ejth
                0xc010695c                _ZN4obos8IdtEntryC1Ejth
                0xc01069af                _ZN4obos13InitializeIdtEv
                0xc010731b                _ZN4obos24RegisterInterruptHandlerEhPFvPKNS_15interrupt_frameEE
 .text          0xc0107338      0x69d src/oboskrnl/CMakeFiles/oboskrnl.dir/memory_manager/physical.cpp.o
                0xc010741e                _ZN4obos6memory31InitializePhysicalMemoryManagerEv
                0xc0107655                _ZN4obos6memory20kalloc_physicalPagesEj
                0xc01078a2                _ZN4obos6memory19kfree_physicalPagesEPvj
 *fill*         0xc01079d5        0x1 
 .text          0xc01079d6      0x2c2 src/oboskrnl/CMakeFiles/oboskrnl.dir/utils/bitfields.cpp.o
                0xc01079f4                _ZN4obos5utils12BitfieldBaseC2Ev
                0xc01079f4                _ZN4obos5utils12BitfieldBaseC1Ev
                0xc0107a0e                _ZN4obos5utils12BitfieldBase6setBitEj
                0xc0107a26                _ZN4obos5utils12BitfieldBase8clearBitEj
                0xc0107a40                _ZNK4obos5utils12BitfieldBase6getBitEj
                0xc0107a54                _ZNK4obos5utils12BitfieldBaseixEj
                0xc0107a74                _ZN4obos5utils12BitfieldBasecvjEv
                0xc0107a80                _ZN4obos5utils12BitfieldBasecvbEv
                0xc0107a92                _ZN4obos5utils8BitfieldC2Ev
                0xc0107a92                _ZN4obos5utils8BitfieldC1Ev
                0xc0107aae                _ZN4obos5utils8Bitfield6setBitEh
                0xc0107ae4                _ZN4obos5utils8Bitfield8clearBitEh
                0xc0107b1a                _ZNK4obos5utils8Bitfield6getBitEh
                0xc0107b66                _ZNK4obos5utils8BitfieldixEh
                0xc0107b8e                _ZN4obos5utils8BitfieldcvbEv
                0xc0107ba0                _ZN4obos5utils15IntegerBitfieldC2Ev
                0xc0107ba0                _ZN4obos5utils15IntegerBitfieldC1Ev
                0xc0107bbc                _ZN4obos5utils15IntegerBitfieldC2Ej
                0xc0107bbc                _ZN4obos5utils15IntegerBitfieldC1Ej
                0xc0107be2                _ZN4obos5utils15IntegerBitfield11setBitfieldEj
                0xc0107bf1                _ZN4obos5utils16setBitInBitfieldERjh
                0xc0107c1f                _ZN4obos5utils18clearBitInBitfieldERjh
                0xc0107c4f                _ZN4obos5utils17testBitInBitfieldEjh
 .text          0xc0107c98      0x485 src/oboskrnl/CMakeFiles/oboskrnl.dir/descriptors/idt/pic.cpp.o
                0xc0107c98                _ZN4obos3PicC2Ett
                0xc0107c98                _ZN4obos3PicC1Ett
                0xc0107ce0                _ZN4obos3Pic8setPortsEtt
                0xc0107d14                _ZN4obos3Pic15sendCommandByteEh
                0xc0107d52                _ZN4obos3Pic15sendCommandWordEt
                0xc0107d92                _ZN4obos3Pic12sendDataByteEh
                0xc0107dd2                _ZN4obos3Pic12sendDataWordEt
                0xc0107e12                _ZN4obos3Pic15recvCommandByteEv
                0xc0107e46                _ZN4obos3Pic15recvCommandWordEv
                0xc0107e7a                _ZN4obos3Pic12recvDataByteEv
                0xc0107eae                _ZN4obos3Pic12recvDataWordEv
                0xc0107ee2                _ZN4obos3Pic7sendEOIEv
                0xc0107efc                _ZN4obos3Pic5remapEhh
                0xc0107f58                _ZN4obos3Pic9enableIrqEh
                0xc0107fae                _ZN4obos3Pic10disableIrqEh
                0xc0108004                _ZN4obos3Pic7disableEv
                0xc0108020                _ZN4obos3Pic15issuedInterruptEh
                0xc010806e                _ZN4obos7SendEOIEj
 *fill*         0xc010811d        0x1 
 .text          0xc010811e      0x268 src/oboskrnl/CMakeFiles/oboskrnl.dir/memory_manager/paging/init.cpp.o
                0xc010811e                _ZN4obos6memory13PageDirectoryC2Ev
                0xc010811e                _ZN4obos6memory13PageDirectoryC1Ev
                0xc010814c                _ZN4obos6memory13PageDirectoryC1EPj
                0xc010814c                _ZN4obos6memory13PageDirectoryC2EPj
                0xc0108178                _ZN4obos6memory13PageDirectory4initEv
                0xc01081c0                _ZN4obos6memory13PageDirectory12switchToThisEv
                0xc01081f0                _ZN4obos6memory13PageDirectory19getPageTableAddressEt
                0xc010822a                _ZN4obos6memory13PageDirectory12getPageTableEt
                0xc010826c                _ZN4obos6memory13PageDirectory7destroyEv
                0xc01082d2                _ZN4obos6memory13PageDirectoryD1Ev
                0xc01082d2                _ZN4obos6memory13PageDirectoryD2Ev
                0xc01082ea                _ZN4obos6memory13PageDirectory14addressToIndexEj
                0xc01082f6                _ZN4obos6memory13PageDirectory23addressToPageTableIndexEj
                0xc0108305                _ZN4obos6memory16InitializePagingEv
                0xc010837a                _ZN4obos6memory8tlbFlushEj
 .text          0xc0108386      0x81a src/oboskrnl/CMakeFiles/oboskrnl.dir/memory_manager/paging/allocate.cpp.o
                0xc0108386                _ZN4obos6memory14kmap_pageTableEPv
                0xc01083a5                _ZN4obos6memory15kfree_pageTableEv
                0xc01083c8                _ZN4obos6memory13kmap_physicalEPvjjS1_b
                0xc01085ae                _ZN4obos6memory12VirtualAllocEPvjj
                0xc0108885                _ZN4obos6memory11VirtualFreeEPvj
                0xc0108a8a                _ZN4obos6memory17HasVirtualAddressEPKvj
 .text          0xc0108ba0      0x14f src/oboskrnl/CMakeFiles/oboskrnl.dir/utils/memory.cpp.o
                0xc0108ba0                _ZN4obos5utils6memcmpEPKvS2_j
                0xc0108c65                _ZN4obos5utils6memchrEPvhj
                0xc0108ccb                _ZN4obos5utils6memchrEPKvhj
 .text          0xc0108cef      0x13f src/oboskrnl/CMakeFiles/oboskrnl.dir/memory_manager/paging/liballoc_hooks.cpp.o
                0xc0108cef                liballoc_lock
                0xc0108d01                liballoc_unlock
                0xc0108d13                liballoc_alloc
                0xc0108d60                liballoc_free
                0xc0108d86                _Znwm
                0xc0108d9e                _Znam
                0xc0108db6                _ZdlPv
                0xc0108dcd                _ZdaPv
                0xc0108de4                _ZdlPvm
                0xc0108dfb                _ZdaPvm
                0xc0108e12                _ZnwmPv
                0xc0108e1a                _ZnamPv
                0xc0108e22                _ZdlPvS_
                0xc0108e28                _ZdaPvS_
 .text          0xc0108e2e      0xc1d src/oboskrnl/CMakeFiles/oboskrnl.dir/memory_manager/liballoc/liballoc.c.o
                0xc0108fd4                kmalloc
                0xc0109660                kfree
                0xc01098bd                kcalloc
                0xc01098f8                krealloc
 .text          0xc0109a4b       0xbb src/oboskrnl/CMakeFiles/oboskrnl.dir/external/list/list_iterator.c.o
                0xc0109a4b                list_iterator_new
                0xc0109a7a                list_iterator_new_from_node
                0xc0109ab3                list_iterator_next
                0xc0109ae8                list_iterator_destroy
 .text          0xc0109b06       0x44 src/oboskrnl/CMakeFiles/oboskrnl.dir/external/list/list_node.c.o
                0xc0109b06                list_node_new
 .text          0xc0109b4a      0x48d src/oboskrnl/CMakeFiles/oboskrnl.dir/external/list/list.c.o
                0xc0109b4a                list_new
                0xc0109ba3                list_destroy
                0xc0109c16                list_rpush
                0xc0109c99                list_rpop
                0xc0109d19                list_lpop
                0xc0109d97                list_lpush
                0xc0109e16                list_find
                0xc0109eb4                list_at
                0xc0109f4a                list_remove
 .text          0xc0109fd7      0x5a7 src/oboskrnl/CMakeFiles/oboskrnl.dir/multitasking/multitasking.cpp.o
                0xc0109fd7                _ZN4obos12multitasking10canRanTaskEPNS0_6ThreadE
                0xc010a003                _ZN4obos12multitasking12switchToTaskEPNS0_6ThreadE
                0xc010a023                _ZN4obos12multitasking11findNewTaskEPKNS_15interrupt_frameE
                0xc010a3d9                _ZN4obos12multitasking22InitializeMultitaskingEv
 .text          0xc010a57e      0x94b src/oboskrnl/CMakeFiles/oboskrnl.dir/multitasking/threadHandle.cpp.o
                0xc010a57e                _ZN4obos12multitasking12ThreadHandleC1Ev
                0xc010a57e                _ZN4obos12multitasking12ThreadHandleC2Ev
                0xc010a5d2                _ZN4obos12multitasking12ThreadHandle12CreateThreadENS0_6Thread10priority_tEPFvPvES4_jj
                0xc010a652                _ZN4obos12multitasking12ThreadHandle10OpenThreadEj
                0xc010a704                _ZN4obos12multitasking12ThreadHandle10OpenThreadEPNS0_6ThreadE
                0xc010a776                _ZN4obos12multitasking12ThreadHandle11PauseThreadEb
                0xc010a802                _ZN4obos12multitasking12ThreadHandle12ResumeThreadEv
                0xc010a84c                _ZN4obos12multitasking12ThreadHandle17SetThreadPriorityENS0_6Thread10priority_tE
                0xc010a9ea                _ZN4obos12multitasking12ThreadHandle15SetThreadStatusEj
                0xc010aa8c                _ZN4obos12multitasking12ThreadHandle15TerminateThreadEj
                0xc010ab0a                _ZN4obos12multitasking12ThreadHandle6GetTidEv
                0xc010ab2a                _ZN4obos12multitasking12ThreadHandle11GetExitCodeEv
                0xc010ab74                _ZN4obos12multitasking12ThreadHandle17GetThreadPriorityEv
                0xc010aba8                _ZN4obos12multitasking12ThreadHandle15GetThreadStatusEv
                0xc010abdc                _ZN4obos12multitasking12ThreadHandle9duplicateEv
                0xc010ac62                _ZN4obos12multitasking12ThreadHandle11closeHandleEv
                0xc010aded                _ZN4obos12multitasking10ExitThreadEj
                0xc010ae61                _ZN4obos12multitasking19GetCurrentThreadTidEv
                0xc010ae6e                _ZN4obos12multitasking24GetCurrentThreadPriorityEv
                0xc010ae7b                _ZN4obos12multitasking22GetCurrentThreadStatusEv
                0xc010ae88                _ZN4obos12multitasking22GetCurrentThreadHandleEv
 *fill*         0xc010aec9        0x1 
 .text          0xc010aeca      0x248 src/oboskrnl/CMakeFiles/oboskrnl.dir/multitasking/thread.cpp.o
                0xc010aeca                _ZN4obos12multitasking6ThreadC2ENS1_10priority_tEPFvPvES3_jj
                0xc010aeca                _ZN4obos12multitasking6ThreadC1ENS1_10priority_tEPFvPvES3_jj
                0xc010af68                _ZN4obos12multitasking6Thread12CreateThreadENS1_10priority_tEPFvPvES3_jj
 .text          0xc010b112      0x11f src/oboskrnl/CMakeFiles/oboskrnl.dir/multitasking/mutex/mutex.cpp.o
                0xc010b112                _ZN4obos12multitasking17MutexLockCallbackEPNS0_6ThreadEPv
                0xc010b144                _ZN4obos12multitasking5Mutex4LockEb
                0xc010b1d8                _ZN4obos12multitasking5Mutex6UnlockEv
                0xc010b210                _ZN4obos12multitasking5MutexD2Ev
                0xc010b210                _ZN4obos12multitasking5MutexD1Ev
 *fill*         0xc010b231        0x1 
 .text          0xc010b232      0x1bc src/oboskrnl/CMakeFiles/oboskrnl.dir/multitasking/mutex/mutexHandle.cpp.o
                0xc010b232                _ZN4obos12multitasking11MutexHandleC2Ev
                0xc010b232                _ZN4obos12multitasking11MutexHandleC1Ev
                0xc010b29a                _ZN4obos12multitasking11MutexHandle9duplicateEv
                0xc010b2de                _ZN4obos12multitasking11MutexHandle11closeHandleEv
                0xc010b334                _ZN4obos12multitasking11MutexHandle4LockEb
                0xc010b36c                _ZN4obos12multitasking11MutexHandle6UnlockEv
                0xc010b398                _ZN4obos12multitasking11MutexHandleD2Ev
                0xc010b398                _ZN4obos12multitasking11MutexHandleD1Ev
                0xc010b3c8                _ZN4obos12multitasking11MutexHandleD0Ev
 *fill*         0xc010b3ee        0x2 
 .text          0xc010b3f0      0x150 /home/omar/opt/cross/lib/gcc/i686-elf/11.4.0/libgcc.a(_umoddi3.o)
                0xc010b3f0                __umoddi3

.init           0xc010b540        0xf load address 0x0010b540
 .init          0xc010b540        0x3 /tmp/ccj33TZN.o
                0xc010b540                _init
 .init          0xc010b543        0x5 /home/omar/opt/cross/lib/gcc/i686-elf/11.4.0/crtbegin.o
 .init          0xc010b548        0x5 /home/omar/opt/cross/lib/gcc/i686-elf/11.4.0/crtend.o
 .init          0xc010b54d        0x2 /tmp/cc8lwy8y.o

.fini           0xc010b54f        0xa load address 0x0010b54f
 .fini          0xc010b54f        0x3 /tmp/ccj33TZN.o
                0xc010b54f                _fini
 .fini          0xc010b552        0x5 /home/omar/opt/cross/lib/gcc/i686-elf/11.4.0/crtbegin.o
 .fini          0xc010b557        0x2 /tmp/cc8lwy8y.o

.iplt           0xc010b559        0x0 load address 0x0010b559
 .iplt          0xc010b559        0x0 /tmp/ccj33TZN.o

.gnu.linkonce.t._ZN4obos6HandleD2Ev
                0xc010b55a       0x10 load address 0x0010b55a
 .gnu.linkonce.t._ZN4obos6HandleD2Ev
                0xc010b55a       0x10 src/oboskrnl/CMakeFiles/oboskrnl.dir/boot/kmain.cpp.o
                0xc010b55a                _ZN4obos6HandleD2Ev

.gnu.linkonce.t._ZN4obos12multitasking12ThreadHandleD1Ev
                0xc010b56a       0x30 load address 0x0010b56a
 .gnu.linkonce.t._ZN4obos12multitasking12ThreadHandleD1Ev
                0xc010b56a       0x30 src/oboskrnl/CMakeFiles/oboskrnl.dir/boot/kmain.cpp.o
                0xc010b56a                _ZN4obos12multitasking12ThreadHandleD1Ev

.gnu.linkonce.t._ZN4obos12multitasking6ThreadD1Ev
                0xc010b59a       0x3b load address 0x0010b59a
 .gnu.linkonce.t._ZN4obos12multitasking6ThreadD1Ev
                0xc010b59a       0x3b src/oboskrnl/CMakeFiles/oboskrnl.dir/multitasking/multitasking.cpp.o
                0xc010b59a                _ZN4obos12multitasking6ThreadD1Ev

.gnu.linkonce.t._ZN4obos12multitasking6ThreadD0Ev
                0xc010b5d6       0x26 load address 0x0010b5d6
 .gnu.linkonce.t._ZN4obos12multitasking6ThreadD0Ev
                0xc010b5d6       0x26 src/oboskrnl/CMakeFiles/oboskrnl.dir/multitasking/multitasking.cpp.o
                0xc010b5d6                _ZN4obos12multitasking6ThreadD0Ev

.gnu.linkonce.t._ZN4obos12multitasking6ThreadC1Ev
                0xc010b5fc       0x7e load address 0x0010b5fc
 .gnu.linkonce.t._ZN4obos12multitasking6ThreadC1Ev
                0xc010b5fc       0x7e src/oboskrnl/CMakeFiles/oboskrnl.dir/multitasking/multitasking.cpp.o
                0xc010b5fc                _ZN4obos12multitasking6ThreadC1Ev

.gnu.linkonce.t._ZN4obos6Handle13getReferencesEv
                0xc010b67a        0xe load address 0x0010b67a
 .gnu.linkonce.t._ZN4obos6Handle13getReferencesEv
                0xc010b67a        0xe src/oboskrnl/CMakeFiles/oboskrnl.dir/multitasking/threadHandle.cpp.o
                0xc010b67a                _ZN4obos6Handle13getReferencesEv

.gnu.linkonce.t._ZN4obos12multitasking12ThreadHandleD0Ev
                0xc010b688       0x26 load address 0x0010b688
 .gnu.linkonce.t._ZN4obos12multitasking12ThreadHandleD0Ev
                0xc010b688       0x26 src/oboskrnl/CMakeFiles/oboskrnl.dir/multitasking/threadHandle.cpp.o
                0xc010b688                _ZN4obos12multitasking12ThreadHandleD0Ev

.gnu.linkonce.t._ZN4obos6HandleC2Ev
                0xc010b6ae       0x2e load address 0x0010b6ae
 .gnu.linkonce.t._ZN4obos6HandleC2Ev
                0xc010b6ae       0x2e src/oboskrnl/CMakeFiles/oboskrnl.dir/multitasking/threadHandle.cpp.o
                0xc010b6ae                _ZN4obos6HandleC2Ev

.gnu.linkonce.t._ZN4obos12multitasking5MutexC1Ev
                0xc010b6dc       0x1d load address 0x0010b6dc
 .gnu.linkonce.t._ZN4obos12multitasking5MutexC1Ev
                0xc010b6dc       0x1d src/oboskrnl/CMakeFiles/oboskrnl.dir/multitasking/mutex/mutexHandle.cpp.o
                0xc010b6dc                _ZN4obos12multitasking5MutexC1Ev

.rodata         0xc010c000     0x1527 load address 0x0010c000
 *(.rodata)
 .rodata        0xc010c000      0x519 src/oboskrnl/CMakeFiles/oboskrnl.dir/boot/kmain.cpp.o
 *fill*         0xc010c519        0x3 
 .rodata        0xc010c51c       0x8c src/oboskrnl/CMakeFiles/oboskrnl.dir/console.cpp.o
 *fill*         0xc010c5a8       0x18 
 .rodata        0xc010c5c0      0x8e1 src/oboskrnl/CMakeFiles/oboskrnl.dir/klog.cpp.o
 *fill*         0xc010cea1        0x3 
 .rodata        0xc010cea4      0x400 src/oboskrnl/CMakeFiles/oboskrnl.dir/inline-asm.cpp.o
 .rodata        0xc010d2a4       0x93 src/oboskrnl/CMakeFiles/oboskrnl.dir/memory_manager/physical.cpp.o
 *fill*         0xc010d337        0x1 
 .rodata        0xc010d338        0x8 src/oboskrnl/CMakeFiles/oboskrnl.dir/memory_manager/paging/init.cpp.o
 .rodata        0xc010d340        0x8 src/oboskrnl/CMakeFiles/oboskrnl.dir/memory_manager/paging/allocate.cpp.o
 .rodata        0xc010d348       0x9f src/oboskrnl/CMakeFiles/oboskrnl.dir/multitasking/multitasking.cpp.o
 *fill*         0xc010d3e7        0x1 
 .rodata        0xc010d3e8       0x9f src/oboskrnl/CMakeFiles/oboskrnl.dir/multitasking/threadHandle.cpp.o
 *fill*         0xc010d487        0x1 
 .rodata        0xc010d488       0x9f src/oboskrnl/CMakeFiles/oboskrnl.dir/multitasking/thread.cpp.o
                0xc010d527                        _ZN4obos6memory9__erodataE = .

.eh_frame       0xc010d528       0x74 load address 0x0010d528
 .eh_frame      0xc010d528        0x0 /home/omar/opt/cross/lib/gcc/i686-elf/11.4.0/crtbegin.o
 .eh_frame      0xc010d528        0x0 /home/omar/opt/cross/lib/gcc/i686-elf/11.4.0/crtend.o
                                  0x4 (size before relaxing)
 .eh_frame      0xc010d528       0x74 /home/omar/opt/cross/lib/gcc/i686-elf/11.4.0/libgcc.a(_umoddi3.o)

.gnu.linkonce.r._ZTVN4obos6HandleE
                0xc010d59c       0x18 load address 0x0010d59c
 .gnu.linkonce.r._ZTVN4obos6HandleE
                0xc010d59c       0x18 src/oboskrnl/CMakeFiles/oboskrnl.dir/boot/kmain.cpp.o
                0xc010d59c                _ZTVN4obos6HandleE

.gnu.linkonce.r._ZTVN4obos5utils8BitfieldE
                0xc010d5b4       0x30 load address 0x0010d5b4
 .gnu.linkonce.r._ZTVN4obos5utils8BitfieldE
                0xc010d5b4       0x30 src/oboskrnl/CMakeFiles/oboskrnl.dir/utils/bitfields.cpp.o
                0xc010d5b4                _ZTVN4obos5utils8BitfieldE

.gnu.linkonce.r._ZTVN4obos5utils12BitfieldBaseE
                0xc010d5e4       0x20 load address 0x0010d5e4
 .gnu.linkonce.r._ZTVN4obos5utils12BitfieldBaseE
                0xc010d5e4       0x20 src/oboskrnl/CMakeFiles/oboskrnl.dir/utils/bitfields.cpp.o
                0xc010d5e4                _ZTVN4obos5utils12BitfieldBaseE

.gnu.linkonce.r._ZTVN4obos5utils15IntegerBitfieldE
                0xc010d604       0x30 load address 0x0010d604
 .gnu.linkonce.r._ZTVN4obos5utils15IntegerBitfieldE
                0xc010d604       0x30 src/oboskrnl/CMakeFiles/oboskrnl.dir/utils/bitfields.cpp.o
                0xc010d604                _ZTVN4obos5utils15IntegerBitfieldE

.gnu.linkonce.r._ZTVN4obos12multitasking6ThreadE
                0xc010d634       0x10 load address 0x0010d634
 .gnu.linkonce.r._ZTVN4obos12multitasking6ThreadE
                0xc010d634       0x10 src/oboskrnl/CMakeFiles/oboskrnl.dir/multitasking/multitasking.cpp.o
                0xc010d634                _ZTVN4obos12multitasking6ThreadE

.gnu.linkonce.r._ZTVN4obos12multitasking12ThreadHandleE
                0xc010d644       0x18 load address 0x0010d644
 .gnu.linkonce.r._ZTVN4obos12multitasking12ThreadHandleE
                0xc010d644       0x18 src/oboskrnl/CMakeFiles/oboskrnl.dir/multitasking/threadHandle.cpp.o
                0xc010d644                _ZTVN4obos12multitasking12ThreadHandleE

.gnu.linkonce.r._ZTVN4obos12multitasking11MutexHandleE
                0xc010d65c       0x18 load address 0x0010d65c
 .gnu.linkonce.r._ZTVN4obos12multitasking11MutexHandleE
                0xc010d65c       0x18 src/oboskrnl/CMakeFiles/oboskrnl.dir/multitasking/mutex/mutexHandle.cpp.o
                0xc010d65c                _ZTVN4obos12multitasking11MutexHandleE

.rel.dyn        0xc010d674        0x0 load address 0x0010d674
 .rel.got       0xc010d674        0x0 /tmp/ccj33TZN.o
 .rel.iplt      0xc010d674        0x0 /tmp/ccj33TZN.o
 .rel.text      0xc010d674        0x0 /tmp/ccj33TZN.o
 .rel.gnu.linkonce.t._ZN4obos6HandleD2Ev
                0xc010d674        0x0 /tmp/ccj33TZN.o
 .rel.gnu.linkonce.t._ZN4obos12multitasking12ThreadHandleD1Ev
                0xc010d674        0x0 /tmp/ccj33TZN.o
 .rel.gnu.linkonce.r._ZTVN4obos6HandleE
                0xc010d674        0x0 /tmp/ccj33TZN.o
 .rel.gnu.linkonce.t._ZN4obos12multitasking6ThreadD1Ev
                0xc010d674        0x0 /tmp/ccj33TZN.o
 .rel.gnu.linkonce.t._ZN4obos12multitasking6ThreadD0Ev
                0xc010d674        0x0 /tmp/ccj33TZN.o
 .rel.gnu.linkonce.t._ZN4obos12multitasking6ThreadC1Ev
                0xc010d674        0x0 /tmp/ccj33TZN.o
 .rel.gnu.linkonce.r._ZTVN4obos12multitasking6ThreadE
                0xc010d674        0x0 /tmp/ccj33TZN.o
 .rel.gnu.linkonce.t._ZN4obos12multitasking12ThreadHandleD0Ev
                0xc010d674        0x0 /tmp/ccj33TZN.o
 .rel.gnu.linkonce.t._ZN4obos6HandleC2Ev
                0xc010d674        0x0 /tmp/ccj33TZN.o
 .rel.gnu.linkonce.r._ZTVN4obos12multitasking12ThreadHandleE
                0xc010d674        0x0 /tmp/ccj33TZN.o

.data           0xc010e000      0x424 load address 0x0010e000
 *(.data)
 .data          0xc010e000        0x0 /tmp/ccj33TZN.o
 .data          0xc010e000        0x4 /home/omar/opt/cross/lib/gcc/i686-elf/11.4.0/crtbegin.o
                0xc010e000                __dso_handle
 .data          0xc010e004        0x0 /home/omar/opt/cross/lib/gcc/i686-elf/11.4.0/crtend.o
 .data          0xc010e004        0x0 /tmp/cc8lwy8y.o
 .data          0xc010e004      0x400 src/oboskrnl/CMakeFiles/oboskrnl.dir/descriptors/idt/handlers.asm.o
                0xc010e004                _ZN4obos19g_interruptHandlersE
 .data          0xc010e404        0x8 src/oboskrnl/CMakeFiles/oboskrnl.dir/multitasking/multitasking.asm.o
 .data          0xc010e40c        0x0 src/oboskrnl/CMakeFiles/oboskrnl.dir/boot/kmain.cpp.o
 .data          0xc010e40c        0x0 src/oboskrnl/CMakeFiles/oboskrnl.dir/console.cpp.o
 .data          0xc010e40c        0x8 src/oboskrnl/CMakeFiles/oboskrnl.dir/klog.cpp.o
 .data          0xc010e414        0x0 src/oboskrnl/CMakeFiles/oboskrnl.dir/inline-asm.cpp.o
 .data          0xc010e414        0x0 src/oboskrnl/CMakeFiles/oboskrnl.dir/descriptors/gdt/gdt.cpp.o
 .data          0xc010e414        0x0 src/oboskrnl/CMakeFiles/oboskrnl.dir/descriptors/idt/idt.cpp.o
 .data          0xc010e414        0x4 src/oboskrnl/CMakeFiles/oboskrnl.dir/memory_manager/physical.cpp.o
 .data          0xc010e418        0x0 src/oboskrnl/CMakeFiles/oboskrnl.dir/utils/bitfields.cpp.o
 .data          0xc010e418        0x0 src/oboskrnl/CMakeFiles/oboskrnl.dir/descriptors/idt/pic.cpp.o
 .data          0xc010e418        0x0 src/oboskrnl/CMakeFiles/oboskrnl.dir/memory_manager/paging/init.cpp.o
 .data          0xc010e418        0x0 src/oboskrnl/CMakeFiles/oboskrnl.dir/memory_manager/paging/allocate.cpp.o
 .data          0xc010e418        0x0 src/oboskrnl/CMakeFiles/oboskrnl.dir/utils/memory.cpp.o
 .data          0xc010e418        0x0 src/oboskrnl/CMakeFiles/oboskrnl.dir/memory_manager/paging/liballoc_hooks.cpp.o
 .data          0xc010e418        0x8 src/oboskrnl/CMakeFiles/oboskrnl.dir/memory_manager/liballoc/liballoc.c.o
 .data          0xc010e420        0x0 src/oboskrnl/CMakeFiles/oboskrnl.dir/external/list/list_iterator.c.o
 .data          0xc010e420        0x0 src/oboskrnl/CMakeFiles/oboskrnl.dir/external/list/list_node.c.o
 .data          0xc010e420        0x0 src/oboskrnl/CMakeFiles/oboskrnl.dir/external/list/list.c.o
 .data          0xc010e420        0x0 src/oboskrnl/CMakeFiles/oboskrnl.dir/multitasking/multitasking.cpp.o
 .data          0xc010e420        0x0 src/oboskrnl/CMakeFiles/oboskrnl.dir/multitasking/threadHandle.cpp.o
 .data          0xc010e420        0x4 src/oboskrnl/CMakeFiles/oboskrnl.dir/multitasking/thread.cpp.o
                0xc010e420                _ZN4obos12multitasking15g_nextThreadTidE
 .data          0xc010e424        0x0 src/oboskrnl/CMakeFiles/oboskrnl.dir/multitasking/mutex/mutex.cpp.o
 .data          0xc010e424        0x0 src/oboskrnl/CMakeFiles/oboskrnl.dir/multitasking/mutex/mutexHandle.cpp.o
 .data          0xc010e424        0x0 /home/omar/opt/cross/lib/gcc/i686-elf/11.4.0/libgcc.a(_umoddi3.o)

.got            0xc010e424        0x0 load address 0x0010e424
 .got           0xc010e424        0x0 /tmp/ccj33TZN.o

.got.plt        0xc010e424        0x0 load address 0x0010e424
 .got.plt       0xc010e424        0x0 /tmp/ccj33TZN.o

.igot.plt       0xc010e424        0x0 load address 0x0010e424
 .igot.plt      0xc010e424        0x0 /tmp/ccj33TZN.o

.ctors          0xc010e424        0xc load address 0x0010e424
 .ctors         0xc010e424        0x4 /home/omar/opt/cross/lib/gcc/i686-elf/11.4.0/crtbegin.o
 .ctors         0xc010e428        0x4 /home/omar/opt/cross/lib/gcc/i686-elf/11.4.0/crtend.o
 .ctors         0xc010e42c        0x4 src/oboskrnl/CMakeFiles/oboskrnl.dir/boot/kmain.cpp.o

.dtors          0xc010e430        0x8 load address 0x0010e430
 .dtors         0xc010e430        0x4 /home/omar/opt/cross/lib/gcc/i686-elf/11.4.0/crtbegin.o
 .dtors         0xc010e434        0x4 /home/omar/opt/cross/lib/gcc/i686-elf/11.4.0/crtend.o
                0xc010e434                __DTOR_END__

.tm_clone_table
                0xc010e438        0x0 load address 0x0010e438
 .tm_clone_table
                0xc010e438        0x0 /home/omar/opt/cross/lib/gcc/i686-elf/11.4.0/crtbegin.o
 .tm_clone_table
                0xc010e438        0x0 /home/omar/opt/cross/lib/gcc/i686-elf/11.4.0/crtend.o

.bss            0xc010f000    0x2b051 load address 0x0010f000
 *(COMMON)
 *(.bss)
 .bss           0xc010f000        0x0 /tmp/ccj33TZN.o
 .bss           0xc010f000       0x20 /home/omar/opt/cross/lib/gcc/i686-elf/11.4.0/crtbegin.o
 .bss           0xc010f020        0x0 /home/omar/opt/cross/lib/gcc/i686-elf/11.4.0/crtend.o
 .bss           0xc010f020        0x0 /tmp/cc8lwy8y.o
 .bss           0xc010f020      0xc24 src/oboskrnl/CMakeFiles/oboskrnl.dir/boot/kmain.cpp.o
                0xc010f020                _ZN4obos15g_multibootInfoE
                0xc010f024                _ZN4obos15g_pageDirectoryE
                0xc010f040                __atexitFuncs
                0xc010fc40                __atexitFuncCount
 .bss           0xc010fc44       0x34 src/oboskrnl/CMakeFiles/oboskrnl.dir/console.cpp.o
                0xc010fc44                _ZN4obos17s_foregroundColorE
                0xc010fc48                _ZN4obos17s_backgroundColorE
                0xc010fc4c                _ZN4obos16s_terminalColumnE
                0xc010fc50                _ZN4obos13s_terminalRowE
                0xc010fc54                _ZN4obos20s_reachedEndTerminalE
                0xc010fc58                _ZN4obos13s_framebufferE
                0xc010fc5c                _ZN4obos12s_backbufferE
                0xc010fc60                _ZN4obos18s_framebufferWidthE
                0xc010fc64                _ZN4obos19s_framebufferHeightE
                0xc010fc68                _ZN4obos16s_nCharsVerticalE
                0xc010fc6c                _ZN4obos18s_nCharsHorizontalE
                0xc010fc70                _ZN4obos4fontE
 .bss           0xc010fc78        0x0 src/oboskrnl/CMakeFiles/oboskrnl.dir/klog.cpp.o
 .bss           0xc010fc78        0x8 src/oboskrnl/CMakeFiles/oboskrnl.dir/inline-asm.cpp.o
 .bss           0xc010fc80       0x48 src/oboskrnl/CMakeFiles/oboskrnl.dir/descriptors/gdt/gdt.cpp.o
 *fill*         0xc010fcc8       0x18 
 .bss           0xc010fce0      0x806 src/oboskrnl/CMakeFiles/oboskrnl.dir/descriptors/idt/idt.cpp.o
 *fill*         0xc01104e6       0x1a 
 .bss           0xc0110500    0x2000c src/oboskrnl/CMakeFiles/oboskrnl.dir/memory_manager/physical.cpp.o
                0xc0110500                _ZN4obos6memory16g_availablePagesE
                0xc0130500                _ZN4obos6memory20g_physicalMemorySizeE
                0xc0130504                _ZN4obos6memory34g_physicalMemoryManagerInitializedE
 .bss           0xc013050c        0x0 src/oboskrnl/CMakeFiles/oboskrnl.dir/utils/bitfields.cpp.o
 .bss           0xc013050c        0x0 src/oboskrnl/CMakeFiles/oboskrnl.dir/descriptors/idt/pic.cpp.o
 .bss           0xc013050c        0x8 src/oboskrnl/CMakeFiles/oboskrnl.dir/memory_manager/paging/init.cpp.o
                0xc013050c                _ZN4obos6memory15g_enabledPagingE
                0xc0130510                _ZN4obos6memory15g_pageDirectoryE
 *fill*         0xc0130514      0xaec 
 .bss           0xc0131000     0x1000 src/oboskrnl/CMakeFiles/oboskrnl.dir/memory_manager/paging/allocate.cpp.o
                0xc0131000                _ZN4obos6memory15s_lastPageTableE
 .bss           0xc0132000        0x0 src/oboskrnl/CMakeFiles/oboskrnl.dir/utils/memory.cpp.o
 .bss           0xc0132000        0x4 src/oboskrnl/CMakeFiles/oboskrnl.dir/memory_manager/paging/liballoc_hooks.cpp.o
 *fill*         0xc0132004        0x4 
 .bss           0xc0132008       0x30 src/oboskrnl/CMakeFiles/oboskrnl.dir/memory_manager/liballoc/liballoc.c.o
 .bss           0xc0132038        0x0 src/oboskrnl/CMakeFiles/oboskrnl.dir/external/list/list_iterator.c.o
 .bss           0xc0132038        0x0 src/oboskrnl/CMakeFiles/oboskrnl.dir/external/list/list_node.c.o
 .bss           0xc0132038        0x0 src/oboskrnl/CMakeFiles/oboskrnl.dir/external/list/list.c.o
 .bss           0xc0132038       0x19 src/oboskrnl/CMakeFiles/oboskrnl.dir/multitasking/multitasking.cpp.o
                0xc0132038                _ZN4obos12multitasking9g_threadsE
                0xc013203c                _ZN4obos12multitasking20g_threadPriorityListE
                0xc013204c                _ZN4obos12multitasking15g_currentThreadE
                0xc0132050                _ZN4obos12multitasking13g_initializedE
 .bss           0xc0132051        0x0 src/oboskrnl/CMakeFiles/oboskrnl.dir/multitasking/threadHandle.cpp.o
 .bss           0xc0132051        0x0 src/oboskrnl/CMakeFiles/oboskrnl.dir/multitasking/thread.cpp.o
 .bss           0xc0132051        0x0 src/oboskrnl/CMakeFiles/oboskrnl.dir/multitasking/mutex/mutex.cpp.o
 .bss           0xc0132051        0x0 src/oboskrnl/CMakeFiles/oboskrnl.dir/multitasking/mutex/mutexHandle.cpp.o
 .bss           0xc0132051        0x0 /home/omar/opt/cross/lib/gcc/i686-elf/11.4.0/libgcc.a(_umoddi3.o)
 *(.bootstrap_stack)
 .bootstrap_stack
                0xc0132051     0x8000 src/oboskrnl/CMakeFiles/oboskrnl.dir/boot/kernel_bootstrap-i686.asm.o
                0xc0132051                _ZN4obos12stack_bottomE
                0xc0136051                _ZN4obos9stack_topE
                0xc0136051                _ZN4obos15thrstack_bottomE
                0xc013a051                _ZN4obos12thrstack_topE
                0xc013a051                        _kernel_end = .
                0x00400000                        _ZN4obos6memory8endImageE = 0x400000
                0xe0000000                        _ZN4obos6memory9endKernelE = 0xe0000000
OUTPUT(/mnt/c/Code/obos/out/oboskrnl elf32-i386)

.comment        0x00000000       0x12
 .comment       0x00000000       0x12 /home/omar/opt/cross/lib/gcc/i686-elf/11.4.0/crtbegin.o
                                 0x13 (size before relaxing)
 .comment       0x00000012       0x13 /home/omar/opt/cross/lib/gcc/i686-elf/11.4.0/crtend.o
 .comment       0x00000012       0x13 src/oboskrnl/CMakeFiles/oboskrnl.dir/boot/kmain.cpp.o
 .comment       0x00000012       0x13 src/oboskrnl/CMakeFiles/oboskrnl.dir/console.cpp.o
 .comment       0x00000012       0x13 src/oboskrnl/CMakeFiles/oboskrnl.dir/klog.cpp.o
 .comment       0x00000012       0x13 src/oboskrnl/CMakeFiles/oboskrnl.dir/inline-asm.cpp.o
 .comment       0x00000012       0x13 src/oboskrnl/CMakeFiles/oboskrnl.dir/descriptors/gdt/gdt.cpp.o
 .comment       0x00000012       0x13 src/oboskrnl/CMakeFiles/oboskrnl.dir/descriptors/idt/idt.cpp.o
 .comment       0x00000012       0x13 src/oboskrnl/CMakeFiles/oboskrnl.dir/memory_manager/physical.cpp.o
 .comment       0x00000012       0x13 src/oboskrnl/CMakeFiles/oboskrnl.dir/utils/bitfields.cpp.o
 .comment       0x00000012       0x13 src/oboskrnl/CMakeFiles/oboskrnl.dir/descriptors/idt/pic.cpp.o
 .comment       0x00000012       0x13 src/oboskrnl/CMakeFiles/oboskrnl.dir/memory_manager/paging/init.cpp.o
 .comment       0x00000012       0x13 src/oboskrnl/CMakeFiles/oboskrnl.dir/memory_manager/paging/allocate.cpp.o
 .comment       0x00000012       0x13 src/oboskrnl/CMakeFiles/oboskrnl.dir/utils/memory.cpp.o
 .comment       0x00000012       0x13 src/oboskrnl/CMakeFiles/oboskrnl.dir/memory_manager/paging/liballoc_hooks.cpp.o
 .comment       0x00000012       0x13 src/oboskrnl/CMakeFiles/oboskrnl.dir/memory_manager/liballoc/liballoc.c.o
 .comment       0x00000012       0x13 src/oboskrnl/CMakeFiles/oboskrnl.dir/external/list/list_iterator.c.o
 .comment       0x00000012       0x13 src/oboskrnl/CMakeFiles/oboskrnl.dir/external/list/list_node.c.o
 .comment       0x00000012       0x13 src/oboskrnl/CMakeFiles/oboskrnl.dir/external/list/list.c.o
 .comment       0x00000012       0x13 src/oboskrnl/CMakeFiles/oboskrnl.dir/multitasking/multitasking.cpp.o
 .comment       0x00000012       0x13 src/oboskrnl/CMakeFiles/oboskrnl.dir/multitasking/threadHandle.cpp.o
 .comment       0x00000012       0x13 src/oboskrnl/CMakeFiles/oboskrnl.dir/multitasking/thread.cpp.o
 .comment       0x00000012       0x13 src/oboskrnl/CMakeFiles/oboskrnl.dir/multitasking/mutex/mutex.cpp.o
 .comment       0x00000012       0x13 src/oboskrnl/CMakeFiles/oboskrnl.dir/multitasking/mutex/mutexHandle.cpp.o
 .comment       0x00000012       0x13 /home/omar/opt/cross/lib/gcc/i686-elf/11.4.0/libgcc.a(_umoddi3.o)

.debug_aranges  0x00000000      0x478
 .debug_aranges
                0x00000000       0x20 src/oboskrnl/CMakeFiles/oboskrnl.dir/boot/kernel_bootstrap-i686.asm.o
 .debug_aranges
                0x00000020       0x20 src/oboskrnl/CMakeFiles/oboskrnl.dir/descriptors/gdt/gdt.asm.o
 .debug_aranges
                0x00000040       0x20 src/oboskrnl/CMakeFiles/oboskrnl.dir/descriptors/idt/idt.asm.o
 .debug_aranges
                0x00000060       0x20 src/oboskrnl/CMakeFiles/oboskrnl.dir/descriptors/idt/handlers.asm.o
 .debug_aranges
                0x00000080       0x20 src/oboskrnl/CMakeFiles/oboskrnl.dir/memory_manager/paging/init.asm.o
 .debug_aranges
                0x000000a0       0x20 src/oboskrnl/CMakeFiles/oboskrnl.dir/multitasking/multitasking.asm.o
 .debug_aranges
                0x000000c0       0x20 src/oboskrnl/CMakeFiles/oboskrnl.dir/utils/memcpy.asm.o
 .debug_aranges
                0x000000e0       0x20 src/oboskrnl/CMakeFiles/oboskrnl.dir/inline-asm.asm.o
 .debug_aranges
                0x00000100       0x30 src/oboskrnl/CMakeFiles/oboskrnl.dir/boot/kmain.cpp.o
 .debug_aranges
                0x00000130       0x20 src/oboskrnl/CMakeFiles/oboskrnl.dir/console.cpp.o
 .debug_aranges
                0x00000150       0x20 src/oboskrnl/CMakeFiles/oboskrnl.dir/klog.cpp.o
 .debug_aranges
                0x00000170       0x20 src/oboskrnl/CMakeFiles/oboskrnl.dir/inline-asm.cpp.o
 .debug_aranges
                0x00000190       0x20 src/oboskrnl/CMakeFiles/oboskrnl.dir/descriptors/gdt/gdt.cpp.o
 .debug_aranges
                0x000001b0       0x20 src/oboskrnl/CMakeFiles/oboskrnl.dir/descriptors/idt/idt.cpp.o
 .debug_aranges
                0x000001d0       0x20 src/oboskrnl/CMakeFiles/oboskrnl.dir/memory_manager/physical.cpp.o
 .debug_aranges
                0x000001f0       0x20 src/oboskrnl/CMakeFiles/oboskrnl.dir/utils/bitfields.cpp.o
 .debug_aranges
                0x00000210       0x20 src/oboskrnl/CMakeFiles/oboskrnl.dir/descriptors/idt/pic.cpp.o
 .debug_aranges
                0x00000230       0x20 src/oboskrnl/CMakeFiles/oboskrnl.dir/memory_manager/paging/init.cpp.o
 .debug_aranges
                0x00000250       0x20 src/oboskrnl/CMakeFiles/oboskrnl.dir/memory_manager/paging/allocate.cpp.o
 .debug_aranges
                0x00000270       0x20 src/oboskrnl/CMakeFiles/oboskrnl.dir/utils/memory.cpp.o
 .debug_aranges
                0x00000290       0x20 src/oboskrnl/CMakeFiles/oboskrnl.dir/memory_manager/paging/liballoc_hooks.cpp.o
 .debug_aranges
                0x000002b0       0x20 src/oboskrnl/CMakeFiles/oboskrnl.dir/memory_manager/liballoc/liballoc.c.o
 .debug_aranges
                0x000002d0       0x20 src/oboskrnl/CMakeFiles/oboskrnl.dir/external/list/list_iterator.c.o
 .debug_aranges
                0x000002f0       0x20 src/oboskrnl/CMakeFiles/oboskrnl.dir/external/list/list_node.c.o
 .debug_aranges
                0x00000310       0x20 src/oboskrnl/CMakeFiles/oboskrnl.dir/external/list/list.c.o
 .debug_aranges
                0x00000330       0x38 src/oboskrnl/CMakeFiles/oboskrnl.dir/multitasking/multitasking.cpp.o
 .debug_aranges
                0x00000368       0x60 src/oboskrnl/CMakeFiles/oboskrnl.dir/multitasking/threadHandle.cpp.o
 .debug_aranges
                0x000003c8       0x30 src/oboskrnl/CMakeFiles/oboskrnl.dir/multitasking/thread.cpp.o
 .debug_aranges
                0x000003f8       0x20 src/oboskrnl/CMakeFiles/oboskrnl.dir/multitasking/mutex/mutex.cpp.o
 .debug_aranges
                0x00000418       0x40 src/oboskrnl/CMakeFiles/oboskrnl.dir/multitasking/mutex/mutexHandle.cpp.o
 .debug_aranges
                0x00000458       0x20 /home/omar/opt/cross/lib/gcc/i686-elf/11.4.0/libgcc.a(_umoddi3.o)

.debug_pubnames
                0x00000000        0x0
 .debug_pubnames
                0x00000000        0x0 src/oboskrnl/CMakeFiles/oboskrnl.dir/boot/kernel_bootstrap-i686.asm.o
 .debug_pubnames
                0x00000000        0x0 src/oboskrnl/CMakeFiles/oboskrnl.dir/descriptors/gdt/gdt.asm.o
 .debug_pubnames
                0x00000000        0x0 src/oboskrnl/CMakeFiles/oboskrnl.dir/descriptors/idt/idt.asm.o
 .debug_pubnames
                0x00000000        0x0 src/oboskrnl/CMakeFiles/oboskrnl.dir/descriptors/idt/handlers.asm.o
 .debug_pubnames
                0x00000000        0x0 src/oboskrnl/CMakeFiles/oboskrnl.dir/memory_manager/paging/init.asm.o
 .debug_pubnames
                0x00000000        0x0 src/oboskrnl/CMakeFiles/oboskrnl.dir/multitasking/multitasking.asm.o
 .debug_pubnames
                0x00000000        0x0 src/oboskrnl/CMakeFiles/oboskrnl.dir/utils/memcpy.asm.o
 .debug_pubnames
                0x00000000        0x0 src/oboskrnl/CMakeFiles/oboskrnl.dir/inline-asm.asm.o

.debug_info     0x00000000    0x12452
 .debug_info    0x00000000       0x71 src/oboskrnl/CMakeFiles/oboskrnl.dir/boot/kernel_bootstrap-i686.asm.o
 .debug_info    0x00000071       0x6a src/oboskrnl/CMakeFiles/oboskrnl.dir/descriptors/gdt/gdt.asm.o
 .debug_info    0x000000db       0x6a src/oboskrnl/CMakeFiles/oboskrnl.dir/descriptors/idt/idt.asm.o
 .debug_info    0x00000145       0x6f src/oboskrnl/CMakeFiles/oboskrnl.dir/descriptors/idt/handlers.asm.o
 .debug_info    0x000001b4       0x71 src/oboskrnl/CMakeFiles/oboskrnl.dir/memory_manager/paging/init.asm.o
 .debug_info    0x00000225       0x70 src/oboskrnl/CMakeFiles/oboskrnl.dir/multitasking/multitasking.asm.o
 .debug_info    0x00000295       0x63 src/oboskrnl/CMakeFiles/oboskrnl.dir/utils/memcpy.asm.o
 .debug_info    0x000002f8       0x61 src/oboskrnl/CMakeFiles/oboskrnl.dir/inline-asm.asm.o
 .debug_info    0x00000359     0x296b src/oboskrnl/CMakeFiles/oboskrnl.dir/boot/kmain.cpp.o
 .debug_info    0x00002cc4     0x15ad src/oboskrnl/CMakeFiles/oboskrnl.dir/console.cpp.o
 .debug_info    0x00004271     0x1709 src/oboskrnl/CMakeFiles/oboskrnl.dir/klog.cpp.o
 .debug_info    0x0000597a      0x979 src/oboskrnl/CMakeFiles/oboskrnl.dir/inline-asm.cpp.o
 .debug_info    0x000062f3      0x43a src/oboskrnl/CMakeFiles/oboskrnl.dir/descriptors/gdt/gdt.cpp.o
 .debug_info    0x0000672d      0x789 src/oboskrnl/CMakeFiles/oboskrnl.dir/descriptors/idt/idt.cpp.o
 .debug_info    0x00006eb6      0xf63 src/oboskrnl/CMakeFiles/oboskrnl.dir/memory_manager/physical.cpp.o
 .debug_info    0x00007e19      0xdf7 src/oboskrnl/CMakeFiles/oboskrnl.dir/utils/bitfields.cpp.o
 .debug_info    0x00008c10      0xc86 src/oboskrnl/CMakeFiles/oboskrnl.dir/descriptors/idt/pic.cpp.o
 .debug_info    0x00009896      0xadb src/oboskrnl/CMakeFiles/oboskrnl.dir/memory_manager/paging/init.cpp.o
 .debug_info    0x0000a371      0xcda src/oboskrnl/CMakeFiles/oboskrnl.dir/memory_manager/paging/allocate.cpp.o
 .debug_info    0x0000b04b      0x415 src/oboskrnl/CMakeFiles/oboskrnl.dir/utils/memory.cpp.o
 .debug_info    0x0000b460      0x63f src/oboskrnl/CMakeFiles/oboskrnl.dir/memory_manager/paging/liballoc_hooks.cpp.o
 .debug_info    0x0000ba9f      0x758 src/oboskrnl/CMakeFiles/oboskrnl.dir/memory_manager/liballoc/liballoc.c.o
 .debug_info    0x0000c1f7      0x3ac src/oboskrnl/CMakeFiles/oboskrnl.dir/external/list/list_iterator.c.o
 .debug_info    0x0000c5a3      0x19f src/oboskrnl/CMakeFiles/oboskrnl.dir/external/list/list_node.c.o
 .debug_info    0x0000c742      0x58e src/oboskrnl/CMakeFiles/oboskrnl.dir/external/list/list.c.o
 .debug_info    0x0000ccd0     0x114e src/oboskrnl/CMakeFiles/oboskrnl.dir/multitasking/multitasking.cpp.o
 .debug_info    0x0000de1e     0x1d2c src/oboskrnl/CMakeFiles/oboskrnl.dir/multitasking/threadHandle.cpp.o
 .debug_info    0x0000fb4a      0xc15 src/oboskrnl/CMakeFiles/oboskrnl.dir/multitasking/thread.cpp.o
 .debug_info    0x0001075f      0xa2f src/oboskrnl/CMakeFiles/oboskrnl.dir/multitasking/mutex/mutex.cpp.o
 .debug_info    0x0001118e      0xf81 src/oboskrnl/CMakeFiles/oboskrnl.dir/multitasking/mutex/mutexHandle.cpp.o
 .debug_info    0x0001210f      0x343 /home/omar/opt/cross/lib/gcc/i686-elf/11.4.0/libgcc.a(_umoddi3.o)

.debug_abbrev   0x00000000     0x3c98
 .debug_abbrev  0x00000000       0x1b src/oboskrnl/CMakeFiles/oboskrnl.dir/boot/kernel_bootstrap-i686.asm.o
 .debug_abbrev  0x0000001b       0x1b src/oboskrnl/CMakeFiles/oboskrnl.dir/descriptors/gdt/gdt.asm.o
 .debug_abbrev  0x00000036       0x1b src/oboskrnl/CMakeFiles/oboskrnl.dir/descriptors/idt/idt.asm.o
 .debug_abbrev  0x00000051       0x1b src/oboskrnl/CMakeFiles/oboskrnl.dir/descriptors/idt/handlers.asm.o
 .debug_abbrev  0x0000006c       0x1b src/oboskrnl/CMakeFiles/oboskrnl.dir/memory_manager/paging/init.asm.o
 .debug_abbrev  0x00000087       0x1b src/oboskrnl/CMakeFiles/oboskrnl.dir/multitasking/multitasking.asm.o
 .debug_abbrev  0x000000a2       0x1b src/oboskrnl/CMakeFiles/oboskrnl.dir/utils/memcpy.asm.o
 .debug_abbrev  0x000000bd       0x1b src/oboskrnl/CMakeFiles/oboskrnl.dir/inline-asm.asm.o
 .debug_abbrev  0x000000d8      0x691 src/oboskrnl/CMakeFiles/oboskrnl.dir/boot/kmain.cpp.o
 .debug_abbrev  0x00000769      0x300 src/oboskrnl/CMakeFiles/oboskrnl.dir/console.cpp.o
 .debug_abbrev  0x00000a69      0x47f src/oboskrnl/CMakeFiles/oboskrnl.dir/klog.cpp.o
 .debug_abbrev  0x00000ee8      0x228 src/oboskrnl/CMakeFiles/oboskrnl.dir/inline-asm.cpp.o
 .debug_abbrev  0x00001110      0x173 src/oboskrnl/CMakeFiles/oboskrnl.dir/descriptors/gdt/gdt.cpp.o
 .debug_abbrev  0x00001283      0x1cc src/oboskrnl/CMakeFiles/oboskrnl.dir/descriptors/idt/idt.cpp.o
 .debug_abbrev  0x0000144f      0x24b src/oboskrnl/CMakeFiles/oboskrnl.dir/memory_manager/physical.cpp.o
 .debug_abbrev  0x0000169a      0x338 src/oboskrnl/CMakeFiles/oboskrnl.dir/utils/bitfields.cpp.o
 .debug_abbrev  0x000019d2      0x231 src/oboskrnl/CMakeFiles/oboskrnl.dir/descriptors/idt/pic.cpp.o
 .debug_abbrev  0x00001c03      0x327 src/oboskrnl/CMakeFiles/oboskrnl.dir/memory_manager/paging/init.cpp.o
 .debug_abbrev  0x00001f2a      0x26e src/oboskrnl/CMakeFiles/oboskrnl.dir/memory_manager/paging/allocate.cpp.o
 .debug_abbrev  0x00002198       0xed src/oboskrnl/CMakeFiles/oboskrnl.dir/utils/memory.cpp.o
 .debug_abbrev  0x00002285      0x1b3 src/oboskrnl/CMakeFiles/oboskrnl.dir/memory_manager/paging/liballoc_hooks.cpp.o
 .debug_abbrev  0x00002438      0x201 src/oboskrnl/CMakeFiles/oboskrnl.dir/memory_manager/liballoc/liballoc.c.o
 .debug_abbrev  0x00002639      0x175 src/oboskrnl/CMakeFiles/oboskrnl.dir/external/list/list_iterator.c.o
 .debug_abbrev  0x000027ae       0xbe src/oboskrnl/CMakeFiles/oboskrnl.dir/external/list/list_node.c.o
 .debug_abbrev  0x0000286c      0x1ae src/oboskrnl/CMakeFiles/oboskrnl.dir/external/list/list.c.o
 .debug_abbrev  0x00002a1a      0x375 src/oboskrnl/CMakeFiles/oboskrnl.dir/multitasking/multitasking.cpp.o
 .debug_abbrev  0x00002d8f      0x4b1 src/oboskrnl/CMakeFiles/oboskrnl.dir/multitasking/threadHandle.cpp.o
 .debug_abbrev  0x00003240      0x30d src/oboskrnl/CMakeFiles/oboskrnl.dir/multitasking/thread.cpp.o
 .debug_abbrev  0x0000354d      0x2cc src/oboskrnl/CMakeFiles/oboskrnl.dir/multitasking/mutex/mutex.cpp.o
 .debug_abbrev  0x00003819      0x30e src/oboskrnl/CMakeFiles/oboskrnl.dir/multitasking/mutex/mutexHandle.cpp.o
 .debug_abbrev  0x00003b27      0x171 /home/omar/opt/cross/lib/gcc/i686-elf/11.4.0/libgcc.a(_umoddi3.o)

.debug_line     0x00000000     0xb048
 .debug_line    0x00000000       0x7b src/oboskrnl/CMakeFiles/oboskrnl.dir/boot/kernel_bootstrap-i686.asm.o
 .debug_line    0x0000007b       0x71 src/oboskrnl/CMakeFiles/oboskrnl.dir/descriptors/gdt/gdt.asm.o
 .debug_line    0x000000ec       0x6a src/oboskrnl/CMakeFiles/oboskrnl.dir/descriptors/idt/idt.asm.o
 .debug_line    0x00000156      0x14b src/oboskrnl/CMakeFiles/oboskrnl.dir/descriptors/idt/handlers.asm.o
 .debug_line    0x000002a1       0x7b src/oboskrnl/CMakeFiles/oboskrnl.dir/memory_manager/paging/init.asm.o
 .debug_line    0x0000031c       0x7c src/oboskrnl/CMakeFiles/oboskrnl.dir/multitasking/multitasking.asm.o
 .debug_line    0x00000398       0xa0 src/oboskrnl/CMakeFiles/oboskrnl.dir/utils/memcpy.asm.o
 .debug_line    0x00000438       0x62 src/oboskrnl/CMakeFiles/oboskrnl.dir/inline-asm.asm.o
 .debug_line    0x0000049a      0xbe6 src/oboskrnl/CMakeFiles/oboskrnl.dir/boot/kmain.cpp.o
 .debug_line    0x00001080      0xbae src/oboskrnl/CMakeFiles/oboskrnl.dir/console.cpp.o
 .debug_line    0x00001c2e      0xe6e src/oboskrnl/CMakeFiles/oboskrnl.dir/klog.cpp.o
 .debug_line    0x00002a9c      0xd29 src/oboskrnl/CMakeFiles/oboskrnl.dir/inline-asm.cpp.o
 .debug_line    0x000037c5      0x22d src/oboskrnl/CMakeFiles/oboskrnl.dir/descriptors/gdt/gdt.cpp.o
 .debug_line    0x000039f2      0x39f src/oboskrnl/CMakeFiles/oboskrnl.dir/descriptors/idt/idt.cpp.o
 .debug_line    0x00003d91      0x9f3 src/oboskrnl/CMakeFiles/oboskrnl.dir/memory_manager/physical.cpp.o
 .debug_line    0x00004784      0x48d src/oboskrnl/CMakeFiles/oboskrnl.dir/utils/bitfields.cpp.o
 .debug_line    0x00004c11      0x695 src/oboskrnl/CMakeFiles/oboskrnl.dir/descriptors/idt/pic.cpp.o
 .debug_line    0x000052a6      0x56c src/oboskrnl/CMakeFiles/oboskrnl.dir/memory_manager/paging/init.cpp.o
 .debug_line    0x00005812      0xb45 src/oboskrnl/CMakeFiles/oboskrnl.dir/memory_manager/paging/allocate.cpp.o
 .debug_line    0x00006357      0x311 src/oboskrnl/CMakeFiles/oboskrnl.dir/utils/memory.cpp.o
 .debug_line    0x00006668      0x399 src/oboskrnl/CMakeFiles/oboskrnl.dir/memory_manager/paging/liballoc_hooks.cpp.o
 .debug_line    0x00006a01     0x10ee src/oboskrnl/CMakeFiles/oboskrnl.dir/memory_manager/liballoc/liballoc.c.o
 .debug_line    0x00007aef      0x219 src/oboskrnl/CMakeFiles/oboskrnl.dir/external/list/list_iterator.c.o
 .debug_line    0x00007d08      0x17b src/oboskrnl/CMakeFiles/oboskrnl.dir/external/list/list_node.c.o
 .debug_line    0x00007e83      0x837 src/oboskrnl/CMakeFiles/oboskrnl.dir/external/list/list.c.o
 .debug_line    0x000086ba      0x8c7 src/oboskrnl/CMakeFiles/oboskrnl.dir/multitasking/multitasking.cpp.o
 .debug_line    0x00008f81     0x11ff src/oboskrnl/CMakeFiles/oboskrnl.dir/multitasking/threadHandle.cpp.o
 .debug_line    0x0000a180      0x473 src/oboskrnl/CMakeFiles/oboskrnl.dir/multitasking/thread.cpp.o
 .debug_line    0x0000a5f3      0x3c5 src/oboskrnl/CMakeFiles/oboskrnl.dir/multitasking/mutex/mutex.cpp.o
 .debug_line    0x0000a9b8      0x4bb src/oboskrnl/CMakeFiles/oboskrnl.dir/multitasking/mutex/mutexHandle.cpp.o
 .debug_line    0x0000ae73      0x1d5 /home/omar/opt/cross/lib/gcc/i686-elf/11.4.0/libgcc.a(_umoddi3.o)

.debug_frame    0x00000000     0x2838
 .debug_frame   0x00000000        0x0 src/oboskrnl/CMakeFiles/oboskrnl.dir/boot/kernel_bootstrap-i686.asm.o
 .debug_frame   0x00000000        0x0 src/oboskrnl/CMakeFiles/oboskrnl.dir/descriptors/gdt/gdt.asm.o
 .debug_frame   0x00000000        0x0 src/oboskrnl/CMakeFiles/oboskrnl.dir/descriptors/idt/idt.asm.o
 .debug_frame   0x00000000        0x0 src/oboskrnl/CMakeFiles/oboskrnl.dir/descriptors/idt/handlers.asm.o
 .debug_frame   0x00000000        0x0 src/oboskrnl/CMakeFiles/oboskrnl.dir/memory_manager/paging/init.asm.o
 .debug_frame   0x00000000        0x0 src/oboskrnl/CMakeFiles/oboskrnl.dir/multitasking/multitasking.asm.o
 .debug_frame   0x00000000        0x0 src/oboskrnl/CMakeFiles/oboskrnl.dir/utils/memcpy.asm.o
 .debug_frame   0x00000000        0x0 src/oboskrnl/CMakeFiles/oboskrnl.dir/inline-asm.asm.o
 .debug_frame   0x00000000      0x2e8 src/oboskrnl/CMakeFiles/oboskrnl.dir/boot/kmain.cpp.o
 .debug_frame   0x000002e8      0x2e0 src/oboskrnl/CMakeFiles/oboskrnl.dir/console.cpp.o
 .debug_frame   0x000005c8      0x310 src/oboskrnl/CMakeFiles/oboskrnl.dir/klog.cpp.o
 .debug_frame   0x000008d8      0x1f8 src/oboskrnl/CMakeFiles/oboskrnl.dir/inline-asm.cpp.o
 .debug_frame   0x00000ad0       0x6c src/oboskrnl/CMakeFiles/oboskrnl.dir/descriptors/gdt/gdt.cpp.o
 .debug_frame   0x00000b3c       0x98 src/oboskrnl/CMakeFiles/oboskrnl.dir/descriptors/idt/idt.cpp.o
 .debug_frame   0x00000bd4      0x12c src/oboskrnl/CMakeFiles/oboskrnl.dir/memory_manager/physical.cpp.o
 .debug_frame   0x00000d00      0x3ac src/oboskrnl/CMakeFiles/oboskrnl.dir/utils/bitfields.cpp.o
 .debug_frame   0x000010ac      0x300 src/oboskrnl/CMakeFiles/oboskrnl.dir/descriptors/idt/pic.cpp.o
 .debug_frame   0x000013ac      0x22c src/oboskrnl/CMakeFiles/oboskrnl.dir/memory_manager/paging/init.cpp.o
 .debug_frame   0x000015d8      0x154 src/oboskrnl/CMakeFiles/oboskrnl.dir/memory_manager/paging/allocate.cpp.o
 .debug_frame   0x0000172c       0x98 src/oboskrnl/CMakeFiles/oboskrnl.dir/utils/memory.cpp.o
 .debug_frame   0x000017c4      0x27c src/oboskrnl/CMakeFiles/oboskrnl.dir/memory_manager/paging/liballoc_hooks.cpp.o
 .debug_frame   0x00001a40      0x160 src/oboskrnl/CMakeFiles/oboskrnl.dir/memory_manager/liballoc/liballoc.c.o
 .debug_frame   0x00001ba0       0xc4 src/oboskrnl/CMakeFiles/oboskrnl.dir/external/list/list_iterator.c.o
 .debug_frame   0x00001c64       0x40 src/oboskrnl/CMakeFiles/oboskrnl.dir/external/list/list_node.c.o
 .debug_frame   0x00001ca4      0x1a0 src/oboskrnl/CMakeFiles/oboskrnl.dir/external/list/list.c.o
 .debug_frame   0x00001e44      0x164 src/oboskrnl/CMakeFiles/oboskrnl.dir/multitasking/multitasking.cpp.o
 .debug_frame   0x00001fa8      0x508 src/oboskrnl/CMakeFiles/oboskrnl.dir/multitasking/threadHandle.cpp.o
 .debug_frame   0x000024b0       0xc4 src/oboskrnl/CMakeFiles/oboskrnl.dir/multitasking/thread.cpp.o
 .debug_frame   0x00002574       0xc4 src/oboskrnl/CMakeFiles/oboskrnl.dir/multitasking/mutex/mutex.cpp.o
 .debug_frame   0x00002638      0x200 src/oboskrnl/CMakeFiles/oboskrnl.dir/multitasking/mutex/mutexHandle.cpp.o

.debug_loc      0x00000000        0x0
 .debug_loc     0x00000000        0x0 src/oboskrnl/CMakeFiles/oboskrnl.dir/boot/kernel_bootstrap-i686.asm.o
 .debug_loc     0x00000000        0x0 src/oboskrnl/CMakeFiles/oboskrnl.dir/descriptors/gdt/gdt.asm.o
 .debug_loc     0x00000000        0x0 src/oboskrnl/CMakeFiles/oboskrnl.dir/descriptors/idt/idt.asm.o
 .debug_loc     0x00000000        0x0 src/oboskrnl/CMakeFiles/oboskrnl.dir/descriptors/idt/handlers.asm.o
 .debug_loc     0x00000000        0x0 src/oboskrnl/CMakeFiles/oboskrnl.dir/memory_manager/paging/init.asm.o
 .debug_loc     0x00000000        0x0 src/oboskrnl/CMakeFiles/oboskrnl.dir/multitasking/multitasking.asm.o
 .debug_loc     0x00000000        0x0 src/oboskrnl/CMakeFiles/oboskrnl.dir/utils/memcpy.asm.o
 .debug_loc     0x00000000        0x0 src/oboskrnl/CMakeFiles/oboskrnl.dir/inline-asm.asm.o

.debug_rnglists
                0x00000000      0x1bc
 .debug_rnglists
                0x00000000       0x28 src/oboskrnl/CMakeFiles/oboskrnl.dir/boot/kmain.cpp.o
 .debug_rnglists
                0x00000028       0x32 src/oboskrnl/CMakeFiles/oboskrnl.dir/console.cpp.o
 .debug_rnglists
                0x0000005a       0x1f src/oboskrnl/CMakeFiles/oboskrnl.dir/klog.cpp.o
 .debug_rnglists
                0x00000079       0x1f src/oboskrnl/CMakeFiles/oboskrnl.dir/memory_manager/paging/allocate.cpp.o
 .debug_rnglists
                0x00000098       0x44 src/oboskrnl/CMakeFiles/oboskrnl.dir/multitasking/multitasking.cpp.o
 .debug_rnglists
                0x000000dc       0x5e src/oboskrnl/CMakeFiles/oboskrnl.dir/multitasking/threadHandle.cpp.o
 .debug_rnglists
                0x0000013a       0x28 src/oboskrnl/CMakeFiles/oboskrnl.dir/multitasking/thread.cpp.o
 .debug_rnglists
                0x00000162       0x3a src/oboskrnl/CMakeFiles/oboskrnl.dir/multitasking/mutex/mutexHandle.cpp.o
 .debug_rnglists
                0x0000019c       0x20 /home/omar/opt/cross/lib/gcc/i686-elf/11.4.0/libgcc.a(_umoddi3.o)

.debug_str      0x00000000      0x584
 .debug_str     0x00000000       0x6a src/oboskrnl/CMakeFiles/oboskrnl.dir/boot/kmain.cpp.o
 .debug_str     0x0000006a       0x39 src/oboskrnl/CMakeFiles/oboskrnl.dir/console.cpp.o
 .debug_str     0x000000a3       0xbe src/oboskrnl/CMakeFiles/oboskrnl.dir/klog.cpp.o
 .debug_str     0x00000161        0x0 src/oboskrnl/CMakeFiles/oboskrnl.dir/inline-asm.cpp.o
 .debug_str     0x00000161        0x9 src/oboskrnl/CMakeFiles/oboskrnl.dir/descriptors/gdt/gdt.cpp.o
 .debug_str     0x0000016a        0x9 src/oboskrnl/CMakeFiles/oboskrnl.dir/descriptors/idt/idt.cpp.o
 .debug_str     0x00000173        0xe src/oboskrnl/CMakeFiles/oboskrnl.dir/memory_manager/physical.cpp.o
 .debug_str     0x00000181       0x5e src/oboskrnl/CMakeFiles/oboskrnl.dir/utils/bitfields.cpp.o
 .debug_str     0x000001df       0x39 src/oboskrnl/CMakeFiles/oboskrnl.dir/descriptors/idt/pic.cpp.o
 .debug_str     0x00000218       0x1d src/oboskrnl/CMakeFiles/oboskrnl.dir/memory_manager/paging/init.cpp.o
 .debug_str     0x00000235       0x3d src/oboskrnl/CMakeFiles/oboskrnl.dir/memory_manager/paging/allocate.cpp.o
 .debug_str     0x00000272        0x0 src/oboskrnl/CMakeFiles/oboskrnl.dir/utils/memory.cpp.o
 .debug_str     0x00000272       0x46 src/oboskrnl/CMakeFiles/oboskrnl.dir/memory_manager/paging/liballoc_hooks.cpp.o
 .debug_str     0x000002b8       0x26 src/oboskrnl/CMakeFiles/oboskrnl.dir/memory_manager/liballoc/liballoc.c.o
 .debug_str     0x000002de        0xa src/oboskrnl/CMakeFiles/oboskrnl.dir/external/list/list_iterator.c.o
 .debug_str     0x000002e8        0x0 src/oboskrnl/CMakeFiles/oboskrnl.dir/external/list/list_node.c.o
 .debug_str     0x000002e8       0x14 src/oboskrnl/CMakeFiles/oboskrnl.dir/external/list/list.c.o
 .debug_str     0x000002fc        0x7 src/oboskrnl/CMakeFiles/oboskrnl.dir/multitasking/multitasking.cpp.o
 .debug_str     0x00000303       0x87 src/oboskrnl/CMakeFiles/oboskrnl.dir/multitasking/threadHandle.cpp.o
 .debug_str     0x0000038a       0x3b src/oboskrnl/CMakeFiles/oboskrnl.dir/multitasking/thread.cpp.o
 .debug_str     0x000003c5        0x7 src/oboskrnl/CMakeFiles/oboskrnl.dir/multitasking/mutex/mutex.cpp.o
 .debug_str     0x000003cc       0x3f src/oboskrnl/CMakeFiles/oboskrnl.dir/multitasking/mutex/mutexHandle.cpp.o
 .debug_str     0x0000040b      0x179 /home/omar/opt/cross/lib/gcc/i686-elf/11.4.0/libgcc.a(_umoddi3.o)
                                0x1e3 (size before relaxing)

.debug_loclists
                0x00000000      0x495
 .debug_loclists
                0x00000000      0x495 /home/omar/opt/cross/lib/gcc/i686-elf/11.4.0/libgcc.a(_umoddi3.o)

.debug_line_str
                0x00000000       0x93
 .debug_line_str
                0x00000000       0x93 /home/omar/opt/cross/lib/gcc/i686-elf/11.4.0/libgcc.a(_umoddi3.o)
                                 0xf0 (size before relaxing)
