
Discarded input sections

 .gnu.linkonce.t._ZN4obos6memory7PageMap21computeIndexAtAddressEyh
                0x0000000000000000       0x31 src/oboskrnl/CMakeFiles/oboskrnl.dir/memory_manager/paging/x86-64/allocate.cpp.obj
 .gnu.linkonce.t._ZN4obos6Handle7getTypeEv
                0x0000000000000000       0x13 src/oboskrnl/CMakeFiles/oboskrnl.dir/multitasking/threadHandle.cpp.obj
 .gnu.linkonce.t._ZN4obos6HandleD2Ev
                0x0000000000000000       0x1d src/oboskrnl/CMakeFiles/oboskrnl.dir/multitasking/threadHandle.cpp.obj
 .gnu.linkonce.t._ZN4obos12x86_64_flagscvyEv
                0x0000000000000000       0x16 src/oboskrnl/CMakeFiles/oboskrnl.dir/multitasking/threadHandle.cpp.obj
 .gnu.linkonce.t._ZN4obos12multitasking12ThreadHandleD1Ev
                0x0000000000000000       0x35 src/oboskrnl/CMakeFiles/oboskrnl.dir/multitasking/threadHandle.cpp.obj
 .gnu.linkonce.r._ZTVN4obos12x86_64_flagsE
                0x0000000000000000       0x40 src/oboskrnl/CMakeFiles/oboskrnl.dir/multitasking/threadHandle.cpp.obj
 .gnu.linkonce.r._ZTVN4obos6HandleE
                0x0000000000000000       0x38 src/oboskrnl/CMakeFiles/oboskrnl.dir/multitasking/threadHandle.cpp.obj
 .gnu.linkonce.t._ZN4obos12x86_64_flagscvyEv
                0x0000000000000000       0x16 src/oboskrnl/CMakeFiles/oboskrnl.dir/multitasking/multitasking.cpp.obj
 .gnu.linkonce.t._ZNK4obos6memory7PageMap10getPageMapEv
                0x0000000000000000       0x15 src/oboskrnl/CMakeFiles/oboskrnl.dir/multitasking/multitasking.cpp.obj
 .gnu.linkonce.t._ZN4obos12x86_64_flagsC1Ev
                0x0000000000000000       0x29 src/oboskrnl/CMakeFiles/oboskrnl.dir/multitasking/multitasking.cpp.obj
 .gnu.linkonce.t._ZN4obos15interrupt_frameC1Ev
                0x0000000000000000       0x21 src/oboskrnl/CMakeFiles/oboskrnl.dir/multitasking/multitasking.cpp.obj
 .gnu.linkonce.t._ZN4obos12multitasking6ThreadC1Ev
                0x0000000000000000      0x100 src/oboskrnl/CMakeFiles/oboskrnl.dir/multitasking/multitasking.cpp.obj
 .gnu.linkonce.t._ZN4obos12multitasking6ThreadD1Ev
                0x0000000000000000       0x53 src/oboskrnl/CMakeFiles/oboskrnl.dir/multitasking/multitasking.cpp.obj
 .gnu.linkonce.t._ZN4obos12multitasking6ThreadD0Ev
                0x0000000000000000       0x2b src/oboskrnl/CMakeFiles/oboskrnl.dir/multitasking/multitasking.cpp.obj
 .gnu.linkonce.r._ZTVN4obos12multitasking6ThreadE
                0x0000000000000000       0x20 src/oboskrnl/CMakeFiles/oboskrnl.dir/multitasking/multitasking.cpp.obj
 .gnu.linkonce.r._ZTVN4obos12x86_64_flagsE
                0x0000000000000000       0x40 src/oboskrnl/CMakeFiles/oboskrnl.dir/multitasking/multitasking.cpp.obj
 .gnu.linkonce.t._ZN4obos12x86_64_flagscvyEv
                0x0000000000000000       0x16 src/oboskrnl/CMakeFiles/oboskrnl.dir/multitasking/thread.cpp.obj
 .gnu.linkonce.t._ZN4obos12x86_64_flagsC1Ev
                0x0000000000000000       0x29 src/oboskrnl/CMakeFiles/oboskrnl.dir/multitasking/thread.cpp.obj
 .gnu.linkonce.t._ZN4obos15interrupt_frameC1Ev
                0x0000000000000000       0x21 src/oboskrnl/CMakeFiles/oboskrnl.dir/multitasking/thread.cpp.obj
 .gnu.linkonce.t._ZN4obos12multitasking6ThreadD1Ev
                0x0000000000000000       0x53 src/oboskrnl/CMakeFiles/oboskrnl.dir/multitasking/thread.cpp.obj
 .gnu.linkonce.t._ZN4obos12multitasking6ThreadD0Ev
                0x0000000000000000       0x2b src/oboskrnl/CMakeFiles/oboskrnl.dir/multitasking/thread.cpp.obj
 .gnu.linkonce.r._ZTVN4obos12multitasking6ThreadE
                0x0000000000000000       0x20 src/oboskrnl/CMakeFiles/oboskrnl.dir/multitasking/thread.cpp.obj
 .gnu.linkonce.r._ZTVN4obos12x86_64_flagsE
                0x0000000000000000       0x40 src/oboskrnl/CMakeFiles/oboskrnl.dir/multitasking/thread.cpp.obj
 .gnu.linkonce.t._ZN4obos6Handle7getTypeEv
                0x0000000000000000       0x13 src/oboskrnl/CMakeFiles/oboskrnl.dir/multitasking/mutex/mutexHandle.cpp.obj
 .gnu.linkonce.t._ZN4obos6Handle13getReferencesEv
                0x0000000000000000       0x1a src/oboskrnl/CMakeFiles/oboskrnl.dir/multitasking/mutex/mutexHandle.cpp.obj
 .gnu.linkonce.t._ZN4obos6HandleD2Ev
                0x0000000000000000       0x1d src/oboskrnl/CMakeFiles/oboskrnl.dir/multitasking/mutex/mutexHandle.cpp.obj
 .gnu.linkonce.t._ZN4obos6HandleC2Ev
                0x0000000000000000       0x41 src/oboskrnl/CMakeFiles/oboskrnl.dir/multitasking/mutex/mutexHandle.cpp.obj
 .gnu.linkonce.t._ZN4obos12multitasking5MutexC1Ev
                0x0000000000000000       0x29 src/oboskrnl/CMakeFiles/oboskrnl.dir/multitasking/mutex/mutexHandle.cpp.obj
 .gnu.linkonce.r._ZTVN4obos6HandleE
                0x0000000000000000       0x38 src/oboskrnl/CMakeFiles/oboskrnl.dir/multitasking/mutex/mutexHandle.cpp.obj
 .gnu.linkonce.t._ZNK4obos6memory7PageMap10getPageMapEv
                0x0000000000000000       0x15 src/oboskrnl/CMakeFiles/oboskrnl.dir/process/process.cpp.obj
[...]
Memory Configuration

Name             Origin             Length             Attributes
*default*        0x0000000000000000 0xffffffffffffffff

Linker script and memory map

LOAD src/oboskrnl/CMakeFiles/oboskrnl.dir/boot/x86-64/kernel_bootstrap.asm.obj
LOAD src/oboskrnl/CMakeFiles/oboskrnl.dir/x86-64/inline-asm.asm.obj
LOAD src/oboskrnl/CMakeFiles/oboskrnl.dir/descriptors/idt/x86-64/handlers.asm.obj
LOAD src/oboskrnl/CMakeFiles/oboskrnl.dir/descriptors/idt/x86-64/idt.asm.obj
LOAD src/oboskrnl/CMakeFiles/oboskrnl.dir/utils/memcpy_x86-64.asm.obj
LOAD src/oboskrnl/CMakeFiles/oboskrnl.dir/memory_manager/paging/x86-64/init.asm.obj
LOAD src/oboskrnl/CMakeFiles/oboskrnl.dir/multitasking/multitasking_x86-64.asm.obj
LOAD src/oboskrnl/CMakeFiles/oboskrnl.dir/driver_api/interrupts.asm.obj
LOAD src/oboskrnl/CMakeFiles/oboskrnl.dir/syscalls/interrupts.asm.obj
LOAD src/oboskrnl/CMakeFiles/oboskrnl.dir/descriptors/gdt/gdt_x86-64.asm.obj
LOAD src/oboskrnl/CMakeFiles/oboskrnl.dir/driver_api/x86_64/dInterrupts.asm.obj
LOAD src/oboskrnl/CMakeFiles/oboskrnl.dir/vfs/x86_64/driverCall.asm.obj
LOAD src/oboskrnl/CMakeFiles/oboskrnl.dir/descriptors/idt/x86-64/idt.cpp.obj
LOAD src/oboskrnl/CMakeFiles/oboskrnl.dir/x86-64/exception_handlers.cpp.obj
LOAD src/oboskrnl/CMakeFiles/oboskrnl.dir/memory_manager/paging/x86-64/init.cpp.obj
LOAD src/oboskrnl/CMakeFiles/oboskrnl.dir/memory_manager/paging/x86-64/allocate.cpp.obj
LOAD src/oboskrnl/CMakeFiles/oboskrnl.dir/memory_manager/x86-64/physical.cpp.obj
LOAD src/oboskrnl/CMakeFiles/oboskrnl.dir/boot/kmain.cpp.obj
LOAD src/oboskrnl/CMakeFiles/oboskrnl.dir/console.cpp.obj
LOAD src/oboskrnl/CMakeFiles/oboskrnl.dir/klog.cpp.obj
LOAD src/oboskrnl/CMakeFiles/oboskrnl.dir/inline-asm.cpp.obj
LOAD src/oboskrnl/CMakeFiles/oboskrnl.dir/utils/bitfields.cpp.obj
LOAD src/oboskrnl/CMakeFiles/oboskrnl.dir/descriptors/idt/pic.cpp.obj
LOAD src/oboskrnl/CMakeFiles/oboskrnl.dir/external/list/list_iterator.c.obj
LOAD src/oboskrnl/CMakeFiles/oboskrnl.dir/utils/memory.cpp.obj
LOAD src/oboskrnl/CMakeFiles/oboskrnl.dir/memory_manager/paging/liballoc_hooks.cpp.obj
LOAD src/oboskrnl/CMakeFiles/oboskrnl.dir/memory_manager/liballoc/liballoc.cpp.obj
LOAD src/oboskrnl/CMakeFiles/oboskrnl.dir/multitasking/threadHandle.cpp.obj
LOAD src/oboskrnl/CMakeFiles/oboskrnl.dir/external/list/list_node.c.obj
LOAD src/oboskrnl/CMakeFiles/oboskrnl.dir/external/list/list.c.obj
LOAD src/oboskrnl/CMakeFiles/oboskrnl.dir/multitasking/multitasking.cpp.obj
LOAD src/oboskrnl/CMakeFiles/oboskrnl.dir/elf/elf.cpp.obj
LOAD src/oboskrnl/CMakeFiles/oboskrnl.dir/multitasking/thread.cpp.obj
LOAD src/oboskrnl/CMakeFiles/oboskrnl.dir/multitasking/mutex/mutex.cpp.obj
LOAD src/oboskrnl/CMakeFiles/oboskrnl.dir/multitasking/mutex/mutexHandle.cpp.obj
LOAD src/oboskrnl/CMakeFiles/oboskrnl.dir/process/process.cpp.obj
LOAD src/oboskrnl/CMakeFiles/oboskrnl.dir/driver_api/interrupts.cpp.obj
LOAD src/oboskrnl/CMakeFiles/oboskrnl.dir/driver_api/syscalls.cpp.obj
LOAD src/oboskrnl/CMakeFiles/oboskrnl.dir/syscalls/syscalls.cpp.obj
LOAD src/oboskrnl/CMakeFiles/oboskrnl.dir/external/amalgamated-dist/Zydis.c.obj
LOAD src/oboskrnl/CMakeFiles/oboskrnl.dir/descriptors/gdt/gdt.cpp.obj
LOAD src/oboskrnl/CMakeFiles/oboskrnl.dir/vfs/mount.cpp.obj
LOAD /home/omar/opt/cross/lib/gcc/x86_64-elf/11.4.0/libgcc.a
                0x0000000000100000                . = 0x100000
                0x0000000000100000                _kernel_start = .

.multiboot.data
                0x0000000000100000     0x8432
 *(.multiboot.data)
 .multiboot.data
                0x0000000000100000     0x8432 src/oboskrnl/CMakeFiles/oboskrnl.dir/boot/x86-64/kernel_bootstrap.asm.obj
                0x0000000000101000                boot_page_table1
                0x0000000000105000                boot_page_level3_map
                0x0000000000107000                boot_page_level4_map

.multiboot.text
                0x0000000000108432      0x10f
 *(.multiboot.text)
 .multiboot.text
                0x0000000000108432      0x10f src/oboskrnl/CMakeFiles/oboskrnl.dir/boot/x86-64/kernel_bootstrap.asm.obj
                0x0000000000108445                _start
                0xffffffff80108541                . = (. + 0xffffffff80000000)

.text           0xffffffff80109000    0x27885 load address 0x0000000000109000
                0xffffffff80109000                _stext = .
 *(.text)
 .text          0xffffffff80109000       0x55 src/oboskrnl/CMakeFiles/oboskrnl.dir/boot/x86-64/kernel_bootstrap.asm.obj
                0xffffffff8010903e                _ZN4obos15RestartComputerEv
                0xffffffff8010904b                idleTask
 *fill*         0xffffffff80109055        0xb 
 .text          0xffffffff80109060       0x17 src/oboskrnl/CMakeFiles/oboskrnl.dir/x86-64/inline-asm.asm.obj
                0xffffffff80109060                _Z9getEflagsv
                0xffffffff80109068                _Z6getEIPv
                0xffffffff8010906b                getEBP
                0xffffffff8010906f                _ZN4obos6memory19GetPageFaultAddressEv
                0xffffffff80109073                _ZN4obos6memory8tlbFlushEy
 *fill*         0xffffffff80109077        0x9 
 .text          0xffffffff80109080      0x213 src/oboskrnl/CMakeFiles/oboskrnl.dir/descriptors/idt/x86-64/handlers.asm.obj
                0xffffffff80109080                isr0
                0xffffffff8010908a                isr1
                0xffffffff80109094                isr2
                0xffffffff8010909e                isr3
                0xffffffff801090a8                isr4
                0xffffffff801090b2                isr5
                0xffffffff801090bc                isr6
                0xffffffff801090c6                isr7
                0xffffffff801090d0                isr8
                0xffffffff801090d8                isr9
                0xffffffff801090e2                isr10
                0xffffffff801090ea                isr11
                0xffffffff801090f2                isr12
                0xffffffff801090fa                isr13
                0xffffffff80109102                isr14
                0xffffffff8010910a                isr15
                0xffffffff80109114                isr16
                0xffffffff8010911e                isr17
                0xffffffff80109128                isr18
                0xffffffff80109132                isr19
                0xffffffff8010913c                isr20
                0xffffffff80109146                isr21
                0xffffffff8010914e                isr22
                0xffffffff80109158                isr23
                0xffffffff80109162                isr24
                0xffffffff8010916c                isr25
                0xffffffff80109176                isr26
                0xffffffff80109180                isr27
                0xffffffff8010918a                isr28
                0xffffffff80109194                isr29
                0xffffffff8010919c                isr30
                0xffffffff801091a1                isr31
                0xffffffff801091a8                isr32
                0xffffffff801091af                isr33
                0xffffffff801091b6                isr34
                0xffffffff801091bd                isr35
                0xffffffff801091c4                isr36
                0xffffffff801091cb                isr37
                0xffffffff801091d2                isr38
                0xffffffff801091d9                isr39
                0xffffffff801091e0                isr40
                0xffffffff801091e7                isr41
                0xffffffff801091ee                isr42
                0xffffffff801091f5                isr43
                0xffffffff801091fc                isr44
                0xffffffff80109203                isr45
                0xffffffff8010920a                isr46
                0xffffffff80109211                isr47
                0xffffffff80109218                isr48
                0xffffffff8010921f                isr_common_stub
 *fill*         0xffffffff80109293        0xd 
 .text          0xffffffff801092a0        0x4 src/oboskrnl/CMakeFiles/oboskrnl.dir/descriptors/idt/x86-64/idt.asm.obj
                0xffffffff801092a0                _ZN4obos8idtFlushEy
 *fill*         0xffffffff801092a4        0xc 
 .text          0xffffffff801092b0       0xd8 src/oboskrnl/CMakeFiles/oboskrnl.dir/utils/memcpy_x86-64.asm.obj
                0xffffffff801092b0                memcpy
                0xffffffff801092b0                _ZN4obos5utils6memcpyEPvPKvy
                0xffffffff801092e3                _ZN4obos5utils7memzeroEPvy
                0xffffffff801092ff                _ZN4obos5utils8dwMemsetEPjjy
                0xffffffff80109325                _ZN4obos5utils8dwMemcpyEPjPKjy
                0xffffffff80109354                memset
                0xffffffff80109354                _ZN4obos5utils6memsetEPvjy
                0xffffffff80109370                _ZN4obos5utils6strlenEPKc
 *fill*         0xffffffff80109388        0x8 
 .text          0xffffffff80109390       0x1d src/oboskrnl/CMakeFiles/oboskrnl.dir/memory_manager/paging/x86-64/init.asm.obj
                0xffffffff80109390                _ZN4obos6memory25CPUSupportsExecuteDisableEv
 *fill*         0xffffffff801093ad        0x3 
 .text          0xffffffff801093b0       0xbd src/oboskrnl/CMakeFiles/oboskrnl.dir/multitasking/multitasking_x86-64.asm.obj
                0xffffffff801093b0                _ZN4obos12multitasking15switchToTaskAsmEv
                0xffffffff80109405                _ZN4obos12multitasking20switchToUserModeTaskEv
                0xffffffff8010945a                callSwitchToTaskImpl
 *fill*         0xffffffff8010946d        0x3 
 .text          0xffffffff80109470       0x14 src/oboskrnl/CMakeFiles/oboskrnl.dir/driver_api/interrupts.asm.obj
                0xffffffff80109470                isr80
 *fill*         0xffffffff80109484        0xc 
 .text          0xffffffff80109490       0xef src/oboskrnl/CMakeFiles/oboskrnl.dir/syscalls/interrupts.asm.obj
                0xffffffff80109490                isr64
 *fill*         0xffffffff8010957f        0x1 
 .text          0xffffffff80109580       0x3c src/oboskrnl/CMakeFiles/oboskrnl.dir/descriptors/gdt/gdt_x86-64.asm.obj
                0xffffffff80109580                _ZN4obos16InitializeGDTASMEv
 *fill*         0xffffffff801095bc        0x4 
 .text          0xffffffff801095c0       0x25 src/oboskrnl/CMakeFiles/oboskrnl.dir/driver_api/x86_64/dInterrupts.asm.obj
                0xffffffff801095c0                callDriverIrqHandler
 *fill*         0xffffffff801095e5        0xb 
 .text          0xffffffff801095f0       0x28 src/oboskrnl/CMakeFiles/oboskrnl.dir/vfs/x86_64/driverCall.asm.obj
                0xffffffff801095f0                callDriverIterateCallback
 .text          0xffffffff80109618      0xb06 src/oboskrnl/CMakeFiles/oboskrnl.dir/descriptors/idt/x86-64/idt.cpp.obj
                0xffffffff80109618                _ZN4obos8IdtEntryC2Eythh
                0xffffffff80109618                _ZN4obos8IdtEntryC1Eythh
                0xffffffff801096a2                _ZN4obos13InitializeIdtEv
                0xffffffff8010a0f8                _ZN4obos24RegisterInterruptHandlerEhPFvPKNS_15interrupt_frameEE
 .text          0xffffffff8010a11e      0xd61 src/oboskrnl/CMakeFiles/oboskrnl.dir/x86-64/exception_handlers.cpp.obj
                0xffffffff8010a11e                _ZN4obos9pageFaultEPKNS_15interrupt_frameE
                0xffffffff8010a89b                _ZN4obos21debugExceptionHandlerEPKNS_15interrupt_frameE
                0xffffffff8010abe4                _ZN4obos23defaultExceptionHandlerEPKNS_15interrupt_frameE
 *fill*         0xffffffff8010ae7f        0x1 
 .text          0xffffffff8010ae80      0x420 src/oboskrnl/CMakeFiles/oboskrnl.dir/memory_manager/paging/x86-64/init.cpp.obj
                0xffffffff8010ae80                _ZN4obos6memory7PageMapC2Ev
                0xffffffff8010ae80                _ZN4obos6memory7PageMapC1Ev
                0xffffffff8010aec6                _ZN4obos6memory7PageMapC1EPy
                0xffffffff8010aec6                _ZN4obos6memory7PageMapC2EPy
                0xffffffff8010aef4                _ZN4obos6memory7PageMap23getLevel3PageMapAddressEt
                0xffffffff8010af26                _ZN4obos6memory7PageMap16getLevel3PageMapEt
                0xffffffff8010af68                _ZN4obos6memory7PageMap16getPageDirectoryEtt
                0xffffffff8010afbc                _ZN4obos6memory7PageMap24getPageDirectoryRealtiveEtt
                0xffffffff8010b000                _ZN4obos6memory7PageMap12getPageTableEttt
                0xffffffff8010b05a                _ZN4obos6memory7PageMap20getPageTableRealtiveEttt
                0xffffffff8010b0a4                _ZN4obos6memory7PageMap17getPageTableEntryEtttt
                0xffffffff8010b108                _ZN4obos6memory7PageMap21getRealPageTableEntryEtttt
                0xffffffff8010b15e                _ZN4obos6memory7PageMap12switchToThisEv
                0xffffffff8010b182                _ZN4obos6memory7PageMapD2Ev
                0xffffffff8010b182                _ZN4obos6memory7PageMapD1Ev
                0xffffffff8010b1ac                _ZN4obos6memory16InitializePagingEv
 .text          0xffffffff8010b2a0     0x1180 src/oboskrnl/CMakeFiles/oboskrnl.dir/memory_manager/paging/x86-64/allocate.cpp.obj
                0xffffffff8010b2a0                _ZN4obos6memory14kmap_pageTableEPv
                0xffffffff8010b338                _ZN4obos6memory24allocatePagingStructuresEyy
                0xffffffff8010b6a6                _ZN4obos6memory12VirtualAllocEPvyyb
                0xffffffff8010b9f7                _ZN4obos6memory11VirtualFreeEPvy
                0xffffffff8010bc9d                _ZN4obos6memory17HasVirtualAddressEPKvyb
                0xffffffff8010bf81                _ZN4obos6memory13MemoryProtectEPvyyb
                0xffffffff8010c2cc                _ZN4obos6memory13kmap_physicalEPvyS1_b
 .text          0xffffffff8010c420      0x54f src/oboskrnl/CMakeFiles/oboskrnl.dir/memory_manager/x86-64/physical.cpp.obj
                0xffffffff8010c5a2                _ZN4obos6memory31InitializePhysicalMemoryManagerEv
                0xffffffff8010c797                _ZN4obos6memory19kalloc_physicalPageEv
                0xffffffff8010c8b3                _ZN4obos6memory18kfree_physicalPageEPv
 *fill*         0xffffffff8010c96f        0x1 
 .text          0xffffffff8010c970     0x11b6 src/oboskrnl/CMakeFiles/oboskrnl.dir/boot/kmain.cpp.obj
                0xffffffff8010cbe3                _ZN4obos5kmainEP14multiboot_infoj
                0xffffffff8010d2f8                _ZN4obos8kmainThrEv
                0xffffffff8010d934                __cxa_pure_virtual
                0xffffffff8010d959                __cxa_atexit
                0xffffffff8010da00                __cxa_finalize
 .text          0xffffffff8010db26      0xd8b src/oboskrnl/CMakeFiles/oboskrnl.dir/console.cpp.obj
                0xffffffff8010ddfe                _ZN4obos17InitializeConsoleEjj
                0xffffffff8010df96                _ZN4obos15SetConsoleColorEjj
                0xffffffff8010e002                _ZN4obos15GetConsoleColorERjS0_
                0xffffffff8010e2ee                _ZN4obos13ConsoleOutputEPKcyb
                0xffffffff8010e380                _ZN4obos19ConsoleOutputStringEPKcb
                0xffffffff8010e416                _ZN4obos15ConsoleFillLineEcb
                0xffffffff8010e4a5                _ZN4obos22ConsoleOutputCharacterEcb
                0xffffffff8010e50b                _ZN4obos22ConsoleOutputCharacterEcjjb
                0xffffffff8010e5ad                _ZN4obos25SetTerminalCursorPositionEjj
                0xffffffff8010e5d0                _ZN4obos25GetTerminalCursorPositionERjS0_
                0xffffffff8010e793                _ZN4obos12ClearConsoleEv
                0xffffffff8010e813                _ZN4obos11swapBuffersEv
 .text          0xffffffff8010e8b1     0x1706 src/oboskrnl/CMakeFiles/oboskrnl.dir/klog.cpp.obj
                0xffffffff8010e9a7                _Z10strreversePci
                0xffffffff8010ea34                _Z13itoa_unsignedyPci
                0xffffffff8010eb0b                _ZN4obos22consoleOutputCharacterEhPv
                0xffffffff8010eb52                _ZN4obos8_vprintfEPFvhPvES0_PKcP13__va_list_tag
                0xffffffff8010f2b6                _ZN4obos6printfEPKcz
                0xffffffff8010f379                _ZN4obos7sprintfEPcPKcz
                0xffffffff8010f3e9                _ZN4obos7vprintfEPKcP13__va_list_tag
                0xffffffff8010f445                _ZN4obos6kpanicEPvS0_PKcz
                0xffffffff8010f601                _ZN4obos14printf_noFlushEPKcz
                0xffffffff8010f65a                _ZN4obos15printStackTraceEPvPKc
                0xffffffff8010f817                _ZN4obos11disassembleEPvPKc
                0xffffffff8010fa39                _ZN4obos7countToEPKcc
                0xffffffff8010faa7                _ZN4obos7hex2binEPKcj
                0xffffffff8010fb91                _ZN4obos9addr2funcEPvRPcRy
                0xffffffff8010fd41                _ZN4obos9addr2fileEPvRPc
                0xffffffff8010febd                _ZN4obos4randEv
                0xffffffff8010feee                _ZN4obos5srandEj
                0xffffffff8010ff1a                _ZN4obos4poopEv
 .text          0xffffffff8010ffb7      0x808 src/oboskrnl/CMakeFiles/oboskrnl.dir/inline-asm.cpp.obj
                0xffffffff8010ffb7                _Z4outbth
                0xffffffff8010ffd8                _Z4outwtt
                0xffffffff8010fff9                _Z3inbt
                0xffffffff80110017                _Z3inwt
                0xffffffff80110037                _Z7io_waitv
                0xffffffff8011004d                _Z3cliv
                0xffffffff80110062                _Z3stiv
                0xffffffff80110077                _Z3hltv
                0xffffffff8011007f                _Z4_inth
                0xffffffff8011073b                _ZN4obos18EnterKernelSectionEv
                0xffffffff80110759                _ZN4obos18LeaveKernelSectionEv
                0xffffffff80110795                _ZN4obos12EnterSyscallEv
                0xffffffff801107aa                _ZN4obos11ExitSyscallEv
 *fill*         0xffffffff801107bf        0x1 
 .text          0xffffffff801107c0      0x427 src/oboskrnl/CMakeFiles/oboskrnl.dir/utils/bitfields.cpp.obj
                0xffffffff801107c0                _ZN4obos5utils12BitfieldBaseC2Ev
                0xffffffff801107c0                _ZN4obos5utils12BitfieldBaseC1Ev
                0xffffffff801107ea                _ZN4obos5utils12BitfieldBase6setBitEy
                0xffffffff80110814                _ZN4obos5utils12BitfieldBase8clearBitEy
                0xffffffff80110842                _ZNK4obos5utils12BitfieldBase6getBitEy
                0xffffffff80110868                _ZNK4obos5utils12BitfieldBaseixEy
                0xffffffff80110898                _ZN4obos5utils12BitfieldBasecvyEv
                0xffffffff801108ae                _ZN4obos5utils12BitfieldBasecvbEv
                0xffffffff801108d0                _ZN4obos5utils8BitfieldC2Ev
                0xffffffff801108d0                _ZN4obos5utils8BitfieldC1Ev
                0xffffffff801108fa                _ZN4obos5utils8Bitfield6setBitEh
                0xffffffff80110938                _ZN4obos5utils8Bitfield8clearBitEh
                0xffffffff80110976                _ZNK4obos5utils8Bitfield6getBitEh
                0xffffffff801109c6                _ZNK4obos5utils8BitfieldixEh
                0xffffffff801109f6                _ZN4obos5utils8BitfieldcvbEv
                0xffffffff80110a10                _ZN4obos5utils15IntegerBitfieldC2Ev
                0xffffffff80110a10                _ZN4obos5utils15IntegerBitfieldC1Ev
                0xffffffff80110a3a                _ZN4obos5utils15IntegerBitfieldC1Ey
                0xffffffff80110a3a                _ZN4obos5utils15IntegerBitfieldC2Ey
                0xffffffff80110a74                _ZN4obos5utils15IntegerBitfield11setBitfieldEy
                0xffffffff80110a93                _ZN4obos5utils16setBitInBitfieldERjh
                0xffffffff80110ac4                _ZN4obos5utils18clearBitInBitfieldERjh
                0xffffffff80110af7                _ZN4obos5utils17testBitInBitfieldEjh
                0xffffffff80110b36                _ZN4obos5utils16setBitInBitfieldERyh
                0xffffffff80110b6c                _ZN4obos5utils18clearBitInBitfieldERyh
                0xffffffff80110ba5                _ZN4obos5utils17testBitInBitfieldEyh
 *fill*         0xffffffff80110be7        0x1 
 .text          0xffffffff80110be8      0x4e2 src/oboskrnl/CMakeFiles/oboskrnl.dir/descriptors/idt/pic.cpp.obj
                0xffffffff80110be8                _ZN4obos3PicC2Ett
                0xffffffff80110be8                _ZN4obos3PicC1Ett
                0xffffffff80110c36                _ZN4obos3Pic8setPortsEtt
                0xffffffff80110c72                _ZN4obos3Pic15sendCommandByteEh
                0xffffffff80110cba                _ZN4obos3Pic15sendCommandWordEt
                0xffffffff80110d04                _ZN4obos3Pic12sendDataByteEh
                0xffffffff80110d4e                _ZN4obos3Pic12sendDataWordEt
                0xffffffff80110d98                _ZN4obos3Pic15recvCommandByteEv
                0xffffffff80110dce                _ZN4obos3Pic15recvCommandWordEv
                0xffffffff80110e04                _ZN4obos3Pic12recvDataByteEv
                0xffffffff80110e3c                _ZN4obos3Pic12recvDataWordEv
                0xffffffff80110e74                _ZN4obos3Pic7sendEOIEv
                0xffffffff80110e98                _ZN4obos3Pic5remapEhh
                0xffffffff80110efc                _ZN4obos3Pic9enableIrqEh
                0xffffffff80110f56                _ZN4obos3Pic10disableIrqEh
                0xffffffff80110fb0                _ZN4obos3Pic7disableEv
                0xffffffff80110fd4                _ZN4obos3Pic15issuedInterruptEh
                0xffffffff80111022                _ZN4obos7SendEOIEh
 .text          0xffffffff801110ca       0xed src/oboskrnl/CMakeFiles/oboskrnl.dir/external/list/list_iterator.c.obj
                0xffffffff801110ca                list_iterator_new
                0xffffffff80111107                list_iterator_new_from_node
                0xffffffff8011114d                list_iterator_next
                0xffffffff80111194                list_iterator_destroy
 .text          0xffffffff801111b7      0x237 src/oboskrnl/CMakeFiles/oboskrnl.dir/utils/memory.cpp.obj
                0xffffffff801111b7                memcmp
                0xffffffff801111e4                _ZN4obos5utils6memcmpEPKvS2_y
                0xffffffff801112d9                _ZN4obos5utils6memchrEPvhy
                0xffffffff8011135b                _ZN4obos5utils6memchrEPKvhy
                0xffffffff80111388                _ZN4obos5utils6strcmpEPKcS2_
 .text          0xffffffff801113ee      0x1bf src/oboskrnl/CMakeFiles/oboskrnl.dir/memory_manager/paging/liballoc_hooks.cpp.obj
                0xffffffff801113ee                liballoc_alloc
                0xffffffff8011144a                liballoc_free
                0xffffffff80111481                liballoc_lock
                0xffffffff80111491                liballoc_unlock
                0xffffffff801114a1                _Znwm
                0xffffffff801114cd                _Znam
                0xffffffff801114e7                _ZdlPv
                0xffffffff80111502                _ZdaPv
                0xffffffff8011151d                _ZdlPvm
                0xffffffff8011153c                _ZdaPvm
                0xffffffff8011155b                _ZnwmPv
                0xffffffff80111571                _ZnamPv
                0xffffffff80111587                _ZdlPvS_
                0xffffffff8011159a                _ZdaPvS_
 .text          0xffffffff801115ad      0x693 src/oboskrnl/CMakeFiles/oboskrnl.dir/memory_manager/liballoc/liballoc.cpp.obj
                0xffffffff801115ad                _Z20allocateNewPageBlocky
                0xffffffff8011169e                _Z13freePageBlockP9pageBlock
                0xffffffff80111734                _Z14allocate_mutexv
                0xffffffff8011177c                kmalloc
                0xffffffff801119c3                kcalloc
                0xffffffff80111a07                krealloc
                0xffffffff80111a9d                kfree
 .text          0xffffffff80111c40      0xf1e src/oboskrnl/CMakeFiles/oboskrnl.dir/multitasking/threadHandle.cpp.obj
                0xffffffff80111c40                _ZN4obos12multitasking12ThreadHandleC1Ev
                0xffffffff80111c40                _ZN4obos12multitasking12ThreadHandleC2Ev
                0xffffffff80111ca6                _ZN4obos12multitasking12ThreadHandle12CreateThreadENS0_6Thread10priority_tEPFvPvES4_jy
                0xffffffff80111d3c                _ZN4obos12multitasking12ThreadHandle10OpenThreadEj
                0xffffffff80111df4                _ZN4obos12multitasking12ThreadHandle10OpenThreadEPNS0_6ThreadE
                0xffffffff80111e8a                _ZN4obos12multitasking12ThreadHandle11PauseThreadEb
                0xffffffff80111f2c                _ZN4obos12multitasking12ThreadHandle12ResumeThreadEv
                0xffffffff80111f8a                _ZN4obos12multitasking12ThreadHandle17SetThreadPriorityENS0_6Thread10priority_tE
                0xffffffff80112144                _ZN4obos12multitasking12ThreadHandle15SetThreadStatusEj
                0xffffffff801121fc                _ZN4obos12multitasking12ThreadHandle15TerminateThreadEj
                0xffffffff80112338                _ZN4obos12multitasking12ThreadHandle6GetTidEv
                0xffffffff80112366                _ZN4obos12multitasking12ThreadHandle11GetExitCodeEv
                0xffffffff801123c2                _ZN4obos12multitasking12ThreadHandle17GetThreadPriorityEv
                0xffffffff80112406                _ZN4obos12multitasking12ThreadHandle15GetThreadStatusEv
                0xffffffff801124b8                _ZN4obos12multitasking12ThreadHandle17WaitForThreadExitEv
                0xffffffff80112676                _ZN4obos12multitasking12ThreadHandle25WaitForThreadStatusChangeEj
                0xffffffff801127ba                _ZN4obos12multitasking12ThreadHandle9duplicateEv
                0xffffffff8011286e                _ZN4obos12multitasking12ThreadHandle11closeHandleEv
                0xffffffff80112a25                _ZN4obos12multitasking10ExitThreadEj
                0xffffffff80112ad9                _ZN4obos12multitasking19GetCurrentThreadTidEv
                0xffffffff80112afc                _ZN4obos12multitasking24GetCurrentThreadPriorityEv
                0xffffffff80112b0c                _ZN4obos12multitasking22GetCurrentThreadStatusEv
                0xffffffff80112b1c                _ZN4obos12multitasking22GetCurrentThreadHandleEv
 .text          0xffffffff80112b5e       0x51 src/oboskrnl/CMakeFiles/oboskrnl.dir/external/list/list_node.c.obj
                0xffffffff80112b5e                list_node_new
 .text          0xffffffff80112baf      0x58a src/oboskrnl/CMakeFiles/oboskrnl.dir/external/list/list.c.obj
                0xffffffff80112baf                list_new
                0xffffffff80112c13                list_destroy
                0xffffffff80112c94                list_rpush
                0xffffffff80112d46                list_rpop
                0xffffffff80112dea                list_lpop
                0xffffffff80112e89                list_lpush
                0xffffffff80112f37                list_find
                0xffffffff80112fe7                list_at
                0xffffffff80113087                list_remove
 *fill*         0xffffffff80113139        0x7 
 .text          0xffffffff80113140      0x742 src/oboskrnl/CMakeFiles/oboskrnl.dir/multitasking/multitasking.cpp.obj
                0xffffffff80113140                _ZN4obos12multitasking10canRanTaskEPNS0_6ThreadE
                0xffffffff80113340                _ZN4obos12multitasking12switchToTaskEPNS0_6ThreadE
                0xffffffff801133d0                _ZN4obos12multitasking11findNewTaskEPKNS_15interrupt_frameE
                0xffffffff80113630                _ZN4obos12multitasking15SetPITFrequencyEt
                0xffffffff80113690                _ZN4obos12multitasking10DisablePITEv
                0xffffffff801136b0                _ZN4obos12multitasking22InitializeMultitaskingEv
 .text          0xffffffff80113882      0x297 src/oboskrnl/CMakeFiles/oboskrnl.dir/elf/elf.cpp.obj
                0xffffffff80113a50                _ZN4obos9elfLoader11LoadElfFileEPhyRyS2_b
 *fill*         0xffffffff80113b19        0x1 
 .text          0xffffffff80113b1a      0x442 src/oboskrnl/CMakeFiles/oboskrnl.dir/multitasking/thread.cpp.obj
                0xffffffff80113b1a                _ZN4obos12multitasking6ThreadC1ENS1_10priority_tEPFvPvES3_jy
                0xffffffff80113b1a                _ZN4obos12multitasking6ThreadC2ENS1_10priority_tEPFvPvES3_jy
                0xffffffff80113c50                _ZN4obos12multitasking6Thread12CreateThreadENS1_10priority_tEPFvPvES3_jy
 .text          0xffffffff80113f5c      0x18d src/oboskrnl/CMakeFiles/oboskrnl.dir/multitasking/mutex/mutex.cpp.obj
                0xffffffff80113f5c                _ZN4obos12multitasking17MutexLockCallbackEPNS0_6ThreadEPv
                0xffffffff80113f9c                _ZN4obos12multitasking5Mutex4LockEb
                0xffffffff8011406e                _ZN4obos12multitasking5Mutex6UnlockEv
                0xffffffff801140c0                _ZN4obos12multitasking5MutexD2Ev
                0xffffffff801140c0                _ZN4obos12multitasking5MutexD1Ev
 *fill*         0xffffffff801140e9        0x1 
 .text          0xffffffff801140ea      0x2db src/oboskrnl/CMakeFiles/oboskrnl.dir/multitasking/mutex/mutexHandle.cpp.obj
                0xffffffff801140ea                _ZN4obos12multitasking11MutexHandleC2Ev
                0xffffffff801140ea                _ZN4obos12multitasking11MutexHandleC1Ev
                0xffffffff80114192                _ZN4obos12multitasking11MutexHandle9duplicateEv
                0xffffffff80114218                _ZN4obos12multitasking11MutexHandle11closeHandleEv
                0xffffffff801142c0                _ZN4obos12multitasking11MutexHandle4LockEb
                0xffffffff8011430c                _ZN4obos12multitasking11MutexHandle6UnlockEv
                0xffffffff80114342                _ZN4obos12multitasking11MutexHandle8IsLockedEv
                0xffffffff80114364                _ZN4obos12multitasking11MutexHandleD2Ev
                0xffffffff80114364                _ZN4obos12multitasking11MutexHandleD1Ev
                0xffffffff8011439a                _ZN4obos12multitasking11MutexHandleD0Ev
 *fill*         0xffffffff801143c5        0x1 
 .text          0xffffffff801143c6      0xb67 src/oboskrnl/CMakeFiles/oboskrnl.dir/process/process.cpp.obj
                0xffffffff801143c6                _ZN4obos7process7ProcessC1Ev
                0xffffffff801143c6                _ZN4obos7process7ProcessC2Ev
                0xffffffff8011443b                _ZN4obos7process16DriverEntryPointEPv
                0xffffffff80114596                _ZN4obos7process7Process13CreateProcessEPhyPvb
                0xffffffff80114b14                _ZN4obos7process7Process16TerminateProcessEj
                0xffffffff80114da0                _ZN4obos7process7Process15doContextSwitchEv
                0xffffffff80114dbe                _ZN4obos7process7Process21UncommitProcessMemoryEv
 .text          0xffffffff80114f2d       0x8c src/oboskrnl/CMakeFiles/oboskrnl.dir/driver_api/interrupts.cpp.obj
                0xffffffff80114f2d                _Z10do_nothingv
                0xffffffff80114f38                _ZN4obos9driverAPI20ResetSyscallHandlersEv
                0xffffffff80114f6e                _ZN4obos9driverAPI22RegisterSyscallHandlerEhy
                0xffffffff80114f94                _ZN4obos9driverAPI24UnregisterSyscallHandlerEh
 .text          0xffffffff80114fb9      0xf6a src/oboskrnl/CMakeFiles/oboskrnl.dir/driver_api/syscalls.cpp.obj
                0xffffffff80114fb9                _ZN4obos9driverAPI16RegisterSyscallsEv
 .text          0xffffffff80115f23     0x1ab3 src/oboskrnl/CMakeFiles/oboskrnl.dir/syscalls/syscalls.cpp.obj
                0xffffffff80115feb                _ZN4obos7process16RegisterSyscallsEv
 .text          0xffffffff801179d6    0x186ee src/oboskrnl/CMakeFiles/oboskrnl.dir/external/amalgamated-dist/Zydis.c.obj
                0xffffffff80119e7b                ZydisDecodeOperands
                0xffffffff8011eddf                ZydisDecoderInit
                0xffffffff8011ee73                ZydisDecoderEnableMode
                0xffffffff8011eeb1                ZydisDecoderDecodeFull
                0xffffffff8011efe0                ZydisDecoderDecodeInstruction
                0xffffffff8011f142                ZydisDecoderDecodeOperands
                0xffffffff8011f1f0                ZydisDecoderTreeGetChildNode
                0xffffffff8011f7fa                ZydisGetInstructionEncodingInfo
                0xffffffff8012461e                ZydisBuildRegisterOperand
                0xffffffff80125741                ZydisEncoderEncodeInstruction
                0xffffffff801257a6                ZydisEncoderEncodeInstructionAbsolute
                0xffffffff80125dcd                ZydisEncoderDecodedInstructionToEncoderRequest
                0xffffffff80126378                ZydisEncoderNopFill
                0xffffffff801263fe                ZydisGetRelInfo
                0xffffffff801264b2                ZydisGetEncodableInstructions
                0xffffffff80126c0c                ZydisFormatterBufferInit
                0xffffffff80126c9d                ZydisFormatterBufferInitTokenized
                0xffffffff80126d5c                ZydisFormatterInit
                0xffffffff80126da5                ZydisFormatterSetProperty
                0xffffffff80127460                ZydisFormatterSetHook
                0xffffffff8012752b                ZydisFormatterFormatInstruction
                0xffffffff801276e8                ZydisFormatterFormatOperand
                0xffffffff80127989                ZydisFormatterTokenizeInstruction
                0xffffffff80127b8f                ZydisFormatterTokenizeOperand
                0xffffffff80127e7f                ZydisFormatterATTFormatInstruction
                0xffffffff8012858e                ZydisFormatterATTFormatOperandMEM
                0xffffffff80128a4a                ZydisFormatterATTPrintMnemonic
                0xffffffff80128dba                ZydisFormatterATTPrintRegister
                0xffffffff80128e80                ZydisFormatterATTPrintAddressABS
                0xffffffff80128f21                ZydisFormatterATTPrintDISP
                0xffffffff80129289                ZydisFormatterATTPrintIMM
                0xffffffff8012930c                ZydisFormatterHelperGetExplicitSize
                0xffffffff80129506                ZydisFormatterBaseFormatOperandREG
                0xffffffff80129544                ZydisFormatterBaseFormatOperandPTR
                0xffffffff8012991f                ZydisFormatterBaseFormatOperandIMM
                0xffffffff801299d8                ZydisFormatterBasePrintAddressABS
                0xffffffff80129c29                ZydisFormatterBasePrintAddressREL
                0xffffffff8012a037                ZydisFormatterBasePrintIMM
                0xffffffff8012a49c                ZydisFormatterBasePrintSegment
                0xffffffff8012a686                ZydisFormatterBasePrintPrefixes
                0xffffffff8012b607                ZydisFormatterBasePrintDecorator
                0xffffffff8012cafa                ZydisFormatterTokenGetValue
                0xffffffff8012cb4d                ZydisFormatterTokenNext
                0xffffffff8012cbae                ZydisFormatterBufferGetToken
                0xffffffff8012cc02                ZydisFormatterBufferGetString
                0xffffffff8012cc62                ZydisFormatterBufferAppend
                0xffffffff8012cd86                ZydisFormatterBufferRemember
                0xffffffff8012cde0                ZydisFormatterBufferRestore
                0xffffffff8012cea1                ZydisFormatterIntelFormatInstruction
                0xffffffff8012d5b2                ZydisFormatterIntelFormatOperandMEM
                0xffffffff8012da8a                ZydisFormatterIntelPrintMnemonic
                0xffffffff8012dc36                ZydisFormatterIntelPrintRegister
                0xffffffff8012dd18                ZydisFormatterIntelPrintDISP
                0xffffffff8012e1e6                ZydisFormatterIntelPrintTypecast
                0xffffffff8012e640                ZydisFormatterIntelFormatInstructionMASM
                0xffffffff8012e679                ZydisFormatterIntelPrintAddressMASM
                0xffffffff8012e912                ZydisCategoryGetString
                0xffffffff8012e937                ZydisISASetGetString
                0xffffffff8012e95f                ZydisISAExtGetString
                0xffffffff8012e984                ZydisMnemonicGetString
                0xffffffff8012e9b7                ZydisMnemonicGetStringWrapped
                0xffffffff8012e9e7                ZydisRegisterEncode
                0xffffffff8012ea65                ZydisRegisterGetId
                0xffffffff8012ea9b                ZydisRegisterGetClass
                0xffffffff8012ead0                ZydisRegisterGetWidth
                0xffffffff8012eb2a                ZydisRegisterGetLargestEnclosing
                0xffffffff8012ec28                ZydisRegisterGetString
                0xffffffff8012ec5b                ZydisRegisterGetStringWrapped
                0xffffffff8012ec8b                ZydisRegisterClassGetWidth
                0xffffffff8012ece2                ZydisGetInstructionSegments
                0xffffffff8012f2a1                ZydisGetInstructionDefinition
                0xffffffff8012f3a6                ZydisGetOperandDefinitions
                0xffffffff8012f40d                ZydisGetElementInfo
                0xffffffff8012f445                ZydisGetAccessedFlags
                0xffffffff8012f4b6                ZydisStringAppendDecU64
                0xffffffff8012f69c                ZydisStringAppendHexU64
                0xffffffff8012f92a                ZydisStringAppendDecU
                0xffffffff8012f9b9                ZydisStringAppendHexU
                0xffffffff8012fa54                ZydisCalcAbsoluteAddress
                0xffffffff8012fc70                ZydisCalcAbsoluteAddressEx
                0xffffffff8012fdcb                ZydisGetVersion
                0xffffffff8012fddb                ZydisIsFeatureEnabled
                0xffffffff80130044                ZydisDisassembleIntel
                0xffffffff80130084                ZydisDisassembleATT
 .text          0xffffffff801300c4       0xf2 src/oboskrnl/CMakeFiles/oboskrnl.dir/descriptors/gdt/gdt.cpp.obj
                0xffffffff801300c4                _ZN4obos13InitializeGdtEv
                0xffffffff8013019c                _ZN4obos11SetTSSStackEPv
 .text          0xffffffff801301b6      0x6a5 src/oboskrnl/CMakeFiles/oboskrnl.dir/vfs/mount.cpp.obj
                0xffffffff8013043c                _ZN4obos3vfs10MountDriveEtNS0_10mountFlagsEyy
                0xffffffff8013070e                _ZN4obos3vfs12UnmountDriveEt
                0xffffffff8013085b                _glb_text_start = .
 *(.glb.text)
 .glb.text      0xffffffff8013085b       0x2a src/oboskrnl/CMakeFiles/oboskrnl.dir/process/process.cpp.obj
                0xffffffff8013085b                _ZN4obos7process14ProcEntryPointEPv
                0xffffffff80130885                _glb_text_end = .
                0xffffffff80130885                __etext = .

.iplt           0xffffffff80130885        0x0 load address 0x0000000000130885
 .iplt          0xffffffff80130885        0x0 src/oboskrnl/CMakeFiles/oboskrnl.dir/boot/x86-64/kernel_bootstrap.asm.obj

.gnu.linkonce.t._ZN4obos12x86_64_flagscvyEv
                0xffffffff80130886       0x16 load address 0x0000000000130886
 .gnu.linkonce.t._ZN4obos12x86_64_flagscvyEv
                0xffffffff80130886       0x16 src/oboskrnl/CMakeFiles/oboskrnl.dir/x86-64/exception_handlers.cpp.obj
                0xffffffff80130886                _ZN4obos12x86_64_flagscvyEv

.gnu.linkonce.t._ZN4obos6memory7PageMap21computeIndexAtAddressEyh
                0xffffffff8013089c       0x31 load address 0x000000000013089c
 .gnu.linkonce.t._ZN4obos6memory7PageMap21computeIndexAtAddressEyh
                0xffffffff8013089c       0x31 src/oboskrnl/CMakeFiles/oboskrnl.dir/x86-64/exception_handlers.cpp.obj
                0xffffffff8013089c                _ZN4obos6memory7PageMap21computeIndexAtAddressEyh

.gnu.linkonce.t._ZN4obos5utils12BitfieldBaseC2ERKS1_
                0xffffffff801308ce       0x31 load address 0x00000000001308ce
 .gnu.linkonce.t._ZN4obos5utils12BitfieldBaseC2ERKS1_
                0xffffffff801308ce       0x31 src/oboskrnl/CMakeFiles/oboskrnl.dir/x86-64/exception_handlers.cpp.obj
                0xffffffff801308ce                _ZN4obos5utils12BitfieldBaseC2ERKS1_

.gnu.linkonce.t._ZN4obos12x86_64_flagsC1ERKS0_
                0xffffffff80130900       0x34 load address 0x0000000000130900
 .gnu.linkonce.t._ZN4obos12x86_64_flagsC1ERKS0_
                0xffffffff80130900       0x34 src/oboskrnl/CMakeFiles/oboskrnl.dir/x86-64/exception_handlers.cpp.obj
                0xffffffff80130900                _ZN4obos12x86_64_flagsC1ERKS0_

.gnu.linkonce.t._ZNK4obos6memory7PageMap10getPageMapEv
                0xffffffff80130934       0x15 load address 0x0000000000130934
 .gnu.linkonce.t._ZNK4obos6memory7PageMap10getPageMapEv
                0xffffffff80130934       0x15 src/oboskrnl/CMakeFiles/oboskrnl.dir/memory_manager/paging/x86-64/init.cpp.obj
                0xffffffff80130934                _ZNK4obos6memory7PageMap10getPageMapEv

.gnu.linkonce.t._ZN4obos7process7Process14allocatedBlockC1Ev
                0xffffffff8013094a       0x26 load address 0x000000000013094a
 .gnu.linkonce.t._ZN4obos7process7Process14allocatedBlockC1Ev
                0xffffffff8013094a       0x26 src/oboskrnl/CMakeFiles/oboskrnl.dir/memory_manager/paging/x86-64/allocate.cpp.obj
                0xffffffff8013094a                _ZN4obos7process7Process14allocatedBlockC1Ev

.gnu.linkonce.t._ZN4obos6Handle7getTypeEv
                0xffffffff80130970       0x13 load address 0x0000000000130970
 .gnu.linkonce.t._ZN4obos6Handle7getTypeEv
                0xffffffff80130970       0x13 src/oboskrnl/CMakeFiles/oboskrnl.dir/boot/kmain.cpp.obj
                0xffffffff80130970                _ZN4obos6Handle7getTypeEv

.gnu.linkonce.t._ZN4obos6HandleD2Ev
                0xffffffff80130984       0x1d load address 0x0000000000130984
 .gnu.linkonce.t._ZN4obos6HandleD2Ev
                0xffffffff80130984       0x1d src/oboskrnl/CMakeFiles/oboskrnl.dir/boot/kmain.cpp.obj
                0xffffffff80130984                _ZN4obos6HandleD2Ev

.gnu.linkonce.t._ZN4obos12multitasking12ThreadHandleD1Ev
                0xffffffff801309a2       0x35 load address 0x00000000001309a2
 .gnu.linkonce.t._ZN4obos12multitasking12ThreadHandleD1Ev
                0xffffffff801309a2       0x35 src/oboskrnl/CMakeFiles/oboskrnl.dir/boot/kmain.cpp.obj
                0xffffffff801309a2                _ZN4obos12multitasking12ThreadHandleD1Ev

.gnu.linkonce.t._ZN4obos12multitasking5Mutex8IsLockedEv
                0xffffffff801309d8       0x15 load address 0x00000000001309d8
 .gnu.linkonce.t._ZN4obos12multitasking5Mutex8IsLockedEv
                0xffffffff801309d8       0x15 src/oboskrnl/CMakeFiles/oboskrnl.dir/memory_manager/liballoc/liballoc.cpp.obj
                0xffffffff801309d8                _ZN4obos12multitasking5Mutex8IsLockedEv

.gnu.linkonce.t._ZN9safe_lockC1EPN4obos12multitasking5MutexE
                0xffffffff801309ee       0x29 load address 0x00000000001309ee
 .gnu.linkonce.t._ZN9safe_lockC1EPN4obos12multitasking5MutexE
                0xffffffff801309ee       0x29 src/oboskrnl/CMakeFiles/oboskrnl.dir/memory_manager/liballoc/liballoc.cpp.obj
                0xffffffff801309ee                _ZN9safe_lockC1EPN4obos12multitasking5MutexE

.gnu.linkonce.t._ZN9safe_lock4LockEb
                0xffffffff80130a18       0x4a load address 0x0000000000130a18
 .gnu.linkonce.t._ZN9safe_lock4LockEb
                0xffffffff80130a18       0x4a src/oboskrnl/CMakeFiles/oboskrnl.dir/memory_manager/liballoc/liballoc.cpp.obj
                0xffffffff80130a18                _ZN9safe_lock4LockEb

.gnu.linkonce.t._ZN9safe_lock6UnlockEv
                0xffffffff80130a62       0x2a load address 0x0000000000130a62
 .gnu.linkonce.t._ZN9safe_lock6UnlockEv
                0xffffffff80130a62       0x2a src/oboskrnl/CMakeFiles/oboskrnl.dir/memory_manager/liballoc/liballoc.cpp.obj
                0xffffffff80130a62                _ZN9safe_lock6UnlockEv

.gnu.linkonce.t._ZN9safe_lockD1Ev
                0xffffffff80130a8c       0x1b load address 0x0000000000130a8c
 .gnu.linkonce.t._ZN9safe_lockD1Ev
                0xffffffff80130a8c       0x1b src/oboskrnl/CMakeFiles/oboskrnl.dir/memory_manager/liballoc/liballoc.cpp.obj
                0xffffffff80130a8c                _ZN9safe_lockD1Ev

.gnu.linkonce.t._ZN4obos12multitasking5MutexC1Ev
                0xffffffff80130aa8       0x29 load address 0x0000000000130aa8
 .gnu.linkonce.t._ZN4obos12multitasking5MutexC1Ev
                0xffffffff80130aa8       0x29 src/oboskrnl/CMakeFiles/oboskrnl.dir/memory_manager/liballoc/liballoc.cpp.obj
                0xffffffff80130aa8                _ZN4obos12multitasking5MutexC1Ev

.gnu.linkonce.t._ZN4obos6Handle13getReferencesEv
                0xffffffff80130ad2       0x1a load address 0x0000000000130ad2
 .gnu.linkonce.t._ZN4obos6Handle13getReferencesEv
                0xffffffff80130ad2       0x1a src/oboskrnl/CMakeFiles/oboskrnl.dir/multitasking/threadHandle.cpp.obj
                0xffffffff80130ad2                _ZN4obos6Handle13getReferencesEv

.gnu.linkonce.t._ZN4obos12x86_64_flagsC1Ev
                0xffffffff80130aec       0x29 load address 0x0000000000130aec
 .gnu.linkonce.t._ZN4obos12x86_64_flagsC1Ev
                0xffffffff80130aec       0x29 src/oboskrnl/CMakeFiles/oboskrnl.dir/multitasking/threadHandle.cpp.obj
                0xffffffff80130aec                _ZN4obos12x86_64_flagsC1Ev

.gnu.linkonce.t._ZN4obos15interrupt_frameC1Ev
                0xffffffff80130b16       0x21 load address 0x0000000000130b16
 .gnu.linkonce.t._ZN4obos15interrupt_frameC1Ev
                0xffffffff80130b16       0x21 src/oboskrnl/CMakeFiles/oboskrnl.dir/multitasking/threadHandle.cpp.obj
                0xffffffff80130b16                _ZN4obos15interrupt_frameC1Ev

.gnu.linkonce.t._ZN4obos12multitasking6ThreadC1Ev
                0xffffffff80130b38      0x100 load address 0x0000000000130b38
 .gnu.linkonce.t._ZN4obos12multitasking6ThreadC1Ev
                0xffffffff80130b38      0x100 src/oboskrnl/CMakeFiles/oboskrnl.dir/multitasking/threadHandle.cpp.obj
                0xffffffff80130b38                _ZN4obos12multitasking6ThreadC1Ev

.gnu.linkonce.t._ZN4obos12multitasking6ThreadD1Ev
                0xffffffff80130c38       0x53 load address 0x0000000000130c38
 .gnu.linkonce.t._ZN4obos12multitasking6ThreadD1Ev
                0xffffffff80130c38       0x53 src/oboskrnl/CMakeFiles/oboskrnl.dir/multitasking/threadHandle.cpp.obj
                0xffffffff80130c38                _ZN4obos12multitasking6ThreadD1Ev

.gnu.linkonce.t._ZN4obos12multitasking6ThreadD0Ev
                0xffffffff80130c8c       0x2b load address 0x0000000000130c8c
 .gnu.linkonce.t._ZN4obos12multitasking6ThreadD0Ev
                0xffffffff80130c8c       0x2b src/oboskrnl/CMakeFiles/oboskrnl.dir/multitasking/threadHandle.cpp.obj
                0xffffffff80130c8c                _ZN4obos12multitasking6ThreadD0Ev

.gnu.linkonce.t._ZN4obos12multitasking12ThreadHandle7getTypeEv
                0xffffffff80130cb8       0x13 load address 0x0000000000130cb8
 .gnu.linkonce.t._ZN4obos12multitasking12ThreadHandle7getTypeEv
                0xffffffff80130cb8       0x13 src/oboskrnl/CMakeFiles/oboskrnl.dir/multitasking/threadHandle.cpp.obj
                0xffffffff80130cb8                _ZN4obos12multitasking12ThreadHandle7getTypeEv

.gnu.linkonce.t._ZN4obos12multitasking12ThreadHandleD0Ev
                0xffffffff80130ccc       0x2b load address 0x0000000000130ccc
 .gnu.linkonce.t._ZN4obos12multitasking12ThreadHandleD0Ev
                0xffffffff80130ccc       0x2b src/oboskrnl/CMakeFiles/oboskrnl.dir/multitasking/threadHandle.cpp.obj
                0xffffffff80130ccc                _ZN4obos12multitasking12ThreadHandleD0Ev

.gnu.linkonce.t._ZN4obos6HandleC2Ev
                0xffffffff80130cf8       0x41 load address 0x0000000000130cf8
 .gnu.linkonce.t._ZN4obos6HandleC2Ev
                0xffffffff80130cf8       0x41 src/oboskrnl/CMakeFiles/oboskrnl.dir/multitasking/threadHandle.cpp.obj
                0xffffffff80130cf8                _ZN4obos6HandleC2Ev

.gnu.linkonce.t._ZN4obos12x86_64_flagsC1Ey
                0xffffffff80130d40       0x39 load address 0x0000000000130d40
 .gnu.linkonce.t._ZN4obos12x86_64_flagsC1Ey
                0xffffffff80130d40       0x39 src/oboskrnl/CMakeFiles/oboskrnl.dir/multitasking/multitasking.cpp.obj
                0xffffffff80130d40                _ZN4obos12x86_64_flagsC1Ey

.gnu.linkonce.t._ZN4obos5utils12BitfieldBaseaSERKS1_
                0xffffffff80130d80       0x26 load address 0x0000000000130d80
 .gnu.linkonce.t._ZN4obos5utils12BitfieldBaseaSERKS1_
                0xffffffff80130d80       0x26 src/oboskrnl/CMakeFiles/oboskrnl.dir/multitasking/multitasking.cpp.obj
                0xffffffff80130d80                _ZN4obos5utils12BitfieldBaseaSERKS1_

.gnu.linkonce.t._ZN4obos12x86_64_flagsaSERKS0_
                0xffffffff80130db0       0x29 load address 0x0000000000130db0
 .gnu.linkonce.t._ZN4obos12x86_64_flagsaSERKS0_
                0xffffffff80130db0       0x29 src/oboskrnl/CMakeFiles/oboskrnl.dir/multitasking/multitasking.cpp.obj
                0xffffffff80130db0                _ZN4obos12x86_64_flagsaSERKS0_

.gnu.linkonce.t._ZN4obos15interrupt_frameaSERKS0_
                0xffffffff80130de0      0x1ce load address 0x0000000000130de0
 .gnu.linkonce.t._ZN4obos15interrupt_frameaSERKS0_
                0xffffffff80130de0      0x1ce src/oboskrnl/CMakeFiles/oboskrnl.dir/multitasking/multitasking.cpp.obj
                0xffffffff80130de0                _ZN4obos15interrupt_frameaSERKS0_

.gnu.linkonce.t._ZN4obos5utils12BitfieldBaseaSEOS1_
                0xffffffff80130fb0       0x26 load address 0x0000000000130fb0
 .gnu.linkonce.t._ZN4obos5utils12BitfieldBaseaSEOS1_
                0xffffffff80130fb0       0x26 src/oboskrnl/CMakeFiles/oboskrnl.dir/multitasking/multitasking.cpp.obj
                0xffffffff80130fb0                _ZN4obos5utils12BitfieldBaseaSEOS1_

.gnu.linkonce.t._ZN4obos12x86_64_flagsaSEOS0_
                0xffffffff80130fe0       0x29 load address 0x0000000000130fe0
 .gnu.linkonce.t._ZN4obos12x86_64_flagsaSEOS0_
                0xffffffff80130fe0       0x29 src/oboskrnl/CMakeFiles/oboskrnl.dir/multitasking/multitasking.cpp.obj
                0xffffffff80130fe0                _ZN4obos12x86_64_flagsaSEOS0_

.gnu.linkonce.t._ZN4obos12multitasking11MutexHandle7getTypeEv
                0xffffffff8013100a       0x13 load address 0x000000000013100a
 .gnu.linkonce.t._ZN4obos12multitasking11MutexHandle7getTypeEv
                0xffffffff8013100a       0x13 src/oboskrnl/CMakeFiles/oboskrnl.dir/multitasking/mutex/mutexHandle.cpp.obj
                0xffffffff8013100a                _ZN4obos12multitasking11MutexHandle7getTypeEv

.gnu.linkonce.t._ZN4obos3vfs10commonNodeD2Ev
                0xffffffff8013101e       0x1d load address 0x000000000013101e
 .gnu.linkonce.t._ZN4obos3vfs10commonNodeD2Ev
                0xffffffff8013101e       0x1d src/oboskrnl/CMakeFiles/oboskrnl.dir/vfs/mount.cpp.obj
                0xffffffff8013101e                _ZN4obos3vfs10commonNodeD2Ev

.gnu.linkonce.t._ZN4obos3vfs9mountNode7getTypeEv
                0xffffffff8013103c       0x13 load address 0x000000000013103c
 .gnu.linkonce.t._ZN4obos3vfs9mountNode7getTypeEv
                0xffffffff8013103c       0x13 src/oboskrnl/CMakeFiles/oboskrnl.dir/vfs/mount.cpp.obj
                0xffffffff8013103c                _ZN4obos3vfs9mountNode7getTypeEv

.gnu.linkonce.t._ZN4obos3vfs9mountNodeD1Ev
                0xffffffff80131050       0x29 load address 0x0000000000131050
 .gnu.linkonce.t._ZN4obos3vfs9mountNodeD1Ev
                0xffffffff80131050       0x29 src/oboskrnl/CMakeFiles/oboskrnl.dir/vfs/mount.cpp.obj
                0xffffffff80131050                _ZN4obos3vfs9mountNodeD1Ev

.gnu.linkonce.t._ZN4obos3vfs9mountNodeD0Ev
                0xffffffff8013107a       0x2b load address 0x000000000013107a
 .gnu.linkonce.t._ZN4obos3vfs9mountNodeD0Ev
                0xffffffff8013107a       0x2b src/oboskrnl/CMakeFiles/oboskrnl.dir/vfs/mount.cpp.obj
                0xffffffff8013107a                _ZN4obos3vfs9mountNodeD0Ev

.gnu.linkonce.t._ZN4obos3vfs13directoryNode7getTypeEv
                0xffffffff801310a6       0x13 load address 0x00000000001310a6
 .gnu.linkonce.t._ZN4obos3vfs13directoryNode7getTypeEv
                0xffffffff801310a6       0x13 src/oboskrnl/CMakeFiles/oboskrnl.dir/vfs/mount.cpp.obj
                0xffffffff801310a6                _ZN4obos3vfs13directoryNode7getTypeEv

.gnu.linkonce.t._ZN4obos3vfs13directoryNodeD1Ev
                0xffffffff801310ba       0x29 load address 0x00000000001310ba
 .gnu.linkonce.t._ZN4obos3vfs13directoryNodeD1Ev
                0xffffffff801310ba       0x29 src/oboskrnl/CMakeFiles/oboskrnl.dir/vfs/mount.cpp.obj
                0xffffffff801310ba                _ZN4obos3vfs13directoryNodeD1Ev

.gnu.linkonce.t._ZN4obos3vfs13directoryNodeD0Ev
                0xffffffff801310e4       0x2b load address 0x00000000001310e4
 .gnu.linkonce.t._ZN4obos3vfs13directoryNodeD0Ev
                0xffffffff801310e4       0x2b src/oboskrnl/CMakeFiles/oboskrnl.dir/vfs/mount.cpp.obj
                0xffffffff801310e4                _ZN4obos3vfs13directoryNodeD0Ev

.gnu.linkonce.t._ZN4obos3vfs8fileNode7getTypeEv
                0xffffffff80131110       0x13 load address 0x0000000000131110
 .gnu.linkonce.t._ZN4obos3vfs8fileNode7getTypeEv
                0xffffffff80131110       0x13 src/oboskrnl/CMakeFiles/oboskrnl.dir/vfs/mount.cpp.obj
                0xffffffff80131110                _ZN4obos3vfs8fileNode7getTypeEv

.gnu.linkonce.t._ZN4obos3vfs8fileNodeD1Ev
                0xffffffff80131124       0x29 load address 0x0000000000131124
 .gnu.linkonce.t._ZN4obos3vfs8fileNodeD1Ev
                0xffffffff80131124       0x29 src/oboskrnl/CMakeFiles/oboskrnl.dir/vfs/mount.cpp.obj
                0xffffffff80131124                _ZN4obos3vfs8fileNodeD1Ev

.gnu.linkonce.t._ZN4obos3vfs8fileNodeD0Ev
                0xffffffff8013114e       0x2b load address 0x000000000013114e
 .gnu.linkonce.t._ZN4obos3vfs8fileNodeD0Ev
                0xffffffff8013114e       0x2b src/oboskrnl/CMakeFiles/oboskrnl.dir/vfs/mount.cpp.obj
                0xffffffff8013114e                _ZN4obos3vfs8fileNodeD0Ev

.gnu.linkonce.t._ZN4obos3vfs10commonNodeC2Ev
                0xffffffff8013117a       0x1d load address 0x000000000013117a
 .gnu.linkonce.t._ZN4obos3vfs10commonNodeC2Ev
                0xffffffff8013117a       0x1d src/oboskrnl/CMakeFiles/oboskrnl.dir/vfs/mount.cpp.obj
                0xffffffff8013117a                _ZN4obos3vfs10commonNodeC2Ev

.gnu.linkonce.t._ZN4obos3vfs13directoryNodeC1Ev
                0xffffffff80131198       0x29 load address 0x0000000000131198
 .gnu.linkonce.t._ZN4obos3vfs13directoryNodeC1Ev
                0xffffffff80131198       0x29 src/oboskrnl/CMakeFiles/oboskrnl.dir/vfs/mount.cpp.obj
                0xffffffff80131198                _ZN4obos3vfs13directoryNodeC1Ev

.gnu.linkonce.t._ZN4obos3vfs8fileNodeC1Ev
                0xffffffff801311c2       0x29 load address 0x00000000001311c2
 .gnu.linkonce.t._ZN4obos3vfs8fileNodeC1Ev
                0xffffffff801311c2       0x29 src/oboskrnl/CMakeFiles/oboskrnl.dir/vfs/mount.cpp.obj
                0xffffffff801311c2                _ZN4obos3vfs8fileNodeC1Ev

.gnu.linkonce.t._ZN4obos3vfs9mountNodeC1Ev
                0xffffffff801311ec       0x29 load address 0x00000000001311ec
 .gnu.linkonce.t._ZN4obos3vfs9mountNodeC1Ev
                0xffffffff801311ec       0x29 src/oboskrnl/CMakeFiles/oboskrnl.dir/vfs/mount.cpp.obj
                0xffffffff801311ec                _ZN4obos3vfs9mountNodeC1Ev

.rodata         0xffffffff80132000    0x6e6a0 load address 0x0000000000132000
 *(.rodata)
 .rodata        0xffffffff80132000      0x439 src/oboskrnl/CMakeFiles/oboskrnl.dir/x86-64/exception_handlers.cpp.obj
 *fill*         0xffffffff80132439        0x7 
 .rodata        0xffffffff80132440       0x10 src/oboskrnl/CMakeFiles/oboskrnl.dir/memory_manager/paging/x86-64/init.cpp.obj
 .rodata        0xffffffff80132450       0x10 src/oboskrnl/CMakeFiles/oboskrnl.dir/memory_manager/paging/x86-64/allocate.cpp.obj
 .rodata        0xffffffff80132460       0x10 src/oboskrnl/CMakeFiles/oboskrnl.dir/memory_manager/x86-64/physical.cpp.obj
 .rodata        0xffffffff80132470      0x48d src/oboskrnl/CMakeFiles/oboskrnl.dir/boot/kmain.cpp.obj
 *fill*         0xffffffff801328fd        0x3 
 .rodata        0xffffffff80132900       0x88 src/oboskrnl/CMakeFiles/oboskrnl.dir/console.cpp.obj
 .rodata        0xffffffff80132988      0x260 src/oboskrnl/CMakeFiles/oboskrnl.dir/klog.cpp.obj
 .rodata        0xffffffff80132be8      0x800 src/oboskrnl/CMakeFiles/oboskrnl.dir/inline-asm.cpp.obj
 .rodata        0xffffffff801333e8       0x98 src/oboskrnl/CMakeFiles/oboskrnl.dir/memory_manager/liballoc/liballoc.cpp.obj
 .rodata        0xffffffff80133480       0x9f src/oboskrnl/CMakeFiles/oboskrnl.dir/multitasking/threadHandle.cpp.obj
 *fill*         0xffffffff8013351f        0x1 
 .rodata        0xffffffff80133520      0x138 src/oboskrnl/CMakeFiles/oboskrnl.dir/multitasking/multitasking.cpp.obj
 .rodata        0xffffffff80133658       0x50 src/oboskrnl/CMakeFiles/oboskrnl.dir/elf/elf.cpp.obj
 .rodata        0xffffffff801336a8       0x9f src/oboskrnl/CMakeFiles/oboskrnl.dir/multitasking/thread.cpp.obj
 *fill*         0xffffffff80133747        0x1 
 .rodata        0xffffffff80133748      0x107 src/oboskrnl/CMakeFiles/oboskrnl.dir/process/process.cpp.obj
 *fill*         0xffffffff8013384f        0x1 
 .rodata        0xffffffff80133850       0x68 src/oboskrnl/CMakeFiles/oboskrnl.dir/driver_api/syscalls.cpp.obj
 *fill*         0xffffffff801338b8        0x8 
 .rodata        0xffffffff801338c0    0x6cde0 src/oboskrnl/CMakeFiles/oboskrnl.dir/external/amalgamated-dist/Zydis.c.obj
                0xffffffff801340e0                FILTERS_XOP
                0xffffffff80134120                FILTERS_VEX
                0xffffffff801341a0                FILTERS_EMVEX
                0xffffffff80134240                FILTERS_OPCODE
                0xffffffff8013cc40                FILTERS_MODE
                0xffffffff8013cc60                FILTERS_MODE_COMPACT
                0xffffffff8013d350                FILTERS_PREFIX_GROUP1
                0xffffffff8013d368                FILTERS_MODRM_MOD
                0xffffffff8013d380                FILTERS_MODRM_MOD_COMPACT
                0xffffffff8013fee0                FILTERS_MODRM_REG
                0xffffffff80140a40                FILTERS_MODRM_RM
                0xffffffff801410e0                FILTERS_MANDATORY_PREFIX
                0xffffffff80142a60                FILTERS_OPERAND_SIZE
                0xffffffff80142be0                FILTERS_ADDRESS_SIZE
                0xffffffff80142e00                FILTERS_VECTOR_LENGTH
                0xffffffff80146500                FILTERS_REX_W
                0xffffffff80148d02                FILTERS_REX_B
                0xffffffff80148d20                FILTERS_EVEX_B
                0xffffffff8014a780                FILTERS_MVEX_E
                0xffffffff8014aa60                FILTERS_MODE_AMD
                0xffffffff8014aae0                FILTERS_MODE_KNC
                0xffffffff8014ab10                FILTERS_MODE_MPX
                0xffffffff8014ab20                FILTERS_MODE_CET
                0xffffffff8014ab40                FILTERS_MODE_LZCNT
                0xffffffff8014ab50                FILTERS_MODE_TZCNT
                0xffffffff8014ab5c                FILTERS_MODE_WBNOINVD
                0xffffffff8014ab62                FILTERS_MODE_CLDEMOTE
                0xffffffff8014ab68                FILTERS_MODE_CENTAUR
                0xffffffff8014ab6e                zydis_decoder_tree_root
                0xffffffff8014b1c0                encoder_instruction_lookup
                0xffffffff8014cd40                encoder_instructions
                0xffffffff80169c20                ISTR_DEFINITIONS_LEGACY
                0xffffffff80170600                ISTR_DEFINITIONS_3DNOW
                0xffffffff80170840                ISTR_DEFINITIONS_XOP
                0xffffffff80171140                ISTR_DEFINITIONS_VEX
                0xffffffff80176900                ISTR_DEFINITIONS_EVEX
                0xffffffff80184cc0                ISTR_DEFINITIONS_MVEX
                0xffffffff801864a0                OPERAND_DEFINITIONS
                0xffffffff801a06a0                _ZN4obos6memory9__erodataE = .

.gnu.linkonce.r._ZTVN4obos12x86_64_flagsE
                0xffffffff801a06a0       0x40 load address 0x00000000001a06a0
 .gnu.linkonce.r._ZTVN4obos12x86_64_flagsE
                0xffffffff801a06a0       0x40 src/oboskrnl/CMakeFiles/oboskrnl.dir/x86-64/exception_handlers.cpp.obj
                0xffffffff801a06a0                _ZTVN4obos12x86_64_flagsE

.gnu.linkonce.r._ZTVN4obos6HandleE
                0xffffffff801a06e0       0x38 load address 0x00000000001a06e0
 .gnu.linkonce.r._ZTVN4obos6HandleE
                0xffffffff801a06e0       0x38 src/oboskrnl/CMakeFiles/oboskrnl.dir/boot/kmain.cpp.obj
                0xffffffff801a06e0                _ZTVN4obos6HandleE

.gnu.linkonce.r._ZTVN4obos5utils8BitfieldE
                0xffffffff801a0718       0x60 load address 0x00000000001a0718
 .gnu.linkonce.r._ZTVN4obos5utils8BitfieldE
                0xffffffff801a0718       0x60 src/oboskrnl/CMakeFiles/oboskrnl.dir/utils/bitfields.cpp.obj
                0xffffffff801a0718                _ZTVN4obos5utils8BitfieldE

.gnu.linkonce.r._ZTVN4obos5utils12BitfieldBaseE
                0xffffffff801a0778       0x40 load address 0x00000000001a0778
 .gnu.linkonce.r._ZTVN4obos5utils12BitfieldBaseE
                0xffffffff801a0778       0x40 src/oboskrnl/CMakeFiles/oboskrnl.dir/utils/bitfields.cpp.obj
                0xffffffff801a0778                _ZTVN4obos5utils12BitfieldBaseE

.gnu.linkonce.r._ZTVN4obos5utils15IntegerBitfieldE
                0xffffffff801a07b8       0x60 load address 0x00000000001a07b8
 .gnu.linkonce.r._ZTVN4obos5utils15IntegerBitfieldE
                0xffffffff801a07b8       0x60 src/oboskrnl/CMakeFiles/oboskrnl.dir/utils/bitfields.cpp.obj
                0xffffffff801a07b8                _ZTVN4obos5utils15IntegerBitfieldE

.gnu.linkonce.r._ZTVN4obos12multitasking12ThreadHandleE
                0xffffffff801a0818       0x38 load address 0x00000000001a0818
 .gnu.linkonce.r._ZTVN4obos12multitasking12ThreadHandleE
                0xffffffff801a0818       0x38 src/oboskrnl/CMakeFiles/oboskrnl.dir/multitasking/threadHandle.cpp.obj
                0xffffffff801a0818                _ZTVN4obos12multitasking12ThreadHandleE

.gnu.linkonce.r._ZTVN4obos12multitasking6ThreadE
                0xffffffff801a0850       0x20 load address 0x00000000001a0850
 .gnu.linkonce.r._ZTVN4obos12multitasking6ThreadE
                0xffffffff801a0850       0x20 src/oboskrnl/CMakeFiles/oboskrnl.dir/multitasking/threadHandle.cpp.obj
                0xffffffff801a0850                _ZTVN4obos12multitasking6ThreadE

.gnu.linkonce.r._ZTVN4obos12multitasking11MutexHandleE
                0xffffffff801a0870       0x38 load address 0x00000000001a0870
 .gnu.linkonce.r._ZTVN4obos12multitasking11MutexHandleE
                0xffffffff801a0870       0x38 src/oboskrnl/CMakeFiles/oboskrnl.dir/multitasking/mutex/mutexHandle.cpp.obj
                0xffffffff801a0870                _ZTVN4obos12multitasking11MutexHandleE

.gnu.linkonce.r._ZTVN4obos3vfs8fileNodeE
                0xffffffff801a08a8       0x28 load address 0x00000000001a08a8
 .gnu.linkonce.r._ZTVN4obos3vfs8fileNodeE
                0xffffffff801a08a8       0x28 src/oboskrnl/CMakeFiles/oboskrnl.dir/vfs/mount.cpp.obj
                0xffffffff801a08a8                _ZTVN4obos3vfs8fileNodeE

.gnu.linkonce.r._ZTVN4obos3vfs13directoryNodeE
                0xffffffff801a08d0       0x28 load address 0x00000000001a08d0
 .gnu.linkonce.r._ZTVN4obos3vfs13directoryNodeE
                0xffffffff801a08d0       0x28 src/oboskrnl/CMakeFiles/oboskrnl.dir/vfs/mount.cpp.obj
                0xffffffff801a08d0                _ZTVN4obos3vfs13directoryNodeE

.gnu.linkonce.r._ZTVN4obos3vfs9mountNodeE
                0xffffffff801a08f8       0x28 load address 0x00000000001a08f8
 .gnu.linkonce.r._ZTVN4obos3vfs9mountNodeE
                0xffffffff801a08f8       0x28 src/oboskrnl/CMakeFiles/oboskrnl.dir/vfs/mount.cpp.obj
                0xffffffff801a08f8                _ZTVN4obos3vfs9mountNodeE

.gnu.linkonce.r._ZTVN4obos3vfs10commonNodeE
                0xffffffff801a0920       0x28 load address 0x00000000001a0920
 .gnu.linkonce.r._ZTVN4obos3vfs10commonNodeE
                0xffffffff801a0920       0x28 src/oboskrnl/CMakeFiles/oboskrnl.dir/vfs/mount.cpp.obj
                0xffffffff801a0920                _ZTVN4obos3vfs10commonNodeE

.rela.dyn       0xffffffff801a0948        0x0 load address 0x00000000001a0948
 .rela.got      0xffffffff801a0948        0x0 src/oboskrnl/CMakeFiles/oboskrnl.dir/boot/x86-64/kernel_bootstrap.asm.obj
 .rela.iplt     0xffffffff801a0948        0x0 src/oboskrnl/CMakeFiles/oboskrnl.dir/boot/x86-64/kernel_bootstrap.asm.obj
 .rela.gnu.linkonce.t._ZN4obos5utils12BitfieldBaseC2ERKS1_
                0xffffffff801a0948        0x0 src/oboskrnl/CMakeFiles/oboskrnl.dir/boot/x86-64/kernel_bootstrap.asm.obj
 .rela.gnu.linkonce.t._ZN4obos12x86_64_flagsC1ERKS0_
                0xffffffff801a0948        0x0 src/oboskrnl/CMakeFiles/oboskrnl.dir/boot/x86-64/kernel_bootstrap.asm.obj
 .rela.gnu.linkonce.r._ZTVN4obos12x86_64_flagsE
                0xffffffff801a0948        0x0 src/oboskrnl/CMakeFiles/oboskrnl.dir/boot/x86-64/kernel_bootstrap.asm.obj
 .rela.text     0xffffffff801a0948        0x0 src/oboskrnl/CMakeFiles/oboskrnl.dir/boot/x86-64/kernel_bootstrap.asm.obj
 .rela.gnu.linkonce.t._ZN4obos6HandleD2Ev
                0xffffffff801a0948        0x0 src/oboskrnl/CMakeFiles/oboskrnl.dir/boot/x86-64/kernel_bootstrap.asm.obj
 .rela.gnu.linkonce.t._ZN4obos12multitasking12ThreadHandleD1Ev
                0xffffffff801a0948        0x0 src/oboskrnl/CMakeFiles/oboskrnl.dir/boot/x86-64/kernel_bootstrap.asm.obj
 .rela.gnu.linkonce.r._ZTVN4obos6HandleE
                0xffffffff801a0948        0x0 src/oboskrnl/CMakeFiles/oboskrnl.dir/boot/x86-64/kernel_bootstrap.asm.obj
 .rela.gnu.linkonce.t._ZN4obos12x86_64_flagsC1Ev
                0xffffffff801a0948        0x0 src/oboskrnl/CMakeFiles/oboskrnl.dir/boot/x86-64/kernel_bootstrap.asm.obj
 .rela.gnu.linkonce.t._ZN4obos12multitasking6ThreadC1Ev
                0xffffffff801a0948        0x0 src/oboskrnl/CMakeFiles/oboskrnl.dir/boot/x86-64/kernel_bootstrap.asm.obj
 .rela.gnu.linkonce.t._ZN4obos12multitasking6ThreadD1Ev
                0xffffffff801a0948        0x0 src/oboskrnl/CMakeFiles/oboskrnl.dir/boot/x86-64/kernel_bootstrap.asm.obj
 .rela.gnu.linkonce.t._ZN4obos6HandleC2Ev
                0xffffffff801a0948        0x0 src/oboskrnl/CMakeFiles/oboskrnl.dir/boot/x86-64/kernel_bootstrap.asm.obj
 .rela.gnu.linkonce.r._ZTVN4obos12multitasking12ThreadHandleE
                0xffffffff801a0948        0x0 src/oboskrnl/CMakeFiles/oboskrnl.dir/boot/x86-64/kernel_bootstrap.asm.obj
 .rela.gnu.linkonce.r._ZTVN4obos12multitasking6ThreadE
                0xffffffff801a0948        0x0 src/oboskrnl/CMakeFiles/oboskrnl.dir/boot/x86-64/kernel_bootstrap.asm.obj
 .rela.gnu.linkonce.t._ZN4obos12x86_64_flagsC1Ey
                0xffffffff801a0948        0x0 src/oboskrnl/CMakeFiles/oboskrnl.dir/boot/x86-64/kernel_bootstrap.asm.obj
 .rela.gnu.linkonce.r._ZTVN4obos12multitasking11MutexHandleE
                0xffffffff801a0948        0x0 src/oboskrnl/CMakeFiles/oboskrnl.dir/boot/x86-64/kernel_bootstrap.asm.obj
 .rela.gnu.linkonce.t._ZN4obos3vfs10commonNodeD2Ev
                0xffffffff801a0948        0x0 src/oboskrnl/CMakeFiles/oboskrnl.dir/boot/x86-64/kernel_bootstrap.asm.obj
 .rela.gnu.linkonce.t._ZN4obos3vfs9mountNodeD1Ev
                0xffffffff801a0948        0x0 src/oboskrnl/CMakeFiles/oboskrnl.dir/boot/x86-64/kernel_bootstrap.asm.obj
 .rela.gnu.linkonce.t._ZN4obos3vfs13directoryNodeD1Ev
                0xffffffff801a0948        0x0 src/oboskrnl/CMakeFiles/oboskrnl.dir/boot/x86-64/kernel_bootstrap.asm.obj
 .rela.gnu.linkonce.t._ZN4obos3vfs8fileNodeD1Ev
                0xffffffff801a0948        0x0 src/oboskrnl/CMakeFiles/oboskrnl.dir/boot/x86-64/kernel_bootstrap.asm.obj
 .rela.gnu.linkonce.t._ZN4obos3vfs10commonNodeC2Ev
                0xffffffff801a0948        0x0 src/oboskrnl/CMakeFiles/oboskrnl.dir/boot/x86-64/kernel_bootstrap.asm.obj
 .rela.gnu.linkonce.t._ZN4obos3vfs13directoryNodeC1Ev
                0xffffffff801a0948        0x0 src/oboskrnl/CMakeFiles/oboskrnl.dir/boot/x86-64/kernel_bootstrap.asm.obj
 .rela.gnu.linkonce.t._ZN4obos3vfs8fileNodeC1Ev
                0xffffffff801a0948        0x0 src/oboskrnl/CMakeFiles/oboskrnl.dir/boot/x86-64/kernel_bootstrap.asm.obj
 .rela.gnu.linkonce.t._ZN4obos3vfs9mountNodeC1Ev
                0xffffffff801a0948        0x0 src/oboskrnl/CMakeFiles/oboskrnl.dir/boot/x86-64/kernel_bootstrap.asm.obj
 .rela.gnu.linkonce.r._ZTVN4obos3vfs8fileNodeE
                0xffffffff801a0948        0x0 src/oboskrnl/CMakeFiles/oboskrnl.dir/boot/x86-64/kernel_bootstrap.asm.obj
 .rela.gnu.linkonce.r._ZTVN4obos3vfs13directoryNodeE
                0xffffffff801a0948        0x0 src/oboskrnl/CMakeFiles/oboskrnl.dir/boot/x86-64/kernel_bootstrap.asm.obj
 .rela.gnu.linkonce.r._ZTVN4obos3vfs9mountNodeE
                0xffffffff801a0948        0x0 src/oboskrnl/CMakeFiles/oboskrnl.dir/boot/x86-64/kernel_bootstrap.asm.obj
 .rela.gnu.linkonce.r._ZTVN4obos3vfs10commonNodeE
                0xffffffff801a0948        0x0 src/oboskrnl/CMakeFiles/oboskrnl.dir/boot/x86-64/kernel_bootstrap.asm.obj

.data           0xffffffff801a1000      0xccc load address 0x00000000001a1000
 *(.data)
 .data          0xffffffff801a1000        0x0 src/oboskrnl/CMakeFiles/oboskrnl.dir/descriptors/idt/x86-64/handlers.asm.obj
 .data          0xffffffff801a1000       0x10 src/oboskrnl/CMakeFiles/oboskrnl.dir/syscalls/interrupts.asm.obj
 .data          0xffffffff801a1010       0x42 src/oboskrnl/CMakeFiles/oboskrnl.dir/descriptors/gdt/gdt_x86-64.asm.obj
                0xffffffff801a1010                GDT
                0xffffffff801a1038                TSS
 .data          0xffffffff801a1052        0x0 src/oboskrnl/CMakeFiles/oboskrnl.dir/descriptors/idt/x86-64/idt.cpp.obj
 .data          0xffffffff801a1052        0x0 src/oboskrnl/CMakeFiles/oboskrnl.dir/x86-64/exception_handlers.cpp.obj
 .data          0xffffffff801a1052        0x0 src/oboskrnl/CMakeFiles/oboskrnl.dir/memory_manager/paging/x86-64/init.cpp.obj
 .data          0xffffffff801a1052        0x0 src/oboskrnl/CMakeFiles/oboskrnl.dir/memory_manager/paging/x86-64/allocate.cpp.obj
 .data          0xffffffff801a1052        0x0 src/oboskrnl/CMakeFiles/oboskrnl.dir/memory_manager/x86-64/physical.cpp.obj
 *fill*         0xffffffff801a1052        0x6 
 .data          0xffffffff801a1058        0x8 src/oboskrnl/CMakeFiles/oboskrnl.dir/boot/kmain.cpp.obj
                0xffffffff801a1058                __dso_handle
 .data          0xffffffff801a1060        0x0 src/oboskrnl/CMakeFiles/oboskrnl.dir/console.cpp.obj
 .data          0xffffffff801a1060        0x8 src/oboskrnl/CMakeFiles/oboskrnl.dir/klog.cpp.obj
 .data          0xffffffff801a1068        0x0 src/oboskrnl/CMakeFiles/oboskrnl.dir/inline-asm.cpp.obj
 .data          0xffffffff801a1068        0x0 src/oboskrnl/CMakeFiles/oboskrnl.dir/utils/bitfields.cpp.obj
 .data          0xffffffff801a1068        0x0 src/oboskrnl/CMakeFiles/oboskrnl.dir/descriptors/idt/pic.cpp.obj
 .data          0xffffffff801a1068        0x0 src/oboskrnl/CMakeFiles/oboskrnl.dir/external/list/list_iterator.c.obj
 .data          0xffffffff801a1068        0x0 src/oboskrnl/CMakeFiles/oboskrnl.dir/utils/memory.cpp.obj
 .data          0xffffffff801a1068        0x8 src/oboskrnl/CMakeFiles/oboskrnl.dir/memory_manager/paging/liballoc_hooks.cpp.obj
                0xffffffff801a1068                liballoc_base
 .data          0xffffffff801a1070       0x10 src/oboskrnl/CMakeFiles/oboskrnl.dir/memory_manager/liballoc/liballoc.cpp.obj
 .data          0xffffffff801a1080        0x0 src/oboskrnl/CMakeFiles/oboskrnl.dir/multitasking/threadHandle.cpp.obj
 .data          0xffffffff801a1080        0x0 src/oboskrnl/CMakeFiles/oboskrnl.dir/external/list/list_node.c.obj
 .data          0xffffffff801a1080        0x0 src/oboskrnl/CMakeFiles/oboskrnl.dir/external/list/list.c.obj
 .data          0xffffffff801a1080        0xa src/oboskrnl/CMakeFiles/oboskrnl.dir/multitasking/multitasking.cpp.obj
                0xffffffff801a1080                _ZN4obos12multitasking12g_timerTicksE
                0xffffffff801a1088                _ZN4obos12multitasking20g_schedulerFrequencyE
 .data          0xffffffff801a108a        0x0 src/oboskrnl/CMakeFiles/oboskrnl.dir/elf/elf.cpp.obj
 *fill*         0xffffffff801a108a        0x2 
 .data          0xffffffff801a108c        0x4 src/oboskrnl/CMakeFiles/oboskrnl.dir/multitasking/thread.cpp.obj
                0xffffffff801a108c                _ZN4obos12multitasking15g_nextThreadTidE
 .data          0xffffffff801a1090        0x0 src/oboskrnl/CMakeFiles/oboskrnl.dir/multitasking/mutex/mutex.cpp.obj
 .data          0xffffffff801a1090        0x0 src/oboskrnl/CMakeFiles/oboskrnl.dir/multitasking/mutex/mutexHandle.cpp.obj
 .data          0xffffffff801a1090        0x0 src/oboskrnl/CMakeFiles/oboskrnl.dir/process/process.cpp.obj
 .data          0xffffffff801a1090        0x0 src/oboskrnl/CMakeFiles/oboskrnl.dir/driver_api/interrupts.cpp.obj
 .data          0xffffffff801a1090        0x8 src/oboskrnl/CMakeFiles/oboskrnl.dir/driver_api/syscalls.cpp.obj
                0xffffffff801a1090                _ZN4obos9driverAPI27g_registeredDriversCapacityE
 .data          0xffffffff801a1098        0x0 src/oboskrnl/CMakeFiles/oboskrnl.dir/syscalls/syscalls.cpp.obj
 *fill*         0xffffffff801a1098        0x8 
 .data          0xffffffff801a10a0      0xc2c src/oboskrnl/CMakeFiles/oboskrnl.dir/external/amalgamated-dist/Zydis.c.obj
 .data          0xffffffff801a1ccc        0x0 src/oboskrnl/CMakeFiles/oboskrnl.dir/descriptors/gdt/gdt.cpp.obj
 .data          0xffffffff801a1ccc        0x0 src/oboskrnl/CMakeFiles/oboskrnl.dir/vfs/mount.cpp.obj

.got            0xffffffff801a1cd0        0x0 load address 0x00000000001a1cd0
 .got           0xffffffff801a1cd0        0x0 src/oboskrnl/CMakeFiles/oboskrnl.dir/boot/x86-64/kernel_bootstrap.asm.obj

.got.plt        0xffffffff801a1cd0        0x0 load address 0x00000000001a1cd0
 .got.plt       0xffffffff801a1cd0        0x0 src/oboskrnl/CMakeFiles/oboskrnl.dir/boot/x86-64/kernel_bootstrap.asm.obj

.igot.plt       0xffffffff801a1cd0        0x0 load address 0x00000000001a1cd0
 .igot.plt      0xffffffff801a1cd0        0x0 src/oboskrnl/CMakeFiles/oboskrnl.dir/boot/x86-64/kernel_bootstrap.asm.obj

.eh_frame       0xffffffff801a1cd0     0x7bac load address 0x00000000001a1cd0
 .eh_frame      0xffffffff801a1cd0       0xc0 src/oboskrnl/CMakeFiles/oboskrnl.dir/descriptors/idt/x86-64/idt.cpp.obj
 .eh_frame      0xffffffff801a1d90      0x200 src/oboskrnl/CMakeFiles/oboskrnl.dir/x86-64/exception_handlers.cpp.obj
                                        0x218 (size before relaxing)
 .eh_frame      0xffffffff801a1f90      0x380 src/oboskrnl/CMakeFiles/oboskrnl.dir/memory_manager/paging/x86-64/init.cpp.obj
                                        0x398 (size before relaxing)
 .eh_frame      0xffffffff801a2310      0x238 src/oboskrnl/CMakeFiles/oboskrnl.dir/memory_manager/paging/x86-64/allocate.cpp.obj
                                        0x288 (size before relaxing)
 .eh_frame      0xffffffff801a2548      0x120 src/oboskrnl/CMakeFiles/oboskrnl.dir/memory_manager/x86-64/physical.cpp.obj
                                        0x138 (size before relaxing)
 .eh_frame      0xffffffff801a2668      0x348 src/oboskrnl/CMakeFiles/oboskrnl.dir/boot/kmain.cpp.obj
                                        0x360 (size before relaxing)
 .eh_frame      0xffffffff801a29b0      0x440 src/oboskrnl/CMakeFiles/oboskrnl.dir/console.cpp.obj
                                        0x458 (size before relaxing)
 .eh_frame      0xffffffff801a2df0      0x518 src/oboskrnl/CMakeFiles/oboskrnl.dir/klog.cpp.obj
                                        0x530 (size before relaxing)
 .eh_frame      0xffffffff801a3308      0x2d8 src/oboskrnl/CMakeFiles/oboskrnl.dir/inline-asm.cpp.obj
                                        0x2f0 (size before relaxing)
 .eh_frame      0xffffffff801a35e0      0x4d0 src/oboskrnl/CMakeFiles/oboskrnl.dir/utils/bitfields.cpp.obj
                                        0x4e8 (size before relaxing)
 .eh_frame      0xffffffff801a3ab0      0x3b8 src/oboskrnl/CMakeFiles/oboskrnl.dir/descriptors/idt/pic.cpp.obj
                                        0x3d0 (size before relaxing)
 .eh_frame      0xffffffff801a3e68       0xe0 src/oboskrnl/CMakeFiles/oboskrnl.dir/external/list/list_iterator.c.obj
                                         0xf8 (size before relaxing)
 .eh_frame      0xffffffff801a3f48      0x120 src/oboskrnl/CMakeFiles/oboskrnl.dir/utils/memory.cpp.obj
                                        0x138 (size before relaxing)
 .eh_frame      0xffffffff801a4068      0x310 src/oboskrnl/CMakeFiles/oboskrnl.dir/memory_manager/paging/liballoc_hooks.cpp.obj
                                        0x328 (size before relaxing)
 .eh_frame      0xffffffff801a4378      0x360 src/oboskrnl/CMakeFiles/oboskrnl.dir/memory_manager/liballoc/liballoc.cpp.obj
                                        0x378 (size before relaxing)
 .eh_frame      0xffffffff801a46d8      0x8e0 src/oboskrnl/CMakeFiles/oboskrnl.dir/multitasking/threadHandle.cpp.obj
                                        0x9d8 (size before relaxing)
 .eh_frame      0xffffffff801a4fb8       0x38 src/oboskrnl/CMakeFiles/oboskrnl.dir/external/list/list_node.c.obj
                                         0x50 (size before relaxing)
 .eh_frame      0xffffffff801a4ff0      0x1f8 src/oboskrnl/CMakeFiles/oboskrnl.dir/external/list/list.c.obj
                                        0x210 (size before relaxing)
 .eh_frame      0xffffffff801a51e8      0x380 src/oboskrnl/CMakeFiles/oboskrnl.dir/multitasking/multitasking.cpp.obj
                                        0x520 (size before relaxing)
 .eh_frame      0xffffffff801a5568       0x70 src/oboskrnl/CMakeFiles/oboskrnl.dir/elf/elf.cpp.obj
                                         0x88 (size before relaxing)
 .eh_frame      0xffffffff801a55d8       0x70 src/oboskrnl/CMakeFiles/oboskrnl.dir/multitasking/thread.cpp.obj
                                        0x1a0 (size before relaxing)
 .eh_frame      0xffffffff801a5648       0xe0 src/oboskrnl/CMakeFiles/oboskrnl.dir/multitasking/mutex/mutex.cpp.obj
                                         0xf8 (size before relaxing)
 .eh_frame      0xffffffff801a5728      0x208 src/oboskrnl/CMakeFiles/oboskrnl.dir/multitasking/mutex/mutexHandle.cpp.obj
                                        0x338 (size before relaxing)
 .eh_frame      0xffffffff801a5930      0x260 src/oboskrnl/CMakeFiles/oboskrnl.dir/process/process.cpp.obj
                                        0x518 (size before relaxing)
 .eh_frame      0xffffffff801a5b90       0xe0 src/oboskrnl/CMakeFiles/oboskrnl.dir/driver_api/interrupts.cpp.obj
                                         0xf8 (size before relaxing)
 .eh_frame      0xffffffff801a5c70      0x3d8 src/oboskrnl/CMakeFiles/oboskrnl.dir/driver_api/syscalls.cpp.obj
                                        0x460 (size before relaxing)
 .eh_frame      0xffffffff801a6048      0x968 src/oboskrnl/CMakeFiles/oboskrnl.dir/syscalls/syscalls.cpp.obj
                                        0x980 (size before relaxing)
 .eh_frame      0xffffffff801a69b0     0x2a98 src/oboskrnl/CMakeFiles/oboskrnl.dir/external/amalgamated-dist/Zydis.c.obj
                                       0x2ab0 (size before relaxing)
 .eh_frame      0xffffffff801a9448       0x70 src/oboskrnl/CMakeFiles/oboskrnl.dir/descriptors/gdt/gdt.cpp.obj
                                         0x88 (size before relaxing)
 .eh_frame      0xffffffff801a94b8      0x3c4 src/oboskrnl/CMakeFiles/oboskrnl.dir/vfs/mount.cpp.obj
                                        0x418 (size before relaxing)

.ctors          0xffffffff801a9880       0x18 load address 0x00000000001a9880
 .ctors         0xffffffff801a9880        0x8 src/oboskrnl/CMakeFiles/oboskrnl.dir/memory_manager/paging/x86-64/init.cpp.obj
 .ctors         0xffffffff801a9888        0x8 src/oboskrnl/CMakeFiles/oboskrnl.dir/console.cpp.obj
 .ctors         0xffffffff801a9890        0x8 src/oboskrnl/CMakeFiles/oboskrnl.dir/memory_manager/liballoc/liballoc.cpp.obj

.bss            0xffffffff801aa000    0x119e9 load address 0x00000000001aa000
 *(COMMON)
 *(.bss)
 .bss           0xffffffff801aa000     0x1820 src/oboskrnl/CMakeFiles/oboskrnl.dir/descriptors/idt/x86-64/idt.cpp.obj
                0xffffffff801aa000                _ZN4obos19g_interruptHandlersE
 .bss           0xffffffff801ab820        0x0 src/oboskrnl/CMakeFiles/oboskrnl.dir/x86-64/exception_handlers.cpp.obj
 .bss           0xffffffff801ab820       0x28 src/oboskrnl/CMakeFiles/oboskrnl.dir/memory_manager/paging/x86-64/init.cpp.obj
                0xffffffff801ab820                _ZN4obos6memory15g_level4PageMapE
                0xffffffff801ab830                _ZN4obos6memory15g_kernelPageMapE
                0xffffffff801ab840                _ZN4obos6memory10g_zeroPageE
 *fill*         0xffffffff801ab848      0x7b8 
 .bss           0xffffffff801ac000     0x2000 src/oboskrnl/CMakeFiles/oboskrnl.dir/memory_manager/paging/x86-64/allocate.cpp.obj
                0xffffffff801ac000                _ZN4obos6memory27g_pageTableMapPageDirectoryE
 .bss           0xffffffff801ae000       0x28 src/oboskrnl/CMakeFiles/oboskrnl.dir/memory_manager/x86-64/physical.cpp.obj
                0xffffffff801ae000                _ZN4obos6memory24g_physicalMemoryBitfieldE
                0xffffffff801ae008                _ZN4obos6memory14g_sizeOfMemoryE
                0xffffffff801ae010                _ZN4obos6memory17g_nPagesAllocatedE
                0xffffffff801ae018                _ZN4obos6memory15g_bitfieldCountE
                0xffffffff801ae020                _ZN4obos6memory12g_mmapLengthE
 *fill*         0xffffffff801ae028       0x18 
 .bss           0xffffffff801ae040     0x19b9 src/oboskrnl/CMakeFiles/oboskrnl.dir/boot/kmain.cpp.obj
                0xffffffff801ae040                _ZN4obos15g_multibootInfoE
                0xffffffff801ae048                _ZN4obos15g_kernelProcessE
                0xffffffff801ae060                __atexitFuncs
                0xffffffff801af860                __atexitFuncCount
 *fill*         0xffffffff801af9f9        0x7 
 .bss           0xffffffff801afa00       0x81 src/oboskrnl/CMakeFiles/oboskrnl.dir/console.cpp.obj
                0xffffffff801afa00                _ZN4obos17s_foregroundColorE
                0xffffffff801afa04                _ZN4obos17s_backgroundColorE
                0xffffffff801afa08                _ZN4obos16s_terminalColumnE
                0xffffffff801afa0c                _ZN4obos13s_terminalRowE
                0xffffffff801afa10                _ZN4obos20s_reachedEndTerminalE
                0xffffffff801afa18                _ZN4obos13s_framebufferE
                0xffffffff801afa20                _ZN4obos12s_backbufferE
                0xffffffff801afa28                _ZN4obos18s_framebufferWidthE
                0xffffffff801afa30                _ZN4obos19s_framebufferHeightE
                0xffffffff801afa38                _ZN4obos16s_nCharsVerticalE
                0xffffffff801afa40                _ZN4obos18s_nCharsHorizontalE
                0xffffffff801afa48                _ZN4obos4fontE
 .bss           0xffffffff801afa81        0x0 src/oboskrnl/CMakeFiles/oboskrnl.dir/klog.cpp.obj
 *fill*         0xffffffff801afa81        0x3 
 .bss           0xffffffff801afa84        0x8 src/oboskrnl/CMakeFiles/oboskrnl.dir/inline-asm.cpp.obj
                0xffffffff801afa84                inKernelSection
                0xffffffff801afa88                _ZN4obos11countCalledE
 .bss           0xffffffff801afa8c        0x0 src/oboskrnl/CMakeFiles/oboskrnl.dir/utils/bitfields.cpp.obj
 .bss           0xffffffff801afa8c        0x0 src/oboskrnl/CMakeFiles/oboskrnl.dir/descriptors/idt/pic.cpp.obj
 .bss           0xffffffff801afa8c        0x0 src/oboskrnl/CMakeFiles/oboskrnl.dir/external/list/list_iterator.c.obj
 .bss           0xffffffff801afa8c        0x0 src/oboskrnl/CMakeFiles/oboskrnl.dir/utils/memory.cpp.obj
 *fill*         0xffffffff801afa8c        0x4 
 .bss           0xffffffff801afa90        0x8 src/oboskrnl/CMakeFiles/oboskrnl.dir/memory_manager/paging/liballoc_hooks.cpp.obj
                0xffffffff801afa90                _ZN4obos25g_nLiballocPagesAllocatedE
 .bss           0xffffffff801afa98       0x28 src/oboskrnl/CMakeFiles/oboskrnl.dir/memory_manager/liballoc/liballoc.cpp.obj
                0xffffffff801afa98                pageBlockHead
                0xffffffff801afaa0                pageBlockTail
                0xffffffff801afaa8                nPageBlocks
                0xffffffff801afab0                totalPagesAllocated
 .bss           0xffffffff801afac0        0x0 src/oboskrnl/CMakeFiles/oboskrnl.dir/multitasking/threadHandle.cpp.obj
 .bss           0xffffffff801afac0        0x0 src/oboskrnl/CMakeFiles/oboskrnl.dir/external/list/list_node.c.obj
 .bss           0xffffffff801afac0        0x0 src/oboskrnl/CMakeFiles/oboskrnl.dir/external/list/list.c.obj
 *fill*         0xffffffff801afac0      0x540 
 .bss           0xffffffff801b0000     0x2000 src/oboskrnl/CMakeFiles/oboskrnl.dir/multitasking/multitasking.cpp.obj
                0xffffffff801b0000                _ZN4obos12multitasking9g_threadsE
                0xffffffff801b0020                _ZN4obos12multitasking20g_threadPriorityListE
                0xffffffff801b0040                _ZN4obos12multitasking15g_currentThreadE
                0xffffffff801b0048                _ZN4obos12multitasking13g_initializedE
                0xffffffff801b0050                _ZN4obos12multitasking16g_schedulerMutexE
 .bss           0xffffffff801b2000        0x0 src/oboskrnl/CMakeFiles/oboskrnl.dir/elf/elf.cpp.obj
 .bss           0xffffffff801b2000        0x0 src/oboskrnl/CMakeFiles/oboskrnl.dir/multitasking/thread.cpp.obj
 .bss           0xffffffff801b2000        0x0 src/oboskrnl/CMakeFiles/oboskrnl.dir/multitasking/mutex/mutex.cpp.obj
 .bss           0xffffffff801b2000        0x0 src/oboskrnl/CMakeFiles/oboskrnl.dir/multitasking/mutex/mutexHandle.cpp.obj
 .bss           0xffffffff801b2000       0x1c src/oboskrnl/CMakeFiles/oboskrnl.dir/process/process.cpp.obj
                0xffffffff801b2000                _ZN4obos7process15g_nextProcessIdE
                0xffffffff801b2008                _ZN4obos7process13g_processListE
                0xffffffff801b2010                _ZN4obos7process18ProcEntryPointBaseE
 *fill*         0xffffffff801b201c        0x4 
 .bss           0xffffffff801b2020      0x800 src/oboskrnl/CMakeFiles/oboskrnl.dir/driver_api/interrupts.cpp.obj
                0xffffffff801b2020                _ZN4obos9driverAPI14g_syscallTableE
 .bss           0xffffffff801b2820      0x120 src/oboskrnl/CMakeFiles/oboskrnl.dir/driver_api/syscalls.cpp.obj
                0xffffffff801b2820                _ZN4obos9driverAPI19g_registeredDriversE
 .bss           0xffffffff801b2940     0x1000 src/oboskrnl/CMakeFiles/oboskrnl.dir/syscalls/syscalls.cpp.obj
                0xffffffff801b2940                _ZN4obos7process14g_syscallTableE
 .bss           0xffffffff801b3940        0x0 src/oboskrnl/CMakeFiles/oboskrnl.dir/external/amalgamated-dist/Zydis.c.obj
 .bss           0xffffffff801b3940       0x68 src/oboskrnl/CMakeFiles/oboskrnl.dir/descriptors/gdt/gdt.cpp.obj
                0xffffffff801b3940                _ZN4obos10s_tssEntryE
 *fill*         0xffffffff801b39a8        0x8 
 .bss           0xffffffff801b39b0       0x39 src/oboskrnl/CMakeFiles/oboskrnl.dir/vfs/mount.cpp.obj
                0xffffffff801b39b0                _ZN4obos3vfs15g_mountedInitRDE
 *(.bootstrap_stack)
 .bootstrap_stack
                0xffffffff801b39e9     0x8000 src/oboskrnl/CMakeFiles/oboskrnl.dir/boot/x86-64/kernel_bootstrap.asm.obj
                0xffffffff801b39e9                _ZN4obos12stack_bottomE
                0xffffffff801b79e9                _ZN4obos9stack_topE
                0xffffffff801b79e9                _ZN4obos15thrstack_bottomE
                0xffffffff801bb9e9                _ZN4obos12thrstack_topE
                0xffffffff801bb9e9                _kernel_end = .
                0x0000000000400000                _ZN4obos6memory8endImageE = 0x400000
                0xffffffff80000000                _ZN4obos11kernelStartE = 0xffffffff80000000
                0xffffffffffffffff                _ZN4obos6memory9endKernelE = 0xffffffffffffffff
OUTPUT(/mnt/c/Code/obos/out/oboskrnl elf64-x86-64)

.debug_aranges  0x0000000000000000      0xd10
 .debug_aranges
                0x0000000000000000       0x30 src/oboskrnl/CMakeFiles/oboskrnl.dir/boot/x86-64/kernel_bootstrap.asm.obj
 .debug_aranges
                0x0000000000000030       0x30 src/oboskrnl/CMakeFiles/oboskrnl.dir/x86-64/inline-asm.asm.obj
 .debug_aranges
                0x0000000000000060       0x30 src/oboskrnl/CMakeFiles/oboskrnl.dir/descriptors/idt/x86-64/handlers.asm.obj
 .debug_aranges
                0x0000000000000090       0x30 src/oboskrnl/CMakeFiles/oboskrnl.dir/descriptors/idt/x86-64/idt.asm.obj
 .debug_aranges
                0x00000000000000c0       0x30 src/oboskrnl/CMakeFiles/oboskrnl.dir/utils/memcpy_x86-64.asm.obj
 .debug_aranges
                0x00000000000000f0       0x30 src/oboskrnl/CMakeFiles/oboskrnl.dir/memory_manager/paging/x86-64/init.asm.obj
 .debug_aranges
                0x0000000000000120       0x30 src/oboskrnl/CMakeFiles/oboskrnl.dir/multitasking/multitasking_x86-64.asm.obj
 .debug_aranges
                0x0000000000000150       0x30 src/oboskrnl/CMakeFiles/oboskrnl.dir/driver_api/interrupts.asm.obj
 .debug_aranges
                0x0000000000000180       0x30 src/oboskrnl/CMakeFiles/oboskrnl.dir/syscalls/interrupts.asm.obj
 .debug_aranges
                0x00000000000001b0       0x30 src/oboskrnl/CMakeFiles/oboskrnl.dir/descriptors/gdt/gdt_x86-64.asm.obj
 .debug_aranges
                0x00000000000001e0       0x30 src/oboskrnl/CMakeFiles/oboskrnl.dir/driver_api/x86_64/dInterrupts.asm.obj
 .debug_aranges
                0x0000000000000210       0x30 src/oboskrnl/CMakeFiles/oboskrnl.dir/vfs/x86_64/driverCall.asm.obj
 .debug_aranges
                0x0000000000000240       0x30 src/oboskrnl/CMakeFiles/oboskrnl.dir/descriptors/idt/x86-64/idt.cpp.obj
 .debug_aranges
                0x0000000000000270       0x70 src/oboskrnl/CMakeFiles/oboskrnl.dir/x86-64/exception_handlers.cpp.obj
 .debug_aranges
                0x00000000000002e0       0x40 src/oboskrnl/CMakeFiles/oboskrnl.dir/memory_manager/paging/x86-64/init.cpp.obj
 .debug_aranges
                0x0000000000000320       0x50 src/oboskrnl/CMakeFiles/oboskrnl.dir/memory_manager/paging/x86-64/allocate.cpp.obj
 .debug_aranges
                0x0000000000000370       0x30 src/oboskrnl/CMakeFiles/oboskrnl.dir/memory_manager/x86-64/physical.cpp.obj
 .debug_aranges
                0x00000000000003a0       0x60 src/oboskrnl/CMakeFiles/oboskrnl.dir/boot/kmain.cpp.obj
 .debug_aranges
                0x0000000000000400       0x30 src/oboskrnl/CMakeFiles/oboskrnl.dir/console.cpp.obj
 .debug_aranges
                0x0000000000000430       0x30 src/oboskrnl/CMakeFiles/oboskrnl.dir/klog.cpp.obj
 .debug_aranges
                0x0000000000000460       0x30 src/oboskrnl/CMakeFiles/oboskrnl.dir/inline-asm.cpp.obj
 .debug_aranges
                0x0000000000000490       0x30 src/oboskrnl/CMakeFiles/oboskrnl.dir/utils/bitfields.cpp.obj
 .debug_aranges
                0x00000000000004c0       0x30 src/oboskrnl/CMakeFiles/oboskrnl.dir/descriptors/idt/pic.cpp.obj
 .debug_aranges
                0x00000000000004f0       0x30 src/oboskrnl/CMakeFiles/oboskrnl.dir/external/list/list_iterator.c.obj
 .debug_aranges
                0x0000000000000520       0x30 src/oboskrnl/CMakeFiles/oboskrnl.dir/utils/memory.cpp.obj
 .debug_aranges
                0x0000000000000550       0x30 src/oboskrnl/CMakeFiles/oboskrnl.dir/memory_manager/paging/liballoc_hooks.cpp.obj
 .debug_aranges
                0x0000000000000580       0x90 src/oboskrnl/CMakeFiles/oboskrnl.dir/memory_manager/liballoc/liballoc.cpp.obj
 .debug_aranges
                0x0000000000000610      0x100 src/oboskrnl/CMakeFiles/oboskrnl.dir/multitasking/threadHandle.cpp.obj
 .debug_aranges
                0x0000000000000710       0x30 src/oboskrnl/CMakeFiles/oboskrnl.dir/external/list/list_node.c.obj
 .debug_aranges