Archive member included to satisfy reference by file (symbol)

/home/omar/opt/cross/lib/gcc/i686-elf/11.4.0/libgcc.a(_umoddi3.o)
                              src/oboskrnl/CMakeFiles/oboskrnl.dir/klog.cpp.o (__umoddi3)

Discarded input sections

 .gnu.linkonce.t._ZN4obos6HandleD2Ev
                0x00000000       0x10 src/oboskrnl/CMakeFiles/oboskrnl.dir/boot/kmain.cpp.o
 .gnu.linkonce.t._ZN4obos12multitasking12ThreadHandleD1Ev
                0x00000000       0x30 src/oboskrnl/CMakeFiles/oboskrnl.dir/boot/kmain.cpp.o
 .gnu.linkonce.r._ZTVN4obos6HandleE
                0x00000000       0x18 src/oboskrnl/CMakeFiles/oboskrnl.dir/boot/kmain.cpp.o
 .gnu.linkonce.t._ZN4obos12multitasking6ThreadD1Ev
                0x00000000       0x3b src/oboskrnl/CMakeFiles/oboskrnl.dir/multitasking/multitasking.cpp.o
 .gnu.linkonce.t._ZN4obos12multitasking6ThreadD0Ev
                0x00000000       0x26 src/oboskrnl/CMakeFiles/oboskrnl.dir/multitasking/multitasking.cpp.o
 .gnu.linkonce.t._ZN4obos12multitasking6ThreadC1Ev
                0x00000000       0x88 src/oboskrnl/CMakeFiles/oboskrnl.dir/multitasking/multitasking.cpp.o
 .gnu.linkonce.r._ZTVN4obos12multitasking6ThreadE
                0x00000000       0x10 src/oboskrnl/CMakeFiles/oboskrnl.dir/multitasking/multitasking.cpp.o
 .gnu.linkonce.t._ZN4obos6HandleD2Ev
                0x00000000       0x10 src/oboskrnl/CMakeFiles/oboskrnl.dir/multitasking/threadHandle.cpp.o
 .gnu.linkonce.t._ZN4obos12multitasking6ThreadD1Ev
                0x00000000       0x3b src/oboskrnl/CMakeFiles/oboskrnl.dir/multitasking/threadHandle.cpp.o
 .gnu.linkonce.t._ZN4obos12multitasking6ThreadD0Ev
                0x00000000       0x26 src/oboskrnl/CMakeFiles/oboskrnl.dir/multitasking/threadHandle.cpp.o
 .gnu.linkonce.t._ZN4obos12multitasking12ThreadHandleD1Ev
                0x00000000       0x30 src/oboskrnl/CMakeFiles/oboskrnl.dir/multitasking/threadHandle.cpp.o
 .gnu.linkonce.t._ZN4obos12multitasking12ThreadHandleD0Ev
                0x00000000       0x26 src/oboskrnl/CMakeFiles/oboskrnl.dir/multitasking/threadHandle.cpp.o
 .gnu.linkonce.t._ZN4obos12multitasking6ThreadC1Ev
                0x00000000       0x88 src/oboskrnl/CMakeFiles/oboskrnl.dir/multitasking/threadHandle.cpp.o
 .gnu.linkonce.r._ZTVN4obos12multitasking6ThreadE
                0x00000000       0x10 src/oboskrnl/CMakeFiles/oboskrnl.dir/multitasking/threadHandle.cpp.o
 .gnu.linkonce.r._ZTVN4obos6HandleE
                0x00000000       0x18 src/oboskrnl/CMakeFiles/oboskrnl.dir/multitasking/threadHandle.cpp.o
 .gnu.linkonce.t._ZN4obos12multitasking6ThreadD1Ev
                0x00000000       0x3b src/oboskrnl/CMakeFiles/oboskrnl.dir/multitasking/thread.cpp.o
 .gnu.linkonce.t._ZN4obos12multitasking6ThreadD0Ev
                0x00000000       0x26 src/oboskrnl/CMakeFiles/oboskrnl.dir/multitasking/thread.cpp.o
 .gnu.linkonce.r._ZTVN4obos12multitasking6ThreadE
                0x00000000       0x10 src/oboskrnl/CMakeFiles/oboskrnl.dir/multitasking/thread.cpp.o
 .gnu.linkonce.t._ZN4obos6Handle13getReferencesEv
                0x00000000        0xe src/oboskrnl/CMakeFiles/oboskrnl.dir/multitasking/mutex/mutexHandle.cpp.o
 .gnu.linkonce.t._ZN4obos6HandleD2Ev
                0x00000000       0x10 src/oboskrnl/CMakeFiles/oboskrnl.dir/multitasking/mutex/mutexHandle.cpp.o
 .gnu.linkonce.t._ZN4obos6HandleC2Ev
                0x00000000       0x2e src/oboskrnl/CMakeFiles/oboskrnl.dir/multitasking/mutex/mutexHandle.cpp.o
 .gnu.linkonce.r._ZTVN4obos6HandleE
                0x00000000       0x18 src/oboskrnl/CMakeFiles/oboskrnl.dir/multitasking/mutex/mutexHandle.cpp.o

Memory Configuration

Name             Origin             Length             Attributes
*default*        0x00000000         0xffffffff

Linker script and memory map

LOAD /tmp/ccGADShy.o
LOAD /home/omar/opt/cross/lib/gcc/i686-elf/11.4.0/crtbegin.o
LOAD /home/omar/opt/cross/lib/gcc/i686-elf/11.4.0/crtend.o
LOAD /tmp/ccbyIrST.o
LOAD src/oboskrnl/CMakeFiles/oboskrnl.dir/boot/kernel_bootstrap-i686.asm.o
LOAD src/oboskrnl/CMakeFiles/oboskrnl.dir/descriptors/gdt/gdt.asm.o
LOAD src/oboskrnl/CMakeFiles/oboskrnl.dir/descriptors/idt/idt.asm.o
LOAD src/oboskrnl/CMakeFiles/oboskrnl.dir/descriptors/idt/handlers.asm.o
LOAD src/oboskrnl/CMakeFiles/oboskrnl.dir/memory_manager/paging/init.asm.o
LOAD src/oboskrnl/CMakeFiles/oboskrnl.dir/multitasking/multitasking.asm.o
LOAD src/oboskrnl/CMakeFiles/oboskrnl.dir/utils/memcpy.asm.o
LOAD src/oboskrnl/CMakeFiles/oboskrnl.dir/inline-asm.asm.o
LOAD src/oboskrnl/CMakeFiles/oboskrnl.dir/driver_api/interrupts.asm.o
LOAD src/oboskrnl/CMakeFiles/oboskrnl.dir/process/process.cpp.o
LOAD src/oboskrnl/CMakeFiles/oboskrnl.dir/boot/kmain.cpp.o
LOAD src/oboskrnl/CMakeFiles/oboskrnl.dir/console.cpp.o
LOAD src/oboskrnl/CMakeFiles/oboskrnl.dir/klog.cpp.o
LOAD src/oboskrnl/CMakeFiles/oboskrnl.dir/inline-asm.cpp.o
LOAD src/oboskrnl/CMakeFiles/oboskrnl.dir/descriptors/gdt/gdt.cpp.o
LOAD src/oboskrnl/CMakeFiles/oboskrnl.dir/descriptors/idt/idt.cpp.o
LOAD src/oboskrnl/CMakeFiles/oboskrnl.dir/memory_manager/physical.cpp.o
LOAD src/oboskrnl/CMakeFiles/oboskrnl.dir/utils/bitfields.cpp.o
LOAD src/oboskrnl/CMakeFiles/oboskrnl.dir/descriptors/idt/pic.cpp.o
LOAD src/oboskrnl/CMakeFiles/oboskrnl.dir/memory_manager/paging/init.cpp.o
LOAD src/oboskrnl/CMakeFiles/oboskrnl.dir/memory_manager/paging/allocate.cpp.o
LOAD src/oboskrnl/CMakeFiles/oboskrnl.dir/utils/memory.cpp.o
LOAD src/oboskrnl/CMakeFiles/oboskrnl.dir/memory_manager/paging/liballoc_hooks.cpp.o
LOAD src/oboskrnl/CMakeFiles/oboskrnl.dir/memory_manager/liballoc/liballoc.c.o
LOAD src/oboskrnl/CMakeFiles/oboskrnl.dir/external/list/list_iterator.c.o
LOAD src/oboskrnl/CMakeFiles/oboskrnl.dir/external/list/list_node.c.o
LOAD src/oboskrnl/CMakeFiles/oboskrnl.dir/external/list/list.c.o
LOAD src/oboskrnl/CMakeFiles/oboskrnl.dir/multitasking/multitasking.cpp.o
LOAD src/oboskrnl/CMakeFiles/oboskrnl.dir/multitasking/threadHandle.cpp.o
LOAD src/oboskrnl/CMakeFiles/oboskrnl.dir/multitasking/thread.cpp.o
LOAD src/oboskrnl/CMakeFiles/oboskrnl.dir/multitasking/mutex/mutex.cpp.o
LOAD src/oboskrnl/CMakeFiles/oboskrnl.dir/multitasking/mutex/mutexHandle.cpp.o
LOAD src/oboskrnl/CMakeFiles/oboskrnl.dir/elf/elf.cpp.o
LOAD src/oboskrnl/CMakeFiles/oboskrnl.dir/driver_api/interrupts.cpp.o
LOAD src/oboskrnl/CMakeFiles/oboskrnl.dir/driver_api/syscalls.cpp.o
LOAD /home/omar/opt/cross/lib/gcc/i686-elf/11.4.0/libgcc.a
                0x00100000                        . = 0x100000
                0x00100000                        _kernel_start = .

.multiboot.data
                0x00100000     0x3004
 *(.multiboot.data)
 .multiboot.data
                0x00100000     0x3004 src/oboskrnl/CMakeFiles/oboskrnl.dir/boot/kernel_bootstrap-i686.asm.o
                0x00102000                boot_page_directory1

.multiboot.text
                0x00103004       0x63
 *(.multiboot.text)
 .multiboot.text
                0x00103004       0x63 src/oboskrnl/CMakeFiles/oboskrnl.dir/boot/kernel_bootstrap-i686.asm.o
                0x00103004                _start
                0xc0103067                        . = (. + 0xc0000000)

.text           0xc0104000     0x9070 load address 0x00104000
 *(.text)
 .text          0xc0104000        0x0 /tmp/ccGADShy.o
 .text          0xc0104000      0x145 /home/omar/opt/cross/lib/gcc/i686-elf/11.4.0/crtbegin.o
 *fill*         0xc0104145        0xb 
 .text          0xc0104150       0x41 /home/omar/opt/cross/lib/gcc/i686-elf/11.4.0/crtend.o
 .text          0xc0104191        0x0 /tmp/ccbyIrST.o
 *fill*         0xc0104191        0xf 
 .text          0xc01041a0       0x1b src/oboskrnl/CMakeFiles/oboskrnl.dir/boot/kernel_bootstrap-i686.asm.o
                0xc01041ae                _ZN4obos15RestartComputerEv
 *fill*         0xc01041bb        0x5 
 .text          0xc01041c0       0x1d src/oboskrnl/CMakeFiles/oboskrnl.dir/descriptors/gdt/gdt.asm.o
                0xc01041c0                gdtFlush
 *fill*         0xc01041dd        0x3 
 .text          0xc01041e0        0x8 src/oboskrnl/CMakeFiles/oboskrnl.dir/descriptors/idt/idt.asm.o
                0xc01041e0                _ZN4obos8idtFlushEj
 *fill*         0xc01041e8        0x8 
 .text          0xc01041f0      0x1cb src/oboskrnl/CMakeFiles/oboskrnl.dir/descriptors/idt/handlers.asm.o
                0xc01041f0                isr0
                0xc01041fa                isr1
                0xc0104204                isr2
                0xc010420e                isr3
                0xc0104218                isr4
                0xc0104222                isr5
                0xc010422c                isr6
                0xc0104236                isr7
                0xc0104240                isr8
                0xc0104248                isr9
                0xc0104252                isr10
                0xc010425a                isr11
                0xc0104262                isr12
                0xc010426a                isr13
                0xc0104272                isr14
                0xc010427a                isr15
                0xc0104284                isr16
                0xc010428e                isr17
                0xc0104298                isr18
                0xc01042a2                isr19
                0xc01042ac                isr20
                0xc01042b6                isr21
                0xc01042be                isr22
                0xc01042c8                isr23
                0xc01042d2                isr24
                0xc01042dc                isr25
                0xc01042e6                isr26
                0xc01042f0                isr27
                0xc01042fa                isr28
                0xc0104304                isr29
                0xc010430c                isr30
                0xc0104311                isr31
                0xc0104318                isr32
                0xc010431f                isr33
                0xc0104326                isr34
                0xc010432d                isr35
                0xc0104334                isr36
                0xc010433b                isr37
                0xc0104342                isr38
                0xc0104349                isr39
                0xc0104350                isr40
                0xc0104357                isr41
                0xc010435e                isr42
                0xc0104365                isr43
                0xc010436c                isr44
                0xc0104373                isr45
                0xc010437a                isr46
                0xc0104381                isr47
                0xc0104388                isr48
                0xc010438f                isr_common_stub
 *fill*         0xc01043bb        0x5 
 .text          0xc01043c0       0x20 src/oboskrnl/CMakeFiles/oboskrnl.dir/memory_manager/paging/init.asm.o
                0xc01043c0                _ZN4obos6memory13PageDirectory15switchToThisAsmEj
                0xc01043cc                _ZN4obos6memory19GetPageFaultAddressEv
                0xc01043d0                _ZN4obos6memory12enablePagingEv
 .text          0xc01043e0       0x34 src/oboskrnl/CMakeFiles/oboskrnl.dir/multitasking/multitasking.asm.o
                0xc01043e0                _ZN4obos12multitasking15switchToTaskAsmEv
 *fill*         0xc0104414        0xc 
 .text          0xc0104420       0xa2 src/oboskrnl/CMakeFiles/oboskrnl.dir/utils/memcpy.asm.o
                0xc0104420                _ZN4obos5utils6memcpyEPvPKvj
                0xc010443d                _ZN4obos5utils7memzeroEPvj
                0xc0104455                _ZN4obos5utils8dwMemsetEPjjj
                0xc0104471                _ZN4obos5utils8dwMemcpyEPjPKjj
                0xc0104492                _ZN4obos5utils6memsetEPvjj
                0xc01044ac                _ZN4obos5utils6strlenEPKc
 *fill*         0xc01044c2        0xe 
 .text          0xc01044d0        0x7 src/oboskrnl/CMakeFiles/oboskrnl.dir/inline-asm.asm.o
                0xc01044d0                _Z9getEflagsv
 *fill*         0xc01044d7        0x9 
 .text          0xc01044e0       0x11 src/oboskrnl/CMakeFiles/oboskrnl.dir/driver_api/interrupts.asm.o
                0xc01044e0                isr80
 *fill*         0xc01044f1        0x1 
 .text          0xc01044f2      0x6bf src/oboskrnl/CMakeFiles/oboskrnl.dir/process/process.cpp.o
                0xc01044f2                _ZN4obos7process7ProcessC1Ev
                0xc01044f2                _ZN4obos7process7ProcessC2Ev
                0xc0104533                _ZN4obos7process14ProcEntryPointEPv
                0xc0104586                _ZN4obos7process16DriverEntryPointEPv
                0xc010461a                _ZN4obos7process7Process13CreateProcessEPhjPvb
                0xc01048c4                _ZN4obos7process7Process16TerminateProcessEv
 *fill*         0xc0104bb1        0x1 
 .text          0xc0104bb2      0xa80 src/oboskrnl/CMakeFiles/oboskrnl.dir/boot/kmain.cpp.o
                0xc0104bb2                _ZN4obos9pageFaultEPKNS_15interrupt_frameE
                0xc0104d5a                _ZN4obos23defaultExceptionHandlerEPKNS_15interrupt_frameE
                0xc0104e72                _ZN4obos5kmainEP14multiboot_infoj
                0xc0105057                _ZN4obos8kmainThrEv
                0xc0105465                __cxa_pure_virtual
                0xc0105480                __cxa_atexit
                0xc01054f8                __cxa_finalize
 .text          0xc0105632      0xac8 src/oboskrnl/CMakeFiles/oboskrnl.dir/console.cpp.o
                0xc0105898                _ZN4obos17InitializeConsoleEjj
                0xc0105a53                _ZN4obos9SetCursorEb
                0xc0105a62                _ZN4obos15SetConsoleColorEjj
                0xc0105a78                _ZN4obos15GetConsoleColorERjS0_
                0xc0105ce1                _ZN4obos13ConsoleOutputEPKcjb
                0xc0105d65                _ZN4obos19ConsoleOutputStringEPKcb
                0xc0105df0                _ZN4obos15ConsoleFillLineEcb
                0xc0105e7a                _ZN4obos22ConsoleOutputCharacterEcb
                0xc0105ee3                _ZN4obos25SetTerminalCursorPositionEjj
                0xc0106064                _ZN4obos11swapBuffersEv
 .text          0xc01060fa      0x9bb src/oboskrnl/CMakeFiles/oboskrnl.dir/klog.cpp.o
                0xc01061b5                _Z10strreversePci
                0xc0106225                _Z13itoa_unsignedjPci
                0xc0106341                _ZN4obos8_vprintfEPFvhPvES0_PKcPc
                0xc0106729                _ZN4obos6printfEPKcz
                0xc0106754                _ZN4obos7vprintfEPKcPc
                0xc0106786                _ZN4obos6kpanicEPvPKcz
                0xc01068ed                _ZN4obos14printf_noFlushEPKcz
                0xc0106913                _ZN4obos15printStackTraceEPvPKc
                0xc01069d8                _ZN4obos4randEv
                0xc01069ff                _ZN4obos5srandEj
                0xc0106a23                _ZN4obos4poopEv
 .text          0xc0106ab5      0x81a src/oboskrnl/CMakeFiles/oboskrnl.dir/inline-asm.cpp.o
                0xc0106ab5                _Z4outbth
                0xc0106ad6                _Z4outwtt
                0xc0106af7                _Z3inbt
                0xc0106b14                _Z3inwt
                0xc0106b33                _Z7io_waitv
                0xc0106b48                _Z3cliv
                0xc0106b5c                _Z3stiv
                0xc0106b70                _Z3hltv
                0xc0106b77                _Z4_inth
                0xc010722f                _ZN4obos18EnterKernelSectionEv
                0xc0107271                _ZN4obos18LeaveKernelSectionEv
 *fill*         0xc01072cf        0x1 
 .text          0xc01072d0      0x177 src/oboskrnl/CMakeFiles/oboskrnl.dir/descriptors/gdt/gdt.cpp.o
                0xc01072d0                _ZN4obos8GdtEntryC2Ejjhh
                0xc01072d0                _ZN4obos8GdtEntryC1Ejjhh
                0xc0107349                _ZN4obos13InitializeGdtEv
 *fill*         0xc0107447        0x1 
 .text          0xc0107448      0xa0f src/oboskrnl/CMakeFiles/oboskrnl.dir/descriptors/idt/idt.cpp.o
                0xc0107448                _ZN4obos8IdtEntryC2Ejth
                0xc0107448                _ZN4obos8IdtEntryC1Ejth
                0xc010749b                _ZN4obos13InitializeIdtEv
                0xc0107e3a                _ZN4obos24RegisterInterruptHandlerEhPFvPKNS_15interrupt_frameEE
 .text          0xc0107e57      0x69d src/oboskrnl/CMakeFiles/oboskrnl.dir/memory_manager/physical.cpp.o
                0xc0107f3d                _ZN4obos6memory31InitializePhysicalMemoryManagerEv
                0xc0108174                _ZN4obos6memory20kalloc_physicalPagesEj
                0xc01083c1                _ZN4obos6memory19kfree_physicalPagesEPvj
 .text          0xc01084f4      0x2c2 src/oboskrnl/CMakeFiles/oboskrnl.dir/utils/bitfields.cpp.o
                0xc0108512                _ZN4obos5utils12BitfieldBaseC2Ev
                0xc0108512                _ZN4obos5utils12BitfieldBaseC1Ev
                0xc010852c                _ZN4obos5utils12BitfieldBase6setBitEj
                0xc0108544                _ZN4obos5utils12BitfieldBase8clearBitEj
                0xc010855e                _ZNK4obos5utils12BitfieldBase6getBitEj
                0xc0108572                _ZNK4obos5utils12BitfieldBaseixEj
                0xc0108592                _ZN4obos5utils12BitfieldBasecvjEv
                0xc010859e                _ZN4obos5utils12BitfieldBasecvbEv
                0xc01085b0                _ZN4obos5utils8BitfieldC2Ev
                0xc01085b0                _ZN4obos5utils8BitfieldC1Ev
                0xc01085cc                _ZN4obos5utils8Bitfield6setBitEh
                0xc0108602                _ZN4obos5utils8Bitfield8clearBitEh
                0xc0108638                _ZNK4obos5utils8Bitfield6getBitEh
                0xc0108684                _ZNK4obos5utils8BitfieldixEh
                0xc01086ac                _ZN4obos5utils8BitfieldcvbEv
                0xc01086be                _ZN4obos5utils15IntegerBitfieldC2Ev
                0xc01086be                _ZN4obos5utils15IntegerBitfieldC1Ev
                0xc01086da                _ZN4obos5utils15IntegerBitfieldC2Ej
                0xc01086da                _ZN4obos5utils15IntegerBitfieldC1Ej
                0xc0108700                _ZN4obos5utils15IntegerBitfield11setBitfieldEj
                0xc010870f                _ZN4obos5utils16setBitInBitfieldERjh
                0xc010873d                _ZN4obos5utils18clearBitInBitfieldERjh
                0xc010876d                _ZN4obos5utils17testBitInBitfieldEjh
 .text          0xc01087b6      0x487 src/oboskrnl/CMakeFiles/oboskrnl.dir/descriptors/idt/pic.cpp.o
                0xc01087b6                _ZN4obos3PicC2Ett
                0xc01087b6                _ZN4obos3PicC1Ett
                0xc01087fe                _ZN4obos3Pic8setPortsEtt
                0xc0108832                _ZN4obos3Pic15sendCommandByteEh
                0xc0108870                _ZN4obos3Pic15sendCommandWordEt
                0xc01088b0                _ZN4obos3Pic12sendDataByteEh
                0xc01088f0                _ZN4obos3Pic12sendDataWordEt
                0xc0108930                _ZN4obos3Pic15recvCommandByteEv
                0xc0108964                _ZN4obos3Pic15recvCommandWordEv
                0xc0108998                _ZN4obos3Pic12recvDataByteEv
                0xc01089cc                _ZN4obos3Pic12recvDataWordEv
                0xc0108a00                _ZN4obos3Pic7sendEOIEv
                0xc0108a1a                _ZN4obos3Pic5remapEhh
                0xc0108a76                _ZN4obos3Pic9enableIrqEh
                0xc0108acc                _ZN4obos3Pic10disableIrqEh
                0xc0108b22                _ZN4obos3Pic7disableEv
                0xc0108b3e                _ZN4obos3Pic15issuedInterruptEh
                0xc0108b8c                _ZN4obos7SendEOIEh
 *fill*         0xc0108c3d        0x1 
 .text          0xc0108c3e      0x26e src/oboskrnl/CMakeFiles/oboskrnl.dir/memory_manager/paging/init.cpp.o
                0xc0108c3e                _ZN4obos6memory13PageDirectoryC2Ev
                0xc0108c3e                _ZN4obos6memory13PageDirectoryC1Ev
                0xc0108c6c                _ZN4obos6memory13PageDirectoryC1EPj
                0xc0108c6c                _ZN4obos6memory13PageDirectoryC2EPj
                0xc0108c98                _ZN4obos6memory13PageDirectory4initEv
                0xc0108cc8                _ZN4obos6memory13PageDirectory12switchToThisEv
                0xc0108d00                _ZN4obos6memory13PageDirectory19getPageTableAddressEt
                0xc0108d6e                _ZN4obos6memory13PageDirectory12getPageTableEt
                0xc0108de2                _ZN4obos6memory13PageDirectoryD1Ev
                0xc0108de2                _ZN4obos6memory13PageDirectoryD2Ev
                0xc0108e0a                _ZN4obos6memory13PageDirectory14addressToIndexEj
                0xc0108e16                _ZN4obos6memory13PageDirectory23addressToPageTableIndexEj
                0xc0108e25                _ZN4obos6memory16InitializePagingEv
                0xc0108e9a                _ZN4obos6memory8tlbFlushEj
 .text          0xc0108eac      0x999 src/oboskrnl/CMakeFiles/oboskrnl.dir/memory_manager/paging/allocate.cpp.o
                0xc0108eac                _ZN4obos6memory14kmap_pageTableEPv
                0xc0108ede                _ZN4obos6memory15kfree_pageTableEv
                0xc0108f01                _ZN4obos6memory13kmap_physicalEPvjjS1_b
                0xc01090f7                _ZN4obos6memory12VirtualAllocEPvjj
                0xc0109409                _ZN4obos6memory11VirtualFreeEPvj
                0xc0109617                _ZN4obos6memory17HasVirtualAddressEPKvj
                0xc010972d                _ZN4obos6memory13MemoryProtectEPvjj
 .text          0xc0109845      0x14f src/oboskrnl/CMakeFiles/oboskrnl.dir/utils/memory.cpp.o
                0xc0109845                _ZN4obos5utils6memcmpEPKvS2_j
                0xc010990a                _ZN4obos5utils6memchrEPvhj
                0xc0109970                _ZN4obos5utils6memchrEPKvhj
 .text          0xc0109994      0x13f src/oboskrnl/CMakeFiles/oboskrnl.dir/memory_manager/paging/liballoc_hooks.cpp.o
                0xc0109994                liballoc_lock
                0xc01099a6                liballoc_unlock
                0xc01099b8                liballoc_alloc
                0xc0109a05                liballoc_free
                0xc0109a2b                _Znwm
                0xc0109a43                _Znam
                0xc0109a5b                _ZdlPv
                0xc0109a72                _ZdaPv
                0xc0109a89                _ZdlPvm
                0xc0109aa0                _ZdaPvm
                0xc0109ab7                _ZnwmPv
                0xc0109abf                _ZnamPv
                0xc0109ac7                _ZdlPvS_
                0xc0109acd                _ZdaPvS_
 .text          0xc0109ad3      0xc1d src/oboskrnl/CMakeFiles/oboskrnl.dir/memory_manager/liballoc/liballoc.c.o
                0xc0109c79                kmalloc
                0xc010a305                kfree
                0xc010a562                kcalloc
                0xc010a59d                krealloc
 .text          0xc010a6f0       0xbb src/oboskrnl/CMakeFiles/oboskrnl.dir/external/list/list_iterator.c.o
                0xc010a6f0                list_iterator_new
                0xc010a71f                list_iterator_new_from_node
                0xc010a758                list_iterator_next
                0xc010a78d                list_iterator_destroy
 .text          0xc010a7ab       0x44 src/oboskrnl/CMakeFiles/oboskrnl.dir/external/list/list_node.c.o
                0xc010a7ab                list_node_new
 .text          0xc010a7ef      0x48d src/oboskrnl/CMakeFiles/oboskrnl.dir/external/list/list.c.o
                0xc010a7ef                list_new
                0xc010a848                list_destroy
                0xc010a8bb                list_rpush
                0xc010a93e                list_rpop
                0xc010a9be                list_lpop
                0xc010aa3c                list_lpush
                0xc010aabb                list_find
                0xc010ab59                list_at
                0xc010abef                list_remove
 .text          0xc010ac7c      0x63b src/oboskrnl/CMakeFiles/oboskrnl.dir/multitasking/multitasking.cpp.o
                0xc010ac7c                _ZN4obos12multitasking10canRanTaskEPNS0_6ThreadE
                0xc010aca8                _ZN4obos12multitasking12switchToTaskEPNS0_6ThreadE
                0xc010ad0d                _ZN4obos12multitasking11findNewTaskEPKNS_15interrupt_frameE
                0xc010b0f1                _ZN4obos12multitasking22InitializeMultitaskingEv
 *fill*         0xc010b2b7        0x1 
 .text          0xc010b2b8      0xba4 src/oboskrnl/CMakeFiles/oboskrnl.dir/multitasking/threadHandle.cpp.o
                0xc010b2b8                _ZN4obos12multitasking12ThreadHandleC1Ev
                0xc010b2b8                _ZN4obos12multitasking12ThreadHandleC2Ev
                0xc010b30c                _ZN4obos12multitasking12ThreadHandle12CreateThreadENS0_6Thread10priority_tEPFvPvES4_jj
                0xc010b38c                _ZN4obos12multitasking12ThreadHandle10OpenThreadEj
                0xc010b432                _ZN4obos12multitasking12ThreadHandle10OpenThreadEPNS0_6ThreadE
                0xc010b4a4                _ZN4obos12multitasking12ThreadHandle11PauseThreadEb
                0xc010b530                _ZN4obos12multitasking12ThreadHandle12ResumeThreadEv
                0xc010b57a                _ZN4obos12multitasking12ThreadHandle17SetThreadPriorityENS0_6Thread10priority_tE
                0xc010b6f8                _ZN4obos12multitasking12ThreadHandle15SetThreadStatusEj
                0xc010b79a                _ZN4obos12multitasking12ThreadHandle15TerminateThreadEj
                0xc010b896                _ZN4obos12multitasking12ThreadHandle6GetTidEv
                0xc010b8b6                _ZN4obos12multitasking12ThreadHandle11GetExitCodeEv
                0xc010b900                _ZN4obos12multitasking12ThreadHandle17GetThreadPriorityEv
                0xc010b934                _ZN4obos12multitasking12ThreadHandle15GetThreadStatusEv
                0xc010b9aa                _ZN4obos12multitasking12ThreadHandle17WaitForThreadExitEv
                0xc010ba94                _ZN4obos12multitasking12ThreadHandle25WaitForThreadStatusChangeEj
                0xc010bb66                _ZN4obos12multitasking12ThreadHandle9duplicateEv
                0xc010bbec                _ZN4obos12multitasking12ThreadHandle11closeHandleEv
                0xc010bd49                _ZN4obos12multitasking10ExitThreadEj
                0xc010bdf4                _ZN4obos12multitasking19GetCurrentThreadTidEv
                0xc010be01                _ZN4obos12multitasking24GetCurrentThreadPriorityEv
                0xc010be0e                _ZN4obos12multitasking22GetCurrentThreadStatusEv
                0xc010be1b                _ZN4obos12multitasking22GetCurrentThreadHandleEv
 .text          0xc010be5c      0x287 src/oboskrnl/CMakeFiles/oboskrnl.dir/multitasking/thread.cpp.o
                0xc010be5c                _ZN4obos12multitasking6ThreadC2ENS1_10priority_tEPFvPvES3_jj
                0xc010be5c                _ZN4obos12multitasking6ThreadC1ENS1_10priority_tEPFvPvES3_jj
                0xc010bf04                _ZN4obos12multitasking6Thread12CreateThreadENS1_10priority_tEPFvPvES3_jj
 *fill*         0xc010c0e3        0x1 
 .text          0xc010c0e4      0x11f src/oboskrnl/CMakeFiles/oboskrnl.dir/multitasking/mutex/mutex.cpp.o
                0xc010c0e4                _ZN4obos12multitasking17MutexLockCallbackEPNS0_6ThreadEPv
                0xc010c116                _ZN4obos12multitasking5Mutex4LockEb
                0xc010c1aa                _ZN4obos12multitasking5Mutex6UnlockEv
                0xc010c1e2                _ZN4obos12multitasking5MutexD2Ev
                0xc010c1e2                _ZN4obos12multitasking5MutexD1Ev
 *fill*         0xc010c203        0x1 
 .text          0xc010c204      0x1c6 src/oboskrnl/CMakeFiles/oboskrnl.dir/multitasking/mutex/mutexHandle.cpp.o
                0xc010c204                _ZN4obos12multitasking11MutexHandleC2Ev
                0xc010c204                _ZN4obos12multitasking11MutexHandleC1Ev
                0xc010c26c                _ZN4obos12multitasking11MutexHandle9duplicateEv
                0xc010c2b0                _ZN4obos12multitasking11MutexHandle11closeHandleEv
                0xc010c306                _ZN4obos12multitasking11MutexHandle4LockEb
                0xc010c348                _ZN4obos12multitasking11MutexHandle6UnlockEv
                0xc010c374                _ZN4obos12multitasking11MutexHandleD2Ev
                0xc010c374                _ZN4obos12multitasking11MutexHandleD1Ev
                0xc010c3a4                _ZN4obos12multitasking11MutexHandleD0Ev
 .text          0xc010c3ca      0x1f6 src/oboskrnl/CMakeFiles/oboskrnl.dir/elf/elf.cpp.o
                0xc010c522                _ZN4obos9elfLoader11LoadElfFileEPhjRjS2_
 .text          0xc010c5c0       0x6a src/oboskrnl/CMakeFiles/oboskrnl.dir/driver_api/interrupts.cpp.o
                0xc010c5ca                _ZN4obos9driverAPI20ResetSyscallHandlersEv
                0xc010c5ee                _ZN4obos9driverAPI22RegisterSyscallHandlerEhj
                0xc010c60b                _ZN4obos9driverAPI24UnregisterSyscallHandlerEh
 .text          0xc010c62a      0x8e8 src/oboskrnl/CMakeFiles/oboskrnl.dir/driver_api/syscalls.cpp.o
                0xc010c62a                _ZN4obos9driverAPI16RegisterSyscallsEv
 *fill*         0xc010cf12        0xe 
 .text          0xc010cf20      0x150 /home/omar/opt/cross/lib/gcc/i686-elf/11.4.0/libgcc.a(_umoddi3.o)
                0xc010cf20                __umoddi3

.init           0xc010d070        0xf load address 0x0010d070
 .init          0xc010d070        0x3 /tmp/ccGADShy.o
                0xc010d070                _init
 .init          0xc010d073        0x5 /home/omar/opt/cross/lib/gcc/i686-elf/11.4.0/crtbegin.o
 .init          0xc010d078        0x5 /home/omar/opt/cross/lib/gcc/i686-elf/11.4.0/crtend.o
 .init          0xc010d07d        0x2 /tmp/ccbyIrST.o

.fini           0xc010d07f        0xa load address 0x0010d07f
 .fini          0xc010d07f        0x3 /tmp/ccGADShy.o
                0xc010d07f                _fini
 .fini          0xc010d082        0x5 /home/omar/opt/cross/lib/gcc/i686-elf/11.4.0/crtbegin.o
 .fini          0xc010d087        0x2 /tmp/ccbyIrST.o

.iplt           0xc010d089        0x0 load address 0x0010d089
 .iplt          0xc010d089        0x0 /tmp/ccGADShy.o

.gnu.linkonce.t._ZN4obos6memory13PageDirectory16getPageDirectoryEv
                0xc010d08a        0xa load address 0x0010d08a
 .gnu.linkonce.t._ZN4obos6memory13PageDirectory16getPageDirectoryEv
                0xc010d08a        0xa src/oboskrnl/CMakeFiles/oboskrnl.dir/process/process.cpp.o
                0xc010d08a                _ZN4obos6memory13PageDirectory16getPageDirectoryEv

.gnu.linkonce.t._ZN4obos12multitasking6ThreadD1Ev
                0xc010d094       0x3b load address 0x0010d094
 .gnu.linkonce.t._ZN4obos12multitasking6ThreadD1Ev
                0xc010d094       0x3b src/oboskrnl/CMakeFiles/oboskrnl.dir/process/process.cpp.o
                0xc010d094                _ZN4obos12multitasking6ThreadD1Ev

.gnu.linkonce.t._ZN4obos12multitasking6ThreadD0Ev
                0xc010d0d0       0x26 load address 0x0010d0d0
 .gnu.linkonce.t._ZN4obos12multitasking6ThreadD0Ev
                0xc010d0d0       0x26 src/oboskrnl/CMakeFiles/oboskrnl.dir/process/process.cpp.o
                0xc010d0d0                _ZN4obos12multitasking6ThreadD0Ev

.gnu.linkonce.t._ZN4obos6HandleD2Ev
                0xc010d0f6       0x10 load address 0x0010d0f6
 .gnu.linkonce.t._ZN4obos6HandleD2Ev
                0xc010d0f6       0x10 src/oboskrnl/CMakeFiles/oboskrnl.dir/process/process.cpp.o
                0xc010d0f6                _ZN4obos6HandleD2Ev

.gnu.linkonce.t._ZN4obos12multitasking12ThreadHandleD1Ev
                0xc010d106       0x30 load address 0x0010d106
 .gnu.linkonce.t._ZN4obos12multitasking12ThreadHandleD1Ev
                0xc010d106       0x30 src/oboskrnl/CMakeFiles/oboskrnl.dir/process/process.cpp.o
                0xc010d106                _ZN4obos12multitasking12ThreadHandleD1Ev

.gnu.linkonce.t._ZN4obos12multitasking12ThreadHandleD0Ev
                0xc010d136       0x26 load address 0x0010d136
 .gnu.linkonce.t._ZN4obos12multitasking12ThreadHandleD0Ev
                0xc010d136       0x26 src/oboskrnl/CMakeFiles/oboskrnl.dir/process/process.cpp.o
                0xc010d136                _ZN4obos12multitasking12ThreadHandleD0Ev

.gnu.linkonce.t._ZN4obos12multitasking6ThreadC1Ev
                0xc010d15c       0x88 load address 0x0010d15c
 .gnu.linkonce.t._ZN4obos12multitasking6ThreadC1Ev
                0xc010d15c       0x88 src/oboskrnl/CMakeFiles/oboskrnl.dir/process/process.cpp.o
                0xc010d15c                _ZN4obos12multitasking6ThreadC1Ev

.gnu.linkonce.t._ZN4obos6Handle13getReferencesEv
                0xc010d1e4        0xe load address 0x0010d1e4
 .gnu.linkonce.t._ZN4obos6Handle13getReferencesEv
                0xc010d1e4        0xe src/oboskrnl/CMakeFiles/oboskrnl.dir/multitasking/threadHandle.cpp.o
                0xc010d1e4                _ZN4obos6Handle13getReferencesEv

.gnu.linkonce.t._ZN4obos6HandleC2Ev
                0xc010d1f2       0x2e load address 0x0010d1f2
 .gnu.linkonce.t._ZN4obos6HandleC2Ev
                0xc010d1f2       0x2e src/oboskrnl/CMakeFiles/oboskrnl.dir/multitasking/threadHandle.cpp.o
                0xc010d1f2                _ZN4obos6HandleC2Ev

.gnu.linkonce.t._ZN4obos12multitasking5MutexC1Ev
                0xc010d220       0x1d load address 0x0010d220
 .gnu.linkonce.t._ZN4obos12multitasking5MutexC1Ev
                0xc010d220       0x1d src/oboskrnl/CMakeFiles/oboskrnl.dir/multitasking/mutex/mutexHandle.cpp.o
                0xc010d220                _ZN4obos12multitasking5MutexC1Ev

.rodata         0xc010e000     0x1088 load address 0x0010e000
 *(.rodata)
 .rodata        0xc010e000       0xb0 src/oboskrnl/CMakeFiles/oboskrnl.dir/process/process.cpp.o
 .rodata        0xc010e0b0      0x72d src/oboskrnl/CMakeFiles/oboskrnl.dir/boot/kmain.cpp.o
 *fill*         0xc010e7dd        0x3 
 .rodata        0xc010e7e0       0x84 src/oboskrnl/CMakeFiles/oboskrnl.dir/console.cpp.o
 .rodata        0xc010e864      0x11d src/oboskrnl/CMakeFiles/oboskrnl.dir/klog.cpp.o
 *fill*         0xc010e981        0x3 
 .rodata        0xc010e984      0x400 src/oboskrnl/CMakeFiles/oboskrnl.dir/inline-asm.cpp.o
 .rodata        0xc010ed84       0x93 src/oboskrnl/CMakeFiles/oboskrnl.dir/memory_manager/physical.cpp.o
 *fill*         0xc010ee17        0x1 
 .rodata        0xc010ee18        0x8 src/oboskrnl/CMakeFiles/oboskrnl.dir/memory_manager/paging/init.cpp.o
 .rodata        0xc010ee20        0x8 src/oboskrnl/CMakeFiles/oboskrnl.dir/memory_manager/paging/allocate.cpp.o
 .rodata        0xc010ee28       0x9f src/oboskrnl/CMakeFiles/oboskrnl.dir/multitasking/multitasking.cpp.o
 *fill*         0xc010eec7        0x1 
 .rodata        0xc010eec8       0x9f src/oboskrnl/CMakeFiles/oboskrnl.dir/multitasking/threadHandle.cpp.o
 *fill*         0xc010ef67        0x1 
 .rodata        0xc010ef68       0x9f src/oboskrnl/CMakeFiles/oboskrnl.dir/multitasking/thread.cpp.o
 *fill*         0xc010f007        0x1 
 .rodata        0xc010f008       0x4c src/oboskrnl/CMakeFiles/oboskrnl.dir/elf/elf.cpp.o
 .rodata        0xc010f054       0x34 src/oboskrnl/CMakeFiles/oboskrnl.dir/driver_api/syscalls.cpp.o
                0xc010f088                        _ZN4obos6memory9__erodataE = .

.eh_frame       0xc010f088       0x74 load address 0x0010f088
 .eh_frame      0xc010f088        0x0 /home/omar/opt/cross/lib/gcc/i686-elf/11.4.0/crtbegin.o
 .eh_frame      0xc010f088        0x0 /home/omar/opt/cross/lib/gcc/i686-elf/11.4.0/crtend.o
                                  0x4 (size before relaxing)
 .eh_frame      0xc010f088       0x74 /home/omar/opt/cross/lib/gcc/i686-elf/11.4.0/libgcc.a(_umoddi3.o)

.gnu.linkonce.r._ZTVN4obos6HandleE
                0xc010f0fc       0x18 load address 0x0010f0fc
 .gnu.linkonce.r._ZTVN4obos6HandleE
                0xc010f0fc       0x18 src/oboskrnl/CMakeFiles/oboskrnl.dir/process/process.cpp.o
                0xc010f0fc                _ZTVN4obos6HandleE

.gnu.linkonce.r._ZTVN4obos12multitasking6ThreadE
                0xc010f114       0x10 load address 0x0010f114
 .gnu.linkonce.r._ZTVN4obos12multitasking6ThreadE
                0xc010f114       0x10 src/oboskrnl/CMakeFiles/oboskrnl.dir/process/process.cpp.o
                0xc010f114                _ZTVN4obos12multitasking6ThreadE

.gnu.linkonce.r._ZTVN4obos5utils8BitfieldE
                0xc010f124       0x30 load address 0x0010f124
 .gnu.linkonce.r._ZTVN4obos5utils8BitfieldE
                0xc010f124       0x30 src/oboskrnl/CMakeFiles/oboskrnl.dir/utils/bitfields.cpp.o
                0xc010f124                _ZTVN4obos5utils8BitfieldE

.gnu.linkonce.r._ZTVN4obos5utils12BitfieldBaseE
                0xc010f154       0x20 load address 0x0010f154
 .gnu.linkonce.r._ZTVN4obos5utils12BitfieldBaseE
                0xc010f154       0x20 src/oboskrnl/CMakeFiles/oboskrnl.dir/utils/bitfields.cpp.o
                0xc010f154                _ZTVN4obos5utils12BitfieldBaseE

.gnu.linkonce.r._ZTVN4obos5utils15IntegerBitfieldE
                0xc010f174       0x30 load address 0x0010f174
 .gnu.linkonce.r._ZTVN4obos5utils15IntegerBitfieldE
                0xc010f174       0x30 src/oboskrnl/CMakeFiles/oboskrnl.dir/utils/bitfields.cpp.o
                0xc010f174                _ZTVN4obos5utils15IntegerBitfieldE

.gnu.linkonce.r._ZTVN4obos12multitasking12ThreadHandleE
                0xc010f1a4       0x18 load address 0x0010f1a4
 .gnu.linkonce.r._ZTVN4obos12multitasking12ThreadHandleE
                0xc010f1a4       0x18 src/oboskrnl/CMakeFiles/oboskrnl.dir/multitasking/threadHandle.cpp.o
                0xc010f1a4                _ZTVN4obos12multitasking12ThreadHandleE

.gnu.linkonce.r._ZTVN4obos12multitasking11MutexHandleE
                0xc010f1bc       0x18 load address 0x0010f1bc
 .gnu.linkonce.r._ZTVN4obos12multitasking11MutexHandleE
                0xc010f1bc       0x18 src/oboskrnl/CMakeFiles/oboskrnl.dir/multitasking/mutex/mutexHandle.cpp.o
                0xc010f1bc                _ZTVN4obos12multitasking11MutexHandleE

.rel.dyn        0xc010f1d4        0x0 load address 0x0010f1d4
 .rel.got       0xc010f1d4        0x0 /tmp/ccGADShy.o
 .rel.iplt      0xc010f1d4        0x0 /tmp/ccGADShy.o
 .rel.text      0xc010f1d4        0x0 /tmp/ccGADShy.o
 .rel.gnu.linkonce.t._ZN4obos12multitasking6ThreadD1Ev
                0xc010f1d4        0x0 /tmp/ccGADShy.o
 .rel.gnu.linkonce.t._ZN4obos12multitasking6ThreadD0Ev
                0xc010f1d4        0x0 /tmp/ccGADShy.o
 .rel.gnu.linkonce.t._ZN4obos6HandleD2Ev
                0xc010f1d4        0x0 /tmp/ccGADShy.o
 .rel.gnu.linkonce.t._ZN4obos12multitasking12ThreadHandleD1Ev
                0xc010f1d4        0x0 /tmp/ccGADShy.o
 .rel.gnu.linkonce.t._ZN4obos12multitasking12ThreadHandleD0Ev
                0xc010f1d4        0x0 /tmp/ccGADShy.o
 .rel.gnu.linkonce.t._ZN4obos12multitasking6ThreadC1Ev
                0xc010f1d4        0x0 /tmp/ccGADShy.o
 .rel.gnu.linkonce.r._ZTVN4obos6HandleE
                0xc010f1d4        0x0 /tmp/ccGADShy.o
 .rel.gnu.linkonce.r._ZTVN4obos12multitasking6ThreadE
                0xc010f1d4        0x0 /tmp/ccGADShy.o
 .rel.gnu.linkonce.t._ZN4obos6HandleC2Ev
                0xc010f1d4        0x0 /tmp/ccGADShy.o
 .rel.gnu.linkonce.r._ZTVN4obos12multitasking12ThreadHandleE
                0xc010f1d4        0x0 /tmp/ccGADShy.o

.data           0xc0110000      0x428 load address 0x00110000
 *(.data)
 .data          0xc0110000        0x0 /tmp/ccGADShy.o
 .data          0xc0110000        0x4 /home/omar/opt/cross/lib/gcc/i686-elf/11.4.0/crtbegin.o
                0xc0110000                __dso_handle
 .data          0xc0110004        0x0 /home/omar/opt/cross/lib/gcc/i686-elf/11.4.0/crtend.o
 .data          0xc0110004        0x0 /tmp/ccbyIrST.o
 .data          0xc0110004      0x400 src/oboskrnl/CMakeFiles/oboskrnl.dir/descriptors/idt/handlers.asm.o
                0xc0110004                _ZN4obos19g_interruptHandlersE
 .data          0xc0110404        0x8 src/oboskrnl/CMakeFiles/oboskrnl.dir/multitasking/multitasking.asm.o
 .data          0xc011040c        0x0 src/oboskrnl/CMakeFiles/oboskrnl.dir/process/process.cpp.o
 .data          0xc011040c        0x0 src/oboskrnl/CMakeFiles/oboskrnl.dir/boot/kmain.cpp.o
 .data          0xc011040c        0x0 src/oboskrnl/CMakeFiles/oboskrnl.dir/console.cpp.o
 .data          0xc011040c        0x8 src/oboskrnl/CMakeFiles/oboskrnl.dir/klog.cpp.o
 .data          0xc0110414        0x0 src/oboskrnl/CMakeFiles/oboskrnl.dir/inline-asm.cpp.o
 .data          0xc0110414        0x0 src/oboskrnl/CMakeFiles/oboskrnl.dir/descriptors/gdt/gdt.cpp.o
 .data          0xc0110414        0x0 src/oboskrnl/CMakeFiles/oboskrnl.dir/descriptors/idt/idt.cpp.o
 .data          0xc0110414        0x4 src/oboskrnl/CMakeFiles/oboskrnl.dir/memory_manager/physical.cpp.o
 .data          0xc0110418        0x0 src/oboskrnl/CMakeFiles/oboskrnl.dir/utils/bitfields.cpp.o
 .data          0xc0110418        0x0 src/oboskrnl/CMakeFiles/oboskrnl.dir/descriptors/idt/pic.cpp.o
 .data          0xc0110418        0x0 src/oboskrnl/CMakeFiles/oboskrnl.dir/memory_manager/paging/init.cpp.o
 .data          0xc0110418        0x0 src/oboskrnl/CMakeFiles/oboskrnl.dir/memory_manager/paging/allocate.cpp.o
 .data          0xc0110418        0x0 src/oboskrnl/CMakeFiles/oboskrnl.dir/utils/memory.cpp.o
 .data          0xc0110418        0x0 src/oboskrnl/CMakeFiles/oboskrnl.dir/memory_manager/paging/liballoc_hooks.cpp.o
 .data          0xc0110418        0x8 src/oboskrnl/CMakeFiles/oboskrnl.dir/memory_manager/liballoc/liballoc.c.o
 .data          0xc0110420        0x0 src/oboskrnl/CMakeFiles/oboskrnl.dir/external/list/list_iterator.c.o
 .data          0xc0110420        0x0 src/oboskrnl/CMakeFiles/oboskrnl.dir/external/list/list_node.c.o
 .data          0xc0110420        0x0 src/oboskrnl/CMakeFiles/oboskrnl.dir/external/list/list.c.o
 .data          0xc0110420        0x0 src/oboskrnl/CMakeFiles/oboskrnl.dir/multitasking/multitasking.cpp.o
 .data          0xc0110420        0x0 src/oboskrnl/CMakeFiles/oboskrnl.dir/multitasking/threadHandle.cpp.o
 .data          0xc0110420        0x4 src/oboskrnl/CMakeFiles/oboskrnl.dir/multitasking/thread.cpp.o
                0xc0110420                _ZN4obos12multitasking15g_nextThreadTidE
 .data          0xc0110424        0x0 src/oboskrnl/CMakeFiles/oboskrnl.dir/multitasking/mutex/mutex.cpp.o
 .data          0xc0110424        0x0 src/oboskrnl/CMakeFiles/oboskrnl.dir/multitasking/mutex/mutexHandle.cpp.o
 .data          0xc0110424        0x0 src/oboskrnl/CMakeFiles/oboskrnl.dir/elf/elf.cpp.o
 .data          0xc0110424        0x0 src/oboskrnl/CMakeFiles/oboskrnl.dir/driver_api/interrupts.cpp.o
 .data          0xc0110424        0x4 src/oboskrnl/CMakeFiles/oboskrnl.dir/driver_api/syscalls.cpp.o
                0xc0110424                _ZN4obos9driverAPI27g_registeredDriversCapacityE
 .data          0xc0110428        0x0 /home/omar/opt/cross/lib/gcc/i686-elf/11.4.0/libgcc.a(_umoddi3.o)

.got            0xc0110428        0x0 load address 0x00110428
 .got           0xc0110428        0x0 /tmp/ccGADShy.o

.got.plt        0xc0110428        0x0 load address 0x00110428
 .got.plt       0xc0110428        0x0 /tmp/ccGADShy.o

.igot.plt       0xc0110428        0x0 load address 0x00110428
 .igot.plt      0xc0110428        0x0 /tmp/ccGADShy.o

.ctors          0xc0110428       0x10 load address 0x00110428
 .ctors         0xc0110428        0x4 /home/omar/opt/cross/lib/gcc/i686-elf/11.4.0/crtbegin.o
 .ctors         0xc011042c        0x4 /home/omar/opt/cross/lib/gcc/i686-elf/11.4.0/crtend.o
 .ctors         0xc0110430        0x4 src/oboskrnl/CMakeFiles/oboskrnl.dir/boot/kmain.cpp.o
 .ctors         0xc0110434        0x4 src/oboskrnl/CMakeFiles/oboskrnl.dir/console.cpp.o

.dtors          0xc0110438        0x8 load address 0x00110438
 .dtors         0xc0110438        0x4 /home/omar/opt/cross/lib/gcc/i686-elf/11.4.0/crtbegin.o
 .dtors         0xc011043c        0x4 /home/omar/opt/cross/lib/gcc/i686-elf/11.4.0/crtend.o
                0xc011043c                __DTOR_END__

.tm_clone_table
                0xc0110440        0x0 load address 0x00110440
 .tm_clone_table
                0xc0110440        0x0 /home/omar/opt/cross/lib/gcc/i686-elf/11.4.0/crtbegin.o
 .tm_clone_table
                0xc0110440        0x0 /home/omar/opt/cross/lib/gcc/i686-elf/11.4.0/crtend.o

.bss            0xc0111000    0x2f500 load address 0x00111000
 *(COMMON)
 *(.bss)
 .bss           0xc0111000        0x0 /tmp/ccGADShy.o
 .bss           0xc0111000       0x20 /home/omar/opt/cross/lib/gcc/i686-elf/11.4.0/crtbegin.o
 .bss           0xc0111020        0x0 /home/omar/opt/cross/lib/gcc/i686-elf/11.4.0/crtend.o
 .bss           0xc0111020        0x0 /tmp/ccbyIrST.o
 *fill*         0xc0111020      0xfe0 
 .bss           0xc0112000     0x3004 src/oboskrnl/CMakeFiles/oboskrnl.dir/process/process.cpp.o
                0xc0112000                _ZN4obos7process15g_nextProcessIdE
 *fill*         0xc0115004       0x1c 
 .bss           0xc0115020      0xc24 src/oboskrnl/CMakeFiles/oboskrnl.dir/boot/kmain.cpp.o
                0xc0115020                _ZN4obos15g_multibootInfoE
                0xc0115024                _ZN4obos15g_pageDirectoryE
                0xc011502c                _ZN4obos15g_kernelProcessE
                0xc0115040                __atexitFuncs
                0xc0115c40                __atexitFuncCount
 .bss           0xc0115c44       0x44 src/oboskrnl/CMakeFiles/oboskrnl.dir/console.cpp.o
                0xc0115c44                _ZN4obos17s_foregroundColorE
                0xc0115c48                _ZN4obos17s_backgroundColorE
                0xc0115c4c                _ZN4obos16s_terminalColumnE
                0xc0115c50                _ZN4obos13s_terminalRowE
                0xc0115c54                _ZN4obos20s_reachedEndTerminalE
                0xc0115c58                _ZN4obos13s_framebufferE
                0xc0115c5c                _ZN4obos12s_backbufferE
                0xc0115c60                _ZN4obos18s_framebufferWidthE
                0xc0115c64                _ZN4obos19s_framebufferHeightE
                0xc0115c68                _ZN4obos16s_nCharsVerticalE
                0xc0115c6c                _ZN4obos18s_nCharsHorizontalE
                0xc0115c70                _ZN4obos4fontE
 .bss           0xc0115c88        0x0 src/oboskrnl/CMakeFiles/oboskrnl.dir/klog.cpp.o
 .bss           0xc0115c88        0x8 src/oboskrnl/CMakeFiles/oboskrnl.dir/inline-asm.cpp.o
 *fill*         0xc0115c90       0x10 
 .bss           0xc0115ca0       0x48 src/oboskrnl/CMakeFiles/oboskrnl.dir/descriptors/gdt/gdt.cpp.o
 *fill*         0xc0115ce8       0x18 
 .bss           0xc0115d00      0x806 src/oboskrnl/CMakeFiles/oboskrnl.dir/descriptors/idt/idt.cpp.o
 *fill*         0xc0116506       0x1a 
 .bss           0xc0116520    0x2000c src/oboskrnl/CMakeFiles/oboskrnl.dir/memory_manager/physical.cpp.o
                0xc0116520                _ZN4obos6memory16g_availablePagesE
                0xc0136520                _ZN4obos6memory20g_physicalMemorySizeE
                0xc0136524                _ZN4obos6memory34g_physicalMemoryManagerInitializedE
 .bss           0xc013652c        0x0 src/oboskrnl/CMakeFiles/oboskrnl.dir/utils/bitfields.cpp.o
 .bss           0xc013652c        0x0 src/oboskrnl/CMakeFiles/oboskrnl.dir/descriptors/idt/pic.cpp.o
 .bss           0xc013652c        0x8 src/oboskrnl/CMakeFiles/oboskrnl.dir/memory_manager/paging/init.cpp.o
                0xc013652c                _ZN4obos6memory15g_enabledPagingE
                0xc0136530                _ZN4obos6memory15g_pageDirectoryE
 *fill*         0xc0136534      0xacc 
 .bss           0xc0137000     0x1000 src/oboskrnl/CMakeFiles/oboskrnl.dir/memory_manager/paging/allocate.cpp.o
                0xc0137000                _ZN4obos6memory15s_lastPageTableE
 .bss           0xc0138000        0x0 src/oboskrnl/CMakeFiles/oboskrnl.dir/utils/memory.cpp.o
 .bss           0xc0138000        0x4 src/oboskrnl/CMakeFiles/oboskrnl.dir/memory_manager/paging/liballoc_hooks.cpp.o
 *fill*         0xc0138004        0x4 
 .bss           0xc0138008       0x30 src/oboskrnl/CMakeFiles/oboskrnl.dir/memory_manager/liballoc/liballoc.c.o
 .bss           0xc0138038        0x0 src/oboskrnl/CMakeFiles/oboskrnl.dir/external/list/list_iterator.c.o
 .bss           0xc0138038        0x0 src/oboskrnl/CMakeFiles/oboskrnl.dir/external/list/list_node.c.o
 .bss           0xc0138038        0x0 src/oboskrnl/CMakeFiles/oboskrnl.dir/external/list/list.c.o
 .bss           0xc0138038       0x24 src/oboskrnl/CMakeFiles/oboskrnl.dir/multitasking/multitasking.cpp.o
                0xc0138038                _ZN4obos12multitasking9g_threadsE
                0xc013803c                _ZN4obos12multitasking20g_threadPriorityListE
                0xc013804c                _ZN4obos12multitasking15g_currentThreadE
                0xc0138050                _ZN4obos12multitasking13g_initializedE
                0xc0138054                _ZN4obos12multitasking16g_schedulerMutexE
 .bss           0xc013805c        0x0 src/oboskrnl/CMakeFiles/oboskrnl.dir/multitasking/threadHandle.cpp.o
 .bss           0xc013805c        0x0 src/oboskrnl/CMakeFiles/oboskrnl.dir/multitasking/thread.cpp.o
 .bss           0xc013805c        0x0 src/oboskrnl/CMakeFiles/oboskrnl.dir/multitasking/mutex/mutex.cpp.o
 .bss           0xc013805c        0x0 src/oboskrnl/CMakeFiles/oboskrnl.dir/multitasking/mutex/mutexHandle.cpp.o
 .bss           0xc013805c        0x0 src/oboskrnl/CMakeFiles/oboskrnl.dir/elf/elf.cpp.o
 *fill*         0xc013805c        0x4 
 .bss           0xc0138060      0x400 src/oboskrnl/CMakeFiles/oboskrnl.dir/driver_api/interrupts.cpp.o
                0xc0138060                _ZN4obos9driverAPI14g_syscallTableE
 .bss           0xc0138460       0xa0 src/oboskrnl/CMakeFiles/oboskrnl.dir/driver_api/syscalls.cpp.o
                0xc0138460                _ZN4obos9driverAPI19g_registeredDriversE
 .bss           0xc0138500        0x0 /home/omar/opt/cross/lib/gcc/i686-elf/11.4.0/libgcc.a(_umoddi3.o)
 *(.bootstrap_stack)
 .bootstrap_stack
                0xc0138500     0x8000 src/oboskrnl/CMakeFiles/oboskrnl.dir/boot/kernel_bootstrap-i686.asm.o
                0xc0138500                _ZN4obos12stack_bottomE
                0xc013c500                _ZN4obos9stack_topE
                0xc013c500                _ZN4obos15thrstack_bottomE
                0xc0140500                _ZN4obos12thrstack_topE
                0xc0140500                        _kernel_end = .
                0x00400000                        _ZN4obos6memory8endImageE = 0x400000
                0xe0000000                        _ZN4obos6memory9endKernelE = 0xe0000000
OUTPUT(/mnt/c/Code/obos/out/oboskrnl elf32-i386)

.comment        0x00000000       0x12
 .comment       0x00000000       0x12 /home/omar/opt/cross/lib/gcc/i686-elf/11.4.0/crtbegin.o
                                 0x13 (size before relaxing)
 .comment       0x00000012       0x13 /home/omar/opt/cross/lib/gcc/i686-elf/11.4.0/crtend.o
 .comment       0x00000012       0x13 src/oboskrnl/CMakeFiles/oboskrnl.dir/process/process.cpp.o
 .comment       0x00000012       0x13 src/oboskrnl/CMakeFiles/oboskrnl.dir/boot/kmain.cpp.o
 .comment       0x00000012       0x13 src/oboskrnl/CMakeFiles/oboskrnl.dir/console.cpp.o
 .comment       0x00000012       0x13 src/oboskrnl/CMakeFiles/oboskrnl.dir/klog.cpp.o
 .comment       0x00000012       0x13 src/oboskrnl/CMakeFiles/oboskrnl.dir/inline-asm.cpp.o
 .comment       0x00000012       0x13 src/oboskrnl/CMakeFiles/oboskrnl.dir/descriptors/gdt/gdt.cpp.o
 .comment       0x00000012       0x13 src/oboskrnl/CMakeFiles/oboskrnl.dir/descriptors/idt/idt.cpp.o
 .comment       0x00000012       0x13 src/oboskrnl/CMakeFiles/oboskrnl.dir/memory_manager/physical.cpp.o
 .comment       0x00000012       0x13 src/oboskrnl/CMakeFiles/oboskrnl.dir/utils/bitfields.cpp.o
 .comment       0x00000012       0x13 src/oboskrnl/CMakeFiles/oboskrnl.dir/descriptors/idt/pic.cpp.o
 .comment       0x00000012       0x13 src/oboskrnl/CMakeFiles/oboskrnl.dir/memory_manager/paging/init.cpp.o
 .comment       0x00000012       0x13 src/oboskrnl/CMakeFiles/oboskrnl.dir/memory_manager/paging/allocate.cpp.o
 .comment       0x00000012       0x13 src/oboskrnl/CMakeFiles/oboskrnl.dir/utils/memory.cpp.o
 .comment       0x00000012       0x13 src/oboskrnl/CMakeFiles/oboskrnl.dir/memory_manager/paging/liballoc_hooks.cpp.o
 .comment       0x00000012       0x13 src/oboskrnl/CMakeFiles/oboskrnl.dir/memory_manager/liballoc/liballoc.c.o
 .comment       0x00000012       0x13 src/oboskrnl/CMakeFiles/oboskrnl.dir/external/list/list_iterator.c.o
 .comment       0x00000012       0x13 src/oboskrnl/CMakeFiles/oboskrnl.dir/external/list/list_node.c.o
 .comment       0x00000012       0x13 src/oboskrnl/CMakeFiles/oboskrnl.dir/external/list/list.c.o
 .comment       0x00000012       0x13 src/oboskrnl/CMakeFiles/oboskrnl.dir/multitasking/multitasking.cpp.o
 .comment       0x00000012       0x13 src/oboskrnl/CMakeFiles/oboskrnl.dir/multitasking/threadHandle.cpp.o
 .comment       0x00000012       0x13 src/oboskrnl/CMakeFiles/oboskrnl.dir/multitasking/thread.cpp.o
 .comment       0x00000012       0x13 src/oboskrnl/CMakeFiles/oboskrnl.dir/multitasking/mutex/mutex.cpp.o
 .comment       0x00000012       0x13 src/oboskrnl/CMakeFiles/oboskrnl.dir/multitasking/mutex/mutexHandle.cpp.o
 .comment       0x00000012       0x13 src/oboskrnl/CMakeFiles/oboskrnl.dir/elf/elf.cpp.o
 .comment       0x00000012       0x13 src/oboskrnl/CMakeFiles/oboskrnl.dir/driver_api/interrupts.cpp.o
 .comment       0x00000012       0x13 src/oboskrnl/CMakeFiles/oboskrnl.dir/driver_api/syscalls.cpp.o
 .comment       0x00000012       0x13 /home/omar/opt/cross/lib/gcc/i686-elf/11.4.0/libgcc.a(_umoddi3.o)

.debug_aranges  0x00000000      0x550
 .debug_aranges
                0x00000000       0x20 src/oboskrnl/CMakeFiles/oboskrnl.dir/boot/kernel_bootstrap-i686.asm.o
 .debug_aranges
                0x00000020       0x20 src/oboskrnl/CMakeFiles/oboskrnl.dir/descriptors/gdt/gdt.asm.o
 .debug_aranges
                0x00000040       0x20 src/oboskrnl/CMakeFiles/oboskrnl.dir/descriptors/idt/idt.asm.o
 .debug_aranges
                0x00000060       0x20 src/oboskrnl/CMakeFiles/oboskrnl.dir/descriptors/idt/handlers.asm.o
 .debug_aranges
                0x00000080       0x20 src/oboskrnl/CMakeFiles/oboskrnl.dir/memory_manager/paging/init.asm.o
 .debug_aranges
                0x000000a0       0x20 src/oboskrnl/CMakeFiles/oboskrnl.dir/multitasking/multitasking.asm.o
 .debug_aranges
                0x000000c0       0x20 src/oboskrnl/CMakeFiles/oboskrnl.dir/utils/memcpy.asm.o
 .debug_aranges
                0x000000e0       0x20 src/oboskrnl/CMakeFiles/oboskrnl.dir/inline-asm.asm.o
 .debug_aranges
                0x00000100       0x20 src/oboskrnl/CMakeFiles/oboskrnl.dir/driver_api/interrupts.asm.o
 .debug_aranges
                0x00000120       0x58 src/oboskrnl/CMakeFiles/oboskrnl.dir/process/process.cpp.o
 .debug_aranges
                0x00000178       0x30 src/oboskrnl/CMakeFiles/oboskrnl.dir/boot/kmain.cpp.o
 .debug_aranges
                0x000001a8       0x20 src/oboskrnl/CMakeFiles/oboskrnl.dir/console.cpp.o
 .debug_aranges
                0x000001c8       0x20 src/oboskrnl/CMakeFiles/oboskrnl.dir/klog.cpp.o
 .debug_aranges
                0x000001e8       0x20 src/oboskrnl/CMakeFiles/oboskrnl.dir/inline-asm.cpp.o
 .debug_aranges
                0x00000208       0x20 src/oboskrnl/CMakeFiles/oboskrnl.dir/descriptors/gdt/gdt.cpp.o
 .debug_aranges
                0x00000228       0x20 src/oboskrnl/CMakeFiles/oboskrnl.dir/descriptors/idt/idt.cpp.o
 .debug_aranges
                0x00000248       0x20 src/oboskrnl/CMakeFiles/oboskrnl.dir/memory_manager/physical.cpp.o
 .debug_aranges
                0x00000268       0x20 src/oboskrnl/CMakeFiles/oboskrnl.dir/utils/bitfields.cpp.o
 .debug_aranges
                0x00000288       0x20 src/oboskrnl/CMakeFiles/oboskrnl.dir/descriptors/idt/pic.cpp.o
 .debug_aranges
                0x000002a8       0x20 src/oboskrnl/CMakeFiles/oboskrnl.dir/memory_manager/paging/init.cpp.o
 .debug_aranges
                0x000002c8       0x20 src/oboskrnl/CMakeFiles/oboskrnl.dir/memory_manager/paging/allocate.cpp.o
 .debug_aranges
                0x000002e8       0x20 src/oboskrnl/CMakeFiles/oboskrnl.dir/utils/memory.cpp.o
 .debug_aranges
                0x00000308       0x20 src/oboskrnl/CMakeFiles/oboskrnl.dir/memory_manager/paging/liballoc_hooks.cpp.o
 .debug_aranges
                0x00000328       0x20 src/oboskrnl/CMakeFiles/oboskrnl.dir/memory_manager/liballoc/liballoc.c.o
 .debug_aranges
                0x00000348       0x20 src/oboskrnl/CMakeFiles/oboskrnl.dir/external/list/list_iterator.c.o
 .debug_aranges
                0x00000368       0x20 src/oboskrnl/CMakeFiles/oboskrnl.dir/external/list/list_node.c.o
 .debug_aranges
                0x00000388       0x20 src/oboskrnl/CMakeFiles/oboskrnl.dir/external/list/list.c.o
 .debug_aranges
                0x000003a8       0x38 src/oboskrnl/CMakeFiles/oboskrnl.dir/multitasking/multitasking.cpp.o
 .debug_aranges
                0x000003e0       0x60 src/oboskrnl/CMakeFiles/oboskrnl.dir/multitasking/threadHandle.cpp.o
 .debug_aranges
                0x00000440       0x30 src/oboskrnl/CMakeFiles/oboskrnl.dir/multitasking/thread.cpp.o
 .debug_aranges
                0x00000470       0x20 src/oboskrnl/CMakeFiles/oboskrnl.dir/multitasking/mutex/mutex.cpp.o
 .debug_aranges
                0x00000490       0x40 src/oboskrnl/CMakeFiles/oboskrnl.dir/multitasking/mutex/mutexHandle.cpp.o
 .debug_aranges
                0x000004d0       0x20 src/oboskrnl/CMakeFiles/oboskrnl.dir/elf/elf.cpp.o
 .debug_aranges
                0x000004f0       0x20 src/oboskrnl/CMakeFiles/oboskrnl.dir/driver_api/interrupts.cpp.o
 .debug_aranges
                0x00000510       0x20 src/oboskrnl/CMakeFiles/oboskrnl.dir/driver_api/syscalls.cpp.o
 .debug_aranges
                0x00000530       0x20 /home/omar/opt/cross/lib/gcc/i686-elf/11.4.0/libgcc.a(_umoddi3.o)

.debug_pubnames
                0x00000000        0x0
 .debug_pubnames
                0x00000000        0x0 src/oboskrnl/CMakeFiles/oboskrnl.dir/boot/kernel_bootstrap-i686.asm.o
 .debug_pubnames
                0x00000000        0x0 src/oboskrnl/CMakeFiles/oboskrnl.dir/descriptors/gdt/gdt.asm.o
 .debug_pubnames
                0x00000000        0x0 src/oboskrnl/CMakeFiles/oboskrnl.dir/descriptors/idt/idt.asm.o
 .debug_pubnames
                0x00000000        0x0 src/oboskrnl/CMakeFiles/oboskrnl.dir/descriptors/idt/handlers.asm.o
 .debug_pubnames
                0x00000000        0x0 src/oboskrnl/CMakeFiles/oboskrnl.dir/memory_manager/paging/init.asm.o
 .debug_pubnames
                0x00000000        0x0 src/oboskrnl/CMakeFiles/oboskrnl.dir/multitasking/multitasking.asm.o
 .debug_pubnames
                0x00000000        0x0 src/oboskrnl/CMakeFiles/oboskrnl.dir/utils/memcpy.asm.o
 .debug_pubnames
                0x00000000        0x0 src/oboskrnl/CMakeFiles/oboskrnl.dir/inline-asm.asm.o
 .debug_pubnames
                0x00000000        0x0 src/oboskrnl/CMakeFiles/oboskrnl.dir/driver_api/interrupts.asm.o

.debug_info     0x00000000    0x1b1b2
 .debug_info    0x00000000       0x71 src/oboskrnl/CMakeFiles/oboskrnl.dir/boot/kernel_bootstrap-i686.asm.o
 .debug_info    0x00000071       0x6a src/oboskrnl/CMakeFiles/oboskrnl.dir/descriptors/gdt/gdt.asm.o
 .debug_info    0x000000db       0x6a src/oboskrnl/CMakeFiles/oboskrnl.dir/descriptors/idt/idt.asm.o
 .debug_info    0x00000145       0x6f src/oboskrnl/CMakeFiles/oboskrnl.dir/descriptors/idt/handlers.asm.o
 .debug_info    0x000001b4       0x71 src/oboskrnl/CMakeFiles/oboskrnl.dir/memory_manager/paging/init.asm.o
 .debug_info    0x00000225       0x70 src/oboskrnl/CMakeFiles/oboskrnl.dir/multitasking/multitasking.asm.o
 .debug_info    0x00000295       0x63 src/oboskrnl/CMakeFiles/oboskrnl.dir/utils/memcpy.asm.o
 .debug_info    0x000002f8       0x61 src/oboskrnl/CMakeFiles/oboskrnl.dir/inline-asm.asm.o
 .debug_info    0x00000359       0x6c src/oboskrnl/CMakeFiles/oboskrnl.dir/driver_api/interrupts.asm.o
 .debug_info    0x000003c5     0x20b8 src/oboskrnl/CMakeFiles/oboskrnl.dir/process/process.cpp.o
 .debug_info    0x0000247d     0x2f5f src/oboskrnl/CMakeFiles/oboskrnl.dir/boot/kmain.cpp.o
 .debug_info    0x000053dc     0x1863 src/oboskrnl/CMakeFiles/oboskrnl.dir/console.cpp.o
 .debug_info    0x00006c3f     0x1691 src/oboskrnl/CMakeFiles/oboskrnl.dir/klog.cpp.o
 .debug_info    0x000082d0      0x979 src/oboskrnl/CMakeFiles/oboskrnl.dir/inline-asm.cpp.o
 .debug_info    0x00008c49      0x43a src/oboskrnl/CMakeFiles/oboskrnl.dir/descriptors/gdt/gdt.cpp.o
 .debug_info    0x00009083      0x7d1 src/oboskrnl/CMakeFiles/oboskrnl.dir/descriptors/idt/idt.cpp.o
 .debug_info    0x00009854      0xf63 src/oboskrnl/CMakeFiles/oboskrnl.dir/memory_manager/physical.cpp.o
 .debug_info    0x0000a7b7      0xdf7 src/oboskrnl/CMakeFiles/oboskrnl.dir/utils/bitfields.cpp.o
 .debug_info    0x0000b5ae      0xc78 src/oboskrnl/CMakeFiles/oboskrnl.dir/descriptors/idt/pic.cpp.o
 .debug_info    0x0000c226      0xb1b src/oboskrnl/CMakeFiles/oboskrnl.dir/memory_manager/paging/init.cpp.o
 .debug_info    0x0000cd41      0xdcd src/oboskrnl/CMakeFiles/oboskrnl.dir/memory_manager/paging/allocate.cpp.o
 .debug_info    0x0000db0e      0x415 src/oboskrnl/CMakeFiles/oboskrnl.dir/utils/memory.cpp.o
 .debug_info    0x0000df23      0x63f src/oboskrnl/CMakeFiles/oboskrnl.dir/memory_manager/paging/liballoc_hooks.cpp.o
 .debug_info    0x0000e562      0x758 src/oboskrnl/CMakeFiles/oboskrnl.dir/memory_manager/liballoc/liballoc.c.o
 .debug_info    0x0000ecba      0x3ac src/oboskrnl/CMakeFiles/oboskrnl.dir/external/list/list_iterator.c.o
 .debug_info    0x0000f066      0x19f src/oboskrnl/CMakeFiles/oboskrnl.dir/external/list/list_node.c.o
 .debug_info    0x0000f205      0x58e src/oboskrnl/CMakeFiles/oboskrnl.dir/external/list/list.c.o
 .debug_info    0x0000f793     0x19ea src/oboskrnl/CMakeFiles/oboskrnl.dir/multitasking/multitasking.cpp.o
 .debug_info    0x0001117d     0x26e8 src/oboskrnl/CMakeFiles/oboskrnl.dir/multitasking/threadHandle.cpp.o
 .debug_info    0x00013865     0x12fb src/oboskrnl/CMakeFiles/oboskrnl.dir/multitasking/thread.cpp.o
 .debug_info    0x00014b60     0x11e3 src/oboskrnl/CMakeFiles/oboskrnl.dir/multitasking/mutex/mutex.cpp.o
 .debug_info    0x00015d43     0x1737 src/oboskrnl/CMakeFiles/oboskrnl.dir/multitasking/mutex/mutexHandle.cpp.o
 .debug_info    0x0001747a      0xa2a src/oboskrnl/CMakeFiles/oboskrnl.dir/elf/elf.cpp.o
 .debug_info    0x00017ea4      0x41e src/oboskrnl/CMakeFiles/oboskrnl.dir/driver_api/interrupts.cpp.o
 .debug_info    0x000182c2     0x2bad src/oboskrnl/CMakeFiles/oboskrnl.dir/driver_api/syscalls.cpp.o
 .debug_info    0x0001ae6f      0x343 /home/omar/opt/cross/lib/gcc/i686-elf/11.4.0/libgcc.a(_umoddi3.o)

.debug_abbrev   0x00000000     0x4f92
 .debug_abbrev  0x00000000       0x1b src/oboskrnl/CMakeFiles/oboskrnl.dir/boot/kernel_bootstrap-i686.asm.o
 .debug_abbrev  0x0000001b       0x1b src/oboskrnl/CMakeFiles/oboskrnl.dir/descriptors/gdt/gdt.asm.o
 .debug_abbrev  0x00000036       0x1b src/oboskrnl/CMakeFiles/oboskrnl.dir/descriptors/idt/idt.asm.o
 .debug_abbrev  0x00000051       0x1b src/oboskrnl/CMakeFiles/oboskrnl.dir/descriptors/idt/handlers.asm.o
 .debug_abbrev  0x0000006c       0x1b src/oboskrnl/CMakeFiles/oboskrnl.dir/memory_manager/paging/init.asm.o
 .debug_abbrev  0x00000087       0x1b src/oboskrnl/CMakeFiles/oboskrnl.dir/multitasking/multitasking.asm.o
 .debug_abbrev  0x000000a2       0x1b src/oboskrnl/CMakeFiles/oboskrnl.dir/utils/memcpy.asm.o
 .debug_abbrev  0x000000bd       0x1b src/oboskrnl/CMakeFiles/oboskrnl.dir/inline-asm.asm.o
 .debug_abbrev  0x000000d8       0x1b src/oboskrnl/CMakeFiles/oboskrnl.dir/driver_api/interrupts.asm.o
 .debug_abbrev  0x000000f3      0x60a src/oboskrnl/CMakeFiles/oboskrnl.dir/process/process.cpp.o
 .debug_abbrev  0x000006fd      0x742 src/oboskrnl/CMakeFiles/oboskrnl.dir/boot/kmain.cpp.o
 .debug_abbrev  0x00000e3f      0x3a5 src/oboskrnl/CMakeFiles/oboskrnl.dir/console.cpp.o
 .debug_abbrev  0x000011e4      0x463 src/oboskrnl/CMakeFiles/oboskrnl.dir/klog.cpp.o
 .debug_abbrev  0x00001647      0x228 src/oboskrnl/CMakeFiles/oboskrnl.dir/inline-asm.cpp.o
 .debug_abbrev  0x0000186f      0x173 src/oboskrnl/CMakeFiles/oboskrnl.dir/descriptors/gdt/gdt.cpp.o
 .debug_abbrev  0x000019e2      0x1d8 src/oboskrnl/CMakeFiles/oboskrnl.dir/descriptors/idt/idt.cpp.o
 .debug_abbrev  0x00001bba      0x24b src/oboskrnl/CMakeFiles/oboskrnl.dir/memory_manager/physical.cpp.o
 .debug_abbrev  0x00001e05      0x338 src/oboskrnl/CMakeFiles/oboskrnl.dir/utils/bitfields.cpp.o
 .debug_abbrev  0x0000213d      0x231 src/oboskrnl/CMakeFiles/oboskrnl.dir/descriptors/idt/pic.cpp.o
 .debug_abbrev  0x0000236e      0x304 src/oboskrnl/CMakeFiles/oboskrnl.dir/memory_manager/paging/init.cpp.o
 .debug_abbrev  0x00002672      0x26e src/oboskrnl/CMakeFiles/oboskrnl.dir/memory_manager/paging/allocate.cpp.o
 .debug_abbrev  0x000028e0       0xed src/oboskrnl/CMakeFiles/oboskrnl.dir/utils/memory.cpp.o
 .debug_abbrev  0x000029cd      0x1b3 src/oboskrnl/CMakeFiles/oboskrnl.dir/memory_manager/paging/liballoc_hooks.cpp.o
 .debug_abbrev  0x00002b80      0x201 src/oboskrnl/CMakeFiles/oboskrnl.dir/memory_manager/liballoc/liballoc.c.o
 .debug_abbrev  0x00002d81      0x175 src/oboskrnl/CMakeFiles/oboskrnl.dir/external/list/list_iterator.c.o
 .debug_abbrev  0x00002ef6       0xbe src/oboskrnl/CMakeFiles/oboskrnl.dir/external/list/list_node.c.o
 .debug_abbrev  0x00002fb4      0x1ae src/oboskrnl/CMakeFiles/oboskrnl.dir/external/list/list.c.o
 .debug_abbrev  0x00003162      0x44b src/oboskrnl/CMakeFiles/oboskrnl.dir/multitasking/multitasking.cpp.o
 .debug_abbrev  0x000035ad      0x586 src/oboskrnl/CMakeFiles/oboskrnl.dir/multitasking/threadHandle.cpp.o
 .debug_abbrev  0x00003b33      0x3a1 src/oboskrnl/CMakeFiles/oboskrnl.dir/multitasking/thread.cpp.o
 .debug_abbrev  0x00003ed4      0x380 src/oboskrnl/CMakeFiles/oboskrnl.dir/multitasking/mutex/mutex.cpp.o
 .debug_abbrev  0x00004254      0x3b7 src/oboskrnl/CMakeFiles/oboskrnl.dir/multitasking/mutex/mutexHandle.cpp.o
 .debug_abbrev  0x0000460b      0x188 src/oboskrnl/CMakeFiles/oboskrnl.dir/elf/elf.cpp.o
 .debug_abbrev  0x00004793      0x120 src/oboskrnl/CMakeFiles/oboskrnl.dir/driver_api/interrupts.cpp.o
 .debug_abbrev  0x000048b3      0x56e src/oboskrnl/CMakeFiles/oboskrnl.dir/driver_api/syscalls.cpp.o
 .debug_abbrev  0x00004e21      0x171 /home/omar/opt/cross/lib/gcc/i686-elf/11.4.0/libgcc.a(_umoddi3.o)

.debug_line     0x00000000     0xde7f
 .debug_line    0x00000000       0x7b src/oboskrnl/CMakeFiles/oboskrnl.dir/boot/kernel_bootstrap-i686.asm.o
 .debug_line    0x0000007b       0x71 src/oboskrnl/CMakeFiles/oboskrnl.dir/descriptors/gdt/gdt.asm.o
 .debug_line    0x000000ec       0x6a src/oboskrnl/CMakeFiles/oboskrnl.dir/descriptors/idt/idt.asm.o
 .debug_line    0x00000156      0x14b src/oboskrnl/CMakeFiles/oboskrnl.dir/descriptors/idt/handlers.asm.o
 .debug_line    0x000002a1       0x7b src/oboskrnl/CMakeFiles/oboskrnl.dir/memory_manager/paging/init.asm.o
 .debug_line    0x0000031c       0x7c src/oboskrnl/CMakeFiles/oboskrnl.dir/multitasking/multitasking.asm.o
 .debug_line    0x00000398       0xaf src/oboskrnl/CMakeFiles/oboskrnl.dir/utils/memcpy.asm.o
 .debug_line    0x00000447       0x62 src/oboskrnl/CMakeFiles/oboskrnl.dir/inline-asm.asm.o
 .debug_line    0x000004a9       0x6e src/oboskrnl/CMakeFiles/oboskrnl.dir/driver_api/interrupts.asm.o
 .debug_line    0x00000517      0xb4c src/oboskrnl/CMakeFiles/oboskrnl.dir/process/process.cpp.o
 .debug_line    0x00001063      0xe56 src/oboskrnl/CMakeFiles/oboskrnl.dir/boot/kmain.cpp.o
 .debug_line    0x00001eb9      0xe05 src/oboskrnl/CMakeFiles/oboskrnl.dir/console.cpp.o
 .debug_line    0x00002cbe      0xe50 src/oboskrnl/CMakeFiles/oboskrnl.dir/klog.cpp.o
 .debug_line    0x00003b0e      0xd29 src/oboskrnl/CMakeFiles/oboskrnl.dir/inline-asm.cpp.o
 .debug_line    0x00004837      0x22d src/oboskrnl/CMakeFiles/oboskrnl.dir/descriptors/gdt/gdt.cpp.o
 .debug_line    0x00004a64      0x3ed src/oboskrnl/CMakeFiles/oboskrnl.dir/descriptors/idt/idt.cpp.o
 .debug_line    0x00004e51      0x9f3 src/oboskrnl/CMakeFiles/oboskrnl.dir/memory_manager/physical.cpp.o
 .debug_line    0x00005844      0x48d src/oboskrnl/CMakeFiles/oboskrnl.dir/utils/bitfields.cpp.o
 .debug_line    0x00005cd1      0x695 src/oboskrnl/CMakeFiles/oboskrnl.dir/descriptors/idt/pic.cpp.o
 .debug_line    0x00006366      0x526 src/oboskrnl/CMakeFiles/oboskrnl.dir/memory_manager/paging/init.cpp.o
 .debug_line    0x0000688c      0xcb9 src/oboskrnl/CMakeFiles/oboskrnl.dir/memory_manager/paging/allocate.cpp.o
 .debug_line    0x00007545      0x311 src/oboskrnl/CMakeFiles/oboskrnl.dir/utils/memory.cpp.o
 .debug_line    0x00007856      0x399 src/oboskrnl/CMakeFiles/oboskrnl.dir/memory_manager/paging/liballoc_hooks.cpp.o
 .debug_line    0x00007bef     0x10ee src/oboskrnl/CMakeFiles/oboskrnl.dir/memory_manager/liballoc/liballoc.c.o
 .debug_line    0x00008cdd      0x219 src/oboskrnl/CMakeFiles/oboskrnl.dir/external/list/list_iterator.c.o
 .debug_line    0x00008ef6      0x17b src/oboskrnl/CMakeFiles/oboskrnl.dir/external/list/list_node.c.o
 .debug_line    0x00009071      0x837 src/oboskrnl/CMakeFiles/oboskrnl.dir/external/list/list.c.o
 .debug_line    0x000098a8      0xa27 src/oboskrnl/CMakeFiles/oboskrnl.dir/multitasking/multitasking.cpp.o
 .debug_line    0x0000a2cf     0x158d src/oboskrnl/CMakeFiles/oboskrnl.dir/multitasking/threadHandle.cpp.o
 .debug_line    0x0000b85c      0x4e1 src/oboskrnl/CMakeFiles/oboskrnl.dir/multitasking/thread.cpp.o
 .debug_line    0x0000bd3d      0x46f src/oboskrnl/CMakeFiles/oboskrnl.dir/multitasking/mutex/mutex.cpp.o
 .debug_line    0x0000c1ac      0x56f src/oboskrnl/CMakeFiles/oboskrnl.dir/multitasking/mutex/mutexHandle.cpp.o
 .debug_line    0x0000c71b      0x487 src/oboskrnl/CMakeFiles/oboskrnl.dir/elf/elf.cpp.o
 .debug_line    0x0000cba2      0x201 src/oboskrnl/CMakeFiles/oboskrnl.dir/driver_api/interrupts.cpp.o
 .debug_line    0x0000cda3      0xf07 src/oboskrnl/CMakeFiles/oboskrnl.dir/driver_api/syscalls.cpp.o
 .debug_line    0x0000dcaa      0x1d5 /home/omar/opt/cross/lib/gcc/i686-elf/11.4.0/libgcc.a(_umoddi3.o)

.debug_frame    0x00000000     0x30b8
 .debug_frame   0x00000000        0x0 src/oboskrnl/CMakeFiles/oboskrnl.dir/boot/kernel_bootstrap-i686.asm.o
 .debug_frame   0x00000000        0x0 src/oboskrnl/CMakeFiles/oboskrnl.dir/descriptors/gdt/gdt.asm.o
 .debug_frame   0x00000000        0x0 src/oboskrnl/CMakeFiles/oboskrnl.dir/descriptors/idt/idt.asm.o
 .debug_frame   0x00000000        0x0 src/oboskrnl/CMakeFiles/oboskrnl.dir/descriptors/idt/handlers.asm.o
 .debug_frame   0x00000000        0x0 src/oboskrnl/CMakeFiles/oboskrnl.dir/memory_manager/paging/init.asm.o
 .debug_frame   0x00000000        0x0 src/oboskrnl/CMakeFiles/oboskrnl.dir/multitasking/multitasking.asm.o
 .debug_frame   0x00000000        0x0 src/oboskrnl/CMakeFiles/oboskrnl.dir/utils/memcpy.asm.o
 .debug_frame   0x00000000        0x0 src/oboskrnl/CMakeFiles/oboskrnl.dir/inline-asm.asm.o
 .debug_frame   0x00000000        0x0 src/oboskrnl/CMakeFiles/oboskrnl.dir/driver_api/interrupts.asm.o
 .debug_frame   0x00000000      0x2d4 src/oboskrnl/CMakeFiles/oboskrnl.dir/process/process.cpp.o
 .debug_frame   0x000002d4      0x2bc src/oboskrnl/CMakeFiles/oboskrnl.dir/boot/kmain.cpp.o
 .debug_frame   0x00000590      0x360 src/oboskrnl/CMakeFiles/oboskrnl.dir/console.cpp.o
 .debug_frame   0x000008f0      0x310 src/oboskrnl/CMakeFiles/oboskrnl.dir/klog.cpp.o
 .debug_frame   0x00000c00      0x1f8 src/oboskrnl/CMakeFiles/oboskrnl.dir/inline-asm.cpp.o
 .debug_frame   0x00000df8       0x6c src/oboskrnl/CMakeFiles/oboskrnl.dir/descriptors/gdt/gdt.cpp.o
 .debug_frame   0x00000e64       0x98 src/oboskrnl/CMakeFiles/oboskrnl.dir/descriptors/idt/idt.cpp.o
 .debug_frame   0x00000efc      0x12c src/oboskrnl/CMakeFiles/oboskrnl.dir/memory_manager/physical.cpp.o
 .debug_frame   0x00001028      0x3ac src/oboskrnl/CMakeFiles/oboskrnl.dir/utils/bitfields.cpp.o
 .debug_frame   0x000013d4      0x300 src/oboskrnl/CMakeFiles/oboskrnl.dir/descriptors/idt/pic.cpp.o
 .debug_frame   0x000016d4      0x208 src/oboskrnl/CMakeFiles/oboskrnl.dir/memory_manager/paging/init.cpp.o
 .debug_frame   0x000018dc      0x188 src/oboskrnl/CMakeFiles/oboskrnl.dir/memory_manager/paging/allocate.cpp.o
 .debug_frame   0x00001a64       0x98 src/oboskrnl/CMakeFiles/oboskrnl.dir/utils/memory.cpp.o
 .debug_frame   0x00001afc      0x27c src/oboskrnl/CMakeFiles/oboskrnl.dir/memory_manager/paging/liballoc_hooks.cpp.o
 .debug_frame   0x00001d78      0x160 src/oboskrnl/CMakeFiles/oboskrnl.dir/memory_manager/liballoc/liballoc.c.o
 .debug_frame   0x00001ed8       0xc4 src/oboskrnl/CMakeFiles/oboskrnl.dir/external/list/list_iterator.c.o
 .debug_frame   0x00001f9c       0x40 src/oboskrnl/CMakeFiles/oboskrnl.dir/external/list/list_node.c.o
 .debug_frame   0x00001fdc      0x1a0 src/oboskrnl/CMakeFiles/oboskrnl.dir/external/list/list.c.o
 .debug_frame   0x0000217c      0x164 src/oboskrnl/CMakeFiles/oboskrnl.dir/multitasking/multitasking.cpp.o
 .debug_frame   0x000022e0      0x678 src/oboskrnl/CMakeFiles/oboskrnl.dir/multitasking/threadHandle.cpp.o
 .debug_frame   0x00002958       0xc4 src/oboskrnl/CMakeFiles/oboskrnl.dir/multitasking/thread.cpp.o
 .debug_frame   0x00002a1c       0xc4 src/oboskrnl/CMakeFiles/oboskrnl.dir/multitasking/mutex/mutex.cpp.o
 .debug_frame   0x00002ae0      0x200 src/oboskrnl/CMakeFiles/oboskrnl.dir/multitasking/mutex/mutexHandle.cpp.o
 .debug_frame   0x00002ce0       0x6c src/oboskrnl/CMakeFiles/oboskrnl.dir/elf/elf.cpp.o
 .debug_frame   0x00002d4c       0xc4 src/oboskrnl/CMakeFiles/oboskrnl.dir/driver_api/interrupts.cpp.o
 .debug_frame   0x00002e10      0x2a8 src/oboskrnl/CMakeFiles/oboskrnl.dir/driver_api/syscalls.cpp.o

.debug_loc      0x00000000        0x0
 .debug_loc     0x00000000        0x0 src/oboskrnl/CMakeFiles/oboskrnl.dir/boot/kernel_bootstrap-i686.asm.o
 .debug_loc     0x00000000        0x0 src/oboskrnl/CMakeFiles/oboskrnl.dir/descriptors/gdt/gdt.asm.o
 .debug_loc     0x00000000        0x0 src/oboskrnl/CMakeFiles/oboskrnl.dir/descriptors/idt/idt.asm.o
 .debug_loc     0x00000000        0x0 src/oboskrnl/CMakeFiles/oboskrnl.dir/descriptors/idt/handlers.asm.o
 .debug_loc     0x00000000        0x0 src/oboskrnl/CMakeFiles/oboskrnl.dir/memory_manager/paging/init.asm.o
 .debug_loc     0x00000000        0x0 src/oboskrnl/CMakeFiles/oboskrnl.dir/multitasking/multitasking.asm.o
 .debug_loc     0x00000000        0x0 src/oboskrnl/CMakeFiles/oboskrnl.dir/utils/memcpy.asm.o
 .debug_loc     0x00000000        0x0 src/oboskrnl/CMakeFiles/oboskrnl.dir/inline-asm.asm.o
 .debug_loc     0x00000000        0x0 src/oboskrnl/CMakeFiles/oboskrnl.dir/driver_api/interrupts.asm.o

.debug_rnglists
                0x00000000      0x237
 .debug_rnglists
                0x00000000       0x55 src/oboskrnl/CMakeFiles/oboskrnl.dir/process/process.cpp.o
 .debug_rnglists
                0x00000055       0x28 src/oboskrnl/CMakeFiles/oboskrnl.dir/boot/kmain.cpp.o
 .debug_rnglists
                0x0000007d       0x1f src/oboskrnl/CMakeFiles/oboskrnl.dir/klog.cpp.o
 .debug_rnglists
                0x0000009c       0x1f src/oboskrnl/CMakeFiles/oboskrnl.dir/memory_manager/paging/allocate.cpp.o
 .debug_rnglists
                0x000000bb       0x31 src/oboskrnl/CMakeFiles/oboskrnl.dir/multitasking/multitasking.cpp.o
 .debug_rnglists
                0x000000ec       0x5e src/oboskrnl/CMakeFiles/oboskrnl.dir/multitasking/threadHandle.cpp.o
 .debug_rnglists
                0x0000014a       0x28 src/oboskrnl/CMakeFiles/oboskrnl.dir/multitasking/thread.cpp.o
 .debug_rnglists
                0x00000172       0x3a src/oboskrnl/CMakeFiles/oboskrnl.dir/multitasking/mutex/mutexHandle.cpp.o
 .debug_rnglists
                0x000001ac       0x6b src/oboskrnl/CMakeFiles/oboskrnl.dir/driver_api/syscalls.cpp.o
 .debug_rnglists
                0x00000217       0x20 /home/omar/opt/cross/lib/gcc/i686-elf/11.4.0/libgcc.a(_umoddi3.o)

.debug_str      0x00000000      0x7b7
 .debug_str     0x00000000       0x59 src/oboskrnl/CMakeFiles/oboskrnl.dir/process/process.cpp.o
 .debug_str     0x00000059       0x8b src/oboskrnl/CMakeFiles/oboskrnl.dir/boot/kmain.cpp.o
 .debug_str     0x000000e4       0x52 src/oboskrnl/CMakeFiles/oboskrnl.dir/console.cpp.o
 .debug_str     0x00000136       0xbe src/oboskrnl/CMakeFiles/oboskrnl.dir/klog.cpp.o
 .debug_str     0x000001f4        0x0 src/oboskrnl/CMakeFiles/oboskrnl.dir/inline-asm.cpp.o
 .debug_str     0x000001f4        0x9 src/oboskrnl/CMakeFiles/oboskrnl.dir/descriptors/gdt/gdt.cpp.o
 .debug_str     0x000001fd        0x9 src/oboskrnl/CMakeFiles/oboskrnl.dir/descriptors/idt/idt.cpp.o
 .debug_str     0x00000206        0xe src/oboskrnl/CMakeFiles/oboskrnl.dir/memory_manager/physical.cpp.o
 .debug_str     0x00000214       0x5e src/oboskrnl/CMakeFiles/oboskrnl.dir/utils/bitfields.cpp.o
 .debug_str     0x00000272       0x39 src/oboskrnl/CMakeFiles/oboskrnl.dir/descriptors/idt/pic.cpp.o
 .debug_str     0x000002ab       0x1d src/oboskrnl/CMakeFiles/oboskrnl.dir/memory_manager/paging/init.cpp.o
 .debug_str     0x000002c8       0x3d src/oboskrnl/CMakeFiles/oboskrnl.dir/memory_manager/paging/allocate.cpp.o
 .debug_str     0x00000305        0x0 src/oboskrnl/CMakeFiles/oboskrnl.dir/utils/memory.cpp.o
 .debug_str     0x00000305       0x46 src/oboskrnl/CMakeFiles/oboskrnl.dir/memory_manager/paging/liballoc_hooks.cpp.o
 .debug_str     0x0000034b       0x26 src/oboskrnl/CMakeFiles/oboskrnl.dir/memory_manager/liballoc/liballoc.c.o
 .debug_str     0x00000371        0xa src/oboskrnl/CMakeFiles/oboskrnl.dir/external/list/list_iterator.c.o
 .debug_str     0x0000037b        0x0 src/oboskrnl/CMakeFiles/oboskrnl.dir/external/list/list_node.c.o
 .debug_str     0x0000037b       0x14 src/oboskrnl/CMakeFiles/oboskrnl.dir/external/list/list.c.o
 .debug_str     0x0000038f       0x33 src/oboskrnl/CMakeFiles/oboskrnl.dir/multitasking/multitasking.cpp.o
 .debug_str     0x000003c2      0x105 src/oboskrnl/CMakeFiles/oboskrnl.dir/multitasking/threadHandle.cpp.o
 .debug_str     0x000004c7       0x5b src/oboskrnl/CMakeFiles/oboskrnl.dir/multitasking/thread.cpp.o
 .debug_str     0x00000522       0x27 src/oboskrnl/CMakeFiles/oboskrnl.dir/multitasking/mutex/mutex.cpp.o
 .debug_str     0x00000549       0x5f src/oboskrnl/CMakeFiles/oboskrnl.dir/multitasking/mutex/mutexHandle.cpp.o
 .debug_str     0x000005a8       0x23 src/oboskrnl/CMakeFiles/oboskrnl.dir/elf/elf.cpp.o
 .debug_str     0x000005cb        0x0 src/oboskrnl/CMakeFiles/oboskrnl.dir/driver_api/interrupts.cpp.o
 .debug_str     0x000005cb       0x73 src/oboskrnl/CMakeFiles/oboskrnl.dir/driver_api/syscalls.cpp.o
 .debug_str     0x0000063e      0x179 /home/omar/opt/cross/lib/gcc/i686-elf/11.4.0/libgcc.a(_umoddi3.o)
                                0x1e3 (size before relaxing)

.debug_loclists
                0x00000000      0x495
 .debug_loclists
                0x00000000      0x495 /home/omar/opt/cross/lib/gcc/i686-elf/11.4.0/libgcc.a(_umoddi3.o)

.debug_line_str
                0x00000000       0x93
 .debug_line_str
                0x00000000       0x93 /home/omar/opt/cross/lib/gcc/i686-elf/11.4.0/libgcc.a(_umoddi3.o)
                                 0xf0 (size before relaxing)
