Archive member included to satisfy reference by file (symbol)

/home/omar/opt/cross/lib/gcc/i686-elf/11.4.0/libgcc.a(_umoddi3.o)
                              src/oboskrnl/CMakeFiles/oboskrnl.dir/klog.cpp.o (__umoddi3)

Discarded input sections

 .gnu.linkonce.t._ZN4obos12multitasking6ThreadD1Ev
                0x00000000       0x3b src/oboskrnl/CMakeFiles/oboskrnl.dir/multitasking/threadHandle.cpp.o
 .gnu.linkonce.t._ZN4obos12multitasking6ThreadD0Ev
                0x00000000       0x26 src/oboskrnl/CMakeFiles/oboskrnl.dir/multitasking/threadHandle.cpp.o
 .gnu.linkonce.t._ZN4obos12multitasking6ThreadC1Ev
                0x00000000       0x7e src/oboskrnl/CMakeFiles/oboskrnl.dir/multitasking/threadHandle.cpp.o
 .gnu.linkonce.r._ZTVN4obos12multitasking6ThreadE
                0x00000000       0x10 src/oboskrnl/CMakeFiles/oboskrnl.dir/multitasking/threadHandle.cpp.o
 .gnu.linkonce.t._ZN4obos12multitasking6ThreadD1Ev
                0x00000000       0x3b src/oboskrnl/CMakeFiles/oboskrnl.dir/multitasking/thread.cpp.o
 .gnu.linkonce.t._ZN4obos12multitasking6ThreadD0Ev
                0x00000000       0x26 src/oboskrnl/CMakeFiles/oboskrnl.dir/multitasking/thread.cpp.o
 .gnu.linkonce.r._ZTVN4obos12multitasking6ThreadE
                0x00000000       0x10 src/oboskrnl/CMakeFiles/oboskrnl.dir/multitasking/thread.cpp.o
 .gnu.linkonce.t._ZN4obos6Handle13getReferencesEv
                0x00000000        0xe src/oboskrnl/CMakeFiles/oboskrnl.dir/multitasking/mutex/mutexHandle.cpp.o
 .gnu.linkonce.t._ZN4obos6HandleD2Ev
                0x00000000       0x10 src/oboskrnl/CMakeFiles/oboskrnl.dir/multitasking/mutex/mutexHandle.cpp.o
 .gnu.linkonce.t._ZN4obos6HandleC2Ev
                0x00000000       0x2e src/oboskrnl/CMakeFiles/oboskrnl.dir/multitasking/mutex/mutexHandle.cpp.o
 .gnu.linkonce.r._ZTVN4obos6HandleE
                0x00000000       0x18 src/oboskrnl/CMakeFiles/oboskrnl.dir/multitasking/mutex/mutexHandle.cpp.o

Memory Configuration

Name             Origin             Length             Attributes
*default*        0x00000000         0xffffffff

Linker script and memory map

LOAD /tmp/ccw3ASdx.o
LOAD /home/omar/opt/cross/lib/gcc/i686-elf/11.4.0/crtbegin.o
LOAD /home/omar/opt/cross/lib/gcc/i686-elf/11.4.0/crtend.o
LOAD /tmp/ccDeS5Zs.o
LOAD src/oboskrnl/CMakeFiles/oboskrnl.dir/boot/kernel_bootstrap-i686.asm.o
LOAD src/oboskrnl/CMakeFiles/oboskrnl.dir/descriptors/gdt/gdt.asm.o
LOAD src/oboskrnl/CMakeFiles/oboskrnl.dir/descriptors/idt/idt.asm.o
LOAD src/oboskrnl/CMakeFiles/oboskrnl.dir/descriptors/idt/handlers.asm.o
LOAD src/oboskrnl/CMakeFiles/oboskrnl.dir/memory_manager/paging/init.asm.o
LOAD src/oboskrnl/CMakeFiles/oboskrnl.dir/multitasking/multitasking.asm.o
LOAD src/oboskrnl/CMakeFiles/oboskrnl.dir/utils/memcpy.asm.o
LOAD src/oboskrnl/CMakeFiles/oboskrnl.dir/inline-asm.asm.o
LOAD src/oboskrnl/CMakeFiles/oboskrnl.dir/driver_api/interrupts.asm.o
LOAD src/oboskrnl/CMakeFiles/oboskrnl.dir/boot/kmain.cpp.o
LOAD src/oboskrnl/CMakeFiles/oboskrnl.dir/console.cpp.o
LOAD src/oboskrnl/CMakeFiles/oboskrnl.dir/klog.cpp.o
LOAD src/oboskrnl/CMakeFiles/oboskrnl.dir/inline-asm.cpp.o
LOAD src/oboskrnl/CMakeFiles/oboskrnl.dir/descriptors/gdt/gdt.cpp.o
LOAD src/oboskrnl/CMakeFiles/oboskrnl.dir/descriptors/idt/idt.cpp.o
LOAD src/oboskrnl/CMakeFiles/oboskrnl.dir/memory_manager/physical.cpp.o
LOAD src/oboskrnl/CMakeFiles/oboskrnl.dir/utils/bitfields.cpp.o
LOAD src/oboskrnl/CMakeFiles/oboskrnl.dir/descriptors/idt/pic.cpp.o
LOAD src/oboskrnl/CMakeFiles/oboskrnl.dir/memory_manager/paging/init.cpp.o
LOAD src/oboskrnl/CMakeFiles/oboskrnl.dir/memory_manager/paging/allocate.cpp.o
LOAD src/oboskrnl/CMakeFiles/oboskrnl.dir/utils/memory.cpp.o
LOAD src/oboskrnl/CMakeFiles/oboskrnl.dir/memory_manager/paging/liballoc_hooks.cpp.o
LOAD src/oboskrnl/CMakeFiles/oboskrnl.dir/memory_manager/liballoc/liballoc.c.o
LOAD src/oboskrnl/CMakeFiles/oboskrnl.dir/external/list/list_iterator.c.o
LOAD src/oboskrnl/CMakeFiles/oboskrnl.dir/external/list/list_node.c.o
LOAD src/oboskrnl/CMakeFiles/oboskrnl.dir/external/list/list.c.o
LOAD src/oboskrnl/CMakeFiles/oboskrnl.dir/multitasking/multitasking.cpp.o
LOAD src/oboskrnl/CMakeFiles/oboskrnl.dir/multitasking/threadHandle.cpp.o
LOAD src/oboskrnl/CMakeFiles/oboskrnl.dir/multitasking/thread.cpp.o
LOAD src/oboskrnl/CMakeFiles/oboskrnl.dir/multitasking/mutex/mutex.cpp.o
LOAD src/oboskrnl/CMakeFiles/oboskrnl.dir/multitasking/mutex/mutexHandle.cpp.o
LOAD src/oboskrnl/CMakeFiles/oboskrnl.dir/elf/elf.cpp.o
LOAD src/oboskrnl/CMakeFiles/oboskrnl.dir/driver_api/interrupts.cpp.o
LOAD src/oboskrnl/CMakeFiles/oboskrnl.dir/driver_api/syscalls.cpp.o
LOAD /home/omar/opt/cross/lib/gcc/i686-elf/11.4.0/libgcc.a
                0x00100000                        . = 0x100000
                0x00100000                        _kernel_start = .

.multiboot.data
                0x00100000     0x3004
 *(.multiboot.data)
 .multiboot.data
                0x00100000     0x3004 src/oboskrnl/CMakeFiles/oboskrnl.dir/boot/kernel_bootstrap-i686.asm.o
                0x00102000                boot_page_directory1

.multiboot.text
                0x00103004       0x63
 *(.multiboot.text)
 .multiboot.text
                0x00103004       0x63 src/oboskrnl/CMakeFiles/oboskrnl.dir/boot/kernel_bootstrap-i686.asm.o
                0x00103004                _start
                0xc0103067                        . = (. + 0xc0000000)

.text           0xc0104000     0x82e0 load address 0x00104000
 *(.text)
 .text          0xc0104000        0x0 /tmp/ccw3ASdx.o
 .text          0xc0104000      0x145 /home/omar/opt/cross/lib/gcc/i686-elf/11.4.0/crtbegin.o
 *fill*         0xc0104145        0xb 
 .text          0xc0104150       0x41 /home/omar/opt/cross/lib/gcc/i686-elf/11.4.0/crtend.o
 .text          0xc0104191        0x0 /tmp/ccDeS5Zs.o
 *fill*         0xc0104191        0xf 
 .text          0xc01041a0       0x1b src/oboskrnl/CMakeFiles/oboskrnl.dir/boot/kernel_bootstrap-i686.asm.o
                0xc01041ae                _ZN4obos15RestartComputerEv
 *fill*         0xc01041bb        0x5 
 .text          0xc01041c0       0x1d src/oboskrnl/CMakeFiles/oboskrnl.dir/descriptors/gdt/gdt.asm.o
                0xc01041c0                gdtFlush
 *fill*         0xc01041dd        0x3 
 .text          0xc01041e0        0x8 src/oboskrnl/CMakeFiles/oboskrnl.dir/descriptors/idt/idt.asm.o
                0xc01041e0                _ZN4obos8idtFlushEj
 *fill*         0xc01041e8        0x8 
 .text          0xc01041f0      0x1cb src/oboskrnl/CMakeFiles/oboskrnl.dir/descriptors/idt/handlers.asm.o
                0xc01041f0                isr0
                0xc01041fa                isr1
                0xc0104204                isr2
                0xc010420e                isr3
                0xc0104218                isr4
                0xc0104222                isr5
                0xc010422c                isr6
                0xc0104236                isr7
                0xc0104240                isr8
                0xc0104248                isr9
                0xc0104252                isr10
                0xc010425a                isr11
                0xc0104262                isr12
                0xc010426a                isr13
                0xc0104272                isr14
                0xc010427a                isr15
                0xc0104284                isr16
                0xc010428e                isr17
                0xc0104298                isr18
                0xc01042a2                isr19
                0xc01042ac                isr20
                0xc01042b6                isr21
                0xc01042be                isr22
                0xc01042c8                isr23
                0xc01042d2                isr24
                0xc01042dc                isr25
                0xc01042e6                isr26
                0xc01042f0                isr27
                0xc01042fa                isr28
                0xc0104304                isr29
                0xc010430c                isr30
                0xc0104311                isr31
                0xc0104318                isr32
                0xc010431f                isr33
                0xc0104326                isr34
                0xc010432d                isr35
                0xc0104334                isr36
                0xc010433b                isr37
                0xc0104342                isr38
                0xc0104349                isr39
                0xc0104350                isr40
                0xc0104357                isr41
                0xc010435e                isr42
                0xc0104365                isr43
                0xc010436c                isr44
                0xc0104373                isr45
                0xc010437a                isr46
                0xc0104381                isr47
                0xc0104388                isr48
                0xc010438f                isr_common_stub
 *fill*         0xc01043bb        0x5 
 .text          0xc01043c0       0x20 src/oboskrnl/CMakeFiles/oboskrnl.dir/memory_manager/paging/init.asm.o
                0xc01043c0                _ZN4obos6memory13PageDirectory15switchToThisAsmEj
                0xc01043cc                _ZN4obos6memory19GetPageFaultAddressEv
                0xc01043d0                _ZN4obos6memory12enablePagingEv
 .text          0xc01043e0       0x34 src/oboskrnl/CMakeFiles/oboskrnl.dir/multitasking/multitasking.asm.o
                0xc01043e0                _ZN4obos12multitasking15switchToTaskAsmEv
 *fill*         0xc0104414        0xc 
 .text          0xc0104420       0x81 src/oboskrnl/CMakeFiles/oboskrnl.dir/utils/memcpy.asm.o
                0xc0104420                _ZN4obos5utils6memcpyEPvPKvj
                0xc010443d                _ZN4obos5utils7memzeroEPvj
                0xc0104455                _ZN4obos5utils8dwMemsetEPjjj
                0xc0104471                _ZN4obos5utils6memsetEPvjj
                0xc010448b                _ZN4obos5utils6strlenEPKc
 *fill*         0xc01044a1        0xf 
 .text          0xc01044b0        0x7 src/oboskrnl/CMakeFiles/oboskrnl.dir/inline-asm.asm.o
                0xc01044b0                _Z9getEflagsv
 *fill*         0xc01044b7        0x9 
 .text          0xc01044c0       0x11 src/oboskrnl/CMakeFiles/oboskrnl.dir/driver_api/interrupts.asm.o
                0xc01044c0                isr80
 *fill*         0xc01044d1        0x1 
 .text          0xc01044d2      0x7b3 src/oboskrnl/CMakeFiles/oboskrnl.dir/boot/kmain.cpp.o
                0xc01044d2                _ZN4obos9pageFaultEPKNS_15interrupt_frameE
                0xc010465f                _ZN4obos23defaultExceptionHandlerEPKNS_15interrupt_frameE
                0xc0104776                _ZN4obos5kmainEP14multiboot_infoj
                0xc010495b                _ZN4obos8kmainThrEv
                0xc0104ab8                __cxa_pure_virtual
                0xc0104ad3                __cxa_atexit
                0xc0104b4b                __cxa_finalize
 .text          0xc0104c85      0xac8 src/oboskrnl/CMakeFiles/oboskrnl.dir/console.cpp.o
                0xc0104eeb                _ZN4obos17InitializeConsoleEjj
                0xc01050a6                _ZN4obos9SetCursorEb
                0xc01050b5                _ZN4obos15SetConsoleColorEjj
                0xc01050cb                _ZN4obos15GetConsoleColorERjS0_
                0xc0105334                _ZN4obos13ConsoleOutputEPKcjb
                0xc01053b8                _ZN4obos19ConsoleOutputStringEPKcb
                0xc0105443                _ZN4obos15ConsoleFillLineEcb
                0xc01054cd                _ZN4obos22ConsoleOutputCharacterEcb
                0xc0105536                _ZN4obos25SetTerminalCursorPositionEjj
                0xc01056b7                _ZN4obos11swapBuffersEv
 *fill*         0xc010574d        0x1 
 .text          0xc010574e      0x9e6 src/oboskrnl/CMakeFiles/oboskrnl.dir/klog.cpp.o
                0xc0105809                _Z10strreversePci
                0xc0105879                _Z13itoa_unsignedjPci
                0xc0105995                _ZN4obos8_vprintfEPFvhPvES0_PKcPc
                0xc0105d7d                _ZN4obos6printfEPKcz
                0xc0105da8                _ZN4obos7vprintfEPKcPc
                0xc0105dda                _ZN4obos6kpanicEPvPKcz
                0xc0105f6c                _ZN4obos14printf_noFlushEPKcz
                0xc0105f92                _ZN4obos15printStackTraceEPvPKc
                0xc0106057                _ZN4obos4randEv
                0xc010607e                _ZN4obos5srandEj
                0xc01060a2                _ZN4obos4poopEv
 .text          0xc0106134      0x81a src/oboskrnl/CMakeFiles/oboskrnl.dir/inline-asm.cpp.o
                0xc0106134                _Z4outbth
                0xc0106155                _Z4outwtt
                0xc0106176                _Z3inbt
                0xc0106193                _Z3inwt
                0xc01061b2                _Z7io_waitv
                0xc01061c7                _Z3cliv
                0xc01061db                _Z3stiv
                0xc01061ef                _Z3hltv
                0xc01061f6                _Z4_inth
                0xc01068ae                _ZN4obos18EnterKernelSectionEv
                0xc01068f0                _ZN4obos18LeaveKernelSectionEv
 .text          0xc010694e      0x177 src/oboskrnl/CMakeFiles/oboskrnl.dir/descriptors/gdt/gdt.cpp.o
                0xc010694e                _ZN4obos8GdtEntryC2Ejjhh
                0xc010694e                _ZN4obos8GdtEntryC1Ejjhh
                0xc01069c7                _ZN4obos13InitializeGdtEv
 *fill*         0xc0106ac5        0x1 
 .text          0xc0106ac6      0xa0f src/oboskrnl/CMakeFiles/oboskrnl.dir/descriptors/idt/idt.cpp.o
                0xc0106ac6                _ZN4obos8IdtEntryC2Ejth
                0xc0106ac6                _ZN4obos8IdtEntryC1Ejth
                0xc0106b19                _ZN4obos13InitializeIdtEv
                0xc01074b8                _ZN4obos24RegisterInterruptHandlerEhPFvPKNS_15interrupt_frameEE
 .text          0xc01074d5      0x69d src/oboskrnl/CMakeFiles/oboskrnl.dir/memory_manager/physical.cpp.o
                0xc01075bb                _ZN4obos6memory31InitializePhysicalMemoryManagerEv
                0xc01077f2                _ZN4obos6memory20kalloc_physicalPagesEj
                0xc0107a3f                _ZN4obos6memory19kfree_physicalPagesEPvj
 .text          0xc0107b72      0x2c2 src/oboskrnl/CMakeFiles/oboskrnl.dir/utils/bitfields.cpp.o
                0xc0107b90                _ZN4obos5utils12BitfieldBaseC2Ev
                0xc0107b90                _ZN4obos5utils12BitfieldBaseC1Ev
                0xc0107baa                _ZN4obos5utils12BitfieldBase6setBitEj
                0xc0107bc2                _ZN4obos5utils12BitfieldBase8clearBitEj
                0xc0107bdc                _ZNK4obos5utils12BitfieldBase6getBitEj
                0xc0107bf0                _ZNK4obos5utils12BitfieldBaseixEj
                0xc0107c10                _ZN4obos5utils12BitfieldBasecvjEv
                0xc0107c1c                _ZN4obos5utils12BitfieldBasecvbEv
                0xc0107c2e                _ZN4obos5utils8BitfieldC2Ev
                0xc0107c2e                _ZN4obos5utils8BitfieldC1Ev
                0xc0107c4a                _ZN4obos5utils8Bitfield6setBitEh
                0xc0107c80                _ZN4obos5utils8Bitfield8clearBitEh
                0xc0107cb6                _ZNK4obos5utils8Bitfield6getBitEh
                0xc0107d02                _ZNK4obos5utils8BitfieldixEh
                0xc0107d2a                _ZN4obos5utils8BitfieldcvbEv
                0xc0107d3c                _ZN4obos5utils15IntegerBitfieldC2Ev
                0xc0107d3c                _ZN4obos5utils15IntegerBitfieldC1Ev
                0xc0107d58                _ZN4obos5utils15IntegerBitfieldC2Ej
                0xc0107d58                _ZN4obos5utils15IntegerBitfieldC1Ej
                0xc0107d7e                _ZN4obos5utils15IntegerBitfield11setBitfieldEj
                0xc0107d8d                _ZN4obos5utils16setBitInBitfieldERjh
                0xc0107dbb                _ZN4obos5utils18clearBitInBitfieldERjh
                0xc0107deb                _ZN4obos5utils17testBitInBitfieldEjh
 .text          0xc0107e34      0x487 src/oboskrnl/CMakeFiles/oboskrnl.dir/descriptors/idt/pic.cpp.o
                0xc0107e34                _ZN4obos3PicC2Ett
                0xc0107e34                _ZN4obos3PicC1Ett
                0xc0107e7c                _ZN4obos3Pic8setPortsEtt
                0xc0107eb0                _ZN4obos3Pic15sendCommandByteEh
                0xc0107eee                _ZN4obos3Pic15sendCommandWordEt
                0xc0107f2e                _ZN4obos3Pic12sendDataByteEh
                0xc0107f6e                _ZN4obos3Pic12sendDataWordEt
                0xc0107fae                _ZN4obos3Pic15recvCommandByteEv
                0xc0107fe2                _ZN4obos3Pic15recvCommandWordEv
                0xc0108016                _ZN4obos3Pic12recvDataByteEv
                0xc010804a                _ZN4obos3Pic12recvDataWordEv
                0xc010807e                _ZN4obos3Pic7sendEOIEv
                0xc0108098                _ZN4obos3Pic5remapEhh
                0xc01080f4                _ZN4obos3Pic9enableIrqEh
                0xc010814a                _ZN4obos3Pic10disableIrqEh
                0xc01081a0                _ZN4obos3Pic7disableEv
                0xc01081bc                _ZN4obos3Pic15issuedInterruptEh
                0xc010820a                _ZN4obos7SendEOIEh
 *fill*         0xc01082bb        0x1 
 .text          0xc01082bc      0x26e src/oboskrnl/CMakeFiles/oboskrnl.dir/memory_manager/paging/init.cpp.o
                0xc01082bc                _ZN4obos6memory13PageDirectoryC2Ev
                0xc01082bc                _ZN4obos6memory13PageDirectoryC1Ev
                0xc01082ea                _ZN4obos6memory13PageDirectoryC1EPj
                0xc01082ea                _ZN4obos6memory13PageDirectoryC2EPj
                0xc0108316                _ZN4obos6memory13PageDirectory4initEv
                0xc010835e                _ZN4obos6memory13PageDirectory12switchToThisEv
                0xc010838e                _ZN4obos6memory13PageDirectory19getPageTableAddressEt
                0xc01083c8                _ZN4obos6memory13PageDirectory12getPageTableEt
                0xc010840a                _ZN4obos6memory13PageDirectory7destroyEv
                0xc0108470                _ZN4obos6memory13PageDirectoryD1Ev
                0xc0108470                _ZN4obos6memory13PageDirectoryD2Ev
                0xc0108488                _ZN4obos6memory13PageDirectory14addressToIndexEj
                0xc0108494                _ZN4obos6memory13PageDirectory23addressToPageTableIndexEj
                0xc01084a3                _ZN4obos6memory16InitializePagingEv
                0xc0108518                _ZN4obos6memory8tlbFlushEj
 .text          0xc010852a      0x959 src/oboskrnl/CMakeFiles/oboskrnl.dir/memory_manager/paging/allocate.cpp.o
                0xc010852a                _ZN4obos6memory14kmap_pageTableEPv
                0xc010855c                _ZN4obos6memory15kfree_pageTableEv
                0xc010857f                _ZN4obos6memory13kmap_physicalEPvjjS1_b
                0xc0108775                _ZN4obos6memory12VirtualAllocEPvjj
                0xc0108a59                _ZN4obos6memory11VirtualFreeEPvj
                0xc0108c55                _ZN4obos6memory17HasVirtualAddressEPKvj
                0xc0108d6b                _ZN4obos6memory13MemoryProtectEPvjj
 .text          0xc0108e83      0x14f src/oboskrnl/CMakeFiles/oboskrnl.dir/utils/memory.cpp.o
                0xc0108e83                _ZN4obos5utils6memcmpEPKvS2_j
                0xc0108f48                _ZN4obos5utils6memchrEPvhj
                0xc0108fae                _ZN4obos5utils6memchrEPKvhj
 .text          0xc0108fd2      0x13f src/oboskrnl/CMakeFiles/oboskrnl.dir/memory_manager/paging/liballoc_hooks.cpp.o
                0xc0108fd2                liballoc_lock
                0xc0108fe4                liballoc_unlock
                0xc0108ff6                liballoc_alloc
                0xc0109043                liballoc_free
                0xc0109069                _Znwm
                0xc0109081                _Znam
                0xc0109099                _ZdlPv
                0xc01090b0                _ZdaPv
                0xc01090c7                _ZdlPvm
                0xc01090de                _ZdaPvm
                0xc01090f5                _ZnwmPv
                0xc01090fd                _ZnamPv
                0xc0109105                _ZdlPvS_
                0xc010910b                _ZdaPvS_
 .text          0xc0109111      0xc1d src/oboskrnl/CMakeFiles/oboskrnl.dir/memory_manager/liballoc/liballoc.c.o
                0xc01092b7                kmalloc
                0xc0109943                kfree
                0xc0109ba0                kcalloc
                0xc0109bdb                krealloc
 .text          0xc0109d2e       0xbb src/oboskrnl/CMakeFiles/oboskrnl.dir/external/list/list_iterator.c.o
                0xc0109d2e                list_iterator_new
                0xc0109d5d                list_iterator_new_from_node
                0xc0109d96                list_iterator_next
                0xc0109dcb                list_iterator_destroy
 .text          0xc0109de9       0x44 src/oboskrnl/CMakeFiles/oboskrnl.dir/external/list/list_node.c.o
                0xc0109de9                list_node_new
 .text          0xc0109e2d      0x48d src/oboskrnl/CMakeFiles/oboskrnl.dir/external/list/list.c.o
                0xc0109e2d                list_new
                0xc0109e86                list_destroy
                0xc0109ef9                list_rpush
                0xc0109f7c                list_rpop
                0xc0109ffc                list_lpop
                0xc010a07a                list_lpush
                0xc010a0f9                list_find
                0xc010a197                list_at
                0xc010a22d                list_remove
 .text          0xc010a2ba      0x5a7 src/oboskrnl/CMakeFiles/oboskrnl.dir/multitasking/multitasking.cpp.o
                0xc010a2ba                _ZN4obos12multitasking10canRanTaskEPNS0_6ThreadE
                0xc010a2e6                _ZN4obos12multitasking12switchToTaskEPNS0_6ThreadE
                0xc010a306                _ZN4obos12multitasking11findNewTaskEPKNS_15interrupt_frameE
                0xc010a6bc                _ZN4obos12multitasking22InitializeMultitaskingEv
 *fill*         0xc010a861        0x1 
 .text          0xc010a862      0x94b src/oboskrnl/CMakeFiles/oboskrnl.dir/multitasking/threadHandle.cpp.o
                0xc010a862                _ZN4obos12multitasking12ThreadHandleC1Ev
                0xc010a862                _ZN4obos12multitasking12ThreadHandleC2Ev
                0xc010a8b6                _ZN4obos12multitasking12ThreadHandle12CreateThreadENS0_6Thread10priority_tEPFvPvES4_jj
                0xc010a936                _ZN4obos12multitasking12ThreadHandle10OpenThreadEj
                0xc010a9e8                _ZN4obos12multitasking12ThreadHandle10OpenThreadEPNS0_6ThreadE
                0xc010aa5a                _ZN4obos12multitasking12ThreadHandle11PauseThreadEb
                0xc010aae6                _ZN4obos12multitasking12ThreadHandle12ResumeThreadEv
                0xc010ab30                _ZN4obos12multitasking12ThreadHandle17SetThreadPriorityENS0_6Thread10priority_tE
                0xc010acce                _ZN4obos12multitasking12ThreadHandle15SetThreadStatusEj
                0xc010ad70                _ZN4obos12multitasking12ThreadHandle15TerminateThreadEj
                0xc010adee                _ZN4obos12multitasking12ThreadHandle6GetTidEv
                0xc010ae0e                _ZN4obos12multitasking12ThreadHandle11GetExitCodeEv
                0xc010ae58                _ZN4obos12multitasking12ThreadHandle17GetThreadPriorityEv
                0xc010ae8c                _ZN4obos12multitasking12ThreadHandle15GetThreadStatusEv
                0xc010aec0                _ZN4obos12multitasking12ThreadHandle9duplicateEv
                0xc010af46                _ZN4obos12multitasking12ThreadHandle11closeHandleEv
                0xc010b0d1                _ZN4obos12multitasking10ExitThreadEj
                0xc010b145                _ZN4obos12multitasking19GetCurrentThreadTidEv
                0xc010b152                _ZN4obos12multitasking24GetCurrentThreadPriorityEv
                0xc010b15f                _ZN4obos12multitasking22GetCurrentThreadStatusEv
                0xc010b16c                _ZN4obos12multitasking22GetCurrentThreadHandleEv
 *fill*         0xc010b1ad        0x1 
 .text          0xc010b1ae      0x248 src/oboskrnl/CMakeFiles/oboskrnl.dir/multitasking/thread.cpp.o
                0xc010b1ae                _ZN4obos12multitasking6ThreadC2ENS1_10priority_tEPFvPvES3_jj
                0xc010b1ae                _ZN4obos12multitasking6ThreadC1ENS1_10priority_tEPFvPvES3_jj
                0xc010b24c                _ZN4obos12multitasking6Thread12CreateThreadENS1_10priority_tEPFvPvES3_jj
 .text          0xc010b3f6      0x11f src/oboskrnl/CMakeFiles/oboskrnl.dir/multitasking/mutex/mutex.cpp.o
                0xc010b3f6                _ZN4obos12multitasking17MutexLockCallbackEPNS0_6ThreadEPv
                0xc010b428                _ZN4obos12multitasking5Mutex4LockEb
                0xc010b4bc                _ZN4obos12multitasking5Mutex6UnlockEv
                0xc010b4f4                _ZN4obos12multitasking5MutexD2Ev
                0xc010b4f4                _ZN4obos12multitasking5MutexD1Ev
 *fill*         0xc010b515        0x1 
 .text          0xc010b516      0x1bc src/oboskrnl/CMakeFiles/oboskrnl.dir/multitasking/mutex/mutexHandle.cpp.o
                0xc010b516                _ZN4obos12multitasking11MutexHandleC2Ev
                0xc010b516                _ZN4obos12multitasking11MutexHandleC1Ev
                0xc010b57e                _ZN4obos12multitasking11MutexHandle9duplicateEv
                0xc010b5c2                _ZN4obos12multitasking11MutexHandle11closeHandleEv
                0xc010b618                _ZN4obos12multitasking11MutexHandle4LockEb
                0xc010b650                _ZN4obos12multitasking11MutexHandle6UnlockEv
                0xc010b67c                _ZN4obos12multitasking11MutexHandleD2Ev
                0xc010b67c                _ZN4obos12multitasking11MutexHandleD1Ev
                0xc010b6ac                _ZN4obos12multitasking11MutexHandleD0Ev
 .text          0xc010b6d2      0x218 src/oboskrnl/CMakeFiles/oboskrnl.dir/elf/elf.cpp.o
                0xc010b84c                _ZN4obos9elfLoader11LoadElfFileEPhjRjS2_
 .text          0xc010b8ea       0x6a src/oboskrnl/CMakeFiles/oboskrnl.dir/driver_api/interrupts.cpp.o
                0xc010b8f4                _ZN4obos9driverAPI20ResetSyscallHandlersEv
                0xc010b918                _ZN4obos9driverAPI22RegisterSyscallHandlerEhj
                0xc010b935                _ZN4obos9driverAPI24UnregisterSyscallHandlerEh
 .text          0xc010b954      0x830 src/oboskrnl/CMakeFiles/oboskrnl.dir/driver_api/syscalls.cpp.o
                0xc010b954                _ZN4obos9driverAPI16RegisterSyscallsEv
 *fill*         0xc010c184        0xc 
 .text          0xc010c190      0x150 /home/omar/opt/cross/lib/gcc/i686-elf/11.4.0/libgcc.a(_umoddi3.o)
                0xc010c190                __umoddi3

.init           0xc010c2e0        0xf load address 0x0010c2e0
 .init          0xc010c2e0        0x3 /tmp/ccw3ASdx.o
                0xc010c2e0                _init
 .init          0xc010c2e3        0x5 /home/omar/opt/cross/lib/gcc/i686-elf/11.4.0/crtbegin.o
 .init          0xc010c2e8        0x5 /home/omar/opt/cross/lib/gcc/i686-elf/11.4.0/crtend.o
 .init          0xc010c2ed        0x2 /tmp/ccDeS5Zs.o

.fini           0xc010c2ef        0xa load address 0x0010c2ef
 .fini          0xc010c2ef        0x3 /tmp/ccw3ASdx.o
                0xc010c2ef                _fini
 .fini          0xc010c2f2        0x5 /home/omar/opt/cross/lib/gcc/i686-elf/11.4.0/crtbegin.o
 .fini          0xc010c2f7        0x2 /tmp/ccDeS5Zs.o

.iplt           0xc010c2f9        0x0 load address 0x0010c2f9
 .iplt          0xc010c2f9        0x0 /tmp/ccw3ASdx.o

.gnu.linkonce.t._ZN4obos12multitasking6ThreadD1Ev
                0xc010c2fa       0x3b load address 0x0010c2fa
 .gnu.linkonce.t._ZN4obos12multitasking6ThreadD1Ev
                0xc010c2fa       0x3b src/oboskrnl/CMakeFiles/oboskrnl.dir/multitasking/multitasking.cpp.o
                0xc010c2fa                _ZN4obos12multitasking6ThreadD1Ev

.gnu.linkonce.t._ZN4obos12multitasking6ThreadD0Ev
                0xc010c336       0x26 load address 0x0010c336
 .gnu.linkonce.t._ZN4obos12multitasking6ThreadD0Ev
                0xc010c336       0x26 src/oboskrnl/CMakeFiles/oboskrnl.dir/multitasking/multitasking.cpp.o
                0xc010c336                _ZN4obos12multitasking6ThreadD0Ev

.gnu.linkonce.t._ZN4obos12multitasking6ThreadC1Ev
                0xc010c35c       0x7e load address 0x0010c35c
 .gnu.linkonce.t._ZN4obos12multitasking6ThreadC1Ev
                0xc010c35c       0x7e src/oboskrnl/CMakeFiles/oboskrnl.dir/multitasking/multitasking.cpp.o
                0xc010c35c                _ZN4obos12multitasking6ThreadC1Ev

.gnu.linkonce.t._ZN4obos6Handle13getReferencesEv
                0xc010c3da        0xe load address 0x0010c3da
 .gnu.linkonce.t._ZN4obos6Handle13getReferencesEv
                0xc010c3da        0xe src/oboskrnl/CMakeFiles/oboskrnl.dir/multitasking/threadHandle.cpp.o
                0xc010c3da                _ZN4obos6Handle13getReferencesEv

.gnu.linkonce.t._ZN4obos6HandleD2Ev
                0xc010c3e8       0x10 load address 0x0010c3e8
 .gnu.linkonce.t._ZN4obos6HandleD2Ev
                0xc010c3e8       0x10 src/oboskrnl/CMakeFiles/oboskrnl.dir/multitasking/threadHandle.cpp.o
                0xc010c3e8                _ZN4obos6HandleD2Ev

.gnu.linkonce.t._ZN4obos12multitasking12ThreadHandleD1Ev
                0xc010c3f8       0x30 load address 0x0010c3f8
 .gnu.linkonce.t._ZN4obos12multitasking12ThreadHandleD1Ev
                0xc010c3f8       0x30 src/oboskrnl/CMakeFiles/oboskrnl.dir/multitasking/threadHandle.cpp.o
                0xc010c3f8                _ZN4obos12multitasking12ThreadHandleD1Ev

.gnu.linkonce.t._ZN4obos12multitasking12ThreadHandleD0Ev
                0xc010c428       0x26 load address 0x0010c428
 .gnu.linkonce.t._ZN4obos12multitasking12ThreadHandleD0Ev
                0xc010c428       0x26 src/oboskrnl/CMakeFiles/oboskrnl.dir/multitasking/threadHandle.cpp.o
                0xc010c428                _ZN4obos12multitasking12ThreadHandleD0Ev

.gnu.linkonce.t._ZN4obos6HandleC2Ev
                0xc010c44e       0x2e load address 0x0010c44e
 .gnu.linkonce.t._ZN4obos6HandleC2Ev
                0xc010c44e       0x2e src/oboskrnl/CMakeFiles/oboskrnl.dir/multitasking/threadHandle.cpp.o
                0xc010c44e                _ZN4obos6HandleC2Ev

.gnu.linkonce.t._ZN4obos12multitasking5MutexC1Ev
                0xc010c47c       0x1d load address 0x0010c47c
 .gnu.linkonce.t._ZN4obos12multitasking5MutexC1Ev
                0xc010c47c       0x1d src/oboskrnl/CMakeFiles/oboskrnl.dir/multitasking/mutex/mutexHandle.cpp.o
                0xc010c47c                _ZN4obos12multitasking5MutexC1Ev

.rodata         0xc010d000     0x16a4 load address 0x0010d000
 *(.rodata)
 .rodata        0xc010d000      0x621 src/oboskrnl/CMakeFiles/oboskrnl.dir/boot/kmain.cpp.o
 *fill*         0xc010d621        0x3 
 .rodata        0xc010d624       0x84 src/oboskrnl/CMakeFiles/oboskrnl.dir/console.cpp.o
 *fill*         0xc010d6a8       0x18 
 .rodata        0xc010d6c0      0x8e1 src/oboskrnl/CMakeFiles/oboskrnl.dir/klog.cpp.o
 *fill*         0xc010dfa1        0x3 
 .rodata        0xc010dfa4      0x400 src/oboskrnl/CMakeFiles/oboskrnl.dir/inline-asm.cpp.o
 .rodata        0xc010e3a4       0x93 src/oboskrnl/CMakeFiles/oboskrnl.dir/memory_manager/physical.cpp.o
 *fill*         0xc010e437        0x1 
 .rodata        0xc010e438        0x8 src/oboskrnl/CMakeFiles/oboskrnl.dir/memory_manager/paging/init.cpp.o
 .rodata        0xc010e440        0x8 src/oboskrnl/CMakeFiles/oboskrnl.dir/memory_manager/paging/allocate.cpp.o
 .rodata        0xc010e448       0x9f src/oboskrnl/CMakeFiles/oboskrnl.dir/multitasking/multitasking.cpp.o
 *fill*         0xc010e4e7        0x1 
 .rodata        0xc010e4e8       0x9f src/oboskrnl/CMakeFiles/oboskrnl.dir/multitasking/threadHandle.cpp.o
 *fill*         0xc010e587        0x1 
 .rodata        0xc010e588       0x9f src/oboskrnl/CMakeFiles/oboskrnl.dir/multitasking/thread.cpp.o
 *fill*         0xc010e627        0x1 
 .rodata        0xc010e628       0x48 src/oboskrnl/CMakeFiles/oboskrnl.dir/elf/elf.cpp.o
 .rodata        0xc010e670       0x34 src/oboskrnl/CMakeFiles/oboskrnl.dir/driver_api/syscalls.cpp.o
                0xc010e6a4                        _ZN4obos6memory9__erodataE = .

.eh_frame       0xc010e6a4       0x74 load address 0x0010e6a4
 .eh_frame      0xc010e6a4        0x0 /home/omar/opt/cross/lib/gcc/i686-elf/11.4.0/crtbegin.o
 .eh_frame      0xc010e6a4        0x0 /home/omar/opt/cross/lib/gcc/i686-elf/11.4.0/crtend.o
                                  0x4 (size before relaxing)
 .eh_frame      0xc010e6a4       0x74 /home/omar/opt/cross/lib/gcc/i686-elf/11.4.0/libgcc.a(_umoddi3.o)

.gnu.linkonce.r._ZTVN4obos5utils8BitfieldE
                0xc010e718       0x30 load address 0x0010e718
 .gnu.linkonce.r._ZTVN4obos5utils8BitfieldE
                0xc010e718       0x30 src/oboskrnl/CMakeFiles/oboskrnl.dir/utils/bitfields.cpp.o
                0xc010e718                _ZTVN4obos5utils8BitfieldE

.gnu.linkonce.r._ZTVN4obos5utils12BitfieldBaseE
                0xc010e748       0x20 load address 0x0010e748
 .gnu.linkonce.r._ZTVN4obos5utils12BitfieldBaseE
                0xc010e748       0x20 src/oboskrnl/CMakeFiles/oboskrnl.dir/utils/bitfields.cpp.o
                0xc010e748                _ZTVN4obos5utils12BitfieldBaseE

.gnu.linkonce.r._ZTVN4obos5utils15IntegerBitfieldE
                0xc010e768       0x30 load address 0x0010e768
 .gnu.linkonce.r._ZTVN4obos5utils15IntegerBitfieldE
                0xc010e768       0x30 src/oboskrnl/CMakeFiles/oboskrnl.dir/utils/bitfields.cpp.o
                0xc010e768                _ZTVN4obos5utils15IntegerBitfieldE

.gnu.linkonce.r._ZTVN4obos12multitasking6ThreadE
                0xc010e798       0x10 load address 0x0010e798
 .gnu.linkonce.r._ZTVN4obos12multitasking6ThreadE
                0xc010e798       0x10 src/oboskrnl/CMakeFiles/oboskrnl.dir/multitasking/multitasking.cpp.o
                0xc010e798                _ZTVN4obos12multitasking6ThreadE

.gnu.linkonce.r._ZTVN4obos12multitasking12ThreadHandleE
                0xc010e7a8       0x18 load address 0x0010e7a8
 .gnu.linkonce.r._ZTVN4obos12multitasking12ThreadHandleE
                0xc010e7a8       0x18 src/oboskrnl/CMakeFiles/oboskrnl.dir/multitasking/threadHandle.cpp.o
                0xc010e7a8                _ZTVN4obos12multitasking12ThreadHandleE

.gnu.linkonce.r._ZTVN4obos6HandleE
                0xc010e7c0       0x18 load address 0x0010e7c0
 .gnu.linkonce.r._ZTVN4obos6HandleE
                0xc010e7c0       0x18 src/oboskrnl/CMakeFiles/oboskrnl.dir/multitasking/threadHandle.cpp.o
                0xc010e7c0                _ZTVN4obos6HandleE

.gnu.linkonce.r._ZTVN4obos12multitasking11MutexHandleE
                0xc010e7d8       0x18 load address 0x0010e7d8
 .gnu.linkonce.r._ZTVN4obos12multitasking11MutexHandleE
                0xc010e7d8       0x18 src/oboskrnl/CMakeFiles/oboskrnl.dir/multitasking/mutex/mutexHandle.cpp.o
                0xc010e7d8                _ZTVN4obos12multitasking11MutexHandleE

.rel.dyn        0xc010e7f0        0x0 load address 0x0010e7f0
 .rel.got       0xc010e7f0        0x0 /tmp/ccw3ASdx.o
 .rel.iplt      0xc010e7f0        0x0 /tmp/ccw3ASdx.o
 .rel.text      0xc010e7f0        0x0 /tmp/ccw3ASdx.o
 .rel.gnu.linkonce.t._ZN4obos12multitasking6ThreadD1Ev
                0xc010e7f0        0x0 /tmp/ccw3ASdx.o
 .rel.gnu.linkonce.t._ZN4obos12multitasking6ThreadD0Ev
                0xc010e7f0        0x0 /tmp/ccw3ASdx.o
 .rel.gnu.linkonce.t._ZN4obos12multitasking6ThreadC1Ev
                0xc010e7f0        0x0 /tmp/ccw3ASdx.o
 .rel.gnu.linkonce.r._ZTVN4obos12multitasking6ThreadE
                0xc010e7f0        0x0 /tmp/ccw3ASdx.o
 .rel.gnu.linkonce.t._ZN4obos6HandleD2Ev
                0xc010e7f0        0x0 /tmp/ccw3ASdx.o
 .rel.gnu.linkonce.t._ZN4obos12multitasking12ThreadHandleD1Ev
                0xc010e7f0        0x0 /tmp/ccw3ASdx.o
 .rel.gnu.linkonce.t._ZN4obos12multitasking12ThreadHandleD0Ev
                0xc010e7f0        0x0 /tmp/ccw3ASdx.o
 .rel.gnu.linkonce.t._ZN4obos6HandleC2Ev
                0xc010e7f0        0x0 /tmp/ccw3ASdx.o
 .rel.gnu.linkonce.r._ZTVN4obos12multitasking12ThreadHandleE
                0xc010e7f0        0x0 /tmp/ccw3ASdx.o

.data           0xc010f000      0x428 load address 0x0010f000
 *(.data)
 .data          0xc010f000        0x0 /tmp/ccw3ASdx.o
 .data          0xc010f000        0x4 /home/omar/opt/cross/lib/gcc/i686-elf/11.4.0/crtbegin.o
                0xc010f000                __dso_handle
 .data          0xc010f004        0x0 /home/omar/opt/cross/lib/gcc/i686-elf/11.4.0/crtend.o
 .data          0xc010f004        0x0 /tmp/ccDeS5Zs.o
 .data          0xc010f004      0x400 src/oboskrnl/CMakeFiles/oboskrnl.dir/descriptors/idt/handlers.asm.o
                0xc010f004                _ZN4obos19g_interruptHandlersE
 .data          0xc010f404        0x8 src/oboskrnl/CMakeFiles/oboskrnl.dir/multitasking/multitasking.asm.o
 .data          0xc010f40c        0x0 src/oboskrnl/CMakeFiles/oboskrnl.dir/boot/kmain.cpp.o
 .data          0xc010f40c        0x0 src/oboskrnl/CMakeFiles/oboskrnl.dir/console.cpp.o
 .data          0xc010f40c        0x8 src/oboskrnl/CMakeFiles/oboskrnl.dir/klog.cpp.o
 .data          0xc010f414        0x0 src/oboskrnl/CMakeFiles/oboskrnl.dir/inline-asm.cpp.o
 .data          0xc010f414        0x0 src/oboskrnl/CMakeFiles/oboskrnl.dir/descriptors/gdt/gdt.cpp.o
 .data          0xc010f414        0x0 src/oboskrnl/CMakeFiles/oboskrnl.dir/descriptors/idt/idt.cpp.o
 .data          0xc010f414        0x4 src/oboskrnl/CMakeFiles/oboskrnl.dir/memory_manager/physical.cpp.o
 .data          0xc010f418        0x0 src/oboskrnl/CMakeFiles/oboskrnl.dir/utils/bitfields.cpp.o
 .data          0xc010f418        0x0 src/oboskrnl/CMakeFiles/oboskrnl.dir/descriptors/idt/pic.cpp.o
 .data          0xc010f418        0x0 src/oboskrnl/CMakeFiles/oboskrnl.dir/memory_manager/paging/init.cpp.o
 .data          0xc010f418        0x0 src/oboskrnl/CMakeFiles/oboskrnl.dir/memory_manager/paging/allocate.cpp.o
 .data          0xc010f418        0x0 src/oboskrnl/CMakeFiles/oboskrnl.dir/utils/memory.cpp.o
 .data          0xc010f418        0x0 src/oboskrnl/CMakeFiles/oboskrnl.dir/memory_manager/paging/liballoc_hooks.cpp.o
 .data          0xc010f418        0x8 src/oboskrnl/CMakeFiles/oboskrnl.dir/memory_manager/liballoc/liballoc.c.o
 .data          0xc010f420        0x0 src/oboskrnl/CMakeFiles/oboskrnl.dir/external/list/list_iterator.c.o
 .data          0xc010f420        0x0 src/oboskrnl/CMakeFiles/oboskrnl.dir/external/list/list_node.c.o
 .data          0xc010f420        0x0 src/oboskrnl/CMakeFiles/oboskrnl.dir/external/list/list.c.o
 .data          0xc010f420        0x0 src/oboskrnl/CMakeFiles/oboskrnl.dir/multitasking/multitasking.cpp.o
 .data          0xc010f420        0x0 src/oboskrnl/CMakeFiles/oboskrnl.dir/multitasking/threadHandle.cpp.o
 .data          0xc010f420        0x4 src/oboskrnl/CMakeFiles/oboskrnl.dir/multitasking/thread.cpp.o
                0xc010f420                _ZN4obos12multitasking15g_nextThreadTidE
 .data          0xc010f424        0x0 src/oboskrnl/CMakeFiles/oboskrnl.dir/multitasking/mutex/mutex.cpp.o
 .data          0xc010f424        0x0 src/oboskrnl/CMakeFiles/oboskrnl.dir/multitasking/mutex/mutexHandle.cpp.o
 .data          0xc010f424        0x0 src/oboskrnl/CMakeFiles/oboskrnl.dir/elf/elf.cpp.o
 .data          0xc010f424        0x0 src/oboskrnl/CMakeFiles/oboskrnl.dir/driver_api/interrupts.cpp.o
 .data          0xc010f424        0x4 src/oboskrnl/CMakeFiles/oboskrnl.dir/driver_api/syscalls.cpp.o
                0xc010f424                _ZN4obos9driverAPI27g_registeredDriversCapacityE
 .data          0xc010f428        0x0 /home/omar/opt/cross/lib/gcc/i686-elf/11.4.0/libgcc.a(_umoddi3.o)

.got            0xc010f428        0x0 load address 0x0010f428
 .got           0xc010f428        0x0 /tmp/ccw3ASdx.o

.got.plt        0xc010f428        0x0 load address 0x0010f428
 .got.plt       0xc010f428        0x0 /tmp/ccw3ASdx.o

.igot.plt       0xc010f428        0x0 load address 0x0010f428
 .igot.plt      0xc010f428        0x0 /tmp/ccw3ASdx.o

.ctors          0xc010f428       0x10 load address 0x0010f428
 .ctors         0xc010f428        0x4 /home/omar/opt/cross/lib/gcc/i686-elf/11.4.0/crtbegin.o
 .ctors         0xc010f42c        0x4 /home/omar/opt/cross/lib/gcc/i686-elf/11.4.0/crtend.o
 .ctors         0xc010f430        0x4 src/oboskrnl/CMakeFiles/oboskrnl.dir/boot/kmain.cpp.o
 .ctors         0xc010f434        0x4 src/oboskrnl/CMakeFiles/oboskrnl.dir/console.cpp.o

.dtors          0xc010f438        0x8 load address 0x0010f438
 .dtors         0xc010f438        0x4 /home/omar/opt/cross/lib/gcc/i686-elf/11.4.0/crtbegin.o
 .dtors         0xc010f43c        0x4 /home/omar/opt/cross/lib/gcc/i686-elf/11.4.0/crtend.o
                0xc010f43c                __DTOR_END__

.tm_clone_table
                0xc010f440        0x0 load address 0x0010f440
 .tm_clone_table
                0xc010f440        0x0 /home/omar/opt/cross/lib/gcc/i686-elf/11.4.0/crtbegin.o
 .tm_clone_table
                0xc010f440        0x0 /home/omar/opt/cross/lib/gcc/i686-elf/11.4.0/crtend.o

.bss            0xc0110000    0x2b464 load address 0x00110000
 *(COMMON)
 *(.bss)
 .bss           0xc0110000        0x0 /tmp/ccw3ASdx.o
 .bss           0xc0110000       0x20 /home/omar/opt/cross/lib/gcc/i686-elf/11.4.0/crtbegin.o
 .bss           0xc0110020        0x0 /home/omar/opt/cross/lib/gcc/i686-elf/11.4.0/crtend.o
 .bss           0xc0110020        0x0 /tmp/ccDeS5Zs.o
 .bss           0xc0110020      0xc24 src/oboskrnl/CMakeFiles/oboskrnl.dir/boot/kmain.cpp.o
                0xc0110020                _ZN4obos15g_multibootInfoE
                0xc0110024                _ZN4obos15g_pageDirectoryE
                0xc011002c                _ZN4obos16readFromKeyboardE
                0xc0110040                __atexitFuncs
                0xc0110c40                __atexitFuncCount
 .bss           0xc0110c44       0x44 src/oboskrnl/CMakeFiles/oboskrnl.dir/console.cpp.o
                0xc0110c44                _ZN4obos17s_foregroundColorE
                0xc0110c48                _ZN4obos17s_backgroundColorE
                0xc0110c4c                _ZN4obos16s_terminalColumnE
                0xc0110c50                _ZN4obos13s_terminalRowE
                0xc0110c54                _ZN4obos20s_reachedEndTerminalE
                0xc0110c58                _ZN4obos13s_framebufferE
                0xc0110c5c                _ZN4obos12s_backbufferE
                0xc0110c60                _ZN4obos18s_framebufferWidthE
                0xc0110c64                _ZN4obos19s_framebufferHeightE
                0xc0110c68                _ZN4obos16s_nCharsVerticalE
                0xc0110c6c                _ZN4obos18s_nCharsHorizontalE
                0xc0110c70                _ZN4obos4fontE
 .bss           0xc0110c88        0x0 src/oboskrnl/CMakeFiles/oboskrnl.dir/klog.cpp.o
 .bss           0xc0110c88        0x8 src/oboskrnl/CMakeFiles/oboskrnl.dir/inline-asm.cpp.o
 *fill*         0xc0110c90       0x10 
 .bss           0xc0110ca0       0x48 src/oboskrnl/CMakeFiles/oboskrnl.dir/descriptors/gdt/gdt.cpp.o
 *fill*         0xc0110ce8       0x18 
 .bss           0xc0110d00      0x806 src/oboskrnl/CMakeFiles/oboskrnl.dir/descriptors/idt/idt.cpp.o
 *fill*         0xc0111506       0x1a 
 .bss           0xc0111520    0x2000c src/oboskrnl/CMakeFiles/oboskrnl.dir/memory_manager/physical.cpp.o
                0xc0111520                _ZN4obos6memory16g_availablePagesE
                0xc0131520                _ZN4obos6memory20g_physicalMemorySizeE
                0xc0131524                _ZN4obos6memory34g_physicalMemoryManagerInitializedE
 .bss           0xc013152c        0x0 src/oboskrnl/CMakeFiles/oboskrnl.dir/utils/bitfields.cpp.o
 .bss           0xc013152c        0x0 src/oboskrnl/CMakeFiles/oboskrnl.dir/descriptors/idt/pic.cpp.o
 .bss           0xc013152c        0x8 src/oboskrnl/CMakeFiles/oboskrnl.dir/memory_manager/paging/init.cpp.o
                0xc013152c                _ZN4obos6memory15g_enabledPagingE
                0xc0131530                _ZN4obos6memory15g_pageDirectoryE
 *fill*         0xc0131534      0xacc 
 .bss           0xc0132000     0x1000 src/oboskrnl/CMakeFiles/oboskrnl.dir/memory_manager/paging/allocate.cpp.o
                0xc0132000                _ZN4obos6memory15s_lastPageTableE
 .bss           0xc0133000        0x0 src/oboskrnl/CMakeFiles/oboskrnl.dir/utils/memory.cpp.o
 .bss           0xc0133000        0x4 src/oboskrnl/CMakeFiles/oboskrnl.dir/memory_manager/paging/liballoc_hooks.cpp.o
 *fill*         0xc0133004        0x4 
 .bss           0xc0133008       0x30 src/oboskrnl/CMakeFiles/oboskrnl.dir/memory_manager/liballoc/liballoc.c.o
 .bss           0xc0133038        0x0 src/oboskrnl/CMakeFiles/oboskrnl.dir/external/list/list_iterator.c.o
 .bss           0xc0133038        0x0 src/oboskrnl/CMakeFiles/oboskrnl.dir/external/list/list_node.c.o
 .bss           0xc0133038        0x0 src/oboskrnl/CMakeFiles/oboskrnl.dir/external/list/list.c.o
 .bss           0xc0133038       0x19 src/oboskrnl/CMakeFiles/oboskrnl.dir/multitasking/multitasking.cpp.o
                0xc0133038                _ZN4obos12multitasking9g_threadsE
                0xc013303c                _ZN4obos12multitasking20g_threadPriorityListE
                0xc013304c                _ZN4obos12multitasking15g_currentThreadE
                0xc0133050                _ZN4obos12multitasking13g_initializedE
 .bss           0xc0133051        0x0 src/oboskrnl/CMakeFiles/oboskrnl.dir/multitasking/threadHandle.cpp.o
 .bss           0xc0133051        0x0 src/oboskrnl/CMakeFiles/oboskrnl.dir/multitasking/thread.cpp.o
 .bss           0xc0133051        0x0 src/oboskrnl/CMakeFiles/oboskrnl.dir/multitasking/mutex/mutex.cpp.o
 .bss           0xc0133051        0x0 src/oboskrnl/CMakeFiles/oboskrnl.dir/multitasking/mutex/mutexHandle.cpp.o
 .bss           0xc0133051        0x0 src/oboskrnl/CMakeFiles/oboskrnl.dir/elf/elf.cpp.o
 *fill*         0xc0133051        0xf 
 .bss           0xc0133060      0x400 src/oboskrnl/CMakeFiles/oboskrnl.dir/driver_api/interrupts.cpp.o
                0xc0133060                _ZN4obos9driverAPI14g_syscallTableE
 .bss           0xc0133460        0x4 src/oboskrnl/CMakeFiles/oboskrnl.dir/driver_api/syscalls.cpp.o
                0xc0133460                _ZN4obos9driverAPI19g_registeredDriversE
 .bss           0xc0133464        0x0 /home/omar/opt/cross/lib/gcc/i686-elf/11.4.0/libgcc.a(_umoddi3.o)
 *(.bootstrap_stack)
 .bootstrap_stack
                0xc0133464     0x8000 src/oboskrnl/CMakeFiles/oboskrnl.dir/boot/kernel_bootstrap-i686.asm.o
                0xc0133464                _ZN4obos12stack_bottomE
                0xc0137464                _ZN4obos9stack_topE
                0xc0137464                _ZN4obos15thrstack_bottomE
                0xc013b464                _ZN4obos12thrstack_topE
                0xc013b464                        _kernel_end = .
                0x00400000                        _ZN4obos6memory8endImageE = 0x400000
                0xe0000000                        _ZN4obos6memory9endKernelE = 0xe0000000
OUTPUT(/mnt/c/Code/obos/out/oboskrnl elf32-i386)

.comment        0x00000000       0x12
 .comment       0x00000000       0x12 /home/omar/opt/cross/lib/gcc/i686-elf/11.4.0/crtbegin.o
                                 0x13 (size before relaxing)
 .comment       0x00000012       0x13 /home/omar/opt/cross/lib/gcc/i686-elf/11.4.0/crtend.o
 .comment       0x00000012       0x13 src/oboskrnl/CMakeFiles/oboskrnl.dir/boot/kmain.cpp.o
 .comment       0x00000012       0x13 src/oboskrnl/CMakeFiles/oboskrnl.dir/console.cpp.o
 .comment       0x00000012       0x13 src/oboskrnl/CMakeFiles/oboskrnl.dir/klog.cpp.o
 .comment       0x00000012       0x13 src/oboskrnl/CMakeFiles/oboskrnl.dir/inline-asm.cpp.o
 .comment       0x00000012       0x13 src/oboskrnl/CMakeFiles/oboskrnl.dir/descriptors/gdt/gdt.cpp.o
 .comment       0x00000012       0x13 src/oboskrnl/CMakeFiles/oboskrnl.dir/descriptors/idt/idt.cpp.o
 .comment       0x00000012       0x13 src/oboskrnl/CMakeFiles/oboskrnl.dir/memory_manager/physical.cpp.o
 .comment       0x00000012       0x13 src/oboskrnl/CMakeFiles/oboskrnl.dir/utils/bitfields.cpp.o
 .comment       0x00000012       0x13 src/oboskrnl/CMakeFiles/oboskrnl.dir/descriptors/idt/pic.cpp.o
 .comment       0x00000012       0x13 src/oboskrnl/CMakeFiles/oboskrnl.dir/memory_manager/paging/init.cpp.o
 .comment       0x00000012       0x13 src/oboskrnl/CMakeFiles/oboskrnl.dir/memory_manager/paging/allocate.cpp.o
 .comment       0x00000012       0x13 src/oboskrnl/CMakeFiles/oboskrnl.dir/utils/memory.cpp.o
 .comment       0x00000012       0x13 src/oboskrnl/CMakeFiles/oboskrnl.dir/memory_manager/paging/liballoc_hooks.cpp.o
 .comment       0x00000012       0x13 src/oboskrnl/CMakeFiles/oboskrnl.dir/memory_manager/liballoc/liballoc.c.o
 .comment       0x00000012       0x13 src/oboskrnl/CMakeFiles/oboskrnl.dir/external/list/list_iterator.c.o
 .comment       0x00000012       0x13 src/oboskrnl/CMakeFiles/oboskrnl.dir/external/list/list_node.c.o
 .comment       0x00000012       0x13 src/oboskrnl/CMakeFiles/oboskrnl.dir/external/list/list.c.o
 .comment       0x00000012       0x13 src/oboskrnl/CMakeFiles/oboskrnl.dir/multitasking/multitasking.cpp.o
 .comment       0x00000012       0x13 src/oboskrnl/CMakeFiles/oboskrnl.dir/multitasking/threadHandle.cpp.o
 .comment       0x00000012       0x13 src/oboskrnl/CMakeFiles/oboskrnl.dir/multitasking/thread.cpp.o
 .comment       0x00000012       0x13 src/oboskrnl/CMakeFiles/oboskrnl.dir/multitasking/mutex/mutex.cpp.o
 .comment       0x00000012       0x13 src/oboskrnl/CMakeFiles/oboskrnl.dir/multitasking/mutex/mutexHandle.cpp.o
 .comment       0x00000012       0x13 src/oboskrnl/CMakeFiles/oboskrnl.dir/elf/elf.cpp.o
 .comment       0x00000012       0x13 src/oboskrnl/CMakeFiles/oboskrnl.dir/driver_api/interrupts.cpp.o
 .comment       0x00000012       0x13 src/oboskrnl/CMakeFiles/oboskrnl.dir/driver_api/syscalls.cpp.o
 .comment       0x00000012       0x13 /home/omar/opt/cross/lib/gcc/i686-elf/11.4.0/libgcc.a(_umoddi3.o)

.debug_aranges  0x00000000      0x4e8
 .debug_aranges
                0x00000000       0x20 src/oboskrnl/CMakeFiles/oboskrnl.dir/boot/kernel_bootstrap-i686.asm.o
 .debug_aranges
                0x00000020       0x20 src/oboskrnl/CMakeFiles/oboskrnl.dir/descriptors/gdt/gdt.asm.o
 .debug_aranges
                0x00000040       0x20 src/oboskrnl/CMakeFiles/oboskrnl.dir/descriptors/idt/idt.asm.o
 .debug_aranges
                0x00000060       0x20 src/oboskrnl/CMakeFiles/oboskrnl.dir/descriptors/idt/handlers.asm.o
 .debug_aranges
                0x00000080       0x20 src/oboskrnl/CMakeFiles/oboskrnl.dir/memory_manager/paging/init.asm.o
 .debug_aranges
                0x000000a0       0x20 src/oboskrnl/CMakeFiles/oboskrnl.dir/multitasking/multitasking.asm.o
 .debug_aranges
                0x000000c0       0x20 src/oboskrnl/CMakeFiles/oboskrnl.dir/utils/memcpy.asm.o
 .debug_aranges
                0x000000e0       0x20 src/oboskrnl/CMakeFiles/oboskrnl.dir/inline-asm.asm.o
 .debug_aranges
                0x00000100       0x20 src/oboskrnl/CMakeFiles/oboskrnl.dir/driver_api/interrupts.asm.o
 .debug_aranges
                0x00000120       0x20 src/oboskrnl/CMakeFiles/oboskrnl.dir/boot/kmain.cpp.o
 .debug_aranges
                0x00000140       0x20 src/oboskrnl/CMakeFiles/oboskrnl.dir/console.cpp.o
 .debug_aranges
                0x00000160       0x20 src/oboskrnl/CMakeFiles/oboskrnl.dir/klog.cpp.o
 .debug_aranges
                0x00000180       0x20 src/oboskrnl/CMakeFiles/oboskrnl.dir/inline-asm.cpp.o
 .debug_aranges
                0x000001a0       0x20 src/oboskrnl/CMakeFiles/oboskrnl.dir/descriptors/gdt/gdt.cpp.o
 .debug_aranges
                0x000001c0       0x20 src/oboskrnl/CMakeFiles/oboskrnl.dir/descriptors/idt/idt.cpp.o
 .debug_aranges
                0x000001e0       0x20 src/oboskrnl/CMakeFiles/oboskrnl.dir/memory_manager/physical.cpp.o
 .debug_aranges
                0x00000200       0x20 src/oboskrnl/CMakeFiles/oboskrnl.dir/utils/bitfields.cpp.o
 .debug_aranges
                0x00000220       0x20 src/oboskrnl/CMakeFiles/oboskrnl.dir/descriptors/idt/pic.cpp.o
 .debug_aranges
                0x00000240       0x20 src/oboskrnl/CMakeFiles/oboskrnl.dir/memory_manager/paging/init.cpp.o
 .debug_aranges
                0x00000260       0x20 src/oboskrnl/CMakeFiles/oboskrnl.dir/memory_manager/paging/allocate.cpp.o
 .debug_aranges
                0x00000280       0x20 src/oboskrnl/CMakeFiles/oboskrnl.dir/utils/memory.cpp.o
 .debug_aranges
                0x000002a0       0x20 src/oboskrnl/CMakeFiles/oboskrnl.dir/memory_manager/paging/liballoc_hooks.cpp.o
 .debug_aranges
                0x000002c0       0x20 src/oboskrnl/CMakeFiles/oboskrnl.dir/memory_manager/liballoc/liballoc.c.o
 .debug_aranges
                0x000002e0       0x20 src/oboskrnl/CMakeFiles/oboskrnl.dir/external/list/list_iterator.c.o
 .debug_aranges
                0x00000300       0x20 src/oboskrnl/CMakeFiles/oboskrnl.dir/external/list/list_node.c.o
 .debug_aranges
                0x00000320       0x20 src/oboskrnl/CMakeFiles/oboskrnl.dir/external/list/list.c.o
 .debug_aranges
                0x00000340       0x38 src/oboskrnl/CMakeFiles/oboskrnl.dir/multitasking/multitasking.cpp.o
 .debug_aranges
                0x00000378       0x60 src/oboskrnl/CMakeFiles/oboskrnl.dir/multitasking/threadHandle.cpp.o
 .debug_aranges
                0x000003d8       0x30 src/oboskrnl/CMakeFiles/oboskrnl.dir/multitasking/thread.cpp.o
 .debug_aranges
                0x00000408       0x20 src/oboskrnl/CMakeFiles/oboskrnl.dir/multitasking/mutex/mutex.cpp.o
 .debug_aranges
                0x00000428       0x40 src/oboskrnl/CMakeFiles/oboskrnl.dir/multitasking/mutex/mutexHandle.cpp.o
 .debug_aranges
                0x00000468       0x20 src/oboskrnl/CMakeFiles/oboskrnl.dir/elf/elf.cpp.o
 .debug_aranges
                0x00000488       0x20 src/oboskrnl/CMakeFiles/oboskrnl.dir/driver_api/interrupts.cpp.o
 .debug_aranges
                0x000004a8       0x20 src/oboskrnl/CMakeFiles/oboskrnl.dir/driver_api/syscalls.cpp.o
 .debug_aranges
                0x000004c8       0x20 /home/omar/opt/cross/lib/gcc/i686-elf/11.4.0/libgcc.a(_umoddi3.o)

.debug_pubnames
                0x00000000        0x0
 .debug_pubnames
                0x00000000        0x0 src/oboskrnl/CMakeFiles/oboskrnl.dir/boot/kernel_bootstrap-i686.asm.o
 .debug_pubnames
                0x00000000        0x0 src/oboskrnl/CMakeFiles/oboskrnl.dir/descriptors/gdt/gdt.asm.o
 .debug_pubnames
                0x00000000        0x0 src/oboskrnl/CMakeFiles/oboskrnl.dir/descriptors/idt/idt.asm.o
 .debug_pubnames
                0x00000000        0x0 src/oboskrnl/CMakeFiles/oboskrnl.dir/descriptors/idt/handlers.asm.o
 .debug_pubnames
                0x00000000        0x0 src/oboskrnl/CMakeFiles/oboskrnl.dir/memory_manager/paging/init.asm.o
 .debug_pubnames
                0x00000000        0x0 src/oboskrnl/CMakeFiles/oboskrnl.dir/multitasking/multitasking.asm.o
 .debug_pubnames
                0x00000000        0x0 src/oboskrnl/CMakeFiles/oboskrnl.dir/utils/memcpy.asm.o
 .debug_pubnames
                0x00000000        0x0 src/oboskrnl/CMakeFiles/oboskrnl.dir/inline-asm.asm.o
 .debug_pubnames
                0x00000000        0x0 src/oboskrnl/CMakeFiles/oboskrnl.dir/driver_api/interrupts.asm.o

.debug_info     0x00000000    0x1524a
 .debug_info    0x00000000       0x71 src/oboskrnl/CMakeFiles/oboskrnl.dir/boot/kernel_bootstrap-i686.asm.o
 .debug_info    0x00000071       0x6a src/oboskrnl/CMakeFiles/oboskrnl.dir/descriptors/gdt/gdt.asm.o
 .debug_info    0x000000db       0x6a src/oboskrnl/CMakeFiles/oboskrnl.dir/descriptors/idt/idt.asm.o
 .debug_info    0x00000145       0x6f src/oboskrnl/CMakeFiles/oboskrnl.dir/descriptors/idt/handlers.asm.o
 .debug_info    0x000001b4       0x71 src/oboskrnl/CMakeFiles/oboskrnl.dir/memory_manager/paging/init.asm.o
 .debug_info    0x00000225       0x70 src/oboskrnl/CMakeFiles/oboskrnl.dir/multitasking/multitasking.asm.o
 .debug_info    0x00000295       0x63 src/oboskrnl/CMakeFiles/oboskrnl.dir/utils/memcpy.asm.o
 .debug_info    0x000002f8       0x61 src/oboskrnl/CMakeFiles/oboskrnl.dir/inline-asm.asm.o
 .debug_info    0x00000359       0x6c src/oboskrnl/CMakeFiles/oboskrnl.dir/driver_api/interrupts.asm.o
 .debug_info    0x000003c5     0x256b src/oboskrnl/CMakeFiles/oboskrnl.dir/boot/kmain.cpp.o
 .debug_info    0x00002930     0x180b src/oboskrnl/CMakeFiles/oboskrnl.dir/console.cpp.o
 .debug_info    0x0000413b     0x1709 src/oboskrnl/CMakeFiles/oboskrnl.dir/klog.cpp.o
 .debug_info    0x00005844      0x979 src/oboskrnl/CMakeFiles/oboskrnl.dir/inline-asm.cpp.o
 .debug_info    0x000061bd      0x43a src/oboskrnl/CMakeFiles/oboskrnl.dir/descriptors/gdt/gdt.cpp.o
 .debug_info    0x000065f7      0x7d1 src/oboskrnl/CMakeFiles/oboskrnl.dir/descriptors/idt/idt.cpp.o
 .debug_info    0x00006dc8      0xf63 src/oboskrnl/CMakeFiles/oboskrnl.dir/memory_manager/physical.cpp.o
 .debug_info    0x00007d2b      0xdf7 src/oboskrnl/CMakeFiles/oboskrnl.dir/utils/bitfields.cpp.o
 .debug_info    0x00008b22      0xc78 src/oboskrnl/CMakeFiles/oboskrnl.dir/descriptors/idt/pic.cpp.o
 .debug_info    0x0000979a      0xadb src/oboskrnl/CMakeFiles/oboskrnl.dir/memory_manager/paging/init.cpp.o
 .debug_info    0x0000a275      0xdb7 src/oboskrnl/CMakeFiles/oboskrnl.dir/memory_manager/paging/allocate.cpp.o
 .debug_info    0x0000b02c      0x415 src/oboskrnl/CMakeFiles/oboskrnl.dir/utils/memory.cpp.o
 .debug_info    0x0000b441      0x63f src/oboskrnl/CMakeFiles/oboskrnl.dir/memory_manager/paging/liballoc_hooks.cpp.o
 .debug_info    0x0000ba80      0x758 src/oboskrnl/CMakeFiles/oboskrnl.dir/memory_manager/liballoc/liballoc.c.o
 .debug_info    0x0000c1d8      0x3ac src/oboskrnl/CMakeFiles/oboskrnl.dir/external/list/list_iterator.c.o
 .debug_info    0x0000c584      0x19f src/oboskrnl/CMakeFiles/oboskrnl.dir/external/list/list_node.c.o
 .debug_info    0x0000c723      0x58e src/oboskrnl/CMakeFiles/oboskrnl.dir/external/list/list.c.o
 .debug_info    0x0000ccb1     0x115b src/oboskrnl/CMakeFiles/oboskrnl.dir/multitasking/multitasking.cpp.o
 .debug_info    0x0000de0c     0x1d2c src/oboskrnl/CMakeFiles/oboskrnl.dir/multitasking/threadHandle.cpp.o
 .debug_info    0x0000fb38      0xc15 src/oboskrnl/CMakeFiles/oboskrnl.dir/multitasking/thread.cpp.o
 .debug_info    0x0001074d      0xa2f src/oboskrnl/CMakeFiles/oboskrnl.dir/multitasking/mutex/mutex.cpp.o
 .debug_info    0x0001117c      0xf81 src/oboskrnl/CMakeFiles/oboskrnl.dir/multitasking/mutex/mutexHandle.cpp.o
 .debug_info    0x000120fd      0xa47 src/oboskrnl/CMakeFiles/oboskrnl.dir/elf/elf.cpp.o
 .debug_info    0x00012b44      0x41e src/oboskrnl/CMakeFiles/oboskrnl.dir/driver_api/interrupts.cpp.o
 .debug_info    0x00012f62     0x1fa5 src/oboskrnl/CMakeFiles/oboskrnl.dir/driver_api/syscalls.cpp.o
 .debug_info    0x00014f07      0x343 /home/omar/opt/cross/lib/gcc/i686-elf/11.4.0/libgcc.a(_umoddi3.o)

.debug_abbrev   0x00000000     0x430e
 .debug_abbrev  0x00000000       0x1b src/oboskrnl/CMakeFiles/oboskrnl.dir/boot/kernel_bootstrap-i686.asm.o
 .debug_abbrev  0x0000001b       0x1b src/oboskrnl/CMakeFiles/oboskrnl.dir/descriptors/gdt/gdt.asm.o
 .debug_abbrev  0x00000036       0x1b src/oboskrnl/CMakeFiles/oboskrnl.dir/descriptors/idt/idt.asm.o
 .debug_abbrev  0x00000051       0x1b src/oboskrnl/CMakeFiles/oboskrnl.dir/descriptors/idt/handlers.asm.o
 .debug_abbrev  0x0000006c       0x1b src/oboskrnl/CMakeFiles/oboskrnl.dir/memory_manager/paging/init.asm.o
 .debug_abbrev  0x00000087       0x1b src/oboskrnl/CMakeFiles/oboskrnl.dir/multitasking/multitasking.asm.o
 .debug_abbrev  0x000000a2       0x1b src/oboskrnl/CMakeFiles/oboskrnl.dir/utils/memcpy.asm.o
 .debug_abbrev  0x000000bd       0x1b src/oboskrnl/CMakeFiles/oboskrnl.dir/inline-asm.asm.o
 .debug_abbrev  0x000000d8       0x1b src/oboskrnl/CMakeFiles/oboskrnl.dir/driver_api/interrupts.asm.o
 .debug_abbrev  0x000000f3      0x5b5 src/oboskrnl/CMakeFiles/oboskrnl.dir/boot/kmain.cpp.o
 .debug_abbrev  0x000006a8      0x38d src/oboskrnl/CMakeFiles/oboskrnl.dir/console.cpp.o
 .debug_abbrev  0x00000a35      0x47f src/oboskrnl/CMakeFiles/oboskrnl.dir/klog.cpp.o
 .debug_abbrev  0x00000eb4      0x228 src/oboskrnl/CMakeFiles/oboskrnl.dir/inline-asm.cpp.o
 .debug_abbrev  0x000010dc      0x173 src/oboskrnl/CMakeFiles/oboskrnl.dir/descriptors/gdt/gdt.cpp.o
 .debug_abbrev  0x0000124f      0x1d8 src/oboskrnl/CMakeFiles/oboskrnl.dir/descriptors/idt/idt.cpp.o
 .debug_abbrev  0x00001427      0x24b src/oboskrnl/CMakeFiles/oboskrnl.dir/memory_manager/physical.cpp.o
 .debug_abbrev  0x00001672      0x338 src/oboskrnl/CMakeFiles/oboskrnl.dir/utils/bitfields.cpp.o
 .debug_abbrev  0x000019aa      0x231 src/oboskrnl/CMakeFiles/oboskrnl.dir/descriptors/idt/pic.cpp.o
 .debug_abbrev  0x00001bdb      0x327 src/oboskrnl/CMakeFiles/oboskrnl.dir/memory_manager/paging/init.cpp.o
 .debug_abbrev  0x00001f02      0x26e src/oboskrnl/CMakeFiles/oboskrnl.dir/memory_manager/paging/allocate.cpp.o
 .debug_abbrev  0x00002170       0xed src/oboskrnl/CMakeFiles/oboskrnl.dir/utils/memory.cpp.o
 .debug_abbrev  0x0000225d      0x1b3 src/oboskrnl/CMakeFiles/oboskrnl.dir/memory_manager/paging/liballoc_hooks.cpp.o
 .debug_abbrev  0x00002410      0x201 src/oboskrnl/CMakeFiles/oboskrnl.dir/memory_manager/liballoc/liballoc.c.o
 .debug_abbrev  0x00002611      0x175 src/oboskrnl/CMakeFiles/oboskrnl.dir/external/list/list_iterator.c.o
 .debug_abbrev  0x00002786       0xbe src/oboskrnl/CMakeFiles/oboskrnl.dir/external/list/list_node.c.o
 .debug_abbrev  0x00002844      0x1ae src/oboskrnl/CMakeFiles/oboskrnl.dir/external/list/list.c.o
 .debug_abbrev  0x000029f2      0x375 src/oboskrnl/CMakeFiles/oboskrnl.dir/multitasking/multitasking.cpp.o
 .debug_abbrev  0x00002d67      0x4b1 src/oboskrnl/CMakeFiles/oboskrnl.dir/multitasking/threadHandle.cpp.o
 .debug_abbrev  0x00003218      0x30d src/oboskrnl/CMakeFiles/oboskrnl.dir/multitasking/thread.cpp.o
 .debug_abbrev  0x00003525      0x2cc src/oboskrnl/CMakeFiles/oboskrnl.dir/multitasking/mutex/mutex.cpp.o
 .debug_abbrev  0x000037f1      0x30e src/oboskrnl/CMakeFiles/oboskrnl.dir/multitasking/mutex/mutexHandle.cpp.o
 .debug_abbrev  0x00003aff      0x196 src/oboskrnl/CMakeFiles/oboskrnl.dir/elf/elf.cpp.o
 .debug_abbrev  0x00003c95      0x120 src/oboskrnl/CMakeFiles/oboskrnl.dir/driver_api/interrupts.cpp.o
 .debug_abbrev  0x00003db5      0x3e8 src/oboskrnl/CMakeFiles/oboskrnl.dir/driver_api/syscalls.cpp.o
 .debug_abbrev  0x0000419d      0x171 /home/omar/opt/cross/lib/gcc/i686-elf/11.4.0/libgcc.a(_umoddi3.o)

.debug_line     0x00000000     0xc807
 .debug_line    0x00000000       0x7b src/oboskrnl/CMakeFiles/oboskrnl.dir/boot/kernel_bootstrap-i686.asm.o
 .debug_line    0x0000007b       0x71 src/oboskrnl/CMakeFiles/oboskrnl.dir/descriptors/gdt/gdt.asm.o
 .debug_line    0x000000ec       0x6a src/oboskrnl/CMakeFiles/oboskrnl.dir/descriptors/idt/idt.asm.o
 .debug_line    0x00000156      0x14b src/oboskrnl/CMakeFiles/oboskrnl.dir/descriptors/idt/handlers.asm.o
 .debug_line    0x000002a1       0x7b src/oboskrnl/CMakeFiles/oboskrnl.dir/memory_manager/paging/init.asm.o
 .debug_line    0x0000031c       0x7c src/oboskrnl/CMakeFiles/oboskrnl.dir/multitasking/multitasking.asm.o
 .debug_line    0x00000398       0xa0 src/oboskrnl/CMakeFiles/oboskrnl.dir/utils/memcpy.asm.o
 .debug_line    0x00000438       0x62 src/oboskrnl/CMakeFiles/oboskrnl.dir/inline-asm.asm.o
 .debug_line    0x0000049a       0x6e src/oboskrnl/CMakeFiles/oboskrnl.dir/driver_api/interrupts.asm.o
 .debug_line    0x00000508      0xb4e src/oboskrnl/CMakeFiles/oboskrnl.dir/boot/kmain.cpp.o
 .debug_line    0x00001056      0xe05 src/oboskrnl/CMakeFiles/oboskrnl.dir/console.cpp.o
 .debug_line    0x00001e5b      0xe6e src/oboskrnl/CMakeFiles/oboskrnl.dir/klog.cpp.o
 .debug_line    0x00002cc9      0xd29 src/oboskrnl/CMakeFiles/oboskrnl.dir/inline-asm.cpp.o
 .debug_line    0x000039f2      0x22d src/oboskrnl/CMakeFiles/oboskrnl.dir/descriptors/gdt/gdt.cpp.o
 .debug_line    0x00003c1f      0x3ed src/oboskrnl/CMakeFiles/oboskrnl.dir/descriptors/idt/idt.cpp.o
 .debug_line    0x0000400c      0x9f3 src/oboskrnl/CMakeFiles/oboskrnl.dir/memory_manager/physical.cpp.o
 .debug_line    0x000049ff      0x48d src/oboskrnl/CMakeFiles/oboskrnl.dir/utils/bitfields.cpp.o
 .debug_line    0x00004e8c      0x695 src/oboskrnl/CMakeFiles/oboskrnl.dir/descriptors/idt/pic.cpp.o
 .debug_line    0x00005521      0x56c src/oboskrnl/CMakeFiles/oboskrnl.dir/memory_manager/paging/init.cpp.o
 .debug_line    0x00005a8d      0xca5 src/oboskrnl/CMakeFiles/oboskrnl.dir/memory_manager/paging/allocate.cpp.o
 .debug_line    0x00006732      0x311 src/oboskrnl/CMakeFiles/oboskrnl.dir/utils/memory.cpp.o
 .debug_line    0x00006a43      0x399 src/oboskrnl/CMakeFiles/oboskrnl.dir/memory_manager/paging/liballoc_hooks.cpp.o
 .debug_line    0x00006ddc     0x10ee src/oboskrnl/CMakeFiles/oboskrnl.dir/memory_manager/liballoc/liballoc.c.o
 .debug_line    0x00007eca      0x219 src/oboskrnl/CMakeFiles/oboskrnl.dir/external/list/list_iterator.c.o
 .debug_line    0x000080e3      0x17b src/oboskrnl/CMakeFiles/oboskrnl.dir/external/list/list_node.c.o
 .debug_line    0x0000825e      0x837 src/oboskrnl/CMakeFiles/oboskrnl.dir/external/list/list.c.o
 .debug_line    0x00008a95      0x8c7 src/oboskrnl/CMakeFiles/oboskrnl.dir/multitasking/multitasking.cpp.o
 .debug_line    0x0000935c     0x11ff src/oboskrnl/CMakeFiles/oboskrnl.dir/multitasking/threadHandle.cpp.o
 .debug_line    0x0000a55b      0x473 src/oboskrnl/CMakeFiles/oboskrnl.dir/multitasking/thread.cpp.o
 .debug_line    0x0000a9ce      0x3c5 src/oboskrnl/CMakeFiles/oboskrnl.dir/multitasking/mutex/mutex.cpp.o
 .debug_line    0x0000ad93      0x4bb src/oboskrnl/CMakeFiles/oboskrnl.dir/multitasking/mutex/mutexHandle.cpp.o
 .debug_line    0x0000b24e      0x4b9 src/oboskrnl/CMakeFiles/oboskrnl.dir/elf/elf.cpp.o
 .debug_line    0x0000b707      0x201 src/oboskrnl/CMakeFiles/oboskrnl.dir/driver_api/interrupts.cpp.o
 .debug_line    0x0000b908      0xd2a src/oboskrnl/CMakeFiles/oboskrnl.dir/driver_api/syscalls.cpp.o
 .debug_line    0x0000c632      0x1d5 /home/omar/opt/cross/lib/gcc/i686-elf/11.4.0/libgcc.a(_umoddi3.o)

.debug_frame    0x00000000     0x2c14
 .debug_frame   0x00000000        0x0 src/oboskrnl/CMakeFiles/oboskrnl.dir/boot/kernel_bootstrap-i686.asm.o
 .debug_frame   0x00000000        0x0 src/oboskrnl/CMakeFiles/oboskrnl.dir/descriptors/gdt/gdt.asm.o
 .debug_frame   0x00000000        0x0 src/oboskrnl/CMakeFiles/oboskrnl.dir/descriptors/idt/idt.asm.o
 .debug_frame   0x00000000        0x0 src/oboskrnl/CMakeFiles/oboskrnl.dir/descriptors/idt/handlers.asm.o
 .debug_frame   0x00000000        0x0 src/oboskrnl/CMakeFiles/oboskrnl.dir/memory_manager/paging/init.asm.o
 .debug_frame   0x00000000        0x0 src/oboskrnl/CMakeFiles/oboskrnl.dir/multitasking/multitasking.asm.o
 .debug_frame   0x00000000        0x0 src/oboskrnl/CMakeFiles/oboskrnl.dir/utils/memcpy.asm.o
 .debug_frame   0x00000000        0x0 src/oboskrnl/CMakeFiles/oboskrnl.dir/inline-asm.asm.o
 .debug_frame   0x00000000        0x0 src/oboskrnl/CMakeFiles/oboskrnl.dir/driver_api/interrupts.asm.o
 .debug_frame   0x00000000      0x25c src/oboskrnl/CMakeFiles/oboskrnl.dir/boot/kmain.cpp.o
 .debug_frame   0x0000025c      0x360 src/oboskrnl/CMakeFiles/oboskrnl.dir/console.cpp.o
 .debug_frame   0x000005bc      0x310 src/oboskrnl/CMakeFiles/oboskrnl.dir/klog.cpp.o
 .debug_frame   0x000008cc      0x1f8 src/oboskrnl/CMakeFiles/oboskrnl.dir/inline-asm.cpp.o
 .debug_frame   0x00000ac4       0x6c src/oboskrnl/CMakeFiles/oboskrnl.dir/descriptors/gdt/gdt.cpp.o
 .debug_frame   0x00000b30       0x98 src/oboskrnl/CMakeFiles/oboskrnl.dir/descriptors/idt/idt.cpp.o
 .debug_frame   0x00000bc8      0x12c src/oboskrnl/CMakeFiles/oboskrnl.dir/memory_manager/physical.cpp.o
 .debug_frame   0x00000cf4      0x3ac src/oboskrnl/CMakeFiles/oboskrnl.dir/utils/bitfields.cpp.o
 .debug_frame   0x000010a0      0x300 src/oboskrnl/CMakeFiles/oboskrnl.dir/descriptors/idt/pic.cpp.o
 .debug_frame   0x000013a0      0x234 src/oboskrnl/CMakeFiles/oboskrnl.dir/memory_manager/paging/init.cpp.o
 .debug_frame   0x000015d4      0x188 src/oboskrnl/CMakeFiles/oboskrnl.dir/memory_manager/paging/allocate.cpp.o
 .debug_frame   0x0000175c       0x98 src/oboskrnl/CMakeFiles/oboskrnl.dir/utils/memory.cpp.o
 .debug_frame   0x000017f4      0x27c src/oboskrnl/CMakeFiles/oboskrnl.dir/memory_manager/paging/liballoc_hooks.cpp.o
 .debug_frame   0x00001a70      0x160 src/oboskrnl/CMakeFiles/oboskrnl.dir/memory_manager/liballoc/liballoc.c.o
 .debug_frame   0x00001bd0       0xc4 src/oboskrnl/CMakeFiles/oboskrnl.dir/external/list/list_iterator.c.o
 .debug_frame   0x00001c94       0x40 src/oboskrnl/CMakeFiles/oboskrnl.dir/external/list/list_node.c.o
 .debug_frame   0x00001cd4      0x1a0 src/oboskrnl/CMakeFiles/oboskrnl.dir/external/list/list.c.o
 .debug_frame   0x00001e74      0x164 src/oboskrnl/CMakeFiles/oboskrnl.dir/multitasking/multitasking.cpp.o
 .debug_frame   0x00001fd8      0x508 src/oboskrnl/CMakeFiles/oboskrnl.dir/multitasking/threadHandle.cpp.o
 .debug_frame   0x000024e0       0xc4 src/oboskrnl/CMakeFiles/oboskrnl.dir/multitasking/thread.cpp.o
 .debug_frame   0x000025a4       0xc4 src/oboskrnl/CMakeFiles/oboskrnl.dir/multitasking/mutex/mutex.cpp.o
 .debug_frame   0x00002668      0x200 src/oboskrnl/CMakeFiles/oboskrnl.dir/multitasking/mutex/mutexHandle.cpp.o
 .debug_frame   0x00002868       0x6c src/oboskrnl/CMakeFiles/oboskrnl.dir/elf/elf.cpp.o
 .debug_frame   0x000028d4       0xc4 src/oboskrnl/CMakeFiles/oboskrnl.dir/driver_api/interrupts.cpp.o
 .debug_frame   0x00002998      0x27c src/oboskrnl/CMakeFiles/oboskrnl.dir/driver_api/syscalls.cpp.o

.debug_loc      0x00000000        0x0
 .debug_loc     0x00000000        0x0 src/oboskrnl/CMakeFiles/oboskrnl.dir/boot/kernel_bootstrap-i686.asm.o
 .debug_loc     0x00000000        0x0 src/oboskrnl/CMakeFiles/oboskrnl.dir/descriptors/gdt/gdt.asm.o
 .debug_loc     0x00000000        0x0 src/oboskrnl/CMakeFiles/oboskrnl.dir/descriptors/idt/idt.asm.o
 .debug_loc     0x00000000        0x0 src/oboskrnl/CMakeFiles/oboskrnl.dir/descriptors/idt/handlers.asm.o
 .debug_loc     0x00000000        0x0 src/oboskrnl/CMakeFiles/oboskrnl.dir/memory_manager/paging/init.asm.o
 .debug_loc     0x00000000        0x0 src/oboskrnl/CMakeFiles/oboskrnl.dir/multitasking/multitasking.asm.o
 .debug_loc     0x00000000        0x0 src/oboskrnl/CMakeFiles/oboskrnl.dir/utils/memcpy.asm.o
 .debug_loc     0x00000000        0x0 src/oboskrnl/CMakeFiles/oboskrnl.dir/inline-asm.asm.o
 .debug_loc     0x00000000        0x0 src/oboskrnl/CMakeFiles/oboskrnl.dir/driver_api/interrupts.asm.o

.debug_str      0x00000000      0x5e9
 .debug_str     0x00000000       0x47 src/oboskrnl/CMakeFiles/oboskrnl.dir/boot/kmain.cpp.o
 .debug_str     0x00000047       0x52 src/oboskrnl/CMakeFiles/oboskrnl.dir/console.cpp.o
 .debug_str     0x00000099       0xbe src/oboskrnl/CMakeFiles/oboskrnl.dir/klog.cpp.o
 .debug_str     0x00000157        0x0 src/oboskrnl/CMakeFiles/oboskrnl.dir/inline-asm.cpp.o
 .debug_str     0x00000157        0x9 src/oboskrnl/CMakeFiles/oboskrnl.dir/descriptors/gdt/gdt.cpp.o
 .debug_str     0x00000160        0x9 src/oboskrnl/CMakeFiles/oboskrnl.dir/descriptors/idt/idt.cpp.o
 .debug_str     0x00000169        0xe src/oboskrnl/CMakeFiles/oboskrnl.dir/memory_manager/physical.cpp.o
 .debug_str     0x00000177       0x5e src/oboskrnl/CMakeFiles/oboskrnl.dir/utils/bitfields.cpp.o
 .debug_str     0x000001d5       0x39 src/oboskrnl/CMakeFiles/oboskrnl.dir/descriptors/idt/pic.cpp.o
 .debug_str     0x0000020e       0x1d src/oboskrnl/CMakeFiles/oboskrnl.dir/memory_manager/paging/init.cpp.o
 .debug_str     0x0000022b       0x3d src/oboskrnl/CMakeFiles/oboskrnl.dir/memory_manager/paging/allocate.cpp.o
 .debug_str     0x00000268        0x0 src/oboskrnl/CMakeFiles/oboskrnl.dir/utils/memory.cpp.o
 .debug_str     0x00000268       0x46 src/oboskrnl/CMakeFiles/oboskrnl.dir/memory_manager/paging/liballoc_hooks.cpp.o
 .debug_str     0x000002ae       0x26 src/oboskrnl/CMakeFiles/oboskrnl.dir/memory_manager/liballoc/liballoc.c.o
 .debug_str     0x000002d4        0xa src/oboskrnl/CMakeFiles/oboskrnl.dir/external/list/list_iterator.c.o
 .debug_str     0x000002de        0x0 src/oboskrnl/CMakeFiles/oboskrnl.dir/external/list/list_node.c.o
 .debug_str     0x000002de       0x14 src/oboskrnl/CMakeFiles/oboskrnl.dir/external/list/list.c.o
 .debug_str     0x000002f2        0x7 src/oboskrnl/CMakeFiles/oboskrnl.dir/multitasking/multitasking.cpp.o
 .debug_str     0x000002f9       0x87 src/oboskrnl/CMakeFiles/oboskrnl.dir/multitasking/threadHandle.cpp.o
 .debug_str     0x00000380       0x3b src/oboskrnl/CMakeFiles/oboskrnl.dir/multitasking/thread.cpp.o
 .debug_str     0x000003bb        0x7 src/oboskrnl/CMakeFiles/oboskrnl.dir/multitasking/mutex/mutex.cpp.o
 .debug_str     0x000003c2       0x3f src/oboskrnl/CMakeFiles/oboskrnl.dir/multitasking/mutex/mutexHandle.cpp.o
 .debug_str     0x00000401       0x23 src/oboskrnl/CMakeFiles/oboskrnl.dir/elf/elf.cpp.o
 .debug_str     0x00000424        0x0 src/oboskrnl/CMakeFiles/oboskrnl.dir/driver_api/interrupts.cpp.o
 .debug_str     0x00000424       0x4c src/oboskrnl/CMakeFiles/oboskrnl.dir/driver_api/syscalls.cpp.o
 .debug_str     0x00000470      0x179 /home/omar/opt/cross/lib/gcc/i686-elf/11.4.0/libgcc.a(_umoddi3.o)
                                0x1e3 (size before relaxing)

.debug_rnglists
                0x00000000      0x1cd
 .debug_rnglists
                0x00000000       0x1f src/oboskrnl/CMakeFiles/oboskrnl.dir/klog.cpp.o
 .debug_rnglists
                0x0000001f       0x1f src/oboskrnl/CMakeFiles/oboskrnl.dir/memory_manager/paging/allocate.cpp.o
 .debug_rnglists
                0x0000003e       0x44 src/oboskrnl/CMakeFiles/oboskrnl.dir/multitasking/multitasking.cpp.o
 .debug_rnglists
                0x00000082       0x5e src/oboskrnl/CMakeFiles/oboskrnl.dir/multitasking/threadHandle.cpp.o
 .debug_rnglists
                0x000000e0       0x28 src/oboskrnl/CMakeFiles/oboskrnl.dir/multitasking/thread.cpp.o
 .debug_rnglists
                0x00000108       0x3a src/oboskrnl/CMakeFiles/oboskrnl.dir/multitasking/mutex/mutexHandle.cpp.o
 .debug_rnglists
                0x00000142       0x6b src/oboskrnl/CMakeFiles/oboskrnl.dir/driver_api/syscalls.cpp.o
 .debug_rnglists
                0x000001ad       0x20 /home/omar/opt/cross/lib/gcc/i686-elf/11.4.0/libgcc.a(_umoddi3.o)

.debug_loclists
                0x00000000      0x495
 .debug_loclists
                0x00000000      0x495 /home/omar/opt/cross/lib/gcc/i686-elf/11.4.0/libgcc.a(_umoddi3.o)

.debug_line_str
                0x00000000       0x93
 .debug_line_str
                0x00000000       0x93 /home/omar/opt/cross/lib/gcc/i686-elf/11.4.0/libgcc.a(_umoddi3.o)
                                 0xf0 (size before relaxing)
