Archive member included to satisfy reference by file (symbol)

/home/omar/opt/cross/lib/gcc/i686-elf/11.4.0/libgcc.a(_udivdi3.o)
                              src/oboskrnl/CMakeFiles/oboskrnl.dir/external/amalgamated-dist/Zydis.c.obj (__udivdi3)
/home/omar/opt/cross/lib/gcc/i686-elf/11.4.0/libgcc.a(_umoddi3.o)
                              src/oboskrnl/CMakeFiles/oboskrnl.dir/klog.cpp.obj (__umoddi3)

Discarded input sections

 .gnu.linkonce.t._ZN4obos6Handle7getTypeEv
                0x00000000        0xa src/oboskrnl/CMakeFiles/oboskrnl.dir/multitasking/threadHandle.cpp.obj
 .gnu.linkonce.t._ZN4obos6HandleD2Ev
                0x00000000       0x10 src/oboskrnl/CMakeFiles/oboskrnl.dir/multitasking/threadHandle.cpp.obj
 .gnu.linkonce.t._ZN4obos12multitasking12ThreadHandleD1Ev
                0x00000000       0x30 src/oboskrnl/CMakeFiles/oboskrnl.dir/multitasking/threadHandle.cpp.obj
 .gnu.linkonce.r._ZTVN4obos6HandleE
                0x00000000       0x1c src/oboskrnl/CMakeFiles/oboskrnl.dir/multitasking/threadHandle.cpp.obj
 .gnu.linkonce.t._ZN4obos12multitasking6ThreadD1Ev
                0x00000000       0x41 src/oboskrnl/CMakeFiles/oboskrnl.dir/multitasking/multitasking.cpp.obj
 .gnu.linkonce.t._ZN4obos12multitasking6ThreadD0Ev
                0x00000000       0x26 src/oboskrnl/CMakeFiles/oboskrnl.dir/multitasking/multitasking.cpp.obj
 .gnu.linkonce.t._ZN4obos12multitasking6ThreadC1Ev
                0x00000000       0x99 src/oboskrnl/CMakeFiles/oboskrnl.dir/multitasking/multitasking.cpp.obj
 .gnu.linkonce.r._ZTVN4obos12multitasking6ThreadE
                0x00000000       0x10 src/oboskrnl/CMakeFiles/oboskrnl.dir/multitasking/multitasking.cpp.obj
 .gnu.linkonce.t._ZN4obos12multitasking6ThreadD1Ev
                0x00000000       0x41 src/oboskrnl/CMakeFiles/oboskrnl.dir/multitasking/thread.cpp.obj
 .gnu.linkonce.t._ZN4obos12multitasking6ThreadD0Ev
                0x00000000       0x26 src/oboskrnl/CMakeFiles/oboskrnl.dir/multitasking/thread.cpp.obj
 .gnu.linkonce.r._ZTVN4obos12multitasking6ThreadE
                0x00000000       0x10 src/oboskrnl/CMakeFiles/oboskrnl.dir/multitasking/thread.cpp.obj
 .gnu.linkonce.t._ZN4obos6Handle7getTypeEv
                0x00000000        0xa src/oboskrnl/CMakeFiles/oboskrnl.dir/multitasking/mutex/mutexHandle.cpp.obj
 .gnu.linkonce.t._ZN4obos6Handle13getReferencesEv
                0x00000000        0xe src/oboskrnl/CMakeFiles/oboskrnl.dir/multitasking/mutex/mutexHandle.cpp.obj
 .gnu.linkonce.t._ZN4obos6HandleD2Ev
                0x00000000       0x10 src/oboskrnl/CMakeFiles/oboskrnl.dir/multitasking/mutex/mutexHandle.cpp.obj
 .gnu.linkonce.t._ZN4obos6HandleC2Ev
                0x00000000       0x2e src/oboskrnl/CMakeFiles/oboskrnl.dir/multitasking/mutex/mutexHandle.cpp.obj
 .gnu.linkonce.r._ZTVN4obos6HandleE
                0x00000000       0x1c src/oboskrnl/CMakeFiles/oboskrnl.dir/multitasking/mutex/mutexHandle.cpp.obj
 .gnu.linkonce.t._ZN4obos12multitasking6ThreadD1Ev
                0x00000000       0x41 src/oboskrnl/CMakeFiles/oboskrnl.dir/process/process.cpp.obj
 .gnu.linkonce.t._ZN4obos12multitasking6ThreadD0Ev
                0x00000000       0x26 src/oboskrnl/CMakeFiles/oboskrnl.dir/process/process.cpp.obj
 .gnu.linkonce.t._ZN4obos6Handle7getTypeEv
                0x00000000        0xa src/oboskrnl/CMakeFiles/oboskrnl.dir/process/process.cpp.obj
 .gnu.linkonce.t._ZN4obos6HandleD2Ev
                0x00000000       0x10 src/oboskrnl/CMakeFiles/oboskrnl.dir/process/process.cpp.obj
 .gnu.linkonce.t._ZN4obos12multitasking12ThreadHandleD1Ev
                0x00000000       0x30 src/oboskrnl/CMakeFiles/oboskrnl.dir/process/process.cpp.obj
 .gnu.linkonce.t._ZN4obos12multitasking12ThreadHandleD0Ev
                0x00000000       0x26 src/oboskrnl/CMakeFiles/oboskrnl.dir/process/process.cpp.obj
 .gnu.linkonce.t._ZN4obos12multitasking6ThreadC1Ev
                0x00000000       0x99 src/oboskrnl/CMakeFiles/oboskrnl.dir/process/process.cpp.obj
 .gnu.linkonce.r._ZTVN4obos6HandleE
                0x00000000       0x1c src/oboskrnl/CMakeFiles/oboskrnl.dir/process/process.cpp.obj
 .gnu.linkonce.r._ZTVN4obos12multitasking6ThreadE
                0x00000000       0x10 src/oboskrnl/CMakeFiles/oboskrnl.dir/process/process.cpp.obj

Memory Configuration

Name             Origin             Length             Attributes
*default*        0x00000000         0xffffffff

Linker script and memory map

LOAD src/oboskrnl/CMakeFiles/oboskrnl.dir/boot/i686/kernel_bootstrap.asm.obj
LOAD src/oboskrnl/CMakeFiles/oboskrnl.dir/descriptors/gdt/gdt.asm.obj
LOAD src/oboskrnl/CMakeFiles/oboskrnl.dir/descriptors/idt/i686/idt.asm.obj
LOAD src/oboskrnl/CMakeFiles/oboskrnl.dir/descriptors/idt/i686/handlers.asm.obj
LOAD src/oboskrnl/CMakeFiles/oboskrnl.dir/memory_manager/paging/i686/init.asm.obj
LOAD src/oboskrnl/CMakeFiles/oboskrnl.dir/multitasking/multitasking-i686.asm.obj
LOAD src/oboskrnl/CMakeFiles/oboskrnl.dir/utils/memcpy_i686.asm.obj
LOAD src/oboskrnl/CMakeFiles/oboskrnl.dir/i686/inline-asm.asm.obj
LOAD src/oboskrnl/CMakeFiles/oboskrnl.dir/driver_api/interrupts.asm.obj
LOAD src/oboskrnl/CMakeFiles/oboskrnl.dir/syscalls/interrupts.asm.obj
LOAD src/oboskrnl/CMakeFiles/oboskrnl.dir/boot/kmain.cpp.obj
LOAD src/oboskrnl/CMakeFiles/oboskrnl.dir/console.cpp.obj
LOAD src/oboskrnl/CMakeFiles/oboskrnl.dir/klog.cpp.obj
LOAD src/oboskrnl/CMakeFiles/oboskrnl.dir/inline-asm.cpp.obj
LOAD src/oboskrnl/CMakeFiles/oboskrnl.dir/utils/bitfields.cpp.obj
LOAD src/oboskrnl/CMakeFiles/oboskrnl.dir/descriptors/idt/pic.cpp.obj
LOAD src/oboskrnl/CMakeFiles/oboskrnl.dir/external/list/list_iterator.c.obj
LOAD src/oboskrnl/CMakeFiles/oboskrnl.dir/utils/memory.cpp.obj
LOAD src/oboskrnl/CMakeFiles/oboskrnl.dir/memory_manager/paging/liballoc_hooks.cpp.obj
LOAD src/oboskrnl/CMakeFiles/oboskrnl.dir/memory_manager/liballoc/liballoc.c.obj
LOAD src/oboskrnl/CMakeFiles/oboskrnl.dir/multitasking/threadHandle.cpp.obj
LOAD src/oboskrnl/CMakeFiles/oboskrnl.dir/external/list/list_node.c.obj
LOAD src/oboskrnl/CMakeFiles/oboskrnl.dir/external/list/list.c.obj
LOAD src/oboskrnl/CMakeFiles/oboskrnl.dir/multitasking/multitasking.cpp.obj
LOAD src/oboskrnl/CMakeFiles/oboskrnl.dir/elf/elf.cpp.obj
LOAD src/oboskrnl/CMakeFiles/oboskrnl.dir/multitasking/thread.cpp.obj
LOAD src/oboskrnl/CMakeFiles/oboskrnl.dir/multitasking/mutex/mutex.cpp.obj
LOAD src/oboskrnl/CMakeFiles/oboskrnl.dir/multitasking/mutex/mutexHandle.cpp.obj
LOAD src/oboskrnl/CMakeFiles/oboskrnl.dir/process/process.cpp.obj
LOAD src/oboskrnl/CMakeFiles/oboskrnl.dir/driver_api/interrupts.cpp.obj
LOAD src/oboskrnl/CMakeFiles/oboskrnl.dir/driver_api/syscalls.cpp.obj
LOAD src/oboskrnl/CMakeFiles/oboskrnl.dir/syscalls/syscalls.cpp.obj
LOAD src/oboskrnl/CMakeFiles/oboskrnl.dir/external/amalgamated-dist/Zydis.c.obj
LOAD src/oboskrnl/CMakeFiles/oboskrnl.dir/descriptors/gdt/gdt.cpp.obj
LOAD /home/omar/opt/cross/lib/gcc/i686-elf/11.4.0/libgcc.a
                0x00100000                        . = 0x100000
                0x00100000                        _kernel_start = .

.multiboot.data
                0x00100000     0x3004
 *(.multiboot.data)
 .multiboot.data
                0x00100000     0x3004 src/oboskrnl/CMakeFiles/oboskrnl.dir/boot/i686/kernel_bootstrap.asm.obj
                0x00102000                boot_page_directory1

.multiboot.text
                0x00103004       0x64
 *(.multiboot.text)
 .multiboot.text
                0x00103004       0x64 src/oboskrnl/CMakeFiles/oboskrnl.dir/boot/i686/kernel_bootstrap.asm.obj
                0x00103004                _start
                0xc0103068                        . = (. + 0xc0000000)

.text           0xc0104000    0x216be load address 0x00104000
                0xc0104000                        _stext = .
 *(.text)
 .text          0xc0104000       0x25 src/oboskrnl/CMakeFiles/oboskrnl.dir/boot/i686/kernel_bootstrap.asm.obj
                0xc0104018                _ZN4obos15RestartComputerEv
 *fill*         0xc0104025        0xb 
 .text          0xc0104030       0x25 src/oboskrnl/CMakeFiles/oboskrnl.dir/descriptors/gdt/gdt.asm.obj
                0xc0104030                gdtFlush
                0xc010404d                tssFlush
 *fill*         0xc0104055        0xb 
 .text          0xc0104060        0x8 src/oboskrnl/CMakeFiles/oboskrnl.dir/descriptors/idt/i686/idt.asm.obj
                0xc0104060                _ZN4obos8idtFlushEj
 *fill*         0xc0104068        0x8 
 .text          0xc0104070      0x1d0 src/oboskrnl/CMakeFiles/oboskrnl.dir/descriptors/idt/i686/handlers.asm.obj
                0xc0104070                isr0
                0xc010407a                isr1
                0xc0104084                isr2
                0xc010408e                isr3
                0xc0104098                isr4
                0xc01040a2                isr5
                0xc01040ac                isr6
                0xc01040b6                isr7
                0xc01040c0                isr8
                0xc01040c8                isr9
                0xc01040d2                isr10
                0xc01040da                isr11
                0xc01040e2                isr12
                0xc01040ea                isr13
                0xc01040f2                isr14
                0xc01040fa                isr15
                0xc0104104                isr16
                0xc010410e                isr17
                0xc0104118                isr18
                0xc0104122                isr19
                0xc010412c                isr20
                0xc0104136                isr21
                0xc010413e                isr22
                0xc0104148                isr23
                0xc0104152                isr24
                0xc010415c                isr25
                0xc0104166                isr26
                0xc0104170                isr27
                0xc010417a                isr28
                0xc0104184                isr29
                0xc010418c                isr30
                0xc0104191                isr31
                0xc0104198                isr32
                0xc010419f                isr33
                0xc01041a6                isr34
                0xc01041ad                isr35
                0xc01041b4                isr36
                0xc01041bb                isr37
                0xc01041c2                isr38
                0xc01041c9                isr39
                0xc01041d0                isr40
                0xc01041d7                isr41
                0xc01041de                isr42
                0xc01041e5                isr43
                0xc01041ec                isr44
                0xc01041f3                isr45
                0xc01041fa                isr46
                0xc0104201                isr47
                0xc0104208                isr48
                0xc010420f                isr_common_stub
 .text          0xc0104240       0x20 src/oboskrnl/CMakeFiles/oboskrnl.dir/memory_manager/paging/i686/init.asm.obj
                0xc0104240                _ZN4obos6memory13PageDirectory15switchToThisAsmEj
                0xc010424c                _ZN4obos6memory19GetPageFaultAddressEv
                0xc0104250                _ZN4obos6memory12enablePagingEv
 .text          0xc0104260       0x7e src/oboskrnl/CMakeFiles/oboskrnl.dir/multitasking/multitasking-i686.asm.obj
                0xc0104260                _ZN4obos12multitasking15switchToTaskAsmEv
                0xc0104294                _ZN4obos12multitasking20switchToUserModeTaskEv
 *fill*         0xc01042de        0x2 
 .text          0xc01042e0       0xa2 src/oboskrnl/CMakeFiles/oboskrnl.dir/utils/memcpy_i686.asm.obj
                0xc01042e0                memcpy
                0xc01042e0                _ZN4obos5utils6memcpyEPvPKvj
                0xc01042fd                _ZN4obos5utils7memzeroEPvj
                0xc0104315                _ZN4obos5utils8dwMemsetEPjjj
                0xc0104331                _ZN4obos5utils8dwMemcpyEPjPKjj
                0xc0104352                memset
                0xc0104352                _ZN4obos5utils6memsetEPvjj
                0xc010436c                _ZN4obos5utils6strlenEPKc
 *fill*         0xc0104382        0xe 
 .text          0xc0104390        0xd src/oboskrnl/CMakeFiles/oboskrnl.dir/i686/inline-asm.asm.obj
                0xc0104390                _Z9getEflagsv
                0xc0104397                _Z6getEIPv
                0xc010439a                getEBP
 *fill*         0xc010439d        0x3 
 .text          0xc01043a0       0x12 src/oboskrnl/CMakeFiles/oboskrnl.dir/driver_api/interrupts.asm.obj
                0xc01043a0                isr80
 *fill*         0xc01043b2        0xe 
 .text          0xc01043c0       0x39 src/oboskrnl/CMakeFiles/oboskrnl.dir/syscalls/interrupts.asm.obj
                0xc01043c0                isr64
 *fill*         0xc01043f9        0x1 
 .text          0xc01043fa      0xbf4 src/oboskrnl/CMakeFiles/oboskrnl.dir/boot/kmain.cpp.obj
                0xc010443e                _ZN4obos5kmainEP14multiboot_infoj
                0xc01047aa                _ZN4obos8kmainThrEv
                0xc0104e1b                __cxa_pure_virtual
                0xc0104e3c                __cxa_atexit
                0xc0104eb4                __cxa_finalize
 .text          0xc0104fee      0xc77 src/oboskrnl/CMakeFiles/oboskrnl.dir/console.cpp.obj
                0xc0105269                _ZN4obos17InitializeConsoleEjj
                0xc0105438                _ZN4obos15SetConsoleColorEjj
                0xc0105484                _ZN4obos15GetConsoleColorERjS0_
                0xc010571c                _ZN4obos13ConsoleOutputEPKcjb
                0xc01057a0                _ZN4obos19ConsoleOutputStringEPKcb
                0xc010582b                _ZN4obos15ConsoleFillLineEcb
                0xc01058b5                _ZN4obos22ConsoleOutputCharacterEcb
                0xc010591e                _ZN4obos22ConsoleOutputCharacterEcjjb
                0xc01059b7                _ZN4obos25SetTerminalCursorPositionEjj
                0xc01059cd                _ZN4obos25GetTerminalCursorPositionERjS0_
                0xc0105b54                _ZN4obos12ClearConsoleEv
                0xc0105bcf                _ZN4obos11swapBuffersEv
 .text          0xc0105c65     0x1080 src/oboskrnl/CMakeFiles/oboskrnl.dir/klog.cpp.obj
                0xc0105d20                _Z10strreversePci
                0xc0105d90                _Z13itoa_unsignedjPci
                0xc0105e3b                _ZN4obos22consoleOutputCharacterEhPv
                0xc0105e89                _ZN4obos8_vprintfEPFvhPvES0_PKcPc
                0xc0106274                _ZN4obos6printfEPKcz
                0xc01062f2                _ZN4obos7sprintfEPcPKcz
                0xc010632e                _ZN4obos7vprintfEPKcPc
                0xc010636f                _ZN4obos6kpanicEPvS0_PKcz
                0xc0106510                _ZN4obos14printf_noFlushEPKcz
                0xc0106535                _ZN4obos15printStackTraceEPvPKc
                0xc01066b0                _ZN4obos11disassembleEPvPKc
                0xc0106876                _ZN4obos7countToEPKcc
                0xc01068d0                _ZN4obos7hex2binEPKcj
                0xc0106993                _ZN4obos9addr2funcEPvRPcRj
                0xc0106ae2                _ZN4obos9addr2fileEPvRPc
                0xc0106c08                _ZN4obos4randEv
                0xc0106c2f                _ZN4obos5srandEj
                0xc0106c53                _ZN4obos4poopEv
 .text          0xc0106ce5      0x838 src/oboskrnl/CMakeFiles/oboskrnl.dir/inline-asm.cpp.obj
                0xc0106ce5                _Z4outbth
                0xc0106d06                _Z4outwtt
                0xc0106d27                _Z3inbt
                0xc0106d44                _Z3inwt
                0xc0106d63                _Z7io_waitv
                0xc0106d78                _Z3cliv
                0xc0106d8c                _Z3stiv
                0xc0106da0                _Z3hltv
                0xc0106da7                _Z4_inth
                0xc010745f                _ZN4obos18EnterKernelSectionEv
                0xc01074a1                _ZN4obos18LeaveKernelSectionEv
                0xc01074ff                _ZN4obos12EnterSyscallEv
                0xc010750e                _ZN4obos11ExitSyscallEv
 *fill*         0xc010751d        0x1 
 .text          0xc010751e      0x2c2 src/oboskrnl/CMakeFiles/oboskrnl.dir/utils/bitfields.cpp.obj
                0xc010753c                _ZN4obos5utils12BitfieldBaseC2Ev
                0xc010753c                _ZN4obos5utils12BitfieldBaseC1Ev
                0xc0107556                _ZN4obos5utils12BitfieldBase6setBitEj
                0xc010756e                _ZN4obos5utils12BitfieldBase8clearBitEj
                0xc0107588                _ZNK4obos5utils12BitfieldBase6getBitEj
                0xc010759c                _ZNK4obos5utils12BitfieldBaseixEj
                0xc01075bc                _ZN4obos5utils12BitfieldBasecvjEv
                0xc01075c8                _ZN4obos5utils12BitfieldBasecvbEv
                0xc01075da                _ZN4obos5utils8BitfieldC2Ev
                0xc01075da                _ZN4obos5utils8BitfieldC1Ev
                0xc01075f6                _ZN4obos5utils8Bitfield6setBitEh
                0xc010762c                _ZN4obos5utils8Bitfield8clearBitEh
                0xc0107662                _ZNK4obos5utils8Bitfield6getBitEh
                0xc01076ae                _ZNK4obos5utils8BitfieldixEh
                0xc01076d6                _ZN4obos5utils8BitfieldcvbEv
                0xc01076e8                _ZN4obos5utils15IntegerBitfieldC2Ev
                0xc01076e8                _ZN4obos5utils15IntegerBitfieldC1Ev
                0xc0107704                _ZN4obos5utils15IntegerBitfieldC2Ej
                0xc0107704                _ZN4obos5utils15IntegerBitfieldC1Ej
                0xc010772a                _ZN4obos5utils15IntegerBitfield11setBitfieldEj
                0xc0107739                _ZN4obos5utils16setBitInBitfieldERjh
                0xc0107767                _ZN4obos5utils18clearBitInBitfieldERjh
                0xc0107797                _ZN4obos5utils17testBitInBitfieldEjh
 .text          0xc01077e0      0x487 src/oboskrnl/CMakeFiles/oboskrnl.dir/descriptors/idt/pic.cpp.obj
                0xc01077e0                _ZN4obos3PicC2Ett
                0xc01077e0                _ZN4obos3PicC1Ett
                0xc0107828                _ZN4obos3Pic8setPortsEtt
                0xc010785c                _ZN4obos3Pic15sendCommandByteEh
                0xc010789a                _ZN4obos3Pic15sendCommandWordEt
                0xc01078da                _ZN4obos3Pic12sendDataByteEh
                0xc010791a                _ZN4obos3Pic12sendDataWordEt
                0xc010795a                _ZN4obos3Pic15recvCommandByteEv
                0xc010798e                _ZN4obos3Pic15recvCommandWordEv
                0xc01079c2                _ZN4obos3Pic12recvDataByteEv
                0xc01079f6                _ZN4obos3Pic12recvDataWordEv
                0xc0107a2a                _ZN4obos3Pic7sendEOIEv
                0xc0107a44                _ZN4obos3Pic5remapEhh
                0xc0107aa0                _ZN4obos3Pic9enableIrqEh
                0xc0107af6                _ZN4obos3Pic10disableIrqEh
                0xc0107b4c                _ZN4obos3Pic7disableEv
                0xc0107b68                _ZN4obos3Pic15issuedInterruptEh
                0xc0107bb6                _ZN4obos7SendEOIEh
 .text          0xc0107c67       0xbb src/oboskrnl/CMakeFiles/oboskrnl.dir/external/list/list_iterator.c.obj
                0xc0107c67                list_iterator_new
                0xc0107c96                list_iterator_new_from_node
                0xc0107ccf                list_iterator_next
                0xc0107d04                list_iterator_destroy
 .text          0xc0107d22      0x1cc src/oboskrnl/CMakeFiles/oboskrnl.dir/utils/memory.cpp.obj
                0xc0107d22                memcmp
                0xc0107d3e                _ZN4obos5utils6memcmpEPKvS2_j
                0xc0107e07                _ZN4obos5utils6memchrEPvhj
                0xc0107e6f                _ZN4obos5utils6memchrEPKvhj
                0xc0107e93                _ZN4obos5utils6strcmpEPKcS2_
 .text          0xc0107eee      0x14d src/oboskrnl/CMakeFiles/oboskrnl.dir/memory_manager/paging/liballoc_hooks.cpp.obj
                0xc0107eee                liballoc_alloc
                0xc0107f49                liballoc_free
                0xc0107f6f                liballoc_lock
                0xc0107f81                liballoc_unlock
                0xc0107f93                _Znwm
                0xc0107fab                _Znam
                0xc0107fc3                _ZdlPv
                0xc0107fda                _ZdaPv
                0xc0107ff1                _ZdlPvm
                0xc0108008                _ZdaPvm
                0xc010801f                _ZnwmPv
                0xc0108027                _ZnamPv
                0xc010802f                _ZdlPvS_
                0xc0108035                _ZdaPvS_
 .text          0xc010803b      0xc1d src/oboskrnl/CMakeFiles/oboskrnl.dir/memory_manager/liballoc/liballoc.c.obj
                0xc01081e1                kmalloc
                0xc010886d                kfree
                0xc0108aca                kcalloc
                0xc0108b05                krealloc
 .text          0xc0108c58      0xc61 src/oboskrnl/CMakeFiles/oboskrnl.dir/multitasking/threadHandle.cpp.obj
                0xc0108c58                _ZN4obos12multitasking12ThreadHandleC1Ev
                0xc0108c58                _ZN4obos12multitasking12ThreadHandleC2Ev
                0xc0108cac                _ZN4obos12multitasking12ThreadHandle12CreateThreadENS0_6Thread10priority_tEPFvPvES4_jj
                0xc0108d2c                _ZN4obos12multitasking12ThreadHandle10OpenThreadEj
                0xc0108dd2                _ZN4obos12multitasking12ThreadHandle10OpenThreadEPNS0_6ThreadE
                0xc0108e44                _ZN4obos12multitasking12ThreadHandle11PauseThreadEb
                0xc0108ed0                _ZN4obos12multitasking12ThreadHandle12ResumeThreadEv
                0xc0108f1a                _ZN4obos12multitasking12ThreadHandle17SetThreadPriorityENS0_6Thread10priority_tE
                0xc0109098                _ZN4obos12multitasking12ThreadHandle15SetThreadStatusEj
                0xc010913a                _ZN4obos12multitasking12ThreadHandle15TerminateThreadEj
                0xc0109238                _ZN4obos12multitasking12ThreadHandle6GetTidEv
                0xc0109258                _ZN4obos12multitasking12ThreadHandle11GetExitCodeEv
                0xc01092a2                _ZN4obos12multitasking12ThreadHandle17GetThreadPriorityEv
                0xc01092d6                _ZN4obos12multitasking12ThreadHandle15GetThreadStatusEv
                0xc010934c                _ZN4obos12multitasking12ThreadHandle17WaitForThreadExitEv
                0xc0109478                _ZN4obos12multitasking12ThreadHandle25WaitForThreadStatusChangeEj
                0xc0109590                _ZN4obos12multitasking12ThreadHandle9duplicateEv
                0xc0109616                _ZN4obos12multitasking12ThreadHandle11closeHandleEv
                0xc0109796                _ZN4obos12multitasking10ExitThreadEj
                0xc0109841                _ZN4obos12multitasking19GetCurrentThreadTidEv
                0xc010985e                _ZN4obos12multitasking24GetCurrentThreadPriorityEv
                0xc010986b                _ZN4obos12multitasking22GetCurrentThreadStatusEv
                0xc0109878                _ZN4obos12multitasking22GetCurrentThreadHandleEv
 .text          0xc01098b9       0x44 src/oboskrnl/CMakeFiles/oboskrnl.dir/external/list/list_node.c.obj
                0xc01098b9                list_node_new
 .text          0xc01098fd      0x48d src/oboskrnl/CMakeFiles/oboskrnl.dir/external/list/list.c.obj
                0xc01098fd                list_new
                0xc0109956                list_destroy
                0xc01099c9                list_rpush
                0xc0109a4c                list_rpop
                0xc0109acc                list_lpop
                0xc0109b4a                list_lpush
                0xc0109bc9                list_find
                0xc0109c67                list_at
                0xc0109cfd                list_remove
 .text          0xc0109d8a      0x86c src/oboskrnl/CMakeFiles/oboskrnl.dir/multitasking/multitasking.cpp.obj
                0xc0109d8a                _ZN4obos12multitasking10canRanTaskEPNS0_6ThreadE
                0xc0109db6                _ZN4obos12multitasking12switchToTaskEPNS0_6ThreadE
                0xc0109f13                _ZN4obos12multitasking11findNewTaskEPKNS_15interrupt_frameE
                0xc010a435                _ZN4obos12multitasking22InitializeMultitaskingEv
 .text          0xc010a5f6      0x216 src/oboskrnl/CMakeFiles/oboskrnl.dir/elf/elf.cpp.obj
                0xc010a76e                _ZN4obos9elfLoader11LoadElfFileEPhjRjS2_
 .text          0xc010a80c      0x2d2 src/oboskrnl/CMakeFiles/oboskrnl.dir/multitasking/thread.cpp.obj
                0xc010a80c                _ZN4obos12multitasking6ThreadC2ENS1_10priority_tEPFvPvES3_jj
                0xc010a80c                _ZN4obos12multitasking6ThreadC1ENS1_10priority_tEPFvPvES3_jj
                0xc010a8c6                _ZN4obos12multitasking6Thread12CreateThreadENS1_10priority_tEPFvPvES3_jj
 .text          0xc010aade      0x14b src/oboskrnl/CMakeFiles/oboskrnl.dir/multitasking/mutex/mutex.cpp.obj
                0xc010aade                _ZN4obos12multitasking17MutexLockCallbackEPNS0_6ThreadEPv
                0xc010ab10                _ZN4obos12multitasking5Mutex4LockEb
                0xc010abc6                _ZN4obos12multitasking5Mutex6UnlockEv
                0xc010ac08                _ZN4obos12multitasking5MutexD2Ev
                0xc010ac08                _ZN4obos12multitasking5MutexD1Ev
 *fill*         0xc010ac29        0x1 
 .text          0xc010ac2a      0x262 src/oboskrnl/CMakeFiles/oboskrnl.dir/multitasking/mutex/mutexHandle.cpp.obj
                0xc010ac2a                _ZN4obos12multitasking11MutexHandleC2Ev
                0xc010ac2a                _ZN4obos12multitasking11MutexHandleC1Ev
                0xc010acc2                _ZN4obos12multitasking11MutexHandle9duplicateEv
                0xc010ad36                _ZN4obos12multitasking11MutexHandle11closeHandleEv
                0xc010adc8                _ZN4obos12multitasking11MutexHandle4LockEb
                0xc010ae0a                _ZN4obos12multitasking11MutexHandle6UnlockEv
                0xc010ae36                _ZN4obos12multitasking11MutexHandleD2Ev
                0xc010ae36                _ZN4obos12multitasking11MutexHandleD1Ev
                0xc010ae66                _ZN4obos12multitasking11MutexHandleD0Ev
 .text          0xc010ae8c      0x8db src/oboskrnl/CMakeFiles/oboskrnl.dir/process/process.cpp.obj
                0xc010ae8c                _ZN4obos7process7ProcessC1Ev
                0xc010ae8c                _ZN4obos7process7ProcessC2Ev
                0xc010af12                _ZN4obos7process16DriverEntryPointEPv
                0xc010b046                _ZN4obos7process7Process13CreateProcessEPhjPvb
                0xc010b38c                _ZN4obos7process7Process16TerminateProcessEj
                0xc010b60c                _ZN4obos7process7Process15doContextSwitchEv
                0xc010b626                _ZN4obos7process7Process21UncommitProcessMemoryEv
 .text          0xc010b767       0x6a src/oboskrnl/CMakeFiles/oboskrnl.dir/driver_api/interrupts.cpp.obj
                0xc010b767                _Z10do_nothingv
                0xc010b771                _ZN4obos9driverAPI20ResetSyscallHandlersEv
                0xc010b795                _ZN4obos9driverAPI22RegisterSyscallHandlerEhj
                0xc010b7b2                _ZN4obos9driverAPI24UnregisterSyscallHandlerEh
 .text          0xc010b7d1      0xaf5 src/oboskrnl/CMakeFiles/oboskrnl.dir/driver_api/syscalls.cpp.obj
                0xc010b7d1                _ZN4obos9driverAPI16RegisterSyscallsEv
 .text          0xc010c2c6     0x17d0 src/oboskrnl/CMakeFiles/oboskrnl.dir/syscalls/syscalls.cpp.obj
                0xc010c374                _ZN4obos7process16RegisterSyscallsEv
 .text          0xc010da96    0x1776a src/oboskrnl/CMakeFiles/oboskrnl.dir/external/amalgamated-dist/Zydis.c.obj
                0xc010fb95                ZydisDecodeOperands
                0xc0114a20                ZydisDecoderInit
                0xc0114a9c                ZydisDecoderEnableMode
                0xc0114ad3                ZydisDecoderDecodeFull
                0xc0114bb8                ZydisDecoderDecodeInstruction
                0xc0114cbb                ZydisDecoderDecodeOperands
                0xc0114d4b                ZydisDecoderTreeGetChildNode
                0xc0115196                ZydisGetInstructionEncodingInfo
                0xc011a1eb                ZydisBuildRegisterOperand
                0xc011b6c7                ZydisEncoderEncodeInstruction
                0xc011b71a                ZydisEncoderEncodeInstructionAbsolute
                0xc011bd5f                ZydisEncoderDecodedInstructionToEncoderRequest
                0xc011c2de                ZydisEncoderNopFill
                0xc011c343                ZydisGetRelInfo
                0xc011c3d2                ZydisGetEncodableInstructions
                0xc011ca44                ZydisFormatterBufferInit
                0xc011caaf                ZydisFormatterBufferInitTokenized
                0xc011cb3a                ZydisFormatterInit
                0xc011cb72                ZydisFormatterSetProperty
                0xc011d0b1                ZydisFormatterSetHook
                0xc011d151                ZydisFormatterFormatInstruction
                0xc011d282                ZydisFormatterFormatOperand
                0xc011d46d                ZydisFormatterTokenizeInstruction
                0xc011d5dc                ZydisFormatterTokenizeOperand
                0xc011d805                ZydisFormatterATTFormatInstruction
                0xc011ddc4                ZydisFormatterATTFormatOperandMEM
                0xc011e24e                ZydisFormatterATTPrintMnemonic
                0xc011e58e                ZydisFormatterATTPrintRegister
                0xc011e63a                ZydisFormatterATTPrintAddressABS
                0xc011e6bd                ZydisFormatterATTPrintDISP
                0xc011e979                ZydisFormatterATTPrintIMM
                0xc011e9e2                ZydisFormatterHelperGetExplicitSize
                0xc011eb6e                ZydisFormatterBaseFormatOperandREG
                0xc011eb97                ZydisFormatterBaseFormatOperandPTR
                0xc011eec1                ZydisFormatterBaseFormatOperandIMM
                0xc011ef6f                ZydisFormatterBasePrintAddressABS
                0xc011f187                ZydisFormatterBasePrintAddressREL
                0xc011f508                ZydisFormatterBasePrintIMM
                0xc011f8c5                ZydisFormatterBasePrintSegment
                0xc011fac4                ZydisFormatterBasePrintPrefixes
                0xc0120be8                ZydisFormatterBasePrintDecorator
                0xc0121e39                ZydisFormatterTokenGetValue
                0xc0121e72                ZydisFormatterTokenNext
                0xc0121ec1                ZydisFormatterBufferGetToken
                0xc0121eff                ZydisFormatterBufferGetString
                0xc0121f48                ZydisFormatterBufferAppend
                0xc0122036                ZydisFormatterBufferRemember
                0xc0122077                ZydisFormatterBufferRestore
                0xc0122109                ZydisFormatterIntelFormatInstruction
                0xc01226c1                ZydisFormatterIntelFormatOperandMEM
                0xc0122b5d                ZydisFormatterIntelPrintMnemonic
                0xc0122cf0                ZydisFormatterIntelPrintRegister
                0xc0122db9                ZydisFormatterIntelPrintDISP
                0xc01231a6                ZydisFormatterIntelPrintTypecast
                0xc012359b                ZydisFormatterIntelFormatInstructionMASM
                0xc01235c8                ZydisFormatterIntelPrintAddressMASM
                0xc0123816                ZydisCategoryGetString
                0xc0123832                ZydisISASetGetString
                0xc0123851                ZydisISAExtGetString
                0xc012386d                ZydisMnemonicGetString
                0xc0123893                ZydisMnemonicGetStringWrapped
                0xc01238b7                ZydisRegisterEncode
                0xc012392c                ZydisRegisterGetId
                0xc0123955                ZydisRegisterGetClass
                0xc012397d                ZydisRegisterGetWidth
                0xc01239c2                ZydisRegisterGetLargestEnclosing
                0xc0123aae                ZydisRegisterGetString
                0xc0123ad4                ZydisRegisterGetStringWrapped
                0xc0123af8                ZydisRegisterClassGetWidth
                0xc0123b3a                ZydisGetInstructionSegments
                0xc0124057                ZydisGetInstructionDefinition
                0xc012410c                ZydisGetOperandDefinitions
                0xc012415b                ZydisGetElementInfo
                0xc0124181                ZydisGetAccessedFlags
                0xc01241d5                ZydisStringAppendDecU32
                0xc012432f                ZydisStringAppendDecU64
                0xc01244fc                ZydisStringAppendHexU32
                0xc012471a                ZydisStringAppendHexU64
                0xc01249b5                ZydisStringAppendDecU
                0xc0124a95                ZydisStringAppendHexU
                0xc0124b98                ZydisCalcAbsoluteAddress
                0xc0124dea                ZydisCalcAbsoluteAddressEx
                0xc0124f7f                ZydisGetVersion
                0xc0124f8e                ZydisIsFeatureEnabled
                0xc012519a                ZydisDisassembleIntel
                0xc01251cd                ZydisDisassembleATT
 .text          0xc0125200      0x219 src/oboskrnl/CMakeFiles/oboskrnl.dir/descriptors/gdt/gdt.cpp.obj
                0xc0125200                _ZN4obos8GdtEntryC2Ejjhh
                0xc0125200                _ZN4obos8GdtEntryC1Ejjhh
                0xc0125279                _ZN4obos13InitializeGdtEv
                0xc012540b                _ZN4obos11SetTSSStackEPv
 *fill*         0xc0125419        0x7 
 .text          0xc0125420      0x12a /home/omar/opt/cross/lib/gcc/i686-elf/11.4.0/libgcc.a(_udivdi3.o)
                0xc0125420                __udivdi3
 *fill*         0xc012554a        0x6 
 .text          0xc0125550      0x150 /home/omar/opt/cross/lib/gcc/i686-elf/11.4.0/libgcc.a(_umoddi3.o)
                0xc0125550                __umoddi3
                0xc01256a0                        _glb_text_start = .
 *(.glb.text)
 .glb.text      0xc01256a0       0x1e src/oboskrnl/CMakeFiles/oboskrnl.dir/process/process.cpp.obj
                0xc01256a0                _ZN4obos7process14ProcEntryPointEPv
                0xc01256be                        _glb_text_end = .

.iplt           0xc01256be        0x0 load address 0x001256be
 .iplt          0xc01256be        0x0 src/oboskrnl/CMakeFiles/oboskrnl.dir/boot/i686/kernel_bootstrap.asm.obj

.gnu.linkonce.t._ZN4obos6Handle7getTypeEv
                0xc01256be        0xa load address 0x001256be
 .gnu.linkonce.t._ZN4obos6Handle7getTypeEv
                0xc01256be        0xa src/oboskrnl/CMakeFiles/oboskrnl.dir/boot/kmain.cpp.obj
                0xc01256be                _ZN4obos6Handle7getTypeEv

.gnu.linkonce.t._ZN4obos6HandleD2Ev
                0xc01256c8       0x10 load address 0x001256c8
 .gnu.linkonce.t._ZN4obos6HandleD2Ev
                0xc01256c8       0x10 src/oboskrnl/CMakeFiles/oboskrnl.dir/boot/kmain.cpp.obj
                0xc01256c8                _ZN4obos6HandleD2Ev

.gnu.linkonce.t._ZN4obos12multitasking12ThreadHandleD1Ev
                0xc01256d8       0x30 load address 0x001256d8
 .gnu.linkonce.t._ZN4obos12multitasking12ThreadHandleD1Ev
                0xc01256d8       0x30 src/oboskrnl/CMakeFiles/oboskrnl.dir/boot/kmain.cpp.obj
                0xc01256d8                _ZN4obos12multitasking12ThreadHandleD1Ev

.gnu.linkonce.t._ZN4obos6Handle13getReferencesEv
                0xc0125708        0xe load address 0x00125708
 .gnu.linkonce.t._ZN4obos6Handle13getReferencesEv
                0xc0125708        0xe src/oboskrnl/CMakeFiles/oboskrnl.dir/multitasking/threadHandle.cpp.obj
                0xc0125708                _ZN4obos6Handle13getReferencesEv

.gnu.linkonce.t._ZN4obos12multitasking6ThreadD1Ev
                0xc0125716       0x41 load address 0x00125716
 .gnu.linkonce.t._ZN4obos12multitasking6ThreadD1Ev
                0xc0125716       0x41 src/oboskrnl/CMakeFiles/oboskrnl.dir/multitasking/threadHandle.cpp.obj
                0xc0125716                _ZN4obos12multitasking6ThreadD1Ev

.gnu.linkonce.t._ZN4obos12multitasking6ThreadD0Ev
                0xc0125758       0x26 load address 0x00125758
 .gnu.linkonce.t._ZN4obos12multitasking6ThreadD0Ev
                0xc0125758       0x26 src/oboskrnl/CMakeFiles/oboskrnl.dir/multitasking/threadHandle.cpp.obj
                0xc0125758                _ZN4obos12multitasking6ThreadD0Ev

.gnu.linkonce.t._ZN4obos12multitasking12ThreadHandle7getTypeEv
                0xc012577e        0xa load address 0x0012577e
 .gnu.linkonce.t._ZN4obos12multitasking12ThreadHandle7getTypeEv
                0xc012577e        0xa src/oboskrnl/CMakeFiles/oboskrnl.dir/multitasking/threadHandle.cpp.obj
                0xc012577e                _ZN4obos12multitasking12ThreadHandle7getTypeEv

.gnu.linkonce.t._ZN4obos12multitasking12ThreadHandleD0Ev
                0xc0125788       0x26 load address 0x00125788
 .gnu.linkonce.t._ZN4obos12multitasking12ThreadHandleD0Ev
                0xc0125788       0x26 src/oboskrnl/CMakeFiles/oboskrnl.dir/multitasking/threadHandle.cpp.obj
                0xc0125788                _ZN4obos12multitasking12ThreadHandleD0Ev

.gnu.linkonce.t._ZN4obos6HandleC2Ev
                0xc01257ae       0x2e load address 0x001257ae
 .gnu.linkonce.t._ZN4obos6HandleC2Ev
                0xc01257ae       0x2e src/oboskrnl/CMakeFiles/oboskrnl.dir/multitasking/threadHandle.cpp.obj
                0xc01257ae                _ZN4obos6HandleC2Ev

.gnu.linkonce.t._ZN4obos12multitasking6ThreadC1Ev
                0xc01257dc       0x99 load address 0x001257dc
 .gnu.linkonce.t._ZN4obos12multitasking6ThreadC1Ev
                0xc01257dc       0x99 src/oboskrnl/CMakeFiles/oboskrnl.dir/multitasking/threadHandle.cpp.obj
                0xc01257dc                _ZN4obos12multitasking6ThreadC1Ev

.gnu.linkonce.t._ZN4obos12multitasking11MutexHandle7getTypeEv
                0xc0125876        0xa load address 0x00125876
 .gnu.linkonce.t._ZN4obos12multitasking11MutexHandle7getTypeEv
                0xc0125876        0xa src/oboskrnl/CMakeFiles/oboskrnl.dir/multitasking/mutex/mutexHandle.cpp.obj
                0xc0125876                _ZN4obos12multitasking11MutexHandle7getTypeEv

.gnu.linkonce.t._ZN4obos12multitasking5MutexC1Ev
                0xc0125880       0x1d load address 0x00125880
 .gnu.linkonce.t._ZN4obos12multitasking5MutexC1Ev
                0xc0125880       0x1d src/oboskrnl/CMakeFiles/oboskrnl.dir/multitasking/mutex/mutexHandle.cpp.obj
                0xc0125880                _ZN4obos12multitasking5MutexC1Ev

.gnu.linkonce.t._ZN4obos6memory13PageDirectory16getPageDirectoryEv
                0xc012589e        0xa load address 0x0012589e
 .gnu.linkonce.t._ZN4obos6memory13PageDirectory16getPageDirectoryEv
                0xc012589e        0xa src/oboskrnl/CMakeFiles/oboskrnl.dir/process/process.cpp.obj
                0xc012589e                _ZN4obos6memory13PageDirectory16getPageDirectoryEv

.gnu.linkonce.t._ZN4obos6memory7PageMap21computeIndexAtAddressEjh
                0xc01258a8       0x29 load address 0x001258a8
 .gnu.linkonce.t._ZN4obos6memory7PageMap21computeIndexAtAddressEjh
                0xc01258a8       0x29 src/oboskrnl/CMakeFiles/oboskrnl.dir/process/process.cpp.obj
                0xc01258a8                _ZN4obos6memory7PageMap21computeIndexAtAddressEjh

.rodata         0xc0126000    0x6a9a0 load address 0x00126000
 *(.rodata)
 .rodata        0xc0126000      0x625 src/oboskrnl/CMakeFiles/oboskrnl.dir/boot/kmain.cpp.obj
 *fill*         0xc0126625        0x3 
 .rodata        0xc0126628       0x44 src/oboskrnl/CMakeFiles/oboskrnl.dir/console.cpp.obj
 .rodata        0xc012666c      0x1c8 src/oboskrnl/CMakeFiles/oboskrnl.dir/klog.cpp.obj
 .rodata        0xc0126834      0x400 src/oboskrnl/CMakeFiles/oboskrnl.dir/inline-asm.cpp.obj
 .rodata        0xc0126c34       0x9f src/oboskrnl/CMakeFiles/oboskrnl.dir/multitasking/threadHandle.cpp.obj
 *fill*         0xc0126cd3        0x1 
 .rodata        0xc0126cd4       0x9f src/oboskrnl/CMakeFiles/oboskrnl.dir/multitasking/multitasking.cpp.obj
 *fill*         0xc0126d73        0x1 
 .rodata        0xc0126d74       0x50 src/oboskrnl/CMakeFiles/oboskrnl.dir/elf/elf.cpp.obj
 .rodata        0xc0126dc4       0x9f src/oboskrnl/CMakeFiles/oboskrnl.dir/multitasking/thread.cpp.obj
 *fill*         0xc0126e63        0x1 
 .rodata        0xc0126e64       0xfb src/oboskrnl/CMakeFiles/oboskrnl.dir/process/process.cpp.obj
 *fill*         0xc0126f5f        0x1 
 .rodata        0xc0126f60       0x34 src/oboskrnl/CMakeFiles/oboskrnl.dir/driver_api/syscalls.cpp.obj
 *fill*         0xc0126f94        0xc 
 .rodata        0xc0126fa0    0x69a00 src/oboskrnl/CMakeFiles/oboskrnl.dir/external/amalgamated-dist/Zydis.c.obj
                0xc0127440                FILTERS_XOP
                0xc0127480                FILTERS_VEX
                0xc0127500                FILTERS_EMVEX
                0xc01275a0                FILTERS_OPCODE
                0xc012ffa0                FILTERS_MODE
                0xc012ffc0                FILTERS_MODE_COMPACT
                0xc01306a4                FILTERS_PREFIX_GROUP1
                0xc01306bc                FILTERS_MODRM_MOD
                0xc01306e0                FILTERS_MODRM_MOD_COMPACT
                0xc0133240                FILTERS_MODRM_REG
                0xc0133da0                FILTERS_MODRM_RM
                0xc0134440                FILTERS_MANDATORY_PREFIX
                0xc0135dc0                FILTERS_OPERAND_SIZE
                0xc0135f40                FILTERS_ADDRESS_SIZE
                0xc0136160                FILTERS_VECTOR_LENGTH
                0xc0139860                FILTERS_REX_W
                0xc013c064                FILTERS_REX_B
                0xc013c080                FILTERS_EVEX_B
                0xc013dae0                FILTERS_MVEX_E
                0xc013ddc0                FILTERS_MODE_AMD
                0xc013de40                FILTERS_MODE_KNC
                0xc013de6c                FILTERS_MODE_MPX
                0xc013de78                FILTERS_MODE_CET
                0xc013de98                FILTERS_MODE_LZCNT
                0xc013dea4                FILTERS_MODE_TZCNT
                0xc013deb0                FILTERS_MODE_WBNOINVD
                0xc013deb8                FILTERS_MODE_CLDEMOTE
                0xc013dec0                FILTERS_MODE_CENTAUR
                0xc013dec6                zydis_decoder_tree_root
                0xc013e200                encoder_instruction_lookup
                0xc013fd80                encoder_instructions
                0xc015a040                ISTR_DEFINITIONS_LEGACY
                0xc0160a20                ISTR_DEFINITIONS_3DNOW
                0xc0160c60                ISTR_DEFINITIONS_XOP
                0xc0161560                ISTR_DEFINITIONS_VEX
                0xc0166d20                ISTR_DEFINITIONS_EVEX
                0xc01750e0                ISTR_DEFINITIONS_MVEX
                0xc01768c0                OPERAND_DEFINITIONS
                0xc01909a0                        _ZN4obos6memory9__erodataE = .

.gnu.linkonce.r._ZTVN4obos6HandleE
                0xc01909a0       0x1c load address 0x001909a0
 .gnu.linkonce.r._ZTVN4obos6HandleE
                0xc01909a0       0x1c src/oboskrnl/CMakeFiles/oboskrnl.dir/boot/kmain.cpp.obj
                0xc01909a0                _ZTVN4obos6HandleE

.gnu.linkonce.r._ZTVN4obos5utils8BitfieldE
                0xc01909bc       0x30 load address 0x001909bc
 .gnu.linkonce.r._ZTVN4obos5utils8BitfieldE
                0xc01909bc       0x30 src/oboskrnl/CMakeFiles/oboskrnl.dir/utils/bitfields.cpp.obj
                0xc01909bc                _ZTVN4obos5utils8BitfieldE

.gnu.linkonce.r._ZTVN4obos5utils12BitfieldBaseE
                0xc01909ec       0x20 load address 0x001909ec
 .gnu.linkonce.r._ZTVN4obos5utils12BitfieldBaseE
                0xc01909ec       0x20 src/oboskrnl/CMakeFiles/oboskrnl.dir/utils/bitfields.cpp.obj
                0xc01909ec                _ZTVN4obos5utils12BitfieldBaseE

.gnu.linkonce.r._ZTVN4obos5utils15IntegerBitfieldE
                0xc0190a0c       0x30 load address 0x00190a0c
 .gnu.linkonce.r._ZTVN4obos5utils15IntegerBitfieldE
                0xc0190a0c       0x30 src/oboskrnl/CMakeFiles/oboskrnl.dir/utils/bitfields.cpp.obj
                0xc0190a0c                _ZTVN4obos5utils15IntegerBitfieldE

.gnu.linkonce.r._ZTVN4obos12multitasking12ThreadHandleE
                0xc0190a3c       0x1c load address 0x00190a3c
 .gnu.linkonce.r._ZTVN4obos12multitasking12ThreadHandleE
                0xc0190a3c       0x1c src/oboskrnl/CMakeFiles/oboskrnl.dir/multitasking/threadHandle.cpp.obj
                0xc0190a3c                _ZTVN4obos12multitasking12ThreadHandleE

.gnu.linkonce.r._ZTVN4obos12multitasking6ThreadE
                0xc0190a58       0x10 load address 0x00190a58
 .gnu.linkonce.r._ZTVN4obos12multitasking6ThreadE
                0xc0190a58       0x10 src/oboskrnl/CMakeFiles/oboskrnl.dir/multitasking/threadHandle.cpp.obj
                0xc0190a58                _ZTVN4obos12multitasking6ThreadE

.gnu.linkonce.r._ZTVN4obos12multitasking11MutexHandleE
                0xc0190a68       0x1c load address 0x00190a68
 .gnu.linkonce.r._ZTVN4obos12multitasking11MutexHandleE
                0xc0190a68       0x1c src/oboskrnl/CMakeFiles/oboskrnl.dir/multitasking/mutex/mutexHandle.cpp.obj
                0xc0190a68                _ZTVN4obos12multitasking11MutexHandleE

.eh_frame       0xc0190a84       0xc0 load address 0x00190a84
 .eh_frame      0xc0190a84       0x64 /home/omar/opt/cross/lib/gcc/i686-elf/11.4.0/libgcc.a(_udivdi3.o)
 .eh_frame      0xc0190ae8       0x5c /home/omar/opt/cross/lib/gcc/i686-elf/11.4.0/libgcc.a(_umoddi3.o)
                                 0x74 (size before relaxing)

.rel.dyn        0xc0190b44        0x0 load address 0x00190b44
 .rel.got       0xc0190b44        0x0 src/oboskrnl/CMakeFiles/oboskrnl.dir/boot/i686/kernel_bootstrap.asm.obj
 .rel.iplt      0xc0190b44        0x0 src/oboskrnl/CMakeFiles/oboskrnl.dir/boot/i686/kernel_bootstrap.asm.obj
 .rel.text      0xc0190b44        0x0 src/oboskrnl/CMakeFiles/oboskrnl.dir/boot/i686/kernel_bootstrap.asm.obj
 .rel.gnu.linkonce.t._ZN4obos6HandleD2Ev
                0xc0190b44        0x0 src/oboskrnl/CMakeFiles/oboskrnl.dir/boot/i686/kernel_bootstrap.asm.obj
 .rel.gnu.linkonce.t._ZN4obos12multitasking12ThreadHandleD1Ev
                0xc0190b44        0x0 src/oboskrnl/CMakeFiles/oboskrnl.dir/boot/i686/kernel_bootstrap.asm.obj
 .rel.gnu.linkonce.r._ZTVN4obos6HandleE
                0xc0190b44        0x0 src/oboskrnl/CMakeFiles/oboskrnl.dir/boot/i686/kernel_bootstrap.asm.obj
 .rel.gnu.linkonce.t._ZN4obos12multitasking6ThreadD1Ev
                0xc0190b44        0x0 src/oboskrnl/CMakeFiles/oboskrnl.dir/boot/i686/kernel_bootstrap.asm.obj
 .rel.gnu.linkonce.t._ZN4obos12multitasking6ThreadD0Ev
                0xc0190b44        0x0 src/oboskrnl/CMakeFiles/oboskrnl.dir/boot/i686/kernel_bootstrap.asm.obj
 .rel.gnu.linkonce.t._ZN4obos12multitasking12ThreadHandleD0Ev
                0xc0190b44        0x0 src/oboskrnl/CMakeFiles/oboskrnl.dir/boot/i686/kernel_bootstrap.asm.obj
 .rel.gnu.linkonce.t._ZN4obos6HandleC2Ev
                0xc0190b44        0x0 src/oboskrnl/CMakeFiles/oboskrnl.dir/boot/i686/kernel_bootstrap.asm.obj
 .rel.gnu.linkonce.t._ZN4obos12multitasking6ThreadC1Ev
                0xc0190b44        0x0 src/oboskrnl/CMakeFiles/oboskrnl.dir/boot/i686/kernel_bootstrap.asm.obj
 .rel.gnu.linkonce.r._ZTVN4obos12multitasking12ThreadHandleE
                0xc0190b44        0x0 src/oboskrnl/CMakeFiles/oboskrnl.dir/boot/i686/kernel_bootstrap.asm.obj
 .rel.gnu.linkonce.r._ZTVN4obos12multitasking6ThreadE
                0xc0190b44        0x0 src/oboskrnl/CMakeFiles/oboskrnl.dir/boot/i686/kernel_bootstrap.asm.obj
 .rel.gnu.linkonce.r._ZTVN4obos12multitasking11MutexHandleE
                0xc0190b44        0x0 src/oboskrnl/CMakeFiles/oboskrnl.dir/boot/i686/kernel_bootstrap.asm.obj

.data           0xc0191000      0xa60 load address 0x00191000
 *(.data)
 .data          0xc0191000      0x400 src/oboskrnl/CMakeFiles/oboskrnl.dir/descriptors/idt/i686/handlers.asm.obj
                0xc0191000                _ZN4obos19g_interruptHandlersE
 .data          0xc0191400        0x8 src/oboskrnl/CMakeFiles/oboskrnl.dir/multitasking/multitasking-i686.asm.obj
 .data          0xc0191408       0x10 src/oboskrnl/CMakeFiles/oboskrnl.dir/syscalls/interrupts.asm.obj
 .data          0xc0191418        0x4 src/oboskrnl/CMakeFiles/oboskrnl.dir/boot/kmain.cpp.obj
                0xc0191418                __dso_handle
 .data          0xc019141c        0x0 src/oboskrnl/CMakeFiles/oboskrnl.dir/console.cpp.obj
 .data          0xc019141c        0x4 src/oboskrnl/CMakeFiles/oboskrnl.dir/klog.cpp.obj
 .data          0xc0191420        0x0 src/oboskrnl/CMakeFiles/oboskrnl.dir/inline-asm.cpp.obj
 .data          0xc0191420        0x0 src/oboskrnl/CMakeFiles/oboskrnl.dir/utils/bitfields.cpp.obj
 .data          0xc0191420        0x0 src/oboskrnl/CMakeFiles/oboskrnl.dir/descriptors/idt/pic.cpp.obj
 .data          0xc0191420        0x0 src/oboskrnl/CMakeFiles/oboskrnl.dir/external/list/list_iterator.c.obj
 .data          0xc0191420        0x0 src/oboskrnl/CMakeFiles/oboskrnl.dir/utils/memory.cpp.obj
 .data          0xc0191420        0x4 src/oboskrnl/CMakeFiles/oboskrnl.dir/memory_manager/paging/liballoc_hooks.cpp.obj
                0xc0191420                liballoc_base
 .data          0xc0191424        0x8 src/oboskrnl/CMakeFiles/oboskrnl.dir/memory_manager/liballoc/liballoc.c.obj
 .data          0xc019142c        0x0 src/oboskrnl/CMakeFiles/oboskrnl.dir/multitasking/threadHandle.cpp.obj
 .data          0xc019142c        0x0 src/oboskrnl/CMakeFiles/oboskrnl.dir/external/list/list_node.c.obj
 .data          0xc019142c        0x0 src/oboskrnl/CMakeFiles/oboskrnl.dir/external/list/list.c.obj
 .data          0xc019142c        0x0 src/oboskrnl/CMakeFiles/oboskrnl.dir/multitasking/multitasking.cpp.obj
 .data          0xc019142c        0x0 src/oboskrnl/CMakeFiles/oboskrnl.dir/elf/elf.cpp.obj
 .data          0xc019142c        0x4 src/oboskrnl/CMakeFiles/oboskrnl.dir/multitasking/thread.cpp.obj
                0xc019142c                _ZN4obos12multitasking15g_nextThreadTidE
 .data          0xc0191430        0x0 src/oboskrnl/CMakeFiles/oboskrnl.dir/multitasking/mutex/mutex.cpp.obj
 .data          0xc0191430        0x0 src/oboskrnl/CMakeFiles/oboskrnl.dir/multitasking/mutex/mutexHandle.cpp.obj
 .data          0xc0191430        0x0 src/oboskrnl/CMakeFiles/oboskrnl.dir/process/process.cpp.obj
 .data          0xc0191430        0x0 src/oboskrnl/CMakeFiles/oboskrnl.dir/driver_api/interrupts.cpp.obj
 .data          0xc0191430        0x4 src/oboskrnl/CMakeFiles/oboskrnl.dir/driver_api/syscalls.cpp.obj
                0xc0191430                _ZN4obos9driverAPI27g_registeredDriversCapacityE
 .data          0xc0191434        0x0 src/oboskrnl/CMakeFiles/oboskrnl.dir/syscalls/syscalls.cpp.obj
 *fill*         0xc0191434        0xc 
 .data          0xc0191440      0x620 src/oboskrnl/CMakeFiles/oboskrnl.dir/external/amalgamated-dist/Zydis.c.obj
 .data          0xc0191a60        0x0 src/oboskrnl/CMakeFiles/oboskrnl.dir/descriptors/gdt/gdt.cpp.obj
 .data          0xc0191a60        0x0 /home/omar/opt/cross/lib/gcc/i686-elf/11.4.0/libgcc.a(_udivdi3.o)
 .data          0xc0191a60        0x0 /home/omar/opt/cross/lib/gcc/i686-elf/11.4.0/libgcc.a(_umoddi3.o)

.got            0xc0191a60        0x0 load address 0x00191a60
 .got           0xc0191a60        0x0 src/oboskrnl/CMakeFiles/oboskrnl.dir/boot/i686/kernel_bootstrap.asm.obj

.got.plt        0xc0191a60        0x0 load address 0x00191a60
 .got.plt       0xc0191a60        0x0 src/oboskrnl/CMakeFiles/oboskrnl.dir/boot/i686/kernel_bootstrap.asm.obj

.igot.plt       0xc0191a60        0x0 load address 0x00191a60
 .igot.plt      0xc0191a60        0x0 src/oboskrnl/CMakeFiles/oboskrnl.dir/boot/i686/kernel_bootstrap.asm.obj

.ctors          0xc0191a60        0x8 load address 0x00191a60
 .ctors         0xc0191a60        0x4 src/oboskrnl/CMakeFiles/oboskrnl.dir/boot/kmain.cpp.obj
 .ctors         0xc0191a64        0x4 src/oboskrnl/CMakeFiles/oboskrnl.dir/console.cpp.obj

.bss            0xc0192000     0x9a50 load address 0x00192000
 *(COMMON)
 *(.bss)
 .bss           0xc0192000      0xc24 src/oboskrnl/CMakeFiles/oboskrnl.dir/boot/kmain.cpp.obj
                0xc0192000                _ZN4obos15g_multibootInfoE
                0xc0192004                _ZN4obos15g_pageDirectoryE
                0xc019200c                _ZN4obos15g_kernelProcessE
                0xc0192020                __atexitFuncs
                0xc0192c20                __atexitFuncCount
 .bss           0xc0192c24       0x45 src/oboskrnl/CMakeFiles/oboskrnl.dir/console.cpp.obj
                0xc0192c24                _ZN4obos17s_foregroundColorE
                0xc0192c28                _ZN4obos17s_backgroundColorE
                0xc0192c2c                _ZN4obos16s_terminalColumnE
                0xc0192c30                _ZN4obos13s_terminalRowE
                0xc0192c34                _ZN4obos20s_reachedEndTerminalE
                0xc0192c38                _ZN4obos13s_framebufferE
                0xc0192c3c                _ZN4obos12s_backbufferE
                0xc0192c40                _ZN4obos18s_framebufferWidthE
                0xc0192c44                _ZN4obos19s_framebufferHeightE
                0xc0192c48                _ZN4obos16s_nCharsVerticalE
                0xc0192c4c                _ZN4obos18s_nCharsHorizontalE
                0xc0192c50                _ZN4obos4fontE
 .bss           0xc0192c69        0x0 src/oboskrnl/CMakeFiles/oboskrnl.dir/klog.cpp.obj
 *fill*         0xc0192c69        0x3 
 .bss           0xc0192c6c        0x8 src/oboskrnl/CMakeFiles/oboskrnl.dir/inline-asm.cpp.obj
                0xc0192c6c                inKernelSection
                0xc0192c70                _ZN4obos11countCalledE
 .bss           0xc0192c74        0x0 src/oboskrnl/CMakeFiles/oboskrnl.dir/utils/bitfields.cpp.obj
 .bss           0xc0192c74        0x0 src/oboskrnl/CMakeFiles/oboskrnl.dir/descriptors/idt/pic.cpp.obj
 .bss           0xc0192c74        0x0 src/oboskrnl/CMakeFiles/oboskrnl.dir/external/list/list_iterator.c.obj
 .bss           0xc0192c74        0x0 src/oboskrnl/CMakeFiles/oboskrnl.dir/utils/memory.cpp.obj
 .bss           0xc0192c74        0x4 src/oboskrnl/CMakeFiles/oboskrnl.dir/memory_manager/paging/liballoc_hooks.cpp.obj
                0xc0192c74                _ZN4obos25g_nLiballocPagesAllocatedE
 .bss           0xc0192c78       0x30 src/oboskrnl/CMakeFiles/oboskrnl.dir/memory_manager/liballoc/liballoc.c.obj
 .bss           0xc0192ca8        0x0 src/oboskrnl/CMakeFiles/oboskrnl.dir/multitasking/threadHandle.cpp.obj
 .bss           0xc0192ca8        0x0 src/oboskrnl/CMakeFiles/oboskrnl.dir/external/list/list_node.c.obj
 .bss           0xc0192ca8        0x0 src/oboskrnl/CMakeFiles/oboskrnl.dir/external/list/list.c.obj
 .bss           0xc0192ca8       0x31 src/oboskrnl/CMakeFiles/oboskrnl.dir/multitasking/multitasking.cpp.obj
                0xc0192ca8                _ZN4obos12multitasking9g_threadsE
                0xc0192cac                _ZN4obos12multitasking20g_threadPriorityListE
                0xc0192cbc                _ZN4obos12multitasking15g_currentThreadE
                0xc0192cc0                _ZN4obos12multitasking13g_initializedE
                0xc0192cc4                _ZN4obos12multitasking16g_schedulerMutexE
 .bss           0xc0192cd9        0x0 src/oboskrnl/CMakeFiles/oboskrnl.dir/elf/elf.cpp.obj
 .bss           0xc0192cd9        0x0 src/oboskrnl/CMakeFiles/oboskrnl.dir/multitasking/thread.cpp.obj
 .bss           0xc0192cd9        0x0 src/oboskrnl/CMakeFiles/oboskrnl.dir/multitasking/mutex/mutex.cpp.obj
 .bss           0xc0192cd9        0x0 src/oboskrnl/CMakeFiles/oboskrnl.dir/multitasking/mutex/mutexHandle.cpp.obj
 *fill*         0xc0192cd9        0x3 
 .bss           0xc0192cdc       0x10 src/oboskrnl/CMakeFiles/oboskrnl.dir/process/process.cpp.obj
                0xc0192cdc                _ZN4obos7process15g_nextProcessIdE
                0xc0192ce0                _ZN4obos7process13g_processListE
                0xc0192ce4                _ZN4obos7process18ProcEntryPointBaseE
 *fill*         0xc0192cec       0x14 
 .bss           0xc0192d00      0x400 src/oboskrnl/CMakeFiles/oboskrnl.dir/driver_api/interrupts.cpp.obj
                0xc0192d00                _ZN4obos9driverAPI14g_syscallTableE
 .bss           0xc0193100       0xa0 src/oboskrnl/CMakeFiles/oboskrnl.dir/driver_api/syscalls.cpp.obj
                0xc0193100                _ZN4obos9driverAPI19g_registeredDriversE
 .bss           0xc01931a0      0x800 src/oboskrnl/CMakeFiles/oboskrnl.dir/syscalls/syscalls.cpp.obj
                0xc01931a0                _ZN4obos7process14g_syscallTableE
 .bss           0xc01939a0        0x0 src/oboskrnl/CMakeFiles/oboskrnl.dir/external/amalgamated-dist/Zydis.c.obj
 .bss           0xc01939a0       0xb0 src/oboskrnl/CMakeFiles/oboskrnl.dir/descriptors/gdt/gdt.cpp.obj
                0xc01939a0                _ZN4obos10g_tssEntryE
 .bss           0xc0193a50        0x0 /home/omar/opt/cross/lib/gcc/i686-elf/11.4.0/libgcc.a(_udivdi3.o)
 .bss           0xc0193a50        0x0 /home/omar/opt/cross/lib/gcc/i686-elf/11.4.0/libgcc.a(_umoddi3.o)
 *(.bootstrap_stack)
 .bootstrap_stack
                0xc0193a50     0x8000 src/oboskrnl/CMakeFiles/oboskrnl.dir/boot/i686/kernel_bootstrap.asm.obj
                0xc0193a50                _ZN4obos12stack_bottomE
                0xc0197a50                _ZN4obos9stack_topE
                0xc0197a50                _ZN4obos15thrstack_bottomE
                0xc019ba50                _ZN4obos12thrstack_topE
                0xc019ba50                        _kernel_end = .
                0x00400000                        _ZN4obos6memory8endImageE = 0x400000
                0xc0000000                        _ZN4obos11kernelStartE = 0xc0000000
                0xe0000000                        _ZN4obos6memory9endKernelE = 0xe0000000
OUTPUT(/mnt/c/Code/obos/out/oboskrnl elf32-i386)

.debug_frame    0x00000000     0x5f3c
 .debug_frame   0x00000000      0x26c src/oboskrnl/CMakeFiles/oboskrnl.dir/boot/kmain.cpp.obj
 .debug_frame   0x0000026c      0x3b8 src/oboskrnl/CMakeFiles/oboskrnl.dir/console.cpp.obj
 .debug_frame   0x00000624      0x440 src/oboskrnl/CMakeFiles/oboskrnl.dir/klog.cpp.obj
 .debug_frame   0x00000a64      0x250 src/oboskrnl/CMakeFiles/oboskrnl.dir/inline-asm.cpp.obj
 .debug_frame   0x00000cb4      0x3ac src/oboskrnl/CMakeFiles/oboskrnl.dir/utils/bitfields.cpp.obj
 .debug_frame   0x00001060      0x300 src/oboskrnl/CMakeFiles/oboskrnl.dir/descriptors/idt/pic.cpp.obj
 .debug_frame   0x00001360       0xc4 src/oboskrnl/CMakeFiles/oboskrnl.dir/external/list/list_iterator.c.obj
 .debug_frame   0x00001424       0xf8 src/oboskrnl/CMakeFiles/oboskrnl.dir/utils/memory.cpp.obj
 .debug_frame   0x0000151c      0x27c src/oboskrnl/CMakeFiles/oboskrnl.dir/memory_manager/paging/liballoc_hooks.cpp.obj
 .debug_frame   0x00001798      0x160 src/oboskrnl/CMakeFiles/oboskrnl.dir/memory_manager/liballoc/liballoc.c.obj
 .debug_frame   0x000018f8      0x754 src/oboskrnl/CMakeFiles/oboskrnl.dir/multitasking/threadHandle.cpp.obj
 .debug_frame   0x0000204c       0x40 src/oboskrnl/CMakeFiles/oboskrnl.dir/external/list/list_node.c.obj
 .debug_frame   0x0000208c      0x1a0 src/oboskrnl/CMakeFiles/oboskrnl.dir/external/list/list.c.obj
 .debug_frame   0x0000222c      0x164 src/oboskrnl/CMakeFiles/oboskrnl.dir/multitasking/multitasking.cpp.obj
 .debug_frame   0x00002390       0x6c src/oboskrnl/CMakeFiles/oboskrnl.dir/elf/elf.cpp.obj
 .debug_frame   0x000023fc       0xc4 src/oboskrnl/CMakeFiles/oboskrnl.dir/multitasking/thread.cpp.obj
 .debug_frame   0x000024c0       0xc4 src/oboskrnl/CMakeFiles/oboskrnl.dir/multitasking/mutex/mutex.cpp.obj
 .debug_frame   0x00002584      0x260 src/oboskrnl/CMakeFiles/oboskrnl.dir/multitasking/mutex/mutexHandle.cpp.obj
 .debug_frame   0x000027e4      0x424 src/oboskrnl/CMakeFiles/oboskrnl.dir/process/process.cpp.obj
 .debug_frame   0x00002c08       0xc4 src/oboskrnl/CMakeFiles/oboskrnl.dir/driver_api/interrupts.cpp.obj
 .debug_frame   0x00002ccc      0x2e4 src/oboskrnl/CMakeFiles/oboskrnl.dir/driver_api/syscalls.cpp.obj
 .debug_frame   0x00002fb0      0x798 src/oboskrnl/CMakeFiles/oboskrnl.dir/syscalls/syscalls.cpp.obj
 .debug_frame   0x00003748     0x275c src/oboskrnl/CMakeFiles/oboskrnl.dir/external/amalgamated-dist/Zydis.c.obj
 .debug_frame   0x00005ea4       0x98 src/oboskrnl/CMakeFiles/oboskrnl.dir/descriptors/gdt/gdt.cpp.obj

.debug_info     0x00000000    0x5bb25
 .debug_info    0x00000000     0x3687 src/oboskrnl/CMakeFiles/oboskrnl.dir/boot/kmain.cpp.obj
 .debug_info    0x00003687     0x26f0 src/oboskrnl/CMakeFiles/oboskrnl.dir/console.cpp.obj
 .debug_info    0x00005d77    0x15e35 src/oboskrnl/CMakeFiles/oboskrnl.dir/klog.cpp.obj
 .debug_info    0x0001bbac     0x1857 src/oboskrnl/CMakeFiles/oboskrnl.dir/inline-asm.cpp.obj
 .debug_info    0x0001d403      0xe15 src/oboskrnl/CMakeFiles/oboskrnl.dir/utils/bitfields.cpp.obj
 .debug_info    0x0001e218      0xc96 src/oboskrnl/CMakeFiles/oboskrnl.dir/descriptors/idt/pic.cpp.obj
 .debug_info    0x0001eeae      0x3ca src/oboskrnl/CMakeFiles/oboskrnl.dir/external/list/list_iterator.c.obj
 .debug_info    0x0001f278      0x54e src/oboskrnl/CMakeFiles/oboskrnl.dir/utils/memory.cpp.obj
 .debug_info    0x0001f7c6      0x6d7 src/oboskrnl/CMakeFiles/oboskrnl.dir/memory_manager/paging/liballoc_hooks.cpp.obj
 .debug_info    0x0001fe9d      0x776 src/oboskrnl/CMakeFiles/oboskrnl.dir/memory_manager/liballoc/liballoc.c.obj
 .debug_info    0x00020613     0x2a17 src/oboskrnl/CMakeFiles/oboskrnl.dir/multitasking/threadHandle.cpp.obj
 .debug_info    0x0002302a      0x1bd src/oboskrnl/CMakeFiles/oboskrnl.dir/external/list/list_node.c.obj
 .debug_info    0x000231e7      0x5ac src/oboskrnl/CMakeFiles/oboskrnl.dir/external/list/list.c.obj
 .debug_info    0x00023793     0x1e4f src/oboskrnl/CMakeFiles/oboskrnl.dir/multitasking/multitasking.cpp.obj
 .debug_info    0x000255e2      0xa72 src/oboskrnl/CMakeFiles/oboskrnl.dir/elf/elf.cpp.obj
 .debug_info    0x00026054     0x14ab src/oboskrnl/CMakeFiles/oboskrnl.dir/multitasking/thread.cpp.obj
 .debug_info    0x000274ff     0x1368 src/oboskrnl/CMakeFiles/oboskrnl.dir/multitasking/mutex/mutex.cpp.obj
 .debug_info    0x00028867     0x1a06 src/oboskrnl/CMakeFiles/oboskrnl.dir/multitasking/mutex/mutexHandle.cpp.obj
 .debug_info    0x0002a26d     0x2b54 src/oboskrnl/CMakeFiles/oboskrnl.dir/process/process.cpp.obj
 .debug_info    0x0002cdc1      0x44c src/oboskrnl/CMakeFiles/oboskrnl.dir/driver_api/interrupts.cpp.obj
 .debug_info    0x0002d20d     0x2dc6 src/oboskrnl/CMakeFiles/oboskrnl.dir/driver_api/syscalls.cpp.obj
 .debug_info    0x0002ffd3     0x3256 src/oboskrnl/CMakeFiles/oboskrnl.dir/syscalls/syscalls.cpp.obj
 .debug_info    0x00033229    0x27b97 src/oboskrnl/CMakeFiles/oboskrnl.dir/external/amalgamated-dist/Zydis.c.obj
 .debug_info    0x0005adc0      0x6f6 src/oboskrnl/CMakeFiles/oboskrnl.dir/descriptors/gdt/gdt.cpp.obj
 .debug_info    0x0005b4b6      0x32c /home/omar/opt/cross/lib/gcc/i686-elf/11.4.0/libgcc.a(_udivdi3.o)
 .debug_info    0x0005b7e2      0x343 /home/omar/opt/cross/lib/gcc/i686-elf/11.4.0/libgcc.a(_umoddi3.o)

.debug_abbrev   0x00000000     0x5a4a
 .debug_abbrev  0x00000000      0x7a9 src/oboskrnl/CMakeFiles/oboskrnl.dir/boot/kmain.cpp.obj
 .debug_abbrev  0x000007a9      0x58a src/oboskrnl/CMakeFiles/oboskrnl.dir/console.cpp.obj
 .debug_abbrev  0x00000d33      0x5f2 src/oboskrnl/CMakeFiles/oboskrnl.dir/klog.cpp.obj
 .debug_abbrev  0x00001325      0x436 src/oboskrnl/CMakeFiles/oboskrnl.dir/inline-asm.cpp.obj
 .debug_abbrev  0x0000175b      0x338 src/oboskrnl/CMakeFiles/oboskrnl.dir/utils/bitfields.cpp.obj
 .debug_abbrev  0x00001a93      0x231 src/oboskrnl/CMakeFiles/oboskrnl.dir/descriptors/idt/pic.cpp.obj
 .debug_abbrev  0x00001cc4      0x175 src/oboskrnl/CMakeFiles/oboskrnl.dir/external/list/list_iterator.c.obj
 .debug_abbrev  0x00001e39       0xfd src/oboskrnl/CMakeFiles/oboskrnl.dir/utils/memory.cpp.obj
 .debug_abbrev  0x00001f36      0x1ff src/oboskrnl/CMakeFiles/oboskrnl.dir/memory_manager/paging/liballoc_hooks.cpp.obj
 .debug_abbrev  0x00002135      0x201 src/oboskrnl/CMakeFiles/oboskrnl.dir/memory_manager/liballoc/liballoc.c.obj
 .debug_abbrev  0x00002336      0x5d3 src/oboskrnl/CMakeFiles/oboskrnl.dir/multitasking/threadHandle.cpp.obj
 .debug_abbrev  0x00002909       0xbe src/oboskrnl/CMakeFiles/oboskrnl.dir/external/list/list_node.c.obj
 .debug_abbrev  0x000029c7      0x1ae src/oboskrnl/CMakeFiles/oboskrnl.dir/external/list/list.c.obj
 .debug_abbrev  0x00002b75      0x4a4 src/oboskrnl/CMakeFiles/oboskrnl.dir/multitasking/multitasking.cpp.obj
 .debug_abbrev  0x00003019      0x192 src/oboskrnl/CMakeFiles/oboskrnl.dir/elf/elf.cpp.obj
 .debug_abbrev  0x000031ab      0x3cc src/oboskrnl/CMakeFiles/oboskrnl.dir/multitasking/thread.cpp.obj
 .debug_abbrev  0x00003577      0x3b3 src/oboskrnl/CMakeFiles/oboskrnl.dir/multitasking/mutex/mutex.cpp.obj
 .debug_abbrev  0x0000392a      0x429 src/oboskrnl/CMakeFiles/oboskrnl.dir/multitasking/mutex/mutexHandle.cpp.obj
 .debug_abbrev  0x00003d53      0x6d7 src/oboskrnl/CMakeFiles/oboskrnl.dir/process/process.cpp.obj
 .debug_abbrev  0x0000442a      0x124 src/oboskrnl/CMakeFiles/oboskrnl.dir/driver_api/interrupts.cpp.obj
 .debug_abbrev  0x0000454e      0x631 src/oboskrnl/CMakeFiles/oboskrnl.dir/driver_api/syscalls.cpp.obj
 .debug_abbrev  0x00004b7f      0x644 src/oboskrnl/CMakeFiles/oboskrnl.dir/syscalls/syscalls.cpp.obj
 .debug_abbrev  0x000051c3      0x3c5 src/oboskrnl/CMakeFiles/oboskrnl.dir/external/amalgamated-dist/Zydis.c.obj
 .debug_abbrev  0x00005588      0x1f6 src/oboskrnl/CMakeFiles/oboskrnl.dir/descriptors/gdt/gdt.cpp.obj
 .debug_abbrev  0x0000577e      0x15b /home/omar/opt/cross/lib/gcc/i686-elf/11.4.0/libgcc.a(_udivdi3.o)
 .debug_abbrev  0x000058d9      0x171 /home/omar/opt/cross/lib/gcc/i686-elf/11.4.0/libgcc.a(_umoddi3.o)

.debug_aranges  0x00000000      0x450
 .debug_aranges
                0x00000000       0x38 src/oboskrnl/CMakeFiles/oboskrnl.dir/boot/kmain.cpp.obj
 .debug_aranges
                0x00000038       0x20 src/oboskrnl/CMakeFiles/oboskrnl.dir/console.cpp.obj
 .debug_aranges
                0x00000058       0x20 src/oboskrnl/CMakeFiles/oboskrnl.dir/klog.cpp.obj
 .debug_aranges
                0x00000078       0x20 src/oboskrnl/CMakeFiles/oboskrnl.dir/inline-asm.cpp.obj
 .debug_aranges
                0x00000098       0x20 src/oboskrnl/CMakeFiles/oboskrnl.dir/utils/bitfields.cpp.obj
 .debug_aranges
                0x000000b8       0x20 src/oboskrnl/CMakeFiles/oboskrnl.dir/descriptors/idt/pic.cpp.obj
 .debug_aranges
                0x000000d8       0x20 src/oboskrnl/CMakeFiles/oboskrnl.dir/external/list/list_iterator.c.obj
 .debug_aranges
                0x000000f8       0x20 src/oboskrnl/CMakeFiles/oboskrnl.dir/utils/memory.cpp.obj
 .debug_aranges
                0x00000118       0x20 src/oboskrnl/CMakeFiles/oboskrnl.dir/memory_manager/paging/liballoc_hooks.cpp.obj
 .debug_aranges
                0x00000138       0x20 src/oboskrnl/CMakeFiles/oboskrnl.dir/memory_manager/liballoc/liballoc.c.obj
 .debug_aranges
                0x00000158       0x70 src/oboskrnl/CMakeFiles/oboskrnl.dir/multitasking/threadHandle.cpp.obj
 .debug_aranges
                0x000001c8       0x20 src/oboskrnl/CMakeFiles/oboskrnl.dir/external/list/list_node.c.obj
 .debug_aranges
                0x000001e8       0x20 src/oboskrnl/CMakeFiles/oboskrnl.dir/external/list/list.c.obj
 .debug_aranges
                0x00000208       0x38 src/oboskrnl/CMakeFiles/oboskrnl.dir/multitasking/multitasking.cpp.obj
 .debug_aranges
                0x00000240       0x20 src/oboskrnl/CMakeFiles/oboskrnl.dir/elf/elf.cpp.obj
 .debug_aranges
                0x00000260       0x30 src/oboskrnl/CMakeFiles/oboskrnl.dir/multitasking/thread.cpp.obj
 .debug_aranges
                0x00000290       0x20 src/oboskrnl/CMakeFiles/oboskrnl.dir/multitasking/mutex/mutex.cpp.obj
 .debug_aranges
                0x000002b0       0x50 src/oboskrnl/CMakeFiles/oboskrnl.dir/multitasking/mutex/mutexHandle.cpp.obj
 .debug_aranges
                0x00000300       0x70 src/oboskrnl/CMakeFiles/oboskrnl.dir/process/process.cpp.obj
 .debug_aranges
                0x00000370       0x20 src/oboskrnl/CMakeFiles/oboskrnl.dir/driver_api/interrupts.cpp.obj
 .debug_aranges
                0x00000390       0x20 src/oboskrnl/CMakeFiles/oboskrnl.dir/driver_api/syscalls.cpp.obj
 .debug_aranges
                0x000003b0       0x20 src/oboskrnl/CMakeFiles/oboskrnl.dir/syscalls/syscalls.cpp.obj
 .debug_aranges
                0x000003d0       0x20 src/oboskrnl/CMakeFiles/oboskrnl.dir/external/amalgamated-dist/Zydis.c.obj
 .debug_aranges
                0x000003f0       0x20 src/oboskrnl/CMakeFiles/oboskrnl.dir/descriptors/gdt/gdt.cpp.obj
 .debug_aranges
                0x00000410       0x20 /home/omar/opt/cross/lib/gcc/i686-elf/11.4.0/libgcc.a(_udivdi3.o)
 .debug_aranges
                0x00000430       0x20 /home/omar/opt/cross/lib/gcc/i686-elf/11.4.0/libgcc.a(_umoddi3.o)

.debug_rnglists
                0x00000000      0x3ec
 .debug_rnglists
                0x00000000       0x31 src/oboskrnl/CMakeFiles/oboskrnl.dir/boot/kmain.cpp.obj
 .debug_rnglists
                0x00000031       0x32 src/oboskrnl/CMakeFiles/oboskrnl.dir/klog.cpp.obj
 .debug_rnglists
                0x00000063       0x70 src/oboskrnl/CMakeFiles/oboskrnl.dir/multitasking/threadHandle.cpp.obj
 .debug_rnglists
                0x000000d3       0x31 src/oboskrnl/CMakeFiles/oboskrnl.dir/multitasking/multitasking.cpp.obj
 .debug_rnglists
                0x00000104       0x28 src/oboskrnl/CMakeFiles/oboskrnl.dir/multitasking/thread.cpp.obj
 .debug_rnglists
                0x0000012c       0x4c src/oboskrnl/CMakeFiles/oboskrnl.dir/multitasking/mutex/mutexHandle.cpp.obj
 .debug_rnglists
                0x00000178       0x70 src/oboskrnl/CMakeFiles/oboskrnl.dir/process/process.cpp.obj
 .debug_rnglists
                0x000001e8       0x6b src/oboskrnl/CMakeFiles/oboskrnl.dir/driver_api/syscalls.cpp.obj
 .debug_rnglists
                0x00000253      0x14f src/oboskrnl/CMakeFiles/oboskrnl.dir/external/amalgamated-dist/Zydis.c.obj
 .debug_rnglists
                0x000003a2       0x2a /home/omar/opt/cross/lib/gcc/i686-elf/11.4.0/libgcc.a(_udivdi3.o)
 .debug_rnglists
                0x000003cc       0x20 /home/omar/opt/cross/lib/gcc/i686-elf/11.4.0/libgcc.a(_umoddi3.o)

.debug_line     0x00000000    0x25c33
 .debug_line    0x00000000      0xf71 src/oboskrnl/CMakeFiles/oboskrnl.dir/boot/kmain.cpp.obj
 .debug_line    0x00000f71     0x10e3 src/oboskrnl/CMakeFiles/oboskrnl.dir/console.cpp.obj
 .debug_line    0x00002054     0x1831 src/oboskrnl/CMakeFiles/oboskrnl.dir/klog.cpp.obj
 .debug_line    0x00003885      0xeda src/oboskrnl/CMakeFiles/oboskrnl.dir/inline-asm.cpp.obj
 .debug_line    0x0000475f      0x48b src/oboskrnl/CMakeFiles/oboskrnl.dir/utils/bitfields.cpp.obj
 .debug_line    0x00004bea      0x693 src/oboskrnl/CMakeFiles/oboskrnl.dir/descriptors/idt/pic.cpp.obj
 .debug_line    0x0000527d      0x217 src/oboskrnl/CMakeFiles/oboskrnl.dir/external/list/list_iterator.c.obj
 .debug_line    0x00005494      0x387 src/oboskrnl/CMakeFiles/oboskrnl.dir/utils/memory.cpp.obj
 .debug_line    0x0000581b      0x3ab src/oboskrnl/CMakeFiles/oboskrnl.dir/memory_manager/paging/liballoc_hooks.cpp.obj
 .debug_line    0x00005bc6     0x10ec src/oboskrnl/CMakeFiles/oboskrnl.dir/memory_manager/liballoc/liballoc.c.obj
 .debug_line    0x00006cb2     0x16fc src/oboskrnl/CMakeFiles/oboskrnl.dir/multitasking/threadHandle.cpp.obj
 .debug_line    0x000083ae      0x179 src/oboskrnl/CMakeFiles/oboskrnl.dir/external/list/list_node.c.obj
 .debug_line    0x00008527      0x835 src/oboskrnl/CMakeFiles/oboskrnl.dir/external/list/list.c.obj
 .debug_line    0x00008d5c      0xcb8 src/oboskrnl/CMakeFiles/oboskrnl.dir/multitasking/multitasking.cpp.obj
 .debug_line    0x00009a14      0x4bf src/oboskrnl/CMakeFiles/oboskrnl.dir/elf/elf.cpp.obj
 .debug_line    0x00009ed3      0x53e src/oboskrnl/CMakeFiles/oboskrnl.dir/multitasking/thread.cpp.obj
 .debug_line    0x0000a411      0x4ca src/oboskrnl/CMakeFiles/oboskrnl.dir/multitasking/mutex/mutex.cpp.obj
 .debug_line    0x0000a8db      0x62d src/oboskrnl/CMakeFiles/oboskrnl.dir/multitasking/mutex/mutexHandle.cpp.obj
 .debug_line    0x0000af08      0xe7d src/oboskrnl/CMakeFiles/oboskrnl.dir/process/process.cpp.obj
 .debug_line    0x0000bd85      0x204 src/oboskrnl/CMakeFiles/oboskrnl.dir/driver_api/interrupts.cpp.obj
 .debug_line    0x0000bf89     0x13c3 src/oboskrnl/CMakeFiles/oboskrnl.dir/driver_api/syscalls.cpp.obj
 .debug_line    0x0000d34c     0x22ac src/oboskrnl/CMakeFiles/oboskrnl.dir/syscalls/syscalls.cpp.obj
 .debug_line    0x0000f5f8    0x15fac src/oboskrnl/CMakeFiles/oboskrnl.dir/external/amalgamated-dist/Zydis.c.obj
 .debug_line    0x000255a4      0x341 src/oboskrnl/CMakeFiles/oboskrnl.dir/descriptors/gdt/gdt.cpp.obj
 .debug_line    0x000258e5      0x179 /home/omar/opt/cross/lib/gcc/i686-elf/11.4.0/libgcc.a(_udivdi3.o)
 .debug_line    0x00025a5e      0x1d5 /home/omar/opt/cross/lib/gcc/i686-elf/11.4.0/libgcc.a(_umoddi3.o)

.debug_str      0x00000000     0x1304
 .debug_str     0x00000000       0xb0 src/oboskrnl/CMakeFiles/oboskrnl.dir/boot/kmain.cpp.obj
 .debug_str     0x000000b0       0xc0 src/oboskrnl/CMakeFiles/oboskrnl.dir/console.cpp.obj
 .debug_str     0x00000170      0x180 src/oboskrnl/CMakeFiles/oboskrnl.dir/klog.cpp.obj
 .debug_str     0x000002f0       0x30 src/oboskrnl/CMakeFiles/oboskrnl.dir/inline-asm.cpp.obj
 .debug_str     0x00000320       0x5e src/oboskrnl/CMakeFiles/oboskrnl.dir/utils/bitfields.cpp.obj
 .debug_str     0x0000037e       0x39 src/oboskrnl/CMakeFiles/oboskrnl.dir/descriptors/idt/pic.cpp.obj
 .debug_str     0x000003b7        0xa src/oboskrnl/CMakeFiles/oboskrnl.dir/external/list/list_iterator.c.obj
 .debug_str     0x000003c1        0x0 src/oboskrnl/CMakeFiles/oboskrnl.dir/utils/memory.cpp.obj
 .debug_str     0x000003c1       0x46 src/oboskrnl/CMakeFiles/oboskrnl.dir/memory_manager/paging/liballoc_hooks.cpp.obj
 .debug_str     0x00000407       0x26 src/oboskrnl/CMakeFiles/oboskrnl.dir/memory_manager/liballoc/liballoc.c.obj
 .debug_str     0x0000042d      0x10b src/oboskrnl/CMakeFiles/oboskrnl.dir/multitasking/threadHandle.cpp.obj
 .debug_str     0x00000538        0x0 src/oboskrnl/CMakeFiles/oboskrnl.dir/external/list/list_node.c.obj
 .debug_str     0x00000538       0x14 src/oboskrnl/CMakeFiles/oboskrnl.dir/external/list/list.c.obj
 .debug_str     0x0000054c       0x3c src/oboskrnl/CMakeFiles/oboskrnl.dir/multitasking/multitasking.cpp.obj
 .debug_str     0x00000588       0x23 src/oboskrnl/CMakeFiles/oboskrnl.dir/elf/elf.cpp.obj
 .debug_str     0x000005ab       0x64 src/oboskrnl/CMakeFiles/oboskrnl.dir/multitasking/thread.cpp.obj
 .debug_str     0x0000060f       0x30 src/oboskrnl/CMakeFiles/oboskrnl.dir/multitasking/mutex/mutex.cpp.obj
 .debug_str     0x0000063f       0x68 src/oboskrnl/CMakeFiles/oboskrnl.dir/multitasking/mutex/mutexHandle.cpp.obj
 .debug_str     0x000006a7       0xc2 src/oboskrnl/CMakeFiles/oboskrnl.dir/process/process.cpp.obj
 .debug_str     0x00000769        0x0 src/oboskrnl/CMakeFiles/oboskrnl.dir/driver_api/interrupts.cpp.obj
 .debug_str     0x00000769       0xb2 src/oboskrnl/CMakeFiles/oboskrnl.dir/driver_api/syscalls.cpp.obj
 .debug_str     0x0000081b      0x297 src/oboskrnl/CMakeFiles/oboskrnl.dir/syscalls/syscalls.cpp.obj
 .debug_str     0x00000ab2      0x6c6 src/oboskrnl/CMakeFiles/oboskrnl.dir/external/amalgamated-dist/Zydis.c.obj
 .debug_str     0x00001178        0x9 src/oboskrnl/CMakeFiles/oboskrnl.dir/descriptors/gdt/gdt.cpp.obj
 .debug_str     0x00001181      0x179 /home/omar/opt/cross/lib/gcc/i686-elf/11.4.0/libgcc.a(_udivdi3.o)
                                0x1e3 (size before relaxing)
 .debug_str     0x000012fa        0xa /home/omar/opt/cross/lib/gcc/i686-elf/11.4.0/libgcc.a(_umoddi3.o)
                                0x1e3 (size before relaxing)

.comment        0x00000000       0x12
 .comment       0x00000000       0x12 src/oboskrnl/CMakeFiles/oboskrnl.dir/boot/kmain.cpp.obj
                                 0x13 (size before relaxing)
 .comment       0x00000012       0x13 src/oboskrnl/CMakeFiles/oboskrnl.dir/console.cpp.obj
 .comment       0x00000012       0x13 src/oboskrnl/CMakeFiles/oboskrnl.dir/klog.cpp.obj
 .comment       0x00000012       0x13 src/oboskrnl/CMakeFiles/oboskrnl.dir/inline-asm.cpp.obj
 .comment       0x00000012       0x13 src/oboskrnl/CMakeFiles/oboskrnl.dir/utils/bitfields.cpp.obj
 .comment       0x00000012       0x13 src/oboskrnl/CMakeFiles/oboskrnl.dir/descriptors/idt/pic.cpp.obj
 .comment       0x00000012       0x13 src/oboskrnl/CMakeFiles/oboskrnl.dir/external/list/list_iterator.c.obj
 .comment       0x00000012       0x13 src/oboskrnl/CMakeFiles/oboskrnl.dir/utils/memory.cpp.obj
 .comment       0x00000012       0x13 src/oboskrnl/CMakeFiles/oboskrnl.dir/memory_manager/paging/liballoc_hooks.cpp.obj
 .comment       0x00000012       0x13 src/oboskrnl/CMakeFiles/oboskrnl.dir/memory_manager/liballoc/liballoc.c.obj
 .comment       0x00000012       0x13 src/oboskrnl/CMakeFiles/oboskrnl.dir/multitasking/threadHandle.cpp.obj
 .comment       0x00000012       0x13 src/oboskrnl/CMakeFiles/oboskrnl.dir/external/list/list_node.c.obj
 .comment       0x00000012       0x13 src/oboskrnl/CMakeFiles/oboskrnl.dir/external/list/list.c.obj
 .comment       0x00000012       0x13 src/oboskrnl/CMakeFiles/oboskrnl.dir/multitasking/multitasking.cpp.obj
 .comment       0x00000012       0x13 src/oboskrnl/CMakeFiles/oboskrnl.dir/elf/elf.cpp.obj
 .comment       0x00000012       0x13 src/oboskrnl/CMakeFiles/oboskrnl.dir/multitasking/thread.cpp.obj
 .comment       0x00000012       0x13 src/oboskrnl/CMakeFiles/oboskrnl.dir/multitasking/mutex/mutex.cpp.obj
 .comment       0x00000012       0x13 src/oboskrnl/CMakeFiles/oboskrnl.dir/multitasking/mutex/mutexHandle.cpp.obj
 .comment       0x00000012       0x13 src/oboskrnl/CMakeFiles/oboskrnl.dir/process/process.cpp.obj
 .comment       0x00000012       0x13 src/oboskrnl/CMakeFiles/oboskrnl.dir/driver_api/interrupts.cpp.obj
 .comment       0x00000012       0x13 src/oboskrnl/CMakeFiles/oboskrnl.dir/driver_api/syscalls.cpp.obj
 .comment       0x00000012       0x13 src/oboskrnl/CMakeFiles/oboskrnl.dir/syscalls/syscalls.cpp.obj
 .comment       0x00000012       0x13 src/oboskrnl/CMakeFiles/oboskrnl.dir/external/amalgamated-dist/Zydis.c.obj
 .comment       0x00000012       0x13 src/oboskrnl/CMakeFiles/oboskrnl.dir/descriptors/gdt/gdt.cpp.obj
 .comment       0x00000012       0x13 /home/omar/opt/cross/lib/gcc/i686-elf/11.4.0/libgcc.a(_udivdi3.o)
 .comment       0x00000012       0x13 /home/omar/opt/cross/lib/gcc/i686-elf/11.4.0/libgcc.a(_umoddi3.o)

.debug_loclists
                0x00000000      0x9a0
 .debug_loclists
                0x00000000      0x50b /home/omar/opt/cross/lib/gcc/i686-elf/11.4.0/libgcc.a(_udivdi3.o)
 .debug_loclists
                0x0000050b      0x495 /home/omar/opt/cross/lib/gcc/i686-elf/11.4.0/libgcc.a(_umoddi3.o)

.debug_line_str
                0x00000000       0x93
 .debug_line_str
                0x00000000       0x93 /home/omar/opt/cross/lib/gcc/i686-elf/11.4.0/libgcc.a(_udivdi3.o)
                                 0xf0 (size before relaxing)
 .debug_line_str
                0x00000093       0xf0 /home/omar/opt/cross/lib/gcc/i686-elf/11.4.0/libgcc.a(_umoddi3.o)
