Archive member included to satisfy reference by file (symbol)

/home/omar/opt/cross/lib/gcc/i686-elf/11.4.0/libgcc.a(_umoddi3.o)
                              src/oboskrnl/CMakeFiles/oboskrnl.dir/klog.cpp.o (__umoddi3)

Discarded input sections

 .gnu.linkonce.t._ZN4obos12multitasking6ThreadD1Ev
                0x00000000       0x3b src/oboskrnl/CMakeFiles/oboskrnl.dir/multitasking/threadHandle.cpp.o
 .gnu.linkonce.t._ZN4obos12multitasking6ThreadD0Ev
                0x00000000       0x26 src/oboskrnl/CMakeFiles/oboskrnl.dir/multitasking/threadHandle.cpp.o
 .gnu.linkonce.t._ZN4obos12multitasking6ThreadC1Ev
                0x00000000       0x7e src/oboskrnl/CMakeFiles/oboskrnl.dir/multitasking/threadHandle.cpp.o
 .gnu.linkonce.r._ZTVN4obos12multitasking6ThreadE
                0x00000000       0x10 src/oboskrnl/CMakeFiles/oboskrnl.dir/multitasking/threadHandle.cpp.o
 .gnu.linkonce.t._ZN4obos12multitasking6ThreadD1Ev
                0x00000000       0x3b src/oboskrnl/CMakeFiles/oboskrnl.dir/multitasking/thread.cpp.o
 .gnu.linkonce.t._ZN4obos12multitasking6ThreadD0Ev
                0x00000000       0x26 src/oboskrnl/CMakeFiles/oboskrnl.dir/multitasking/thread.cpp.o
 .gnu.linkonce.r._ZTVN4obos12multitasking6ThreadE
                0x00000000       0x10 src/oboskrnl/CMakeFiles/oboskrnl.dir/multitasking/thread.cpp.o
 .gnu.linkonce.t._ZN4obos6Handle13getReferencesEv
                0x00000000        0xe src/oboskrnl/CMakeFiles/oboskrnl.dir/multitasking/mutex/mutexHandle.cpp.o
 .gnu.linkonce.t._ZN4obos6HandleD2Ev
                0x00000000       0x10 src/oboskrnl/CMakeFiles/oboskrnl.dir/multitasking/mutex/mutexHandle.cpp.o
 .gnu.linkonce.t._ZN4obos6HandleC2Ev
                0x00000000       0x2e src/oboskrnl/CMakeFiles/oboskrnl.dir/multitasking/mutex/mutexHandle.cpp.o
 .gnu.linkonce.r._ZTVN4obos6HandleE
                0x00000000       0x18 src/oboskrnl/CMakeFiles/oboskrnl.dir/multitasking/mutex/mutexHandle.cpp.o

Memory Configuration

Name             Origin             Length             Attributes
*default*        0x00000000         0xffffffff

Linker script and memory map

LOAD /tmp/ccqPIxqU.o
LOAD /home/omar/opt/cross/lib/gcc/i686-elf/11.4.0/crtbegin.o
LOAD /home/omar/opt/cross/lib/gcc/i686-elf/11.4.0/crtend.o
LOAD /tmp/ccXkfDZo.o
LOAD src/oboskrnl/CMakeFiles/oboskrnl.dir/boot/kernel_bootstrap-i686.asm.o
LOAD src/oboskrnl/CMakeFiles/oboskrnl.dir/descriptors/gdt/gdt.asm.o
LOAD src/oboskrnl/CMakeFiles/oboskrnl.dir/descriptors/idt/idt.asm.o
LOAD src/oboskrnl/CMakeFiles/oboskrnl.dir/descriptors/idt/handlers.asm.o
LOAD src/oboskrnl/CMakeFiles/oboskrnl.dir/memory_manager/paging/init.asm.o
LOAD src/oboskrnl/CMakeFiles/oboskrnl.dir/multitasking/multitasking.asm.o
LOAD src/oboskrnl/CMakeFiles/oboskrnl.dir/utils/memcpy.asm.o
LOAD src/oboskrnl/CMakeFiles/oboskrnl.dir/inline-asm.asm.o
LOAD src/oboskrnl/CMakeFiles/oboskrnl.dir/driver_api/interrupts.asm.o
LOAD src/oboskrnl/CMakeFiles/oboskrnl.dir/boot/kmain.cpp.o
LOAD src/oboskrnl/CMakeFiles/oboskrnl.dir/console.cpp.o
LOAD src/oboskrnl/CMakeFiles/oboskrnl.dir/klog.cpp.o
LOAD src/oboskrnl/CMakeFiles/oboskrnl.dir/inline-asm.cpp.o
LOAD src/oboskrnl/CMakeFiles/oboskrnl.dir/descriptors/gdt/gdt.cpp.o
LOAD src/oboskrnl/CMakeFiles/oboskrnl.dir/descriptors/idt/idt.cpp.o
LOAD src/oboskrnl/CMakeFiles/oboskrnl.dir/memory_manager/physical.cpp.o
LOAD src/oboskrnl/CMakeFiles/oboskrnl.dir/utils/bitfields.cpp.o
LOAD src/oboskrnl/CMakeFiles/oboskrnl.dir/descriptors/idt/pic.cpp.o
LOAD src/oboskrnl/CMakeFiles/oboskrnl.dir/memory_manager/paging/init.cpp.o
LOAD src/oboskrnl/CMakeFiles/oboskrnl.dir/memory_manager/paging/allocate.cpp.o
LOAD src/oboskrnl/CMakeFiles/oboskrnl.dir/utils/memory.cpp.o
LOAD src/oboskrnl/CMakeFiles/oboskrnl.dir/memory_manager/paging/liballoc_hooks.cpp.o
LOAD src/oboskrnl/CMakeFiles/oboskrnl.dir/memory_manager/liballoc/liballoc.c.o
LOAD src/oboskrnl/CMakeFiles/oboskrnl.dir/external/list/list_iterator.c.o
LOAD src/oboskrnl/CMakeFiles/oboskrnl.dir/external/list/list_node.c.o
LOAD src/oboskrnl/CMakeFiles/oboskrnl.dir/external/list/list.c.o
LOAD src/oboskrnl/CMakeFiles/oboskrnl.dir/multitasking/multitasking.cpp.o
LOAD src/oboskrnl/CMakeFiles/oboskrnl.dir/multitasking/threadHandle.cpp.o
LOAD src/oboskrnl/CMakeFiles/oboskrnl.dir/multitasking/thread.cpp.o
LOAD src/oboskrnl/CMakeFiles/oboskrnl.dir/multitasking/mutex/mutex.cpp.o
LOAD src/oboskrnl/CMakeFiles/oboskrnl.dir/multitasking/mutex/mutexHandle.cpp.o
LOAD src/oboskrnl/CMakeFiles/oboskrnl.dir/elf/elf.cpp.o
LOAD src/oboskrnl/CMakeFiles/oboskrnl.dir/driver_api/interrupts.cpp.o
LOAD src/oboskrnl/CMakeFiles/oboskrnl.dir/driver_api/syscalls.cpp.o
LOAD /home/omar/opt/cross/lib/gcc/i686-elf/11.4.0/libgcc.a
                0x00100000                        . = 0x100000
                0x00100000                        _kernel_start = .

.multiboot.data
                0x00100000     0x3004
 *(.multiboot.data)
 .multiboot.data
                0x00100000     0x3004 src/oboskrnl/CMakeFiles/oboskrnl.dir/boot/kernel_bootstrap-i686.asm.o
                0x00102000                boot_page_directory1

.multiboot.text
                0x00103004       0x63
 *(.multiboot.text)
 .multiboot.text
                0x00103004       0x63 src/oboskrnl/CMakeFiles/oboskrnl.dir/boot/kernel_bootstrap-i686.asm.o
                0x00103004                _start
                0xc0103067                        . = (. + 0xc0000000)

.text           0xc0104000     0x8150 load address 0x00104000
 *(.text)
 .text          0xc0104000        0x0 /tmp/ccqPIxqU.o
 .text          0xc0104000      0x145 /home/omar/opt/cross/lib/gcc/i686-elf/11.4.0/crtbegin.o
 *fill*         0xc0104145        0xb 
 .text          0xc0104150       0x41 /home/omar/opt/cross/lib/gcc/i686-elf/11.4.0/crtend.o
 .text          0xc0104191        0x0 /tmp/ccXkfDZo.o
 *fill*         0xc0104191        0xf 
 .text          0xc01041a0       0x1b src/oboskrnl/CMakeFiles/oboskrnl.dir/boot/kernel_bootstrap-i686.asm.o
                0xc01041ae                _ZN4obos15RestartComputerEv
 *fill*         0xc01041bb        0x5 
 .text          0xc01041c0       0x1d src/oboskrnl/CMakeFiles/oboskrnl.dir/descriptors/gdt/gdt.asm.o
                0xc01041c0                gdtFlush
 *fill*         0xc01041dd        0x3 
 .text          0xc01041e0        0x8 src/oboskrnl/CMakeFiles/oboskrnl.dir/descriptors/idt/idt.asm.o
                0xc01041e0                _ZN4obos8idtFlushEj
 *fill*         0xc01041e8        0x8 
 .text          0xc01041f0      0x1cb src/oboskrnl/CMakeFiles/oboskrnl.dir/descriptors/idt/handlers.asm.o
                0xc01041f0                isr0
                0xc01041fa                isr1
                0xc0104204                isr2
                0xc010420e                isr3
                0xc0104218                isr4
                0xc0104222                isr5
                0xc010422c                isr6
                0xc0104236                isr7
                0xc0104240                isr8
                0xc0104248                isr9
                0xc0104252                isr10
                0xc010425a                isr11
                0xc0104262                isr12
                0xc010426a                isr13
                0xc0104272                isr14
                0xc010427a                isr15
                0xc0104284                isr16
                0xc010428e                isr17
                0xc0104298                isr18
                0xc01042a2                isr19
                0xc01042ac                isr20
                0xc01042b6                isr21
                0xc01042be                isr22
                0xc01042c8                isr23
                0xc01042d2                isr24
                0xc01042dc                isr25
                0xc01042e6                isr26
                0xc01042f0                isr27
                0xc01042fa                isr28
                0xc0104304                isr29
                0xc010430c                isr30
                0xc0104311                isr31
                0xc0104318                isr32
                0xc010431f                isr33
                0xc0104326                isr34
                0xc010432d                isr35
                0xc0104334                isr36
                0xc010433b                isr37
                0xc0104342                isr38
                0xc0104349                isr39
                0xc0104350                isr40
                0xc0104357                isr41
                0xc010435e                isr42
                0xc0104365                isr43
                0xc010436c                isr44
                0xc0104373                isr45
                0xc010437a                isr46
                0xc0104381                isr47
                0xc0104388                isr48
                0xc010438f                isr_common_stub
 *fill*         0xc01043bb        0x5 
 .text          0xc01043c0       0x20 src/oboskrnl/CMakeFiles/oboskrnl.dir/memory_manager/paging/init.asm.o
                0xc01043c0                _ZN4obos6memory13PageDirectory15switchToThisAsmEj
                0xc01043cc                _ZN4obos6memory19GetPageFaultAddressEv
                0xc01043d0                _ZN4obos6memory12enablePagingEv
 .text          0xc01043e0       0x34 src/oboskrnl/CMakeFiles/oboskrnl.dir/multitasking/multitasking.asm.o
                0xc01043e0                _ZN4obos12multitasking15switchToTaskAsmEv
 *fill*         0xc0104414        0xc 
 .text          0xc0104420       0x81 src/oboskrnl/CMakeFiles/oboskrnl.dir/utils/memcpy.asm.o
                0xc0104420                _ZN4obos5utils6memcpyEPvPKvj
                0xc010443d                _ZN4obos5utils7memzeroEPvj
                0xc0104455                _ZN4obos5utils8dwMemsetEPjjj
                0xc0104471                _ZN4obos5utils6memsetEPvjj
                0xc010448b                _ZN4obos5utils6strlenEPKc
 *fill*         0xc01044a1        0xf 
 .text          0xc01044b0        0x7 src/oboskrnl/CMakeFiles/oboskrnl.dir/inline-asm.asm.o
                0xc01044b0                _Z9getEflagsv
 *fill*         0xc01044b7        0x9 
 .text          0xc01044c0       0x11 src/oboskrnl/CMakeFiles/oboskrnl.dir/driver_api/interrupts.asm.o
                0xc01044c0                isr80
 *fill*         0xc01044d1        0x1 
 .text          0xc01044d2      0x78f src/oboskrnl/CMakeFiles/oboskrnl.dir/boot/kmain.cpp.o
                0xc01044d2                _ZN4obos9pageFaultEPKNS_15interrupt_frameE
                0xc010465f                _ZN4obos23defaultExceptionHandlerEPKNS_15interrupt_frameE
                0xc0104776                _ZN4obos5kmainEP14multiboot_infoj
                0xc0104960                _ZN4obos8kmainThrEv
                0xc0104a94                __cxa_pure_virtual
                0xc0104aaf                __cxa_atexit
                0xc0104b27                __cxa_finalize
 .text          0xc0104c61      0xac8 src/oboskrnl/CMakeFiles/oboskrnl.dir/console.cpp.o
                0xc0104ec7                _ZN4obos17InitializeConsoleEjj
                0xc0105082                _ZN4obos9SetCursorEb
                0xc0105091                _ZN4obos15SetConsoleColorEjj
                0xc01050a7                _ZN4obos15GetConsoleColorERjS0_
                0xc0105310                _ZN4obos13ConsoleOutputEPKcjb
                0xc0105394                _ZN4obos19ConsoleOutputStringEPKcb
                0xc010541f                _ZN4obos15ConsoleFillLineEcb
                0xc01054a9                _ZN4obos22ConsoleOutputCharacterEcb
                0xc0105512                _ZN4obos25SetTerminalCursorPositionEjj
                0xc0105693                _ZN4obos11swapBuffersEv
 *fill*         0xc0105729        0x1 
 .text          0xc010572a      0x9e6 src/oboskrnl/CMakeFiles/oboskrnl.dir/klog.cpp.o
                0xc01057e5                _Z10strreversePci
                0xc0105855                _Z13itoa_unsignedjPci
                0xc0105971                _ZN4obos8_vprintfEPFvhPvES0_PKcPc
                0xc0105d59                _ZN4obos6printfEPKcz
                0xc0105d84                _ZN4obos7vprintfEPKcPc
                0xc0105db6                _ZN4obos6kpanicEPvPKcz
                0xc0105f48                _ZN4obos14printf_noFlushEPKcz
                0xc0105f6e                _ZN4obos15printStackTraceEPvPKc
                0xc0106033                _ZN4obos4randEv
                0xc010605a                _ZN4obos5srandEj
                0xc010607e                _ZN4obos4poopEv
 .text          0xc0106110      0x81a src/oboskrnl/CMakeFiles/oboskrnl.dir/inline-asm.cpp.o
                0xc0106110                _Z4outbth
                0xc0106131                _Z4outwtt
                0xc0106152                _Z3inbt
                0xc010616f                _Z3inwt
                0xc010618e                _Z7io_waitv
                0xc01061a3                _Z3cliv
                0xc01061b7                _Z3stiv
                0xc01061cb                _Z3hltv
                0xc01061d2                _Z4_inth
                0xc010688a                _ZN4obos18EnterKernelSectionEv
                0xc01068cc                _ZN4obos18LeaveKernelSectionEv
 .text          0xc010692a      0x177 src/oboskrnl/CMakeFiles/oboskrnl.dir/descriptors/gdt/gdt.cpp.o
                0xc010692a                _ZN4obos8GdtEntryC2Ejjhh
                0xc010692a                _ZN4obos8GdtEntryC1Ejjhh
                0xc01069a3                _ZN4obos13InitializeGdtEv
 *fill*         0xc0106aa1        0x1 
 .text          0xc0106aa2      0xa0f src/oboskrnl/CMakeFiles/oboskrnl.dir/descriptors/idt/idt.cpp.o
                0xc0106aa2                _ZN4obos8IdtEntryC2Ejth
                0xc0106aa2                _ZN4obos8IdtEntryC1Ejth
                0xc0106af5                _ZN4obos13InitializeIdtEv
                0xc0107494                _ZN4obos24RegisterInterruptHandlerEhPFvPKNS_15interrupt_frameEE
 .text          0xc01074b1      0x69d src/oboskrnl/CMakeFiles/oboskrnl.dir/memory_manager/physical.cpp.o
                0xc0107597                _ZN4obos6memory31InitializePhysicalMemoryManagerEv
                0xc01077ce                _ZN4obos6memory20kalloc_physicalPagesEj
                0xc0107a1b                _ZN4obos6memory19kfree_physicalPagesEPvj
 .text          0xc0107b4e      0x2c2 src/oboskrnl/CMakeFiles/oboskrnl.dir/utils/bitfields.cpp.o
                0xc0107b6c                _ZN4obos5utils12BitfieldBaseC2Ev
                0xc0107b6c                _ZN4obos5utils12BitfieldBaseC1Ev
                0xc0107b86                _ZN4obos5utils12BitfieldBase6setBitEj
                0xc0107b9e                _ZN4obos5utils12BitfieldBase8clearBitEj
                0xc0107bb8                _ZNK4obos5utils12BitfieldBase6getBitEj
                0xc0107bcc                _ZNK4obos5utils12BitfieldBaseixEj
                0xc0107bec                _ZN4obos5utils12BitfieldBasecvjEv
                0xc0107bf8                _ZN4obos5utils12BitfieldBasecvbEv
                0xc0107c0a                _ZN4obos5utils8BitfieldC2Ev
                0xc0107c0a                _ZN4obos5utils8BitfieldC1Ev
                0xc0107c26                _ZN4obos5utils8Bitfield6setBitEh
                0xc0107c5c                _ZN4obos5utils8Bitfield8clearBitEh
                0xc0107c92                _ZNK4obos5utils8Bitfield6getBitEh
                0xc0107cde                _ZNK4obos5utils8BitfieldixEh
                0xc0107d06                _ZN4obos5utils8BitfieldcvbEv
                0xc0107d18                _ZN4obos5utils15IntegerBitfieldC2Ev
                0xc0107d18                _ZN4obos5utils15IntegerBitfieldC1Ev
                0xc0107d34                _ZN4obos5utils15IntegerBitfieldC2Ej
                0xc0107d34                _ZN4obos5utils15IntegerBitfieldC1Ej
                0xc0107d5a                _ZN4obos5utils15IntegerBitfield11setBitfieldEj
                0xc0107d69                _ZN4obos5utils16setBitInBitfieldERjh
                0xc0107d97                _ZN4obos5utils18clearBitInBitfieldERjh
                0xc0107dc7                _ZN4obos5utils17testBitInBitfieldEjh
 .text          0xc0107e10      0x487 src/oboskrnl/CMakeFiles/oboskrnl.dir/descriptors/idt/pic.cpp.o
                0xc0107e10                _ZN4obos3PicC2Ett
                0xc0107e10                _ZN4obos3PicC1Ett
                0xc0107e58                _ZN4obos3Pic8setPortsEtt
                0xc0107e8c                _ZN4obos3Pic15sendCommandByteEh
                0xc0107eca                _ZN4obos3Pic15sendCommandWordEt
                0xc0107f0a                _ZN4obos3Pic12sendDataByteEh
                0xc0107f4a                _ZN4obos3Pic12sendDataWordEt
                0xc0107f8a                _ZN4obos3Pic15recvCommandByteEv
                0xc0107fbe                _ZN4obos3Pic15recvCommandWordEv
                0xc0107ff2                _ZN4obos3Pic12recvDataByteEv
                0xc0108026                _ZN4obos3Pic12recvDataWordEv
                0xc010805a                _ZN4obos3Pic7sendEOIEv
                0xc0108074                _ZN4obos3Pic5remapEhh
                0xc01080d0                _ZN4obos3Pic9enableIrqEh
                0xc0108126                _ZN4obos3Pic10disableIrqEh
                0xc010817c                _ZN4obos3Pic7disableEv
                0xc0108198                _ZN4obos3Pic15issuedInterruptEh
                0xc01081e6                _ZN4obos7SendEOIEh
 *fill*         0xc0108297        0x1 
 .text          0xc0108298      0x268 src/oboskrnl/CMakeFiles/oboskrnl.dir/memory_manager/paging/init.cpp.o
                0xc0108298                _ZN4obos6memory13PageDirectoryC2Ev
                0xc0108298                _ZN4obos6memory13PageDirectoryC1Ev
                0xc01082c6                _ZN4obos6memory13PageDirectoryC1EPj
                0xc01082c6                _ZN4obos6memory13PageDirectoryC2EPj
                0xc01082f2                _ZN4obos6memory13PageDirectory4initEv
                0xc010833a                _ZN4obos6memory13PageDirectory12switchToThisEv
                0xc010836a                _ZN4obos6memory13PageDirectory19getPageTableAddressEt
                0xc01083a4                _ZN4obos6memory13PageDirectory12getPageTableEt
                0xc01083e6                _ZN4obos6memory13PageDirectory7destroyEv
                0xc010844c                _ZN4obos6memory13PageDirectoryD1Ev
                0xc010844c                _ZN4obos6memory13PageDirectoryD2Ev
                0xc0108464                _ZN4obos6memory13PageDirectory14addressToIndexEj
                0xc0108470                _ZN4obos6memory13PageDirectory23addressToPageTableIndexEj
                0xc010847f                _ZN4obos6memory16InitializePagingEv
                0xc01084f4                _ZN4obos6memory8tlbFlushEj
 .text          0xc0108500      0x922 src/oboskrnl/CMakeFiles/oboskrnl.dir/memory_manager/paging/allocate.cpp.o
                0xc0108500                _ZN4obos6memory14kmap_pageTableEPv
                0xc010851f                _ZN4obos6memory15kfree_pageTableEv
                0xc0108542                _ZN4obos6memory13kmap_physicalEPvjjS1_b
                0xc0108728                _ZN4obos6memory12VirtualAllocEPvjj
                0xc01089ff                _ZN4obos6memory11VirtualFreeEPvj
                0xc0108c04                _ZN4obos6memory17HasVirtualAddressEPKvj
                0xc0108d1a                _ZN4obos6memory13MemoryProtectEPvjj
 .text          0xc0108e22      0x14f src/oboskrnl/CMakeFiles/oboskrnl.dir/utils/memory.cpp.o
                0xc0108e22                _ZN4obos5utils6memcmpEPKvS2_j
                0xc0108ee7                _ZN4obos5utils6memchrEPvhj
                0xc0108f4d                _ZN4obos5utils6memchrEPKvhj
 .text          0xc0108f71      0x13f src/oboskrnl/CMakeFiles/oboskrnl.dir/memory_manager/paging/liballoc_hooks.cpp.o
                0xc0108f71                liballoc_lock
                0xc0108f83                liballoc_unlock
                0xc0108f95                liballoc_alloc
                0xc0108fe2                liballoc_free
                0xc0109008                _Znwm
                0xc0109020                _Znam
                0xc0109038                _ZdlPv
                0xc010904f                _ZdaPv
                0xc0109066                _ZdlPvm
                0xc010907d                _ZdaPvm
                0xc0109094                _ZnwmPv
                0xc010909c                _ZnamPv
                0xc01090a4                _ZdlPvS_
                0xc01090aa                _ZdaPvS_
 .text          0xc01090b0      0xc1d src/oboskrnl/CMakeFiles/oboskrnl.dir/memory_manager/liballoc/liballoc.c.o
                0xc0109256                kmalloc
                0xc01098e2                kfree
                0xc0109b3f                kcalloc
                0xc0109b7a                krealloc
 .text          0xc0109ccd       0xbb src/oboskrnl/CMakeFiles/oboskrnl.dir/external/list/list_iterator.c.o
                0xc0109ccd                list_iterator_new
                0xc0109cfc                list_iterator_new_from_node
                0xc0109d35                list_iterator_next
                0xc0109d6a                list_iterator_destroy
 .text          0xc0109d88       0x44 src/oboskrnl/CMakeFiles/oboskrnl.dir/external/list/list_node.c.o
                0xc0109d88                list_node_new
 .text          0xc0109dcc      0x48d src/oboskrnl/CMakeFiles/oboskrnl.dir/external/list/list.c.o
                0xc0109dcc                list_new
                0xc0109e25                list_destroy
                0xc0109e98                list_rpush
                0xc0109f1b                list_rpop
                0xc0109f9b                list_lpop
                0xc010a019                list_lpush
                0xc010a098                list_find
                0xc010a136                list_at
                0xc010a1cc                list_remove
 .text          0xc010a259      0x5a7 src/oboskrnl/CMakeFiles/oboskrnl.dir/multitasking/multitasking.cpp.o
                0xc010a259                _ZN4obos12multitasking10canRanTaskEPNS0_6ThreadE
                0xc010a285                _ZN4obos12multitasking12switchToTaskEPNS0_6ThreadE
                0xc010a2a5                _ZN4obos12multitasking11findNewTaskEPKNS_15interrupt_frameE
                0xc010a65b                _ZN4obos12multitasking22InitializeMultitaskingEv
 .text          0xc010a800      0x94b src/oboskrnl/CMakeFiles/oboskrnl.dir/multitasking/threadHandle.cpp.o
                0xc010a800                _ZN4obos12multitasking12ThreadHandleC1Ev
                0xc010a800                _ZN4obos12multitasking12ThreadHandleC2Ev
                0xc010a854                _ZN4obos12multitasking12ThreadHandle12CreateThreadENS0_6Thread10priority_tEPFvPvES4_jj
                0xc010a8d4                _ZN4obos12multitasking12ThreadHandle10OpenThreadEj
                0xc010a986                _ZN4obos12multitasking12ThreadHandle10OpenThreadEPNS0_6ThreadE
                0xc010a9f8                _ZN4obos12multitasking12ThreadHandle11PauseThreadEb
                0xc010aa84                _ZN4obos12multitasking12ThreadHandle12ResumeThreadEv
                0xc010aace                _ZN4obos12multitasking12ThreadHandle17SetThreadPriorityENS0_6Thread10priority_tE
                0xc010ac6c                _ZN4obos12multitasking12ThreadHandle15SetThreadStatusEj
                0xc010ad0e                _ZN4obos12multitasking12ThreadHandle15TerminateThreadEj
                0xc010ad8c                _ZN4obos12multitasking12ThreadHandle6GetTidEv
                0xc010adac                _ZN4obos12multitasking12ThreadHandle11GetExitCodeEv
                0xc010adf6                _ZN4obos12multitasking12ThreadHandle17GetThreadPriorityEv
                0xc010ae2a                _ZN4obos12multitasking12ThreadHandle15GetThreadStatusEv
                0xc010ae5e                _ZN4obos12multitasking12ThreadHandle9duplicateEv
                0xc010aee4                _ZN4obos12multitasking12ThreadHandle11closeHandleEv
                0xc010b06f                _ZN4obos12multitasking10ExitThreadEj
                0xc010b0e3                _ZN4obos12multitasking19GetCurrentThreadTidEv
                0xc010b0f0                _ZN4obos12multitasking24GetCurrentThreadPriorityEv
                0xc010b0fd                _ZN4obos12multitasking22GetCurrentThreadStatusEv
                0xc010b10a                _ZN4obos12multitasking22GetCurrentThreadHandleEv
 *fill*         0xc010b14b        0x1 
 .text          0xc010b14c      0x248 src/oboskrnl/CMakeFiles/oboskrnl.dir/multitasking/thread.cpp.o
                0xc010b14c                _ZN4obos12multitasking6ThreadC2ENS1_10priority_tEPFvPvES3_jj
                0xc010b14c                _ZN4obos12multitasking6ThreadC1ENS1_10priority_tEPFvPvES3_jj
                0xc010b1ea                _ZN4obos12multitasking6Thread12CreateThreadENS1_10priority_tEPFvPvES3_jj
 .text          0xc010b394      0x11f src/oboskrnl/CMakeFiles/oboskrnl.dir/multitasking/mutex/mutex.cpp.o
                0xc010b394                _ZN4obos12multitasking17MutexLockCallbackEPNS0_6ThreadEPv
                0xc010b3c6                _ZN4obos12multitasking5Mutex4LockEb
                0xc010b45a                _ZN4obos12multitasking5Mutex6UnlockEv
                0xc010b492                _ZN4obos12multitasking5MutexD2Ev
                0xc010b492                _ZN4obos12multitasking5MutexD1Ev
 *fill*         0xc010b4b3        0x1 
 .text          0xc010b4b4      0x1bc src/oboskrnl/CMakeFiles/oboskrnl.dir/multitasking/mutex/mutexHandle.cpp.o
                0xc010b4b4                _ZN4obos12multitasking11MutexHandleC2Ev
                0xc010b4b4                _ZN4obos12multitasking11MutexHandleC1Ev
                0xc010b51c                _ZN4obos12multitasking11MutexHandle9duplicateEv
                0xc010b560                _ZN4obos12multitasking11MutexHandle11closeHandleEv
                0xc010b5b6                _ZN4obos12multitasking11MutexHandle4LockEb
                0xc010b5ee                _ZN4obos12multitasking11MutexHandle6UnlockEv
                0xc010b61a                _ZN4obos12multitasking11MutexHandleD2Ev
                0xc010b61a                _ZN4obos12multitasking11MutexHandleD1Ev
                0xc010b64a                _ZN4obos12multitasking11MutexHandleD0Ev
 .text          0xc010b670      0x210 src/oboskrnl/CMakeFiles/oboskrnl.dir/elf/elf.cpp.o
                0xc010b7e2                _ZN4obos9elfLoader11LoadElfFileEPhjRjS2_
 .text          0xc010b880       0x6a src/oboskrnl/CMakeFiles/oboskrnl.dir/driver_api/interrupts.cpp.o
                0xc010b88a                _ZN4obos9driverAPI20ResetSyscallHandlersEv
                0xc010b8ae                _ZN4obos9driverAPI22RegisterSyscallHandlerEhj
                0xc010b8cb                _ZN4obos9driverAPI24UnregisterSyscallHandlerEh
 .text          0xc010b8ea      0x70a src/oboskrnl/CMakeFiles/oboskrnl.dir/driver_api/syscalls.cpp.o
                0xc010b8ea                _ZN4obos9driverAPI16RegisterSyscallsEv
 *fill*         0xc010bff4        0xc 
 .text          0xc010c000      0x150 /home/omar/opt/cross/lib/gcc/i686-elf/11.4.0/libgcc.a(_umoddi3.o)
                0xc010c000                __umoddi3

.init           0xc010c150        0xf load address 0x0010c150
 .init          0xc010c150        0x3 /tmp/ccqPIxqU.o
                0xc010c150                _init
 .init          0xc010c153        0x5 /home/omar/opt/cross/lib/gcc/i686-elf/11.4.0/crtbegin.o
 .init          0xc010c158        0x5 /home/omar/opt/cross/lib/gcc/i686-elf/11.4.0/crtend.o
 .init          0xc010c15d        0x2 /tmp/ccXkfDZo.o

.fini           0xc010c15f        0xa load address 0x0010c15f
 .fini          0xc010c15f        0x3 /tmp/ccqPIxqU.o
                0xc010c15f                _fini
 .fini          0xc010c162        0x5 /home/omar/opt/cross/lib/gcc/i686-elf/11.4.0/crtbegin.o
 .fini          0xc010c167        0x2 /tmp/ccXkfDZo.o

.iplt           0xc010c169        0x0 load address 0x0010c169
 .iplt          0xc010c169        0x0 /tmp/ccqPIxqU.o

.gnu.linkonce.t._ZN4obos12multitasking6ThreadD1Ev
                0xc010c16a       0x3b load address 0x0010c16a
 .gnu.linkonce.t._ZN4obos12multitasking6ThreadD1Ev
                0xc010c16a       0x3b src/oboskrnl/CMakeFiles/oboskrnl.dir/multitasking/multitasking.cpp.o
                0xc010c16a                _ZN4obos12multitasking6ThreadD1Ev

.gnu.linkonce.t._ZN4obos12multitasking6ThreadD0Ev
                0xc010c1a6       0x26 load address 0x0010c1a6
 .gnu.linkonce.t._ZN4obos12multitasking6ThreadD0Ev
                0xc010c1a6       0x26 src/oboskrnl/CMakeFiles/oboskrnl.dir/multitasking/multitasking.cpp.o
                0xc010c1a6                _ZN4obos12multitasking6ThreadD0Ev

.gnu.linkonce.t._ZN4obos12multitasking6ThreadC1Ev
                0xc010c1cc       0x7e load address 0x0010c1cc
 .gnu.linkonce.t._ZN4obos12multitasking6ThreadC1Ev
                0xc010c1cc       0x7e src/oboskrnl/CMakeFiles/oboskrnl.dir/multitasking/multitasking.cpp.o
                0xc010c1cc                _ZN4obos12multitasking6ThreadC1Ev

.gnu.linkonce.t._ZN4obos6Handle13getReferencesEv
                0xc010c24a        0xe load address 0x0010c24a
 .gnu.linkonce.t._ZN4obos6Handle13getReferencesEv
                0xc010c24a        0xe src/oboskrnl/CMakeFiles/oboskrnl.dir/multitasking/threadHandle.cpp.o
                0xc010c24a                _ZN4obos6Handle13getReferencesEv

.gnu.linkonce.t._ZN4obos6HandleD2Ev
                0xc010c258       0x10 load address 0x0010c258
 .gnu.linkonce.t._ZN4obos6HandleD2Ev
                0xc010c258       0x10 src/oboskrnl/CMakeFiles/oboskrnl.dir/multitasking/threadHandle.cpp.o
                0xc010c258                _ZN4obos6HandleD2Ev

.gnu.linkonce.t._ZN4obos12multitasking12ThreadHandleD1Ev
                0xc010c268       0x30 load address 0x0010c268
 .gnu.linkonce.t._ZN4obos12multitasking12ThreadHandleD1Ev
                0xc010c268       0x30 src/oboskrnl/CMakeFiles/oboskrnl.dir/multitasking/threadHandle.cpp.o
                0xc010c268                _ZN4obos12multitasking12ThreadHandleD1Ev

.gnu.linkonce.t._ZN4obos12multitasking12ThreadHandleD0Ev
                0xc010c298       0x26 load address 0x0010c298
 .gnu.linkonce.t._ZN4obos12multitasking12ThreadHandleD0Ev
                0xc010c298       0x26 src/oboskrnl/CMakeFiles/oboskrnl.dir/multitasking/threadHandle.cpp.o
                0xc010c298                _ZN4obos12multitasking12ThreadHandleD0Ev

.gnu.linkonce.t._ZN4obos6HandleC2Ev
                0xc010c2be       0x2e load address 0x0010c2be
 .gnu.linkonce.t._ZN4obos6HandleC2Ev
                0xc010c2be       0x2e src/oboskrnl/CMakeFiles/oboskrnl.dir/multitasking/threadHandle.cpp.o
                0xc010c2be                _ZN4obos6HandleC2Ev

.gnu.linkonce.t._ZN4obos12multitasking5MutexC1Ev
                0xc010c2ec       0x1d load address 0x0010c2ec
 .gnu.linkonce.t._ZN4obos12multitasking5MutexC1Ev
                0xc010c2ec       0x1d src/oboskrnl/CMakeFiles/oboskrnl.dir/multitasking/mutex/mutexHandle.cpp.o
                0xc010c2ec                _ZN4obos12multitasking5MutexC1Ev

.rodata         0xc010d000     0x161c load address 0x0010d000
 *(.rodata)
 .rodata        0xc010d000      0x5b1 src/oboskrnl/CMakeFiles/oboskrnl.dir/boot/kmain.cpp.o
 *fill*         0xc010d5b1        0x3 
 .rodata        0xc010d5b4       0x8c src/oboskrnl/CMakeFiles/oboskrnl.dir/console.cpp.o
 .rodata        0xc010d640      0x8e1 src/oboskrnl/CMakeFiles/oboskrnl.dir/klog.cpp.o
 *fill*         0xc010df21        0x3 
 .rodata        0xc010df24      0x400 src/oboskrnl/CMakeFiles/oboskrnl.dir/inline-asm.cpp.o
 .rodata        0xc010e324       0x93 src/oboskrnl/CMakeFiles/oboskrnl.dir/memory_manager/physical.cpp.o
 *fill*         0xc010e3b7        0x1 
 .rodata        0xc010e3b8        0x8 src/oboskrnl/CMakeFiles/oboskrnl.dir/memory_manager/paging/init.cpp.o
 .rodata        0xc010e3c0        0x8 src/oboskrnl/CMakeFiles/oboskrnl.dir/memory_manager/paging/allocate.cpp.o
 .rodata        0xc010e3c8       0x9f src/oboskrnl/CMakeFiles/oboskrnl.dir/multitasking/multitasking.cpp.o
 *fill*         0xc010e467        0x1 
 .rodata        0xc010e468       0x9f src/oboskrnl/CMakeFiles/oboskrnl.dir/multitasking/threadHandle.cpp.o
 *fill*         0xc010e507        0x1 
 .rodata        0xc010e508       0x9f src/oboskrnl/CMakeFiles/oboskrnl.dir/multitasking/thread.cpp.o
 *fill*         0xc010e5a7        0x1 
 .rodata        0xc010e5a8       0x48 src/oboskrnl/CMakeFiles/oboskrnl.dir/elf/elf.cpp.o
 .rodata        0xc010e5f0       0x2c src/oboskrnl/CMakeFiles/oboskrnl.dir/driver_api/syscalls.cpp.o
                0xc010e61c                        _ZN4obos6memory9__erodataE = .

.eh_frame       0xc010e61c       0x74 load address 0x0010e61c
 .eh_frame      0xc010e61c        0x0 /home/omar/opt/cross/lib/gcc/i686-elf/11.4.0/crtbegin.o
 .eh_frame      0xc010e61c        0x0 /home/omar/opt/cross/lib/gcc/i686-elf/11.4.0/crtend.o
                                  0x4 (size before relaxing)
 .eh_frame      0xc010e61c       0x74 /home/omar/opt/cross/lib/gcc/i686-elf/11.4.0/libgcc.a(_umoddi3.o)

.gnu.linkonce.r._ZTVN4obos5utils8BitfieldE
                0xc010e690       0x30 load address 0x0010e690
 .gnu.linkonce.r._ZTVN4obos5utils8BitfieldE
                0xc010e690       0x30 src/oboskrnl/CMakeFiles/oboskrnl.dir/utils/bitfields.cpp.o
                0xc010e690                _ZTVN4obos5utils8BitfieldE

.gnu.linkonce.r._ZTVN4obos5utils12BitfieldBaseE
                0xc010e6c0       0x20 load address 0x0010e6c0
 .gnu.linkonce.r._ZTVN4obos5utils12BitfieldBaseE
                0xc010e6c0       0x20 src/oboskrnl/CMakeFiles/oboskrnl.dir/utils/bitfields.cpp.o
                0xc010e6c0                _ZTVN4obos5utils12BitfieldBaseE

.gnu.linkonce.r._ZTVN4obos5utils15IntegerBitfieldE
                0xc010e6e0       0x30 load address 0x0010e6e0
 .gnu.linkonce.r._ZTVN4obos5utils15IntegerBitfieldE
                0xc010e6e0       0x30 src/oboskrnl/CMakeFiles/oboskrnl.dir/utils/bitfields.cpp.o
                0xc010e6e0                _ZTVN4obos5utils15IntegerBitfieldE

.gnu.linkonce.r._ZTVN4obos12multitasking6ThreadE
                0xc010e710       0x10 load address 0x0010e710
 .gnu.linkonce.r._ZTVN4obos12multitasking6ThreadE
                0xc010e710       0x10 src/oboskrnl/CMakeFiles/oboskrnl.dir/multitasking/multitasking.cpp.o
                0xc010e710                _ZTVN4obos12multitasking6ThreadE

.gnu.linkonce.r._ZTVN4obos12multitasking12ThreadHandleE
                0xc010e720       0x18 load address 0x0010e720
 .gnu.linkonce.r._ZTVN4obos12multitasking12ThreadHandleE
                0xc010e720       0x18 src/oboskrnl/CMakeFiles/oboskrnl.dir/multitasking/threadHandle.cpp.o
                0xc010e720                _ZTVN4obos12multitasking12ThreadHandleE

.gnu.linkonce.r._ZTVN4obos6HandleE
                0xc010e738       0x18 load address 0x0010e738
 .gnu.linkonce.r._ZTVN4obos6HandleE
                0xc010e738       0x18 src/oboskrnl/CMakeFiles/oboskrnl.dir/multitasking/threadHandle.cpp.o
                0xc010e738                _ZTVN4obos6HandleE

.gnu.linkonce.r._ZTVN4obos12multitasking11MutexHandleE
                0xc010e750       0x18 load address 0x0010e750
 .gnu.linkonce.r._ZTVN4obos12multitasking11MutexHandleE
                0xc010e750       0x18 src/oboskrnl/CMakeFiles/oboskrnl.dir/multitasking/mutex/mutexHandle.cpp.o
                0xc010e750                _ZTVN4obos12multitasking11MutexHandleE

.rel.dyn        0xc010e768        0x0 load address 0x0010e768
 .rel.got       0xc010e768        0x0 /tmp/ccqPIxqU.o
 .rel.iplt      0xc010e768        0x0 /tmp/ccqPIxqU.o
 .rel.text      0xc010e768        0x0 /tmp/ccqPIxqU.o
 .rel.gnu.linkonce.t._ZN4obos12multitasking6ThreadD1Ev
                0xc010e768        0x0 /tmp/ccqPIxqU.o
 .rel.gnu.linkonce.t._ZN4obos12multitasking6ThreadD0Ev
                0xc010e768        0x0 /tmp/ccqPIxqU.o
 .rel.gnu.linkonce.t._ZN4obos12multitasking6ThreadC1Ev
                0xc010e768        0x0 /tmp/ccqPIxqU.o
 .rel.gnu.linkonce.r._ZTVN4obos12multitasking6ThreadE
                0xc010e768        0x0 /tmp/ccqPIxqU.o
 .rel.gnu.linkonce.t._ZN4obos6HandleD2Ev
                0xc010e768        0x0 /tmp/ccqPIxqU.o
 .rel.gnu.linkonce.t._ZN4obos12multitasking12ThreadHandleD1Ev
                0xc010e768        0x0 /tmp/ccqPIxqU.o
 .rel.gnu.linkonce.t._ZN4obos12multitasking12ThreadHandleD0Ev
                0xc010e768        0x0 /tmp/ccqPIxqU.o
 .rel.gnu.linkonce.t._ZN4obos6HandleC2Ev
                0xc010e768        0x0 /tmp/ccqPIxqU.o
 .rel.gnu.linkonce.r._ZTVN4obos12multitasking12ThreadHandleE
                0xc010e768        0x0 /tmp/ccqPIxqU.o

.data           0xc010f000      0x428 load address 0x0010f000
 *(.data)
 .data          0xc010f000        0x0 /tmp/ccqPIxqU.o
 .data          0xc010f000        0x4 /home/omar/opt/cross/lib/gcc/i686-elf/11.4.0/crtbegin.o
                0xc010f000                __dso_handle
 .data          0xc010f004        0x0 /home/omar/opt/cross/lib/gcc/i686-elf/11.4.0/crtend.o
 .data          0xc010f004        0x0 /tmp/ccXkfDZo.o
 .data          0xc010f004      0x400 src/oboskrnl/CMakeFiles/oboskrnl.dir/descriptors/idt/handlers.asm.o
                0xc010f004                _ZN4obos19g_interruptHandlersE
 .data          0xc010f404        0x8 src/oboskrnl/CMakeFiles/oboskrnl.dir/multitasking/multitasking.asm.o
 .data          0xc010f40c        0x0 src/oboskrnl/CMakeFiles/oboskrnl.dir/boot/kmain.cpp.o
 .data          0xc010f40c        0x0 src/oboskrnl/CMakeFiles/oboskrnl.dir/console.cpp.o
 .data          0xc010f40c        0x8 src/oboskrnl/CMakeFiles/oboskrnl.dir/klog.cpp.o
 .data          0xc010f414        0x0 src/oboskrnl/CMakeFiles/oboskrnl.dir/inline-asm.cpp.o
 .data          0xc010f414        0x0 src/oboskrnl/CMakeFiles/oboskrnl.dir/descriptors/gdt/gdt.cpp.o
 .data          0xc010f414        0x0 src/oboskrnl/CMakeFiles/oboskrnl.dir/descriptors/idt/idt.cpp.o
 .data          0xc010f414        0x4 src/oboskrnl/CMakeFiles/oboskrnl.dir/memory_manager/physical.cpp.o
 .data          0xc010f418        0x0 src/oboskrnl/CMakeFiles/oboskrnl.dir/utils/bitfields.cpp.o
 .data          0xc010f418        0x0 src/oboskrnl/CMakeFiles/oboskrnl.dir/descriptors/idt/pic.cpp.o
 .data          0xc010f418        0x0 src/oboskrnl/CMakeFiles/oboskrnl.dir/memory_manager/paging/init.cpp.o
 .data          0xc010f418        0x0 src/oboskrnl/CMakeFiles/oboskrnl.dir/memory_manager/paging/allocate.cpp.o
 .data          0xc010f418        0x0 src/oboskrnl/CMakeFiles/oboskrnl.dir/utils/memory.cpp.o
 .data          0xc010f418        0x0 src/oboskrnl/CMakeFiles/oboskrnl.dir/memory_manager/paging/liballoc_hooks.cpp.o
 .data          0xc010f418        0x8 src/oboskrnl/CMakeFiles/oboskrnl.dir/memory_manager/liballoc/liballoc.c.o
 .data          0xc010f420        0x0 src/oboskrnl/CMakeFiles/oboskrnl.dir/external/list/list_iterator.c.o
 .data          0xc010f420        0x0 src/oboskrnl/CMakeFiles/oboskrnl.dir/external/list/list_node.c.o
 .data          0xc010f420        0x0 src/oboskrnl/CMakeFiles/oboskrnl.dir/external/list/list.c.o
 .data          0xc010f420        0x0 src/oboskrnl/CMakeFiles/oboskrnl.dir/multitasking/multitasking.cpp.o
 .data          0xc010f420        0x0 src/oboskrnl/CMakeFiles/oboskrnl.dir/multitasking/threadHandle.cpp.o
 .data          0xc010f420        0x4 src/oboskrnl/CMakeFiles/oboskrnl.dir/multitasking/thread.cpp.o
                0xc010f420                _ZN4obos12multitasking15g_nextThreadTidE
 .data          0xc010f424        0x0 src/oboskrnl/CMakeFiles/oboskrnl.dir/multitasking/mutex/mutex.cpp.o
 .data          0xc010f424        0x0 src/oboskrnl/CMakeFiles/oboskrnl.dir/multitasking/mutex/mutexHandle.cpp.o
 .data          0xc010f424        0x0 src/oboskrnl/CMakeFiles/oboskrnl.dir/elf/elf.cpp.o
 .data          0xc010f424        0x0 src/oboskrnl/CMakeFiles/oboskrnl.dir/driver_api/interrupts.cpp.o
 .data          0xc010f424        0x4 src/oboskrnl/CMakeFiles/oboskrnl.dir/driver_api/syscalls.cpp.o
                0xc010f424                _ZN4obos9driverAPI27g_registeredDriversCapacityE
 .data          0xc010f428        0x0 /home/omar/opt/cross/lib/gcc/i686-elf/11.4.0/libgcc.a(_umoddi3.o)

.got            0xc010f428        0x0 load address 0x0010f428
 .got           0xc010f428        0x0 /tmp/ccqPIxqU.o

.got.plt        0xc010f428        0x0 load address 0x0010f428
 .got.plt       0xc010f428        0x0 /tmp/ccqPIxqU.o

.igot.plt       0xc010f428        0x0 load address 0x0010f428
 .igot.plt      0xc010f428        0x0 /tmp/ccqPIxqU.o

.ctors          0xc010f428       0x10 load address 0x0010f428
 .ctors         0xc010f428        0x4 /home/omar/opt/cross/lib/gcc/i686-elf/11.4.0/crtbegin.o
 .ctors         0xc010f42c        0x4 /home/omar/opt/cross/lib/gcc/i686-elf/11.4.0/crtend.o
 .ctors         0xc010f430        0x4 src/oboskrnl/CMakeFiles/oboskrnl.dir/boot/kmain.cpp.o
 .ctors         0xc010f434        0x4 src/oboskrnl/CMakeFiles/oboskrnl.dir/console.cpp.o

.dtors          0xc010f438        0x8 load address 0x0010f438
 .dtors         0xc010f438        0x4 /home/omar/opt/cross/lib/gcc/i686-elf/11.4.0/crtbegin.o
 .dtors         0xc010f43c        0x4 /home/omar/opt/cross/lib/gcc/i686-elf/11.4.0/crtend.o
                0xc010f43c                __DTOR_END__

.tm_clone_table
                0xc010f440        0x0 load address 0x0010f440
 .tm_clone_table
                0xc010f440        0x0 /home/omar/opt/cross/lib/gcc/i686-elf/11.4.0/crtbegin.o
 .tm_clone_table
                0xc010f440        0x0 /home/omar/opt/cross/lib/gcc/i686-elf/11.4.0/crtend.o

.bss            0xc0110000    0x2b464 load address 0x00110000
 *(COMMON)
 *(.bss)
 .bss           0xc0110000        0x0 /tmp/ccqPIxqU.o
 .bss           0xc0110000       0x20 /home/omar/opt/cross/lib/gcc/i686-elf/11.4.0/crtbegin.o
 .bss           0xc0110020        0x0 /home/omar/opt/cross/lib/gcc/i686-elf/11.4.0/crtend.o
 .bss           0xc0110020        0x0 /tmp/ccXkfDZo.o
 .bss           0xc0110020      0xc24 src/oboskrnl/CMakeFiles/oboskrnl.dir/boot/kmain.cpp.o
                0xc0110020                _ZN4obos15g_multibootInfoE
                0xc0110024                _ZN4obos15g_pageDirectoryE
                0xc011002c                _ZN4obos16readFromKeyboardE
                0xc0110040                __atexitFuncs
                0xc0110c40                __atexitFuncCount
 .bss           0xc0110c44       0x44 src/oboskrnl/CMakeFiles/oboskrnl.dir/console.cpp.o
                0xc0110c44                _ZN4obos17s_foregroundColorE
                0xc0110c48                _ZN4obos17s_backgroundColorE
                0xc0110c4c                _ZN4obos16s_terminalColumnE
                0xc0110c50                _ZN4obos13s_terminalRowE
                0xc0110c54                _ZN4obos20s_reachedEndTerminalE
                0xc0110c58                _ZN4obos13s_framebufferE
                0xc0110c5c                _ZN4obos12s_backbufferE
                0xc0110c60                _ZN4obos18s_framebufferWidthE
                0xc0110c64                _ZN4obos19s_framebufferHeightE
                0xc0110c68                _ZN4obos16s_nCharsVerticalE
                0xc0110c6c                _ZN4obos18s_nCharsHorizontalE
                0xc0110c70                _ZN4obos4fontE
 .bss           0xc0110c88        0x0 src/oboskrnl/CMakeFiles/oboskrnl.dir/klog.cpp.o
 .bss           0xc0110c88        0x8 src/oboskrnl/CMakeFiles/oboskrnl.dir/inline-asm.cpp.o
 *fill*         0xc0110c90       0x10 
 .bss           0xc0110ca0       0x48 src/oboskrnl/CMakeFiles/oboskrnl.dir/descriptors/gdt/gdt.cpp.o
 *fill*         0xc0110ce8       0x18 
 .bss           0xc0110d00      0x806 src/oboskrnl/CMakeFiles/oboskrnl.dir/descriptors/idt/idt.cpp.o
 *fill*         0xc0111506       0x1a 
 .bss           0xc0111520    0x2000c src/oboskrnl/CMakeFiles/oboskrnl.dir/memory_manager/physical.cpp.o
                0xc0111520                _ZN4obos6memory16g_availablePagesE
                0xc0131520                _ZN4obos6memory20g_physicalMemorySizeE
                0xc0131524                _ZN4obos6memory34g_physicalMemoryManagerInitializedE
 .bss           0xc013152c        0x0 src/oboskrnl/CMakeFiles/oboskrnl.dir/utils/bitfields.cpp.o
 .bss           0xc013152c        0x0 src/oboskrnl/CMakeFiles/oboskrnl.dir/descriptors/idt/pic.cpp.o
 .bss           0xc013152c        0x8 src/oboskrnl/CMakeFiles/oboskrnl.dir/memory_manager/paging/init.cpp.o
                0xc013152c                _ZN4obos6memory15g_enabledPagingE
                0xc0131530                _ZN4obos6memory15g_pageDirectoryE
 *fill*         0xc0131534      0xacc 
 .bss           0xc0132000     0x1000 src/oboskrnl/CMakeFiles/oboskrnl.dir/memory_manager/paging/allocate.cpp.o
                0xc0132000                _ZN4obos6memory15s_lastPageTableE
 .bss           0xc0133000        0x0 src/oboskrnl/CMakeFiles/oboskrnl.dir/utils/memory.cpp.o
 .bss           0xc0133000        0x4 src/oboskrnl/CMakeFiles/oboskrnl.dir/memory_manager/paging/liballoc_hooks.cpp.o
 *fill*         0xc0133004        0x4 
 .bss           0xc0133008       0x30 src/oboskrnl/CMakeFiles/oboskrnl.dir/memory_manager/liballoc/liballoc.c.o
 .bss           0xc0133038        0x0 src/oboskrnl/CMakeFiles/oboskrnl.dir/external/list/list_iterator.c.o
 .bss           0xc0133038        0x0 src/oboskrnl/CMakeFiles/oboskrnl.dir/external/list/list_node.c.o
 .bss           0xc0133038        0x0 src/oboskrnl/CMakeFiles/oboskrnl.dir/external/list/list.c.o
 .bss           0xc0133038       0x19 src/oboskrnl/CMakeFiles/oboskrnl.dir/multitasking/multitasking.cpp.o
                0xc0133038                _ZN4obos12multitasking9g_threadsE
                0xc013303c                _ZN4obos12multitasking20g_threadPriorityListE
                0xc013304c                _ZN4obos12multitasking15g_currentThreadE
                0xc0133050                _ZN4obos12multitasking13g_initializedE
 .bss           0xc0133051        0x0 src/oboskrnl/CMakeFiles/oboskrnl.dir/multitasking/threadHandle.cpp.o
 .bss           0xc0133051        0x0 src/oboskrnl/CMakeFiles/oboskrnl.dir/multitasking/thread.cpp.o
 .bss           0xc0133051        0x0 src/oboskrnl/CMakeFiles/oboskrnl.dir/multitasking/mutex/mutex.cpp.o
 .bss           0xc0133051        0x0 src/oboskrnl/CMakeFiles/oboskrnl.dir/multitasking/mutex/mutexHandle.cpp.o
 .bss           0xc0133051        0x0 src/oboskrnl/CMakeFiles/oboskrnl.dir/elf/elf.cpp.o
 *fill*         0xc0133051        0xf 
 .bss           0xc0133060      0x400 src/oboskrnl/CMakeFiles/oboskrnl.dir/driver_api/interrupts.cpp.o
                0xc0133060                _ZN4obos9driverAPI14g_syscallTableE
 .bss           0xc0133460        0x4 src/oboskrnl/CMakeFiles/oboskrnl.dir/driver_api/syscalls.cpp.o
                0xc0133460                _ZN4obos9driverAPI19g_registeredDriversE
 .bss           0xc0133464        0x0 /home/omar/opt/cross/lib/gcc/i686-elf/11.4.0/libgcc.a(_umoddi3.o)
 *(.bootstrap_stack)
 .bootstrap_stack
                0xc0133464     0x8000 src/oboskrnl/CMakeFiles/oboskrnl.dir/boot/kernel_bootstrap-i686.asm.o
                0xc0133464                _ZN4obos12stack_bottomE
                0xc0137464                _ZN4obos9stack_topE
                0xc0137464                _ZN4obos15thrstack_bottomE
                0xc013b464                _ZN4obos12thrstack_topE
                0xc013b464                        _kernel_end = .
                0x00400000                        _ZN4obos6memory8endImageE = 0x400000
                0xe0000000                        _ZN4obos6memory9endKernelE = 0xe0000000
OUTPUT(/mnt/c/Code/obos/out/oboskrnl elf32-i386)

.comment        0x00000000       0x12
 .comment       0x00000000       0x12 /home/omar/opt/cross/lib/gcc/i686-elf/11.4.0/crtbegin.o
                                 0x13 (size before relaxing)
 .comment       0x00000012       0x13 /home/omar/opt/cross/lib/gcc/i686-elf/11.4.0/crtend.o
 .comment       0x00000012       0x13 src/oboskrnl/CMakeFiles/oboskrnl.dir/boot/kmain.cpp.o
 .comment       0x00000012       0x13 src/oboskrnl/CMakeFiles/oboskrnl.dir/console.cpp.o
 .comment       0x00000012       0x13 src/oboskrnl/CMakeFiles/oboskrnl.dir/klog.cpp.o
 .comment       0x00000012       0x13 src/oboskrnl/CMakeFiles/oboskrnl.dir/inline-asm.cpp.o
 .comment       0x00000012       0x13 src/oboskrnl/CMakeFiles/oboskrnl.dir/descriptors/gdt/gdt.cpp.o
 .comment       0x00000012       0x13 src/oboskrnl/CMakeFiles/oboskrnl.dir/descriptors/idt/idt.cpp.o
 .comment       0x00000012       0x13 src/oboskrnl/CMakeFiles/oboskrnl.dir/memory_manager/physical.cpp.o
 .comment       0x00000012       0x13 src/oboskrnl/CMakeFiles/oboskrnl.dir/utils/bitfields.cpp.o
 .comment       0x00000012       0x13 src/oboskrnl/CMakeFiles/oboskrnl.dir/descriptors/idt/pic.cpp.o
 .comment       0x00000012       0x13 src/oboskrnl/CMakeFiles/oboskrnl.dir/memory_manager/paging/init.cpp.o
 .comment       0x00000012       0x13 src/oboskrnl/CMakeFiles/oboskrnl.dir/memory_manager/paging/allocate.cpp.o
 .comment       0x00000012       0x13 src/oboskrnl/CMakeFiles/oboskrnl.dir/utils/memory.cpp.o
 .comment       0x00000012       0x13 src/oboskrnl/CMakeFiles/oboskrnl.dir/memory_manager/paging/liballoc_hooks.cpp.o
 .comment       0x00000012       0x13 src/oboskrnl/CMakeFiles/oboskrnl.dir/memory_manager/liballoc/liballoc.c.o
 .comment       0x00000012       0x13 src/oboskrnl/CMakeFiles/oboskrnl.dir/external/list/list_iterator.c.o
 .comment       0x00000012       0x13 src/oboskrnl/CMakeFiles/oboskrnl.dir/external/list/list_node.c.o
 .comment       0x00000012       0x13 src/oboskrnl/CMakeFiles/oboskrnl.dir/external/list/list.c.o
 .comment       0x00000012       0x13 src/oboskrnl/CMakeFiles/oboskrnl.dir/multitasking/multitasking.cpp.o
 .comment       0x00000012       0x13 src/oboskrnl/CMakeFiles/oboskrnl.dir/multitasking/threadHandle.cpp.o
 .comment       0x00000012       0x13 src/oboskrnl/CMakeFiles/oboskrnl.dir/multitasking/thread.cpp.o
 .comment       0x00000012       0x13 src/oboskrnl/CMakeFiles/oboskrnl.dir/multitasking/mutex/mutex.cpp.o
 .comment       0x00000012       0x13 src/oboskrnl/CMakeFiles/oboskrnl.dir/multitasking/mutex/mutexHandle.cpp.o
 .comment       0x00000012       0x13 src/oboskrnl/CMakeFiles/oboskrnl.dir/elf/elf.cpp.o
 .comment       0x00000012       0x13 src/oboskrnl/CMakeFiles/oboskrnl.dir/driver_api/interrupts.cpp.o
 .comment       0x00000012       0x13 src/oboskrnl/CMakeFiles/oboskrnl.dir/driver_api/syscalls.cpp.o
 .comment       0x00000012       0x13 /home/omar/opt/cross/lib/gcc/i686-elf/11.4.0/libgcc.a(_umoddi3.o)

.debug_aranges  0x00000000      0x4e8
 .debug_aranges
                0x00000000       0x20 src/oboskrnl/CMakeFiles/oboskrnl.dir/boot/kernel_bootstrap-i686.asm.o
 .debug_aranges
                0x00000020       0x20 src/oboskrnl/CMakeFiles/oboskrnl.dir/descriptors/gdt/gdt.asm.o
 .debug_aranges
                0x00000040       0x20 src/oboskrnl/CMakeFiles/oboskrnl.dir/descriptors/idt/idt.asm.o
 .debug_aranges
                0x00000060       0x20 src/oboskrnl/CMakeFiles/oboskrnl.dir/descriptors/idt/handlers.asm.o
 .debug_aranges
                0x00000080       0x20 src/oboskrnl/CMakeFiles/oboskrnl.dir/memory_manager/paging/init.asm.o
 .debug_aranges
                0x000000a0       0x20 src/oboskrnl/CMakeFiles/oboskrnl.dir/multitasking/multitasking.asm.o
 .debug_aranges
                0x000000c0       0x20 src/oboskrnl/CMakeFiles/oboskrnl.dir/utils/memcpy.asm.o
 .debug_aranges
                0x000000e0       0x20 src/oboskrnl/CMakeFiles/oboskrnl.dir/inline-asm.asm.o
 .debug_aranges
                0x00000100       0x20 src/oboskrnl/CMakeFiles/oboskrnl.dir/driver_api/interrupts.asm.o
 .debug_aranges
                0x00000120       0x20 src/oboskrnl/CMakeFiles/oboskrnl.dir/boot/kmain.cpp.o
 .debug_aranges
                0x00000140       0x20 src/oboskrnl/CMakeFiles/oboskrnl.dir/console.cpp.o
 .debug_aranges
                0x00000160       0x20 src/oboskrnl/CMakeFiles/oboskrnl.dir/klog.cpp.o
 .debug_aranges
                0x00000180       0x20 src/oboskrnl/CMakeFiles/oboskrnl.dir/inline-asm.cpp.o
 .debug_aranges
                0x000001a0       0x20 src/oboskrnl/CMakeFiles/oboskrnl.dir/descriptors/gdt/gdt.cpp.o
 .debug_aranges
                0x000001c0       0x20 src/oboskrnl/CMakeFiles/oboskrnl.dir/descriptors/idt/idt.cpp.o
 .debug_aranges
                0x000001e0       0x20 src/oboskrnl/CMakeFiles/oboskrnl.dir/memory_manager/physical.cpp.o
 .debug_aranges
                0x00000200       0x20 src/oboskrnl/CMakeFiles/oboskrnl.dir/utils/bitfields.cpp.o
 .debug_aranges
                0x00000220       0x20 src/oboskrnl/CMakeFiles/oboskrnl.dir/descriptors/idt/pic.cpp.o
 .debug_aranges
                0x00000240       0x20 src/oboskrnl/CMakeFiles/oboskrnl.dir/memory_manager/paging/init.cpp.o
 .debug_aranges
                0x00000260       0x20 src/oboskrnl/CMakeFiles/oboskrnl.dir/memory_manager/paging/allocate.cpp.o
 .debug_aranges
                0x00000280       0x20 src/oboskrnl/CMakeFiles/oboskrnl.dir/utils/memory.cpp.o
 .debug_aranges
                0x000002a0       0x20 src/oboskrnl/CMakeFiles/oboskrnl.dir/memory_manager/paging/liballoc_hooks.cpp.o
 .debug_aranges
                0x000002c0       0x20 src/oboskrnl/CMakeFiles/oboskrnl.dir/memory_manager/liballoc/liballoc.c.o
 .debug_aranges
                0x000002e0       0x20 src/oboskrnl/CMakeFiles/oboskrnl.dir/external/list/list_iterator.c.o
 .debug_aranges
                0x00000300       0x20 src/oboskrnl/CMakeFiles/oboskrnl.dir/external/list/list_node.c.o
 .debug_aranges
                0x00000320       0x20 src/oboskrnl/CMakeFiles/oboskrnl.dir/external/list/list.c.o
 .debug_aranges
                0x00000340       0x38 src/oboskrnl/CMakeFiles/oboskrnl.dir/multitasking/multitasking.cpp.o
 .debug_aranges
                0x00000378       0x60 src/oboskrnl/CMakeFiles/oboskrnl.dir/multitasking/threadHandle.cpp.o
 .debug_aranges
                0x000003d8       0x30 src/oboskrnl/CMakeFiles/oboskrnl.dir/multitasking/thread.cpp.o
 .debug_aranges
                0x00000408       0x20 src/oboskrnl/CMakeFiles/oboskrnl.dir/multitasking/mutex/mutex.cpp.o
 .debug_aranges
                0x00000428       0x40 src/oboskrnl/CMakeFiles/oboskrnl.dir/multitasking/mutex/mutexHandle.cpp.o
 .debug_aranges
                0x00000468       0x20 src/oboskrnl/CMakeFiles/oboskrnl.dir/elf/elf.cpp.o
 .debug_aranges
                0x00000488       0x20 src/oboskrnl/CMakeFiles/oboskrnl.dir/driver_api/interrupts.cpp.o
 .debug_aranges
                0x000004a8       0x20 src/oboskrnl/CMakeFiles/oboskrnl.dir/driver_api/syscalls.cpp.o
 .debug_aranges
                0x000004c8       0x20 /home/omar/opt/cross/lib/gcc/i686-elf/11.4.0/libgcc.a(_umoddi3.o)

.debug_pubnames
                0x00000000        0x0
 .debug_pubnames
                0x00000000        0x0 src/oboskrnl/CMakeFiles/oboskrnl.dir/boot/kernel_bootstrap-i686.asm.o
 .debug_pubnames
                0x00000000        0x0 src/oboskrnl/CMakeFiles/oboskrnl.dir/descriptors/gdt/gdt.asm.o
 .debug_pubnames
                0x00000000        0x0 src/oboskrnl/CMakeFiles/oboskrnl.dir/descriptors/idt/idt.asm.o
 .debug_pubnames
                0x00000000        0x0 src/oboskrnl/CMakeFiles/oboskrnl.dir/descriptors/idt/handlers.asm.o
 .debug_pubnames
                0x00000000        0x0 src/oboskrnl/CMakeFiles/oboskrnl.dir/memory_manager/paging/init.asm.o
 .debug_pubnames
                0x00000000        0x0 src/oboskrnl/CMakeFiles/oboskrnl.dir/multitasking/multitasking.asm.o
 .debug_pubnames
                0x00000000        0x0 src/oboskrnl/CMakeFiles/oboskrnl.dir/utils/memcpy.asm.o
 .debug_pubnames
                0x00000000        0x0 src/oboskrnl/CMakeFiles/oboskrnl.dir/inline-asm.asm.o
 .debug_pubnames
                0x00000000        0x0 src/oboskrnl/CMakeFiles/oboskrnl.dir/driver_api/interrupts.asm.o

.debug_info     0x00000000    0x14f02
 .debug_info    0x00000000       0x71 src/oboskrnl/CMakeFiles/oboskrnl.dir/boot/kernel_bootstrap-i686.asm.o
 .debug_info    0x00000071       0x6a src/oboskrnl/CMakeFiles/oboskrnl.dir/descriptors/gdt/gdt.asm.o
 .debug_info    0x000000db       0x6a src/oboskrnl/CMakeFiles/oboskrnl.dir/descriptors/idt/idt.asm.o
 .debug_info    0x00000145       0x6f src/oboskrnl/CMakeFiles/oboskrnl.dir/descriptors/idt/handlers.asm.o
 .debug_info    0x000001b4       0x71 src/oboskrnl/CMakeFiles/oboskrnl.dir/memory_manager/paging/init.asm.o
 .debug_info    0x00000225       0x70 src/oboskrnl/CMakeFiles/oboskrnl.dir/multitasking/multitasking.asm.o
 .debug_info    0x00000295       0x63 src/oboskrnl/CMakeFiles/oboskrnl.dir/utils/memcpy.asm.o
 .debug_info    0x000002f8       0x61 src/oboskrnl/CMakeFiles/oboskrnl.dir/inline-asm.asm.o
 .debug_info    0x00000359       0x6c src/oboskrnl/CMakeFiles/oboskrnl.dir/driver_api/interrupts.asm.o
 .debug_info    0x000003c5     0x25b8 src/oboskrnl/CMakeFiles/oboskrnl.dir/boot/kmain.cpp.o
 .debug_info    0x0000297d     0x183c src/oboskrnl/CMakeFiles/oboskrnl.dir/console.cpp.o
 .debug_info    0x000041b9     0x1709 src/oboskrnl/CMakeFiles/oboskrnl.dir/klog.cpp.o
 .debug_info    0x000058c2      0x979 src/oboskrnl/CMakeFiles/oboskrnl.dir/inline-asm.cpp.o
 .debug_info    0x0000623b      0x43a src/oboskrnl/CMakeFiles/oboskrnl.dir/descriptors/gdt/gdt.cpp.o
 .debug_info    0x00006675      0x7d1 src/oboskrnl/CMakeFiles/oboskrnl.dir/descriptors/idt/idt.cpp.o
 .debug_info    0x00006e46      0xf63 src/oboskrnl/CMakeFiles/oboskrnl.dir/memory_manager/physical.cpp.o
 .debug_info    0x00007da9      0xdf7 src/oboskrnl/CMakeFiles/oboskrnl.dir/utils/bitfields.cpp.o
 .debug_info    0x00008ba0      0xc78 src/oboskrnl/CMakeFiles/oboskrnl.dir/descriptors/idt/pic.cpp.o
 .debug_info    0x00009818      0xadb src/oboskrnl/CMakeFiles/oboskrnl.dir/memory_manager/paging/init.cpp.o
 .debug_info    0x0000a2f3      0xdb7 src/oboskrnl/CMakeFiles/oboskrnl.dir/memory_manager/paging/allocate.cpp.o
 .debug_info    0x0000b0aa      0x415 src/oboskrnl/CMakeFiles/oboskrnl.dir/utils/memory.cpp.o
 .debug_info    0x0000b4bf      0x63f src/oboskrnl/CMakeFiles/oboskrnl.dir/memory_manager/paging/liballoc_hooks.cpp.o
 .debug_info    0x0000bafe      0x758 src/oboskrnl/CMakeFiles/oboskrnl.dir/memory_manager/liballoc/liballoc.c.o
 .debug_info    0x0000c256      0x3ac src/oboskrnl/CMakeFiles/oboskrnl.dir/external/list/list_iterator.c.o
 .debug_info    0x0000c602      0x19f src/oboskrnl/CMakeFiles/oboskrnl.dir/external/list/list_node.c.o
 .debug_info    0x0000c7a1      0x58e src/oboskrnl/CMakeFiles/oboskrnl.dir/external/list/list.c.o
 .debug_info    0x0000cd2f     0x115b src/oboskrnl/CMakeFiles/oboskrnl.dir/multitasking/multitasking.cpp.o
 .debug_info    0x0000de8a     0x1d2c src/oboskrnl/CMakeFiles/oboskrnl.dir/multitasking/threadHandle.cpp.o
 .debug_info    0x0000fbb6      0xc15 src/oboskrnl/CMakeFiles/oboskrnl.dir/multitasking/thread.cpp.o
 .debug_info    0x000107cb      0xa2f src/oboskrnl/CMakeFiles/oboskrnl.dir/multitasking/mutex/mutex.cpp.o
 .debug_info    0x000111fa      0xf81 src/oboskrnl/CMakeFiles/oboskrnl.dir/multitasking/mutex/mutexHandle.cpp.o
 .debug_info    0x0001217b      0x9e2 src/oboskrnl/CMakeFiles/oboskrnl.dir/elf/elf.cpp.o
 .debug_info    0x00012b5d      0x41e src/oboskrnl/CMakeFiles/oboskrnl.dir/driver_api/interrupts.cpp.o
 .debug_info    0x00012f7b     0x1c44 src/oboskrnl/CMakeFiles/oboskrnl.dir/driver_api/syscalls.cpp.o
 .debug_info    0x00014bbf      0x343 /home/omar/opt/cross/lib/gcc/i686-elf/11.4.0/libgcc.a(_umoddi3.o)

.debug_abbrev   0x00000000     0x4282
 .debug_abbrev  0x00000000       0x1b src/oboskrnl/CMakeFiles/oboskrnl.dir/boot/kernel_bootstrap-i686.asm.o
 .debug_abbrev  0x0000001b       0x1b src/oboskrnl/CMakeFiles/oboskrnl.dir/descriptors/gdt/gdt.asm.o
 .debug_abbrev  0x00000036       0x1b src/oboskrnl/CMakeFiles/oboskrnl.dir/descriptors/idt/idt.asm.o
 .debug_abbrev  0x00000051       0x1b src/oboskrnl/CMakeFiles/oboskrnl.dir/descriptors/idt/handlers.asm.o
 .debug_abbrev  0x0000006c       0x1b src/oboskrnl/CMakeFiles/oboskrnl.dir/memory_manager/paging/init.asm.o
 .debug_abbrev  0x00000087       0x1b src/oboskrnl/CMakeFiles/oboskrnl.dir/multitasking/multitasking.asm.o
 .debug_abbrev  0x000000a2       0x1b src/oboskrnl/CMakeFiles/oboskrnl.dir/utils/memcpy.asm.o
 .debug_abbrev  0x000000bd       0x1b src/oboskrnl/CMakeFiles/oboskrnl.dir/inline-asm.asm.o
 .debug_abbrev  0x000000d8       0x1b src/oboskrnl/CMakeFiles/oboskrnl.dir/driver_api/interrupts.asm.o
 .debug_abbrev  0x000000f3      0x5bc src/oboskrnl/CMakeFiles/oboskrnl.dir/boot/kmain.cpp.o
 .debug_abbrev  0x000006af      0x3af src/oboskrnl/CMakeFiles/oboskrnl.dir/console.cpp.o
 .debug_abbrev  0x00000a5e      0x47f src/oboskrnl/CMakeFiles/oboskrnl.dir/klog.cpp.o
 .debug_abbrev  0x00000edd      0x228 src/oboskrnl/CMakeFiles/oboskrnl.dir/inline-asm.cpp.o
 .debug_abbrev  0x00001105      0x173 src/oboskrnl/CMakeFiles/oboskrnl.dir/descriptors/gdt/gdt.cpp.o
 .debug_abbrev  0x00001278      0x1d8 src/oboskrnl/CMakeFiles/oboskrnl.dir/descriptors/idt/idt.cpp.o
 .debug_abbrev  0x00001450      0x24b src/oboskrnl/CMakeFiles/oboskrnl.dir/memory_manager/physical.cpp.o
 .debug_abbrev  0x0000169b      0x338 src/oboskrnl/CMakeFiles/oboskrnl.dir/utils/bitfields.cpp.o
 .debug_abbrev  0x000019d3      0x231 src/oboskrnl/CMakeFiles/oboskrnl.dir/descriptors/idt/pic.cpp.o
 .debug_abbrev  0x00001c04      0x327 src/oboskrnl/CMakeFiles/oboskrnl.dir/memory_manager/paging/init.cpp.o
 .debug_abbrev  0x00001f2b      0x26e src/oboskrnl/CMakeFiles/oboskrnl.dir/memory_manager/paging/allocate.cpp.o
 .debug_abbrev  0x00002199       0xed src/oboskrnl/CMakeFiles/oboskrnl.dir/utils/memory.cpp.o
 .debug_abbrev  0x00002286      0x1b3 src/oboskrnl/CMakeFiles/oboskrnl.dir/memory_manager/paging/liballoc_hooks.cpp.o
 .debug_abbrev  0x00002439      0x201 src/oboskrnl/CMakeFiles/oboskrnl.dir/memory_manager/liballoc/liballoc.c.o
 .debug_abbrev  0x0000263a      0x175 src/oboskrnl/CMakeFiles/oboskrnl.dir/external/list/list_iterator.c.o
 .debug_abbrev  0x000027af       0xbe src/oboskrnl/CMakeFiles/oboskrnl.dir/external/list/list_node.c.o
 .debug_abbrev  0x0000286d      0x1ae src/oboskrnl/CMakeFiles/oboskrnl.dir/external/list/list.c.o
 .debug_abbrev  0x00002a1b      0x375 src/oboskrnl/CMakeFiles/oboskrnl.dir/multitasking/multitasking.cpp.o
 .debug_abbrev  0x00002d90      0x4b1 src/oboskrnl/CMakeFiles/oboskrnl.dir/multitasking/threadHandle.cpp.o
 .debug_abbrev  0x00003241      0x30d src/oboskrnl/CMakeFiles/oboskrnl.dir/multitasking/thread.cpp.o
 .debug_abbrev  0x0000354e      0x2cc src/oboskrnl/CMakeFiles/oboskrnl.dir/multitasking/mutex/mutex.cpp.o
 .debug_abbrev  0x0000381a      0x30e src/oboskrnl/CMakeFiles/oboskrnl.dir/multitasking/mutex/mutexHandle.cpp.o
 .debug_abbrev  0x00003b28      0x188 src/oboskrnl/CMakeFiles/oboskrnl.dir/elf/elf.cpp.o
 .debug_abbrev  0x00003cb0      0x120 src/oboskrnl/CMakeFiles/oboskrnl.dir/driver_api/interrupts.cpp.o
 .debug_abbrev  0x00003dd0      0x341 src/oboskrnl/CMakeFiles/oboskrnl.dir/driver_api/syscalls.cpp.o
 .debug_abbrev  0x00004111      0x171 /home/omar/opt/cross/lib/gcc/i686-elf/11.4.0/libgcc.a(_umoddi3.o)

.debug_line     0x00000000     0xc58a
 .debug_line    0x00000000       0x7b src/oboskrnl/CMakeFiles/oboskrnl.dir/boot/kernel_bootstrap-i686.asm.o
 .debug_line    0x0000007b       0x71 src/oboskrnl/CMakeFiles/oboskrnl.dir/descriptors/gdt/gdt.asm.o
 .debug_line    0x000000ec       0x6a src/oboskrnl/CMakeFiles/oboskrnl.dir/descriptors/idt/idt.asm.o
 .debug_line    0x00000156      0x14b src/oboskrnl/CMakeFiles/oboskrnl.dir/descriptors/idt/handlers.asm.o
 .debug_line    0x000002a1       0x7b src/oboskrnl/CMakeFiles/oboskrnl.dir/memory_manager/paging/init.asm.o
 .debug_line    0x0000031c       0x7c src/oboskrnl/CMakeFiles/oboskrnl.dir/multitasking/multitasking.asm.o
 .debug_line    0x00000398       0xa0 src/oboskrnl/CMakeFiles/oboskrnl.dir/utils/memcpy.asm.o
 .debug_line    0x00000438       0x62 src/oboskrnl/CMakeFiles/oboskrnl.dir/inline-asm.asm.o
 .debug_line    0x0000049a       0x6e src/oboskrnl/CMakeFiles/oboskrnl.dir/driver_api/interrupts.asm.o
 .debug_line    0x00000508      0xb3a src/oboskrnl/CMakeFiles/oboskrnl.dir/boot/kmain.cpp.o
 .debug_line    0x00001042      0xe41 src/oboskrnl/CMakeFiles/oboskrnl.dir/console.cpp.o
 .debug_line    0x00001e83      0xe6e src/oboskrnl/CMakeFiles/oboskrnl.dir/klog.cpp.o
 .debug_line    0x00002cf1      0xd29 src/oboskrnl/CMakeFiles/oboskrnl.dir/inline-asm.cpp.o
 .debug_line    0x00003a1a      0x22d src/oboskrnl/CMakeFiles/oboskrnl.dir/descriptors/gdt/gdt.cpp.o
 .debug_line    0x00003c47      0x3ed src/oboskrnl/CMakeFiles/oboskrnl.dir/descriptors/idt/idt.cpp.o
 .debug_line    0x00004034      0x9f3 src/oboskrnl/CMakeFiles/oboskrnl.dir/memory_manager/physical.cpp.o
 .debug_line    0x00004a27      0x48d src/oboskrnl/CMakeFiles/oboskrnl.dir/utils/bitfields.cpp.o
 .debug_line    0x00004eb4      0x695 src/oboskrnl/CMakeFiles/oboskrnl.dir/descriptors/idt/pic.cpp.o
 .debug_line    0x00005549      0x56c src/oboskrnl/CMakeFiles/oboskrnl.dir/memory_manager/paging/init.cpp.o
 .debug_line    0x00005ab5      0xc85 src/oboskrnl/CMakeFiles/oboskrnl.dir/memory_manager/paging/allocate.cpp.o
 .debug_line    0x0000673a      0x311 src/oboskrnl/CMakeFiles/oboskrnl.dir/utils/memory.cpp.o
 .debug_line    0x00006a4b      0x399 src/oboskrnl/CMakeFiles/oboskrnl.dir/memory_manager/paging/liballoc_hooks.cpp.o
 .debug_line    0x00006de4     0x10ee src/oboskrnl/CMakeFiles/oboskrnl.dir/memory_manager/liballoc/liballoc.c.o
 .debug_line    0x00007ed2      0x219 src/oboskrnl/CMakeFiles/oboskrnl.dir/external/list/list_iterator.c.o
 .debug_line    0x000080eb      0x17b src/oboskrnl/CMakeFiles/oboskrnl.dir/external/list/list_node.c.o
 .debug_line    0x00008266      0x837 src/oboskrnl/CMakeFiles/oboskrnl.dir/external/list/list.c.o
 .debug_line    0x00008a9d      0x8c7 src/oboskrnl/CMakeFiles/oboskrnl.dir/multitasking/multitasking.cpp.o
 .debug_line    0x00009364     0x11ff src/oboskrnl/CMakeFiles/oboskrnl.dir/multitasking/threadHandle.cpp.o
 .debug_line    0x0000a563      0x473 src/oboskrnl/CMakeFiles/oboskrnl.dir/multitasking/thread.cpp.o
 .debug_line    0x0000a9d6      0x3c5 src/oboskrnl/CMakeFiles/oboskrnl.dir/multitasking/mutex/mutex.cpp.o
 .debug_line    0x0000ad9b      0x4bb src/oboskrnl/CMakeFiles/oboskrnl.dir/multitasking/mutex/mutexHandle.cpp.o
 .debug_line    0x0000b256      0x4ba src/oboskrnl/CMakeFiles/oboskrnl.dir/elf/elf.cpp.o
 .debug_line    0x0000b710      0x201 src/oboskrnl/CMakeFiles/oboskrnl.dir/driver_api/interrupts.cpp.o
 .debug_line    0x0000b911      0xaa4 src/oboskrnl/CMakeFiles/oboskrnl.dir/driver_api/syscalls.cpp.o
 .debug_line    0x0000c3b5      0x1d5 /home/omar/opt/cross/lib/gcc/i686-elf/11.4.0/libgcc.a(_umoddi3.o)

.debug_frame    0x00000000     0x2b88
 .debug_frame   0x00000000        0x0 src/oboskrnl/CMakeFiles/oboskrnl.dir/boot/kernel_bootstrap-i686.asm.o
 .debug_frame   0x00000000        0x0 src/oboskrnl/CMakeFiles/oboskrnl.dir/descriptors/gdt/gdt.asm.o
 .debug_frame   0x00000000        0x0 src/oboskrnl/CMakeFiles/oboskrnl.dir/descriptors/idt/idt.asm.o
 .debug_frame   0x00000000        0x0 src/oboskrnl/CMakeFiles/oboskrnl.dir/descriptors/idt/handlers.asm.o
 .debug_frame   0x00000000        0x0 src/oboskrnl/CMakeFiles/oboskrnl.dir/memory_manager/paging/init.asm.o
 .debug_frame   0x00000000        0x0 src/oboskrnl/CMakeFiles/oboskrnl.dir/multitasking/multitasking.asm.o
 .debug_frame   0x00000000        0x0 src/oboskrnl/CMakeFiles/oboskrnl.dir/utils/memcpy.asm.o
 .debug_frame   0x00000000        0x0 src/oboskrnl/CMakeFiles/oboskrnl.dir/inline-asm.asm.o
 .debug_frame   0x00000000        0x0 src/oboskrnl/CMakeFiles/oboskrnl.dir/driver_api/interrupts.asm.o
 .debug_frame   0x00000000      0x25c src/oboskrnl/CMakeFiles/oboskrnl.dir/boot/kmain.cpp.o
 .debug_frame   0x0000025c      0x360 src/oboskrnl/CMakeFiles/oboskrnl.dir/console.cpp.o
 .debug_frame   0x000005bc      0x310 src/oboskrnl/CMakeFiles/oboskrnl.dir/klog.cpp.o
 .debug_frame   0x000008cc      0x1f8 src/oboskrnl/CMakeFiles/oboskrnl.dir/inline-asm.cpp.o
 .debug_frame   0x00000ac4       0x6c src/oboskrnl/CMakeFiles/oboskrnl.dir/descriptors/gdt/gdt.cpp.o
 .debug_frame   0x00000b30       0x98 src/oboskrnl/CMakeFiles/oboskrnl.dir/descriptors/idt/idt.cpp.o
 .debug_frame   0x00000bc8      0x12c src/oboskrnl/CMakeFiles/oboskrnl.dir/memory_manager/physical.cpp.o
 .debug_frame   0x00000cf4      0x3ac src/oboskrnl/CMakeFiles/oboskrnl.dir/utils/bitfields.cpp.o
 .debug_frame   0x000010a0      0x300 src/oboskrnl/CMakeFiles/oboskrnl.dir/descriptors/idt/pic.cpp.o
 .debug_frame   0x000013a0      0x22c src/oboskrnl/CMakeFiles/oboskrnl.dir/memory_manager/paging/init.cpp.o
 .debug_frame   0x000015cc      0x188 src/oboskrnl/CMakeFiles/oboskrnl.dir/memory_manager/paging/allocate.cpp.o
 .debug_frame   0x00001754       0x98 src/oboskrnl/CMakeFiles/oboskrnl.dir/utils/memory.cpp.o
 .debug_frame   0x000017ec      0x27c src/oboskrnl/CMakeFiles/oboskrnl.dir/memory_manager/paging/liballoc_hooks.cpp.o
 .debug_frame   0x00001a68      0x160 src/oboskrnl/CMakeFiles/oboskrnl.dir/memory_manager/liballoc/liballoc.c.o
 .debug_frame   0x00001bc8       0xc4 src/oboskrnl/CMakeFiles/oboskrnl.dir/external/list/list_iterator.c.o
 .debug_frame   0x00001c8c       0x40 src/oboskrnl/CMakeFiles/oboskrnl.dir/external/list/list_node.c.o
 .debug_frame   0x00001ccc      0x1a0 src/oboskrnl/CMakeFiles/oboskrnl.dir/external/list/list.c.o
 .debug_frame   0x00001e6c      0x164 src/oboskrnl/CMakeFiles/oboskrnl.dir/multitasking/multitasking.cpp.o
 .debug_frame   0x00001fd0      0x508 src/oboskrnl/CMakeFiles/oboskrnl.dir/multitasking/threadHandle.cpp.o
 .debug_frame   0x000024d8       0xc4 src/oboskrnl/CMakeFiles/oboskrnl.dir/multitasking/thread.cpp.o
 .debug_frame   0x0000259c       0xc4 src/oboskrnl/CMakeFiles/oboskrnl.dir/multitasking/mutex/mutex.cpp.o
 .debug_frame   0x00002660      0x200 src/oboskrnl/CMakeFiles/oboskrnl.dir/multitasking/mutex/mutexHandle.cpp.o
 .debug_frame   0x00002860       0x6c src/oboskrnl/CMakeFiles/oboskrnl.dir/elf/elf.cpp.o
 .debug_frame   0x000028cc       0xc4 src/oboskrnl/CMakeFiles/oboskrnl.dir/driver_api/interrupts.cpp.o
 .debug_frame   0x00002990      0x1f8 src/oboskrnl/CMakeFiles/oboskrnl.dir/driver_api/syscalls.cpp.o

.debug_loc      0x00000000        0x0
 .debug_loc     0x00000000        0x0 src/oboskrnl/CMakeFiles/oboskrnl.dir/boot/kernel_bootstrap-i686.asm.o
 .debug_loc     0x00000000        0x0 src/oboskrnl/CMakeFiles/oboskrnl.dir/descriptors/gdt/gdt.asm.o
 .debug_loc     0x00000000        0x0 src/oboskrnl/CMakeFiles/oboskrnl.dir/descriptors/idt/idt.asm.o
 .debug_loc     0x00000000        0x0 src/oboskrnl/CMakeFiles/oboskrnl.dir/descriptors/idt/handlers.asm.o
 .debug_loc     0x00000000        0x0 src/oboskrnl/CMakeFiles/oboskrnl.dir/memory_manager/paging/init.asm.o
 .debug_loc     0x00000000        0x0 src/oboskrnl/CMakeFiles/oboskrnl.dir/multitasking/multitasking.asm.o
 .debug_loc     0x00000000        0x0 src/oboskrnl/CMakeFiles/oboskrnl.dir/utils/memcpy.asm.o
 .debug_loc     0x00000000        0x0 src/oboskrnl/CMakeFiles/oboskrnl.dir/inline-asm.asm.o
 .debug_loc     0x00000000        0x0 src/oboskrnl/CMakeFiles/oboskrnl.dir/driver_api/interrupts.asm.o

.debug_str      0x00000000      0x5da
 .debug_str     0x00000000       0x47 src/oboskrnl/CMakeFiles/oboskrnl.dir/boot/kmain.cpp.o
 .debug_str     0x00000047       0x52 src/oboskrnl/CMakeFiles/oboskrnl.dir/console.cpp.o
 .debug_str     0x00000099       0xbe src/oboskrnl/CMakeFiles/oboskrnl.dir/klog.cpp.o
 .debug_str     0x00000157        0x0 src/oboskrnl/CMakeFiles/oboskrnl.dir/inline-asm.cpp.o
 .debug_str     0x00000157        0x9 src/oboskrnl/CMakeFiles/oboskrnl.dir/descriptors/gdt/gdt.cpp.o
 .debug_str     0x00000160        0x9 src/oboskrnl/CMakeFiles/oboskrnl.dir/descriptors/idt/idt.cpp.o
 .debug_str     0x00000169        0xe src/oboskrnl/CMakeFiles/oboskrnl.dir/memory_manager/physical.cpp.o
 .debug_str     0x00000177       0x5e src/oboskrnl/CMakeFiles/oboskrnl.dir/utils/bitfields.cpp.o
 .debug_str     0x000001d5       0x39 src/oboskrnl/CMakeFiles/oboskrnl.dir/descriptors/idt/pic.cpp.o
 .debug_str     0x0000020e       0x1d src/oboskrnl/CMakeFiles/oboskrnl.dir/memory_manager/paging/init.cpp.o
 .debug_str     0x0000022b       0x3d src/oboskrnl/CMakeFiles/oboskrnl.dir/memory_manager/paging/allocate.cpp.o
 .debug_str     0x00000268        0x0 src/oboskrnl/CMakeFiles/oboskrnl.dir/utils/memory.cpp.o
 .debug_str     0x00000268       0x46 src/oboskrnl/CMakeFiles/oboskrnl.dir/memory_manager/paging/liballoc_hooks.cpp.o
 .debug_str     0x000002ae       0x26 src/oboskrnl/CMakeFiles/oboskrnl.dir/memory_manager/liballoc/liballoc.c.o
 .debug_str     0x000002d4        0xa src/oboskrnl/CMakeFiles/oboskrnl.dir/external/list/list_iterator.c.o
 .debug_str     0x000002de        0x0 src/oboskrnl/CMakeFiles/oboskrnl.dir/external/list/list_node.c.o
 .debug_str     0x000002de       0x14 src/oboskrnl/CMakeFiles/oboskrnl.dir/external/list/list.c.o
 .debug_str     0x000002f2        0x7 src/oboskrnl/CMakeFiles/oboskrnl.dir/multitasking/multitasking.cpp.o
 .debug_str     0x000002f9       0x87 src/oboskrnl/CMakeFiles/oboskrnl.dir/multitasking/threadHandle.cpp.o
 .debug_str     0x00000380       0x3b src/oboskrnl/CMakeFiles/oboskrnl.dir/multitasking/thread.cpp.o
 .debug_str     0x000003bb        0x7 src/oboskrnl/CMakeFiles/oboskrnl.dir/multitasking/mutex/mutex.cpp.o
 .debug_str     0x000003c2       0x3f src/oboskrnl/CMakeFiles/oboskrnl.dir/multitasking/mutex/mutexHandle.cpp.o
 .debug_str     0x00000401       0x23 src/oboskrnl/CMakeFiles/oboskrnl.dir/elf/elf.cpp.o
 .debug_str     0x00000424        0x0 src/oboskrnl/CMakeFiles/oboskrnl.dir/driver_api/interrupts.cpp.o
 .debug_str     0x00000424       0x3d src/oboskrnl/CMakeFiles/oboskrnl.dir/driver_api/syscalls.cpp.o
 .debug_str     0x00000461      0x179 /home/omar/opt/cross/lib/gcc/i686-elf/11.4.0/libgcc.a(_umoddi3.o)
                                0x1e3 (size before relaxing)

.debug_rnglists
                0x00000000      0x1cd
 .debug_rnglists
                0x00000000       0x1f src/oboskrnl/CMakeFiles/oboskrnl.dir/klog.cpp.o
 .debug_rnglists
                0x0000001f       0x1f src/oboskrnl/CMakeFiles/oboskrnl.dir/memory_manager/paging/allocate.cpp.o
 .debug_rnglists
                0x0000003e       0x44 src/oboskrnl/CMakeFiles/oboskrnl.dir/multitasking/multitasking.cpp.o
 .debug_rnglists
                0x00000082       0x5e src/oboskrnl/CMakeFiles/oboskrnl.dir/multitasking/threadHandle.cpp.o
 .debug_rnglists
                0x000000e0       0x28 src/oboskrnl/CMakeFiles/oboskrnl.dir/multitasking/thread.cpp.o
 .debug_rnglists
                0x00000108       0x3a src/oboskrnl/CMakeFiles/oboskrnl.dir/multitasking/mutex/mutexHandle.cpp.o
 .debug_rnglists
                0x00000142       0x6b src/oboskrnl/CMakeFiles/oboskrnl.dir/driver_api/syscalls.cpp.o
 .debug_rnglists
                0x000001ad       0x20 /home/omar/opt/cross/lib/gcc/i686-elf/11.4.0/libgcc.a(_umoddi3.o)

.debug_loclists
                0x00000000      0x495
 .debug_loclists
                0x00000000      0x495 /home/omar/opt/cross/lib/gcc/i686-elf/11.4.0/libgcc.a(_umoddi3.o)

.debug_line_str
                0x00000000       0x93
 .debug_line_str
                0x00000000       0x93 /home/omar/opt/cross/lib/gcc/i686-elf/11.4.0/libgcc.a(_umoddi3.o)
                                 0xf0 (size before relaxing)
