Archive member included to satisfy reference by file (symbol)

/home/omar/opt/cross/lib/gcc/i686-elf/11.4.0/libgcc.a(_umoddi3.o)
                              src/oboskrnl/CMakeFiles/oboskrnl.dir/klog.cpp.o (__umoddi3)

Discarded input sections

 .gnu.linkonce.t._ZN4obos6HandleD2Ev
                0x00000000       0x10 src/oboskrnl/CMakeFiles/oboskrnl.dir/multitasking/threadHandle.cpp.o
 .gnu.linkonce.t._ZN4obos12multitasking6ThreadD1Ev
                0x00000000       0x3b src/oboskrnl/CMakeFiles/oboskrnl.dir/multitasking/threadHandle.cpp.o
 .gnu.linkonce.t._ZN4obos12multitasking6ThreadD0Ev
                0x00000000       0x26 src/oboskrnl/CMakeFiles/oboskrnl.dir/multitasking/threadHandle.cpp.o
 .gnu.linkonce.t._ZN4obos12multitasking12ThreadHandleD1Ev
                0x00000000       0x30 src/oboskrnl/CMakeFiles/oboskrnl.dir/multitasking/threadHandle.cpp.o
 .gnu.linkonce.t._ZN4obos12multitasking6ThreadC1Ev
                0x00000000       0x92 src/oboskrnl/CMakeFiles/oboskrnl.dir/multitasking/threadHandle.cpp.o
 .gnu.linkonce.r._ZTVN4obos12multitasking6ThreadE
                0x00000000       0x10 src/oboskrnl/CMakeFiles/oboskrnl.dir/multitasking/threadHandle.cpp.o
 .gnu.linkonce.r._ZTVN4obos6HandleE
                0x00000000       0x18 src/oboskrnl/CMakeFiles/oboskrnl.dir/multitasking/threadHandle.cpp.o
 .gnu.linkonce.t._ZN4obos12multitasking6ThreadD1Ev
                0x00000000       0x3b src/oboskrnl/CMakeFiles/oboskrnl.dir/multitasking/thread.cpp.o
 .gnu.linkonce.t._ZN4obos12multitasking6ThreadD0Ev
                0x00000000       0x26 src/oboskrnl/CMakeFiles/oboskrnl.dir/multitasking/thread.cpp.o
 .gnu.linkonce.r._ZTVN4obos12multitasking6ThreadE
                0x00000000       0x10 src/oboskrnl/CMakeFiles/oboskrnl.dir/multitasking/thread.cpp.o
 .gnu.linkonce.t._ZN4obos6Handle13getReferencesEv
                0x00000000        0xe src/oboskrnl/CMakeFiles/oboskrnl.dir/multitasking/mutex/mutexHandle.cpp.o
 .gnu.linkonce.t._ZN4obos6HandleD2Ev
                0x00000000       0x10 src/oboskrnl/CMakeFiles/oboskrnl.dir/multitasking/mutex/mutexHandle.cpp.o
 .gnu.linkonce.t._ZN4obos6HandleC2Ev
                0x00000000       0x2e src/oboskrnl/CMakeFiles/oboskrnl.dir/multitasking/mutex/mutexHandle.cpp.o
 .gnu.linkonce.r._ZTVN4obos6HandleE
                0x00000000       0x18 src/oboskrnl/CMakeFiles/oboskrnl.dir/multitasking/mutex/mutexHandle.cpp.o
 .gnu.linkonce.t._ZN4obos12multitasking6ThreadD1Ev
                0x00000000       0x3b src/oboskrnl/CMakeFiles/oboskrnl.dir/process/process.cpp.o
 .gnu.linkonce.t._ZN4obos12multitasking6ThreadD0Ev
                0x00000000       0x26 src/oboskrnl/CMakeFiles/oboskrnl.dir/process/process.cpp.o
 .gnu.linkonce.t._ZN4obos6HandleD2Ev
                0x00000000       0x10 src/oboskrnl/CMakeFiles/oboskrnl.dir/process/process.cpp.o
 .gnu.linkonce.t._ZN4obos12multitasking12ThreadHandleD1Ev
                0x00000000       0x30 src/oboskrnl/CMakeFiles/oboskrnl.dir/process/process.cpp.o
 .gnu.linkonce.t._ZN4obos12multitasking12ThreadHandleD0Ev
                0x00000000       0x26 src/oboskrnl/CMakeFiles/oboskrnl.dir/process/process.cpp.o
 .gnu.linkonce.t._ZN4obos12multitasking6ThreadC1Ev
                0x00000000       0x92 src/oboskrnl/CMakeFiles/oboskrnl.dir/process/process.cpp.o
 .gnu.linkonce.r._ZTVN4obos6HandleE
                0x00000000       0x18 src/oboskrnl/CMakeFiles/oboskrnl.dir/process/process.cpp.o
 .gnu.linkonce.r._ZTVN4obos12multitasking6ThreadE
                0x00000000       0x10 src/oboskrnl/CMakeFiles/oboskrnl.dir/process/process.cpp.o

Memory Configuration

Name             Origin             Length             Attributes
*default*        0x00000000         0xffffffff

Linker script and memory map

LOAD /tmp/ccSy4q5x.o
LOAD /home/omar/opt/cross/lib/gcc/i686-elf/11.4.0/crtbegin.o
LOAD /home/omar/opt/cross/lib/gcc/i686-elf/11.4.0/crtend.o
LOAD /tmp/ccMZE5pa.o
LOAD src/oboskrnl/CMakeFiles/oboskrnl.dir/boot/kernel_bootstrap-i686.asm.o
LOAD src/oboskrnl/CMakeFiles/oboskrnl.dir/descriptors/gdt/gdt.asm.o
LOAD src/oboskrnl/CMakeFiles/oboskrnl.dir/descriptors/idt/idt.asm.o
LOAD src/oboskrnl/CMakeFiles/oboskrnl.dir/descriptors/idt/handlers.asm.o
LOAD src/oboskrnl/CMakeFiles/oboskrnl.dir/memory_manager/paging/init.asm.o
LOAD src/oboskrnl/CMakeFiles/oboskrnl.dir/multitasking/multitasking.asm.o
LOAD src/oboskrnl/CMakeFiles/oboskrnl.dir/utils/memcpy.asm.o
LOAD src/oboskrnl/CMakeFiles/oboskrnl.dir/inline-asm.asm.o
LOAD src/oboskrnl/CMakeFiles/oboskrnl.dir/driver_api/interrupts.asm.o
LOAD src/oboskrnl/CMakeFiles/oboskrnl.dir/syscalls/interrupts.asm.o
LOAD src/oboskrnl/CMakeFiles/oboskrnl.dir/boot/kmain.cpp.o
LOAD src/oboskrnl/CMakeFiles/oboskrnl.dir/console.cpp.o
LOAD src/oboskrnl/CMakeFiles/oboskrnl.dir/klog.cpp.o
LOAD src/oboskrnl/CMakeFiles/oboskrnl.dir/inline-asm.cpp.o
LOAD src/oboskrnl/CMakeFiles/oboskrnl.dir/descriptors/gdt/gdt.cpp.o
LOAD src/oboskrnl/CMakeFiles/oboskrnl.dir/descriptors/idt/idt.cpp.o
LOAD src/oboskrnl/CMakeFiles/oboskrnl.dir/memory_manager/physical.cpp.o
LOAD src/oboskrnl/CMakeFiles/oboskrnl.dir/utils/bitfields.cpp.o
LOAD src/oboskrnl/CMakeFiles/oboskrnl.dir/descriptors/idt/pic.cpp.o
LOAD src/oboskrnl/CMakeFiles/oboskrnl.dir/memory_manager/paging/init.cpp.o
LOAD src/oboskrnl/CMakeFiles/oboskrnl.dir/memory_manager/paging/allocate.cpp.o
LOAD src/oboskrnl/CMakeFiles/oboskrnl.dir/utils/memory.cpp.o
LOAD src/oboskrnl/CMakeFiles/oboskrnl.dir/memory_manager/paging/liballoc_hooks.cpp.o
LOAD src/oboskrnl/CMakeFiles/oboskrnl.dir/memory_manager/liballoc/liballoc.c.o
LOAD src/oboskrnl/CMakeFiles/oboskrnl.dir/external/list/list_iterator.c.o
LOAD src/oboskrnl/CMakeFiles/oboskrnl.dir/external/list/list_node.c.o
LOAD src/oboskrnl/CMakeFiles/oboskrnl.dir/external/list/list.c.o
LOAD src/oboskrnl/CMakeFiles/oboskrnl.dir/multitasking/multitasking.cpp.o
LOAD src/oboskrnl/CMakeFiles/oboskrnl.dir/multitasking/threadHandle.cpp.o
LOAD src/oboskrnl/CMakeFiles/oboskrnl.dir/multitasking/thread.cpp.o
LOAD src/oboskrnl/CMakeFiles/oboskrnl.dir/multitasking/mutex/mutex.cpp.o
LOAD src/oboskrnl/CMakeFiles/oboskrnl.dir/multitasking/mutex/mutexHandle.cpp.o
LOAD src/oboskrnl/CMakeFiles/oboskrnl.dir/elf/elf.cpp.o
LOAD src/oboskrnl/CMakeFiles/oboskrnl.dir/driver_api/interrupts.cpp.o
LOAD src/oboskrnl/CMakeFiles/oboskrnl.dir/driver_api/syscalls.cpp.o
LOAD src/oboskrnl/CMakeFiles/oboskrnl.dir/syscalls/syscalls.cpp.o
LOAD src/oboskrnl/CMakeFiles/oboskrnl.dir/process/process.cpp.o
LOAD /home/omar/opt/cross/lib/gcc/i686-elf/11.4.0/libgcc.a
                0x00100000                        . = 0x100000
                0x00100000                        _kernel_start = .

.multiboot.data
                0x00100000     0x3004
 *(.multiboot.data)
 .multiboot.data
                0x00100000     0x3004 src/oboskrnl/CMakeFiles/oboskrnl.dir/boot/kernel_bootstrap-i686.asm.o
                0x00102000                boot_page_directory1

.multiboot.text
                0x00103004       0x63
 *(.multiboot.text)
 .multiboot.text
                0x00103004       0x63 src/oboskrnl/CMakeFiles/oboskrnl.dir/boot/kernel_bootstrap-i686.asm.o
                0x00103004                _start
                0xc0103067                        . = (. + 0xc0000000)

.text           0xc0104000     0x94bd load address 0x00104000
 *(.text)
 .text          0xc0104000        0x0 /tmp/ccSy4q5x.o
 .text          0xc0104000      0x145 /home/omar/opt/cross/lib/gcc/i686-elf/11.4.0/crtbegin.o
 *fill*         0xc0104145        0xb 
 .text          0xc0104150       0x41 /home/omar/opt/cross/lib/gcc/i686-elf/11.4.0/crtend.o
 .text          0xc0104191        0x0 /tmp/ccMZE5pa.o
 *fill*         0xc0104191        0xf 
 .text          0xc01041a0       0x1b src/oboskrnl/CMakeFiles/oboskrnl.dir/boot/kernel_bootstrap-i686.asm.o
                0xc01041ae                _ZN4obos15RestartComputerEv
 *fill*         0xc01041bb        0x5 
 .text          0xc01041c0       0x25 src/oboskrnl/CMakeFiles/oboskrnl.dir/descriptors/gdt/gdt.asm.o
                0xc01041c0                gdtFlush
                0xc01041dd                tssFlush
 *fill*         0xc01041e5        0xb 
 .text          0xc01041f0        0x8 src/oboskrnl/CMakeFiles/oboskrnl.dir/descriptors/idt/idt.asm.o
                0xc01041f0                _ZN4obos8idtFlushEj
 *fill*         0xc01041f8        0x8 
 .text          0xc0104200      0x1cb src/oboskrnl/CMakeFiles/oboskrnl.dir/descriptors/idt/handlers.asm.o
                0xc0104200                isr0
                0xc010420a                isr1
                0xc0104214                isr2
                0xc010421e                isr3
                0xc0104228                isr4
                0xc0104232                isr5
                0xc010423c                isr6
                0xc0104246                isr7
                0xc0104250                isr8
                0xc0104258                isr9
                0xc0104262                isr10
                0xc010426a                isr11
                0xc0104272                isr12
                0xc010427a                isr13
                0xc0104282                isr14
                0xc010428a                isr15
                0xc0104294                isr16
                0xc010429e                isr17
                0xc01042a8                isr18
                0xc01042b2                isr19
                0xc01042bc                isr20
                0xc01042c6                isr21
                0xc01042ce                isr22
                0xc01042d8                isr23
                0xc01042e2                isr24
                0xc01042ec                isr25
                0xc01042f6                isr26
                0xc0104300                isr27
                0xc010430a                isr28
                0xc0104314                isr29
                0xc010431c                isr30
                0xc0104321                isr31
                0xc0104328                isr32
                0xc010432f                isr33
                0xc0104336                isr34
                0xc010433d                isr35
                0xc0104344                isr36
                0xc010434b                isr37
                0xc0104352                isr38
                0xc0104359                isr39
                0xc0104360                isr40
                0xc0104367                isr41
                0xc010436e                isr42
                0xc0104375                isr43
                0xc010437c                isr44
                0xc0104383                isr45
                0xc010438a                isr46
                0xc0104391                isr47
                0xc0104398                isr48
                0xc010439f                isr_common_stub
 *fill*         0xc01043cb        0x5 
 .text          0xc01043d0       0x20 src/oboskrnl/CMakeFiles/oboskrnl.dir/memory_manager/paging/init.asm.o
                0xc01043d0                _ZN4obos6memory13PageDirectory15switchToThisAsmEj
                0xc01043dc                _ZN4obos6memory19GetPageFaultAddressEv
                0xc01043e0                _ZN4obos6memory12enablePagingEv
 .text          0xc01043f0       0x7e src/oboskrnl/CMakeFiles/oboskrnl.dir/multitasking/multitasking.asm.o
                0xc01043f0                _ZN4obos12multitasking15switchToTaskAsmEv
                0xc0104424                _ZN4obos12multitasking20switchToUserModeTaskEv
 *fill*         0xc010446e        0x2 
 .text          0xc0104470       0xa2 src/oboskrnl/CMakeFiles/oboskrnl.dir/utils/memcpy.asm.o
                0xc0104470                _ZN4obos5utils6memcpyEPvPKvj
                0xc010448d                _ZN4obos5utils7memzeroEPvj
                0xc01044a5                _ZN4obos5utils8dwMemsetEPjjj
                0xc01044c1                _ZN4obos5utils8dwMemcpyEPjPKjj
                0xc01044e2                _ZN4obos5utils6memsetEPvjj
                0xc01044fc                _ZN4obos5utils6strlenEPKc
 *fill*         0xc0104512        0xe 
 .text          0xc0104520        0x7 src/oboskrnl/CMakeFiles/oboskrnl.dir/inline-asm.asm.o
                0xc0104520                _Z9getEflagsv
 *fill*         0xc0104527        0x9 
 .text          0xc0104530       0x1f src/oboskrnl/CMakeFiles/oboskrnl.dir/driver_api/interrupts.asm.o
                0xc0104530                isr80
 *fill*         0xc010454f        0x1 
 .text          0xc0104550       0x1f src/oboskrnl/CMakeFiles/oboskrnl.dir/syscalls/interrupts.asm.o
                0xc0104550                isr64
 *fill*         0xc010456f        0x1 
 .text          0xc0104570      0xc15 src/oboskrnl/CMakeFiles/oboskrnl.dir/boot/kmain.cpp.o
                0xc0104570                _ZN4obos9pageFaultEPKNS_15interrupt_frameE
                0xc0104718                _ZN4obos23defaultExceptionHandlerEPKNS_15interrupt_frameE
                0xc0104830                _ZN4obos5kmainEP14multiboot_infoj
                0xc0104a15                _ZN4obos8kmainThrEv
                0xc0104fb8                __cxa_pure_virtual
                0xc0104fd3                __cxa_atexit
                0xc010504b                __cxa_finalize
 .text          0xc0105185      0xac8 src/oboskrnl/CMakeFiles/oboskrnl.dir/console.cpp.o
                0xc01053eb                _ZN4obos17InitializeConsoleEjj
                0xc01055a6                _ZN4obos9SetCursorEb
                0xc01055b5                _ZN4obos15SetConsoleColorEjj
                0xc01055cb                _ZN4obos15GetConsoleColorERjS0_
                0xc0105834                _ZN4obos13ConsoleOutputEPKcjb
                0xc01058b8                _ZN4obos19ConsoleOutputStringEPKcb
                0xc0105943                _ZN4obos15ConsoleFillLineEcb
                0xc01059cd                _ZN4obos22ConsoleOutputCharacterEcb
                0xc0105a36                _ZN4obos25SetTerminalCursorPositionEjj
                0xc0105bb7                _ZN4obos11swapBuffersEv
 *fill*         0xc0105c4d        0x1 
 .text          0xc0105c4e      0x9c5 src/oboskrnl/CMakeFiles/oboskrnl.dir/klog.cpp.o
                0xc0105d09                _Z10strreversePci
                0xc0105d79                _Z13itoa_unsignedjPci
                0xc0105e95                _ZN4obos8_vprintfEPFvhPvES0_PKcPc
                0xc010627d                _ZN4obos6printfEPKcz
                0xc01062a8                _ZN4obos7vprintfEPKcPc
                0xc01062da                _ZN4obos6kpanicEPvPKcz
                0xc0106441                _ZN4obos14printf_noFlushEPKcz
                0xc0106467                _ZN4obos15printStackTraceEPvPKc
                0xc0106536                _ZN4obos4randEv
                0xc010655d                _ZN4obos5srandEj
                0xc0106581                _ZN4obos4poopEv
 .text          0xc0106613      0x81a src/oboskrnl/CMakeFiles/oboskrnl.dir/inline-asm.cpp.o
                0xc0106613                _Z4outbth
                0xc0106634                _Z4outwtt
                0xc0106655                _Z3inbt
                0xc0106672                _Z3inwt
                0xc0106691                _Z7io_waitv
                0xc01066a6                _Z3cliv
                0xc01066ba                _Z3stiv
                0xc01066ce                _Z3hltv
                0xc01066d5                _Z4_inth
                0xc0106d8d                _ZN4obos18EnterKernelSectionEv
                0xc0106dcf                _ZN4obos18LeaveKernelSectionEv
 *fill*         0xc0106e2d        0x1 
 .text          0xc0106e2e      0x219 src/oboskrnl/CMakeFiles/oboskrnl.dir/descriptors/gdt/gdt.cpp.o
                0xc0106e2e                _ZN4obos8GdtEntryC2Ejjhh
                0xc0106e2e                _ZN4obos8GdtEntryC1Ejjhh
                0xc0106ea7                _ZN4obos13InitializeGdtEv
                0xc0107039                _ZN4obos11SetTSSStackEPv
 *fill*         0xc0107047        0x1 
 .text          0xc0107048      0xa42 src/oboskrnl/CMakeFiles/oboskrnl.dir/descriptors/idt/idt.cpp.o
                0xc0107048                _ZN4obos8IdtEntryC2Ejth
                0xc0107048                _ZN4obos8IdtEntryC1Ejth
                0xc010709b                _ZN4obos13InitializeIdtEv
                0xc0107a6d                _ZN4obos24RegisterInterruptHandlerEhPFvPKNS_15interrupt_frameEE
 .text          0xc0107a8a      0x69d src/oboskrnl/CMakeFiles/oboskrnl.dir/memory_manager/physical.cpp.o
                0xc0107b70                _ZN4obos6memory31InitializePhysicalMemoryManagerEv
                0xc0107da7                _ZN4obos6memory20kalloc_physicalPagesEj
                0xc0107ff4                _ZN4obos6memory19kfree_physicalPagesEPvj
 *fill*         0xc0108127        0x1 
 .text          0xc0108128      0x2c2 src/oboskrnl/CMakeFiles/oboskrnl.dir/utils/bitfields.cpp.o
                0xc0108146                _ZN4obos5utils12BitfieldBaseC2Ev
                0xc0108146                _ZN4obos5utils12BitfieldBaseC1Ev
                0xc0108160                _ZN4obos5utils12BitfieldBase6setBitEj
                0xc0108178                _ZN4obos5utils12BitfieldBase8clearBitEj
                0xc0108192                _ZNK4obos5utils12BitfieldBase6getBitEj
                0xc01081a6                _ZNK4obos5utils12BitfieldBaseixEj
                0xc01081c6                _ZN4obos5utils12BitfieldBasecvjEv
                0xc01081d2                _ZN4obos5utils12BitfieldBasecvbEv
                0xc01081e4                _ZN4obos5utils8BitfieldC2Ev
                0xc01081e4                _ZN4obos5utils8BitfieldC1Ev
                0xc0108200                _ZN4obos5utils8Bitfield6setBitEh
                0xc0108236                _ZN4obos5utils8Bitfield8clearBitEh
                0xc010826c                _ZNK4obos5utils8Bitfield6getBitEh
                0xc01082b8                _ZNK4obos5utils8BitfieldixEh
                0xc01082e0                _ZN4obos5utils8BitfieldcvbEv
                0xc01082f2                _ZN4obos5utils15IntegerBitfieldC2Ev
                0xc01082f2                _ZN4obos5utils15IntegerBitfieldC1Ev
                0xc010830e                _ZN4obos5utils15IntegerBitfieldC2Ej
                0xc010830e                _ZN4obos5utils15IntegerBitfieldC1Ej
                0xc0108334                _ZN4obos5utils15IntegerBitfield11setBitfieldEj
                0xc0108343                _ZN4obos5utils16setBitInBitfieldERjh
                0xc0108371                _ZN4obos5utils18clearBitInBitfieldERjh
                0xc01083a1                _ZN4obos5utils17testBitInBitfieldEjh
 .text          0xc01083ea      0x487 src/oboskrnl/CMakeFiles/oboskrnl.dir/descriptors/idt/pic.cpp.o
                0xc01083ea                _ZN4obos3PicC2Ett
                0xc01083ea                _ZN4obos3PicC1Ett
                0xc0108432                _ZN4obos3Pic8setPortsEtt
                0xc0108466                _ZN4obos3Pic15sendCommandByteEh
                0xc01084a4                _ZN4obos3Pic15sendCommandWordEt
                0xc01084e4                _ZN4obos3Pic12sendDataByteEh
                0xc0108524                _ZN4obos3Pic12sendDataWordEt
                0xc0108564                _ZN4obos3Pic15recvCommandByteEv
                0xc0108598                _ZN4obos3Pic15recvCommandWordEv
                0xc01085cc                _ZN4obos3Pic12recvDataByteEv
                0xc0108600                _ZN4obos3Pic12recvDataWordEv
                0xc0108634                _ZN4obos3Pic7sendEOIEv
                0xc010864e                _ZN4obos3Pic5remapEhh
                0xc01086aa                _ZN4obos3Pic9enableIrqEh
                0xc0108700                _ZN4obos3Pic10disableIrqEh
                0xc0108756                _ZN4obos3Pic7disableEv
                0xc0108772                _ZN4obos3Pic15issuedInterruptEh
                0xc01087c0                _ZN4obos7SendEOIEh
 *fill*         0xc0108871        0x1 
 .text          0xc0108872      0x26e src/oboskrnl/CMakeFiles/oboskrnl.dir/memory_manager/paging/init.cpp.o
                0xc0108872                _ZN4obos6memory13PageDirectoryC2Ev
                0xc0108872                _ZN4obos6memory13PageDirectoryC1Ev
                0xc01088a0                _ZN4obos6memory13PageDirectoryC1EPj
                0xc01088a0                _ZN4obos6memory13PageDirectoryC2EPj
                0xc01088cc                _ZN4obos6memory13PageDirectory4initEv
                0xc01088fc                _ZN4obos6memory13PageDirectory12switchToThisEv
                0xc0108934                _ZN4obos6memory13PageDirectory19getPageTableAddressEt
                0xc01089a2                _ZN4obos6memory13PageDirectory12getPageTableEt
                0xc0108a16                _ZN4obos6memory13PageDirectoryD1Ev
                0xc0108a16                _ZN4obos6memory13PageDirectoryD2Ev
                0xc0108a3e                _ZN4obos6memory13PageDirectory14addressToIndexEj
                0xc0108a4a                _ZN4obos6memory13PageDirectory23addressToPageTableIndexEj
                0xc0108a59                _ZN4obos6memory16InitializePagingEv
                0xc0108ace                _ZN4obos6memory8tlbFlushEj
 .text          0xc0108ae0      0x9e2 src/oboskrnl/CMakeFiles/oboskrnl.dir/memory_manager/paging/allocate.cpp.o
                0xc0108ae0                _ZN4obos6memory14kmap_pageTableEPv
                0xc0108b12                _ZN4obos6memory15kfree_pageTableEv
                0xc0108b35                _ZN4obos6memory13kmap_physicalEPvjjS1_b
                0xc0108d2b                _ZN4obos6memory12VirtualAllocEPvjj
                0xc010904f                _ZN4obos6memory11VirtualFreeEPvj
                0xc010925d                _ZN4obos6memory17HasVirtualAddressEPKvj
                0xc0109373                _ZN4obos6memory13MemoryProtectEPvjj
 .text          0xc01094c2      0x14f src/oboskrnl/CMakeFiles/oboskrnl.dir/utils/memory.cpp.o
                0xc01094c2                _ZN4obos5utils6memcmpEPKvS2_j
                0xc0109587                _ZN4obos5utils6memchrEPvhj
                0xc01095ed                _ZN4obos5utils6memchrEPKvhj
 .text          0xc0109611      0x13f src/oboskrnl/CMakeFiles/oboskrnl.dir/memory_manager/paging/liballoc_hooks.cpp.o
                0xc0109611                liballoc_lock
                0xc0109623                liballoc_unlock
                0xc0109635                liballoc_alloc
                0xc0109682                liballoc_free
                0xc01096a8                _Znwm
                0xc01096c0                _Znam
                0xc01096d8                _ZdlPv
                0xc01096ef                _ZdaPv
                0xc0109706                _ZdlPvm
                0xc010971d                _ZdaPvm
                0xc0109734                _ZnwmPv
                0xc010973c                _ZnamPv
                0xc0109744                _ZdlPvS_
                0xc010974a                _ZdaPvS_
 .text          0xc0109750      0xc1d src/oboskrnl/CMakeFiles/oboskrnl.dir/memory_manager/liballoc/liballoc.c.o
                0xc01098f6                kmalloc
                0xc0109f82                kfree
                0xc010a1df                kcalloc
                0xc010a21a                krealloc
 .text          0xc010a36d       0xbb src/oboskrnl/CMakeFiles/oboskrnl.dir/external/list/list_iterator.c.o
                0xc010a36d                list_iterator_new
                0xc010a39c                list_iterator_new_from_node
                0xc010a3d5                list_iterator_next
                0xc010a40a                list_iterator_destroy
 .text          0xc010a428       0x44 src/oboskrnl/CMakeFiles/oboskrnl.dir/external/list/list_node.c.o
                0xc010a428                list_node_new
 .text          0xc010a46c      0x48d src/oboskrnl/CMakeFiles/oboskrnl.dir/external/list/list.c.o
                0xc010a46c                list_new
                0xc010a4c5                list_destroy
                0xc010a538                list_rpush
                0xc010a5bb                list_rpop
                0xc010a63b                list_lpop
                0xc010a6b9                list_lpush
                0xc010a738                list_find
                0xc010a7d6                list_at
                0xc010a86c                list_remove
 .text          0xc010a8f9      0x671 src/oboskrnl/CMakeFiles/oboskrnl.dir/multitasking/multitasking.cpp.o
                0xc010a8f9                _ZN4obos12multitasking10canRanTaskEPNS0_6ThreadE
                0xc010a925                _ZN4obos12multitasking12switchToTaskEPNS0_6ThreadE
                0xc010a9c0                _ZN4obos12multitasking11findNewTaskEPKNS_15interrupt_frameE
                0xc010ada4                _ZN4obos12multitasking22InitializeMultitaskingEv
 .text          0xc010af6a      0xba4 src/oboskrnl/CMakeFiles/oboskrnl.dir/multitasking/threadHandle.cpp.o
                0xc010af6a                _ZN4obos12multitasking12ThreadHandleC1Ev
                0xc010af6a                _ZN4obos12multitasking12ThreadHandleC2Ev
                0xc010afbe                _ZN4obos12multitasking12ThreadHandle12CreateThreadENS0_6Thread10priority_tEPFvPvES4_jj
                0xc010b03e                _ZN4obos12multitasking12ThreadHandle10OpenThreadEj
                0xc010b0e4                _ZN4obos12multitasking12ThreadHandle10OpenThreadEPNS0_6ThreadE
                0xc010b156                _ZN4obos12multitasking12ThreadHandle11PauseThreadEb
                0xc010b1e2                _ZN4obos12multitasking12ThreadHandle12ResumeThreadEv
                0xc010b22c                _ZN4obos12multitasking12ThreadHandle17SetThreadPriorityENS0_6Thread10priority_tE
                0xc010b3aa                _ZN4obos12multitasking12ThreadHandle15SetThreadStatusEj
                0xc010b44c                _ZN4obos12multitasking12ThreadHandle15TerminateThreadEj
                0xc010b548                _ZN4obos12multitasking12ThreadHandle6GetTidEv
                0xc010b568                _ZN4obos12multitasking12ThreadHandle11GetExitCodeEv
                0xc010b5b2                _ZN4obos12multitasking12ThreadHandle17GetThreadPriorityEv
                0xc010b5e6                _ZN4obos12multitasking12ThreadHandle15GetThreadStatusEv
                0xc010b65c                _ZN4obos12multitasking12ThreadHandle17WaitForThreadExitEv
                0xc010b746                _ZN4obos12multitasking12ThreadHandle25WaitForThreadStatusChangeEj
                0xc010b818                _ZN4obos12multitasking12ThreadHandle9duplicateEv
                0xc010b89e                _ZN4obos12multitasking12ThreadHandle11closeHandleEv
                0xc010b9fb                _ZN4obos12multitasking10ExitThreadEj
                0xc010baa6                _ZN4obos12multitasking19GetCurrentThreadTidEv
                0xc010bab3                _ZN4obos12multitasking24GetCurrentThreadPriorityEv
                0xc010bac0                _ZN4obos12multitasking22GetCurrentThreadStatusEv
                0xc010bacd                _ZN4obos12multitasking22GetCurrentThreadHandleEv
 .text          0xc010bb0e      0x2ca src/oboskrnl/CMakeFiles/oboskrnl.dir/multitasking/thread.cpp.o
                0xc010bb0e                _ZN4obos12multitasking6ThreadC2ENS1_10priority_tEPFvPvES3_jj
                0xc010bb0e                _ZN4obos12multitasking6ThreadC1ENS1_10priority_tEPFvPvES3_jj
                0xc010bbc0                _ZN4obos12multitasking6Thread12CreateThreadENS1_10priority_tEPFvPvES3_jj
 .text          0xc010bdd8      0x11f src/oboskrnl/CMakeFiles/oboskrnl.dir/multitasking/mutex/mutex.cpp.o
                0xc010bdd8                _ZN4obos12multitasking17MutexLockCallbackEPNS0_6ThreadEPv
                0xc010be0a                _ZN4obos12multitasking5Mutex4LockEb
                0xc010be9e                _ZN4obos12multitasking5Mutex6UnlockEv
                0xc010bed6                _ZN4obos12multitasking5MutexD2Ev
                0xc010bed6                _ZN4obos12multitasking5MutexD1Ev
 *fill*         0xc010bef7        0x1 
 .text          0xc010bef8      0x1c6 src/oboskrnl/CMakeFiles/oboskrnl.dir/multitasking/mutex/mutexHandle.cpp.o
                0xc010bef8                _ZN4obos12multitasking11MutexHandleC2Ev
                0xc010bef8                _ZN4obos12multitasking11MutexHandleC1Ev
                0xc010bf60                _ZN4obos12multitasking11MutexHandle9duplicateEv
                0xc010bfa4                _ZN4obos12multitasking11MutexHandle11closeHandleEv
                0xc010bffa                _ZN4obos12multitasking11MutexHandle4LockEb
                0xc010c03c                _ZN4obos12multitasking11MutexHandle6UnlockEv
                0xc010c068                _ZN4obos12multitasking11MutexHandleD2Ev
                0xc010c068                _ZN4obos12multitasking11MutexHandleD1Ev
                0xc010c098                _ZN4obos12multitasking11MutexHandleD0Ev
 .text          0xc010c0be      0x1f3 src/oboskrnl/CMakeFiles/oboskrnl.dir/elf/elf.cpp.o
                0xc010c213                _ZN4obos9elfLoader11LoadElfFileEPhjRjS2_
 .text          0xc010c2b1       0x6a src/oboskrnl/CMakeFiles/oboskrnl.dir/driver_api/interrupts.cpp.o
                0xc010c2b1                _Z10do_nothingv
                0xc010c2bb                _ZN4obos9driverAPI20ResetSyscallHandlersEv
                0xc010c2df                _ZN4obos9driverAPI22RegisterSyscallHandlerEhj
                0xc010c2fc                _ZN4obos9driverAPI24UnregisterSyscallHandlerEh
 .text          0xc010c31b      0x8e8 src/oboskrnl/CMakeFiles/oboskrnl.dir/driver_api/syscalls.cpp.o
                0xc010c31b                _ZN4obos9driverAPI16RegisterSyscallsEv
 .text          0xc010cc03       0x8b src/oboskrnl/CMakeFiles/oboskrnl.dir/syscalls/syscalls.cpp.o
                0xc010cc03                _ZN4obos7process16RegisterSyscallsEv
 .text          0xc010cc8e      0x6b5 src/oboskrnl/CMakeFiles/oboskrnl.dir/process/process.cpp.o
                0xc010cc8e                _ZN4obos7process7ProcessC1Ev
                0xc010cc8e                _ZN4obos7process7ProcessC2Ev
                0xc010cd00                _ZN4obos7process16DriverEntryPointEPv
                0xc010cd94                _ZN4obos7process7Process13CreateProcessEPhjPvb
                0xc010d056                _ZN4obos7process7Process16TerminateProcessEv
 *fill*         0xc010d343        0xd 
 .text          0xc010d350      0x150 /home/omar/opt/cross/lib/gcc/i686-elf/11.4.0/libgcc.a(_umoddi3.o)
                0xc010d350                __umoddi3
                0xc010d4a0                        _glb_text_start = .
 *(.glb.text)
 .glb.text      0xc010d4a0       0x1d src/oboskrnl/CMakeFiles/oboskrnl.dir/process/process.cpp.o
                0xc010d4a0                _ZN4obos7process14ProcEntryPointEPv
                0xc010d4bd                        _glb_text_end = .

.init           0xc010d4bd        0xf load address 0x0010d4bd
 .init          0xc010d4bd        0x3 /tmp/ccSy4q5x.o
                0xc010d4bd                _init
 .init          0xc010d4c0        0x5 /home/omar/opt/cross/lib/gcc/i686-elf/11.4.0/crtbegin.o
 .init          0xc010d4c5        0x5 /home/omar/opt/cross/lib/gcc/i686-elf/11.4.0/crtend.o
 .init          0xc010d4ca        0x2 /tmp/ccMZE5pa.o

.fini           0xc010d4cc        0xa load address 0x0010d4cc
 .fini          0xc010d4cc        0x3 /tmp/ccSy4q5x.o
                0xc010d4cc                _fini
 .fini          0xc010d4cf        0x5 /home/omar/opt/cross/lib/gcc/i686-elf/11.4.0/crtbegin.o
 .fini          0xc010d4d4        0x2 /tmp/ccMZE5pa.o

.iplt           0xc010d4d6        0x0 load address 0x0010d4d6
 .iplt          0xc010d4d6        0x0 /tmp/ccSy4q5x.o

.gnu.linkonce.t._ZN4obos6HandleD2Ev
                0xc010d4d6       0x10 load address 0x0010d4d6
 .gnu.linkonce.t._ZN4obos6HandleD2Ev
                0xc010d4d6       0x10 src/oboskrnl/CMakeFiles/oboskrnl.dir/boot/kmain.cpp.o
                0xc010d4d6                _ZN4obos6HandleD2Ev

.gnu.linkonce.t._ZN4obos12multitasking12ThreadHandleD1Ev
                0xc010d4e6       0x30 load address 0x0010d4e6
 .gnu.linkonce.t._ZN4obos12multitasking12ThreadHandleD1Ev
                0xc010d4e6       0x30 src/oboskrnl/CMakeFiles/oboskrnl.dir/boot/kmain.cpp.o
                0xc010d4e6                _ZN4obos12multitasking12ThreadHandleD1Ev

.gnu.linkonce.t._ZN4obos12multitasking6ThreadD1Ev
                0xc010d516       0x3b load address 0x0010d516
 .gnu.linkonce.t._ZN4obos12multitasking6ThreadD1Ev
                0xc010d516       0x3b src/oboskrnl/CMakeFiles/oboskrnl.dir/multitasking/multitasking.cpp.o
                0xc010d516                _ZN4obos12multitasking6ThreadD1Ev

.gnu.linkonce.t._ZN4obos12multitasking6ThreadD0Ev
                0xc010d552       0x26 load address 0x0010d552
 .gnu.linkonce.t._ZN4obos12multitasking6ThreadD0Ev
                0xc010d552       0x26 src/oboskrnl/CMakeFiles/oboskrnl.dir/multitasking/multitasking.cpp.o
                0xc010d552                _ZN4obos12multitasking6ThreadD0Ev

.gnu.linkonce.t._ZN4obos12multitasking6ThreadC1Ev
                0xc010d578       0x92 load address 0x0010d578
 .gnu.linkonce.t._ZN4obos12multitasking6ThreadC1Ev
                0xc010d578       0x92 src/oboskrnl/CMakeFiles/oboskrnl.dir/multitasking/multitasking.cpp.o
                0xc010d578                _ZN4obos12multitasking6ThreadC1Ev

.gnu.linkonce.t._ZN4obos6Handle13getReferencesEv
                0xc010d60a        0xe load address 0x0010d60a
 .gnu.linkonce.t._ZN4obos6Handle13getReferencesEv
                0xc010d60a        0xe src/oboskrnl/CMakeFiles/oboskrnl.dir/multitasking/threadHandle.cpp.o
                0xc010d60a                _ZN4obos6Handle13getReferencesEv

.gnu.linkonce.t._ZN4obos12multitasking12ThreadHandleD0Ev
                0xc010d618       0x26 load address 0x0010d618
 .gnu.linkonce.t._ZN4obos12multitasking12ThreadHandleD0Ev
                0xc010d618       0x26 src/oboskrnl/CMakeFiles/oboskrnl.dir/multitasking/threadHandle.cpp.o
                0xc010d618                _ZN4obos12multitasking12ThreadHandleD0Ev

.gnu.linkonce.t._ZN4obos6HandleC2Ev
                0xc010d63e       0x2e load address 0x0010d63e
 .gnu.linkonce.t._ZN4obos6HandleC2Ev
                0xc010d63e       0x2e src/oboskrnl/CMakeFiles/oboskrnl.dir/multitasking/threadHandle.cpp.o
                0xc010d63e                _ZN4obos6HandleC2Ev

.gnu.linkonce.t._ZN4obos12multitasking5MutexC1Ev
                0xc010d66c       0x1d load address 0x0010d66c
 .gnu.linkonce.t._ZN4obos12multitasking5MutexC1Ev
                0xc010d66c       0x1d src/oboskrnl/CMakeFiles/oboskrnl.dir/multitasking/mutex/mutexHandle.cpp.o
                0xc010d66c                _ZN4obos12multitasking5MutexC1Ev

.gnu.linkonce.t._ZN4obos6memory13PageDirectory16getPageDirectoryEv
                0xc010d68a        0xa load address 0x0010d68a
 .gnu.linkonce.t._ZN4obos6memory13PageDirectory16getPageDirectoryEv
                0xc010d68a        0xa src/oboskrnl/CMakeFiles/oboskrnl.dir/process/process.cpp.o
                0xc010d68a                _ZN4obos6memory13PageDirectory16getPageDirectoryEv

.rodata         0xc010e000     0x1194 load address 0x0010e000
 *(.rodata)
 .rodata        0xc010e000      0x839 src/oboskrnl/CMakeFiles/oboskrnl.dir/boot/kmain.cpp.o
 *fill*         0xc010e839        0x3 
 .rodata        0xc010e83c       0x84 src/oboskrnl/CMakeFiles/oboskrnl.dir/console.cpp.o
 .rodata        0xc010e8c0      0x11d src/oboskrnl/CMakeFiles/oboskrnl.dir/klog.cpp.o
 *fill*         0xc010e9dd        0x3 
 .rodata        0xc010e9e0      0x400 src/oboskrnl/CMakeFiles/oboskrnl.dir/inline-asm.cpp.o
 .rodata        0xc010ede0       0x93 src/oboskrnl/CMakeFiles/oboskrnl.dir/memory_manager/physical.cpp.o
 *fill*         0xc010ee73        0x1 
 .rodata        0xc010ee74        0x8 src/oboskrnl/CMakeFiles/oboskrnl.dir/memory_manager/paging/init.cpp.o
 .rodata        0xc010ee7c        0x8 src/oboskrnl/CMakeFiles/oboskrnl.dir/memory_manager/paging/allocate.cpp.o
 .rodata        0xc010ee84       0x9f src/oboskrnl/CMakeFiles/oboskrnl.dir/multitasking/multitasking.cpp.o
 *fill*         0xc010ef23        0x1 
 .rodata        0xc010ef24       0x9f src/oboskrnl/CMakeFiles/oboskrnl.dir/multitasking/threadHandle.cpp.o
 *fill*         0xc010efc3        0x1 
 .rodata        0xc010efc4       0x9f src/oboskrnl/CMakeFiles/oboskrnl.dir/multitasking/thread.cpp.o
 *fill*         0xc010f063        0x1 
 .rodata        0xc010f064       0x4c src/oboskrnl/CMakeFiles/oboskrnl.dir/elf/elf.cpp.o
 .rodata        0xc010f0b0       0x34 src/oboskrnl/CMakeFiles/oboskrnl.dir/driver_api/syscalls.cpp.o
 .rodata        0xc010f0e4       0xb0 src/oboskrnl/CMakeFiles/oboskrnl.dir/process/process.cpp.o
                0xc010f194                        _ZN4obos6memory9__erodataE = .

.eh_frame       0xc010f194       0x74 load address 0x0010f194
 .eh_frame      0xc010f194        0x0 /home/omar/opt/cross/lib/gcc/i686-elf/11.4.0/crtbegin.o
 .eh_frame      0xc010f194        0x0 /home/omar/opt/cross/lib/gcc/i686-elf/11.4.0/crtend.o
                                  0x4 (size before relaxing)
 .eh_frame      0xc010f194       0x74 /home/omar/opt/cross/lib/gcc/i686-elf/11.4.0/libgcc.a(_umoddi3.o)

.gnu.linkonce.r._ZTVN4obos6HandleE
                0xc010f208       0x18 load address 0x0010f208
 .gnu.linkonce.r._ZTVN4obos6HandleE
                0xc010f208       0x18 src/oboskrnl/CMakeFiles/oboskrnl.dir/boot/kmain.cpp.o
                0xc010f208                _ZTVN4obos6HandleE

.gnu.linkonce.r._ZTVN4obos5utils8BitfieldE
                0xc010f220       0x30 load address 0x0010f220
 .gnu.linkonce.r._ZTVN4obos5utils8BitfieldE
                0xc010f220       0x30 src/oboskrnl/CMakeFiles/oboskrnl.dir/utils/bitfields.cpp.o
                0xc010f220                _ZTVN4obos5utils8BitfieldE

.gnu.linkonce.r._ZTVN4obos5utils12BitfieldBaseE
                0xc010f250       0x20 load address 0x0010f250
 .gnu.linkonce.r._ZTVN4obos5utils12BitfieldBaseE
                0xc010f250       0x20 src/oboskrnl/CMakeFiles/oboskrnl.dir/utils/bitfields.cpp.o
                0xc010f250                _ZTVN4obos5utils12BitfieldBaseE

.gnu.linkonce.r._ZTVN4obos5utils15IntegerBitfieldE
                0xc010f270       0x30 load address 0x0010f270
 .gnu.linkonce.r._ZTVN4obos5utils15IntegerBitfieldE
                0xc010f270       0x30 src/oboskrnl/CMakeFiles/oboskrnl.dir/utils/bitfields.cpp.o
                0xc010f270                _ZTVN4obos5utils15IntegerBitfieldE

.gnu.linkonce.r._ZTVN4obos12multitasking6ThreadE
                0xc010f2a0       0x10 load address 0x0010f2a0
 .gnu.linkonce.r._ZTVN4obos12multitasking6ThreadE
                0xc010f2a0       0x10 src/oboskrnl/CMakeFiles/oboskrnl.dir/multitasking/multitasking.cpp.o
                0xc010f2a0                _ZTVN4obos12multitasking6ThreadE

.gnu.linkonce.r._ZTVN4obos12multitasking12ThreadHandleE
                0xc010f2b0       0x18 load address 0x0010f2b0
 .gnu.linkonce.r._ZTVN4obos12multitasking12ThreadHandleE
                0xc010f2b0       0x18 src/oboskrnl/CMakeFiles/oboskrnl.dir/multitasking/threadHandle.cpp.o
                0xc010f2b0                _ZTVN4obos12multitasking12ThreadHandleE

.gnu.linkonce.r._ZTVN4obos12multitasking11MutexHandleE
                0xc010f2c8       0x18 load address 0x0010f2c8
 .gnu.linkonce.r._ZTVN4obos12multitasking11MutexHandleE
                0xc010f2c8       0x18 src/oboskrnl/CMakeFiles/oboskrnl.dir/multitasking/mutex/mutexHandle.cpp.o
                0xc010f2c8                _ZTVN4obos12multitasking11MutexHandleE

.rel.dyn        0xc010f2e0        0x0 load address 0x0010f2e0
 .rel.got       0xc010f2e0        0x0 /tmp/ccSy4q5x.o
 .rel.iplt      0xc010f2e0        0x0 /tmp/ccSy4q5x.o
 .rel.text      0xc010f2e0        0x0 /tmp/ccSy4q5x.o
 .rel.gnu.linkonce.t._ZN4obos6HandleD2Ev
                0xc010f2e0        0x0 /tmp/ccSy4q5x.o
 .rel.gnu.linkonce.t._ZN4obos12multitasking12ThreadHandleD1Ev
                0xc010f2e0        0x0 /tmp/ccSy4q5x.o
 .rel.gnu.linkonce.r._ZTVN4obos6HandleE
                0xc010f2e0        0x0 /tmp/ccSy4q5x.o
 .rel.gnu.linkonce.t._ZN4obos12multitasking6ThreadD1Ev
                0xc010f2e0        0x0 /tmp/ccSy4q5x.o
 .rel.gnu.linkonce.t._ZN4obos12multitasking6ThreadD0Ev
                0xc010f2e0        0x0 /tmp/ccSy4q5x.o
 .rel.gnu.linkonce.t._ZN4obos12multitasking6ThreadC1Ev
                0xc010f2e0        0x0 /tmp/ccSy4q5x.o
 .rel.gnu.linkonce.r._ZTVN4obos12multitasking6ThreadE
                0xc010f2e0        0x0 /tmp/ccSy4q5x.o
 .rel.gnu.linkonce.t._ZN4obos12multitasking12ThreadHandleD0Ev
                0xc010f2e0        0x0 /tmp/ccSy4q5x.o
 .rel.gnu.linkonce.t._ZN4obos6HandleC2Ev
                0xc010f2e0        0x0 /tmp/ccSy4q5x.o
 .rel.gnu.linkonce.r._ZTVN4obos12multitasking12ThreadHandleE
                0xc010f2e0        0x0 /tmp/ccSy4q5x.o

.data           0xc0110000      0x42c load address 0x00110000
 *(.data)
 .data          0xc0110000        0x0 /tmp/ccSy4q5x.o
 .data          0xc0110000        0x4 /home/omar/opt/cross/lib/gcc/i686-elf/11.4.0/crtbegin.o
                0xc0110000                __dso_handle
 .data          0xc0110004        0x0 /home/omar/opt/cross/lib/gcc/i686-elf/11.4.0/crtend.o
 .data          0xc0110004        0x0 /tmp/ccMZE5pa.o
 .data          0xc0110004      0x400 src/oboskrnl/CMakeFiles/oboskrnl.dir/descriptors/idt/handlers.asm.o
                0xc0110004                _ZN4obos19g_interruptHandlersE
 .data          0xc0110404        0x8 src/oboskrnl/CMakeFiles/oboskrnl.dir/multitasking/multitasking.asm.o
 .data          0xc011040c        0x4 src/oboskrnl/CMakeFiles/oboskrnl.dir/syscalls/interrupts.asm.o
 .data          0xc0110410        0x0 src/oboskrnl/CMakeFiles/oboskrnl.dir/boot/kmain.cpp.o
 .data          0xc0110410        0x0 src/oboskrnl/CMakeFiles/oboskrnl.dir/console.cpp.o
 .data          0xc0110410        0x8 src/oboskrnl/CMakeFiles/oboskrnl.dir/klog.cpp.o
 .data          0xc0110418        0x0 src/oboskrnl/CMakeFiles/oboskrnl.dir/inline-asm.cpp.o
 .data          0xc0110418        0x0 src/oboskrnl/CMakeFiles/oboskrnl.dir/descriptors/gdt/gdt.cpp.o
 .data          0xc0110418        0x0 src/oboskrnl/CMakeFiles/oboskrnl.dir/descriptors/idt/idt.cpp.o
 .data          0xc0110418        0x4 src/oboskrnl/CMakeFiles/oboskrnl.dir/memory_manager/physical.cpp.o
 .data          0xc011041c        0x0 src/oboskrnl/CMakeFiles/oboskrnl.dir/utils/bitfields.cpp.o
 .data          0xc011041c        0x0 src/oboskrnl/CMakeFiles/oboskrnl.dir/descriptors/idt/pic.cpp.o
 .data          0xc011041c        0x0 src/oboskrnl/CMakeFiles/oboskrnl.dir/memory_manager/paging/init.cpp.o
 .data          0xc011041c        0x0 src/oboskrnl/CMakeFiles/oboskrnl.dir/memory_manager/paging/allocate.cpp.o
 .data          0xc011041c        0x0 src/oboskrnl/CMakeFiles/oboskrnl.dir/utils/memory.cpp.o
 .data          0xc011041c        0x0 src/oboskrnl/CMakeFiles/oboskrnl.dir/memory_manager/paging/liballoc_hooks.cpp.o
 .data          0xc011041c        0x8 src/oboskrnl/CMakeFiles/oboskrnl.dir/memory_manager/liballoc/liballoc.c.o
 .data          0xc0110424        0x0 src/oboskrnl/CMakeFiles/oboskrnl.dir/external/list/list_iterator.c.o
 .data          0xc0110424        0x0 src/oboskrnl/CMakeFiles/oboskrnl.dir/external/list/list_node.c.o
 .data          0xc0110424        0x0 src/oboskrnl/CMakeFiles/oboskrnl.dir/external/list/list.c.o
 .data          0xc0110424        0x0 src/oboskrnl/CMakeFiles/oboskrnl.dir/multitasking/multitasking.cpp.o
 .data          0xc0110424        0x0 src/oboskrnl/CMakeFiles/oboskrnl.dir/multitasking/threadHandle.cpp.o
 .data          0xc0110424        0x4 src/oboskrnl/CMakeFiles/oboskrnl.dir/multitasking/thread.cpp.o
                0xc0110424                _ZN4obos12multitasking15g_nextThreadTidE
 .data          0xc0110428        0x0 src/oboskrnl/CMakeFiles/oboskrnl.dir/multitasking/mutex/mutex.cpp.o
 .data          0xc0110428        0x0 src/oboskrnl/CMakeFiles/oboskrnl.dir/multitasking/mutex/mutexHandle.cpp.o
 .data          0xc0110428        0x0 src/oboskrnl/CMakeFiles/oboskrnl.dir/elf/elf.cpp.o
 .data          0xc0110428        0x0 src/oboskrnl/CMakeFiles/oboskrnl.dir/driver_api/interrupts.cpp.o
 .data          0xc0110428        0x4 src/oboskrnl/CMakeFiles/oboskrnl.dir/driver_api/syscalls.cpp.o
                0xc0110428                _ZN4obos9driverAPI27g_registeredDriversCapacityE
 .data          0xc011042c        0x0 src/oboskrnl/CMakeFiles/oboskrnl.dir/syscalls/syscalls.cpp.o
 .data          0xc011042c        0x0 src/oboskrnl/CMakeFiles/oboskrnl.dir/process/process.cpp.o
 .data          0xc011042c        0x0 /home/omar/opt/cross/lib/gcc/i686-elf/11.4.0/libgcc.a(_umoddi3.o)

.got            0xc011042c        0x0 load address 0x0011042c
 .got           0xc011042c        0x0 /tmp/ccSy4q5x.o

.got.plt        0xc011042c        0x0 load address 0x0011042c
 .got.plt       0xc011042c        0x0 /tmp/ccSy4q5x.o

.igot.plt       0xc011042c        0x0 load address 0x0011042c
 .igot.plt      0xc011042c        0x0 /tmp/ccSy4q5x.o

.ctors          0xc011042c       0x10 load address 0x0011042c
 .ctors         0xc011042c        0x4 /home/omar/opt/cross/lib/gcc/i686-elf/11.4.0/crtbegin.o
 .ctors         0xc0110430        0x4 /home/omar/opt/cross/lib/gcc/i686-elf/11.4.0/crtend.o
 .ctors         0xc0110434        0x4 src/oboskrnl/CMakeFiles/oboskrnl.dir/boot/kmain.cpp.o
 .ctors         0xc0110438        0x4 src/oboskrnl/CMakeFiles/oboskrnl.dir/console.cpp.o

.dtors          0xc011043c        0x8 load address 0x0011043c
 .dtors         0xc011043c        0x4 /home/omar/opt/cross/lib/gcc/i686-elf/11.4.0/crtbegin.o
 .dtors         0xc0110440        0x4 /home/omar/opt/cross/lib/gcc/i686-elf/11.4.0/crtend.o
                0xc0110440                __DTOR_END__

.tm_clone_table
                0xc0110444        0x0 load address 0x00110444
 .tm_clone_table
                0xc0110444        0x0 /home/omar/opt/cross/lib/gcc/i686-elf/11.4.0/crtbegin.o
 .tm_clone_table
                0xc0110444        0x0 /home/omar/opt/cross/lib/gcc/i686-elf/11.4.0/crtend.o

.bss            0xc0111000    0x2f004 load address 0x00111000
 *(COMMON)
 *(.bss)
 .bss           0xc0111000        0x0 /tmp/ccSy4q5x.o
 .bss           0xc0111000       0x20 /home/omar/opt/cross/lib/gcc/i686-elf/11.4.0/crtbegin.o
 .bss           0xc0111020        0x0 /home/omar/opt/cross/lib/gcc/i686-elf/11.4.0/crtend.o
 .bss           0xc0111020        0x0 /tmp/ccMZE5pa.o
 .bss           0xc0111020      0xc24 src/oboskrnl/CMakeFiles/oboskrnl.dir/boot/kmain.cpp.o
                0xc0111020                _ZN4obos15g_multibootInfoE
                0xc0111024                _ZN4obos15g_pageDirectoryE
                0xc011102c                _ZN4obos15g_kernelProcessE
                0xc0111040                __atexitFuncs
                0xc0111c40                __atexitFuncCount
 .bss           0xc0111c44       0x44 src/oboskrnl/CMakeFiles/oboskrnl.dir/console.cpp.o
                0xc0111c44                _ZN4obos17s_foregroundColorE
                0xc0111c48                _ZN4obos17s_backgroundColorE
                0xc0111c4c                _ZN4obos16s_terminalColumnE
                0xc0111c50                _ZN4obos13s_terminalRowE
                0xc0111c54                _ZN4obos20s_reachedEndTerminalE
                0xc0111c58                _ZN4obos13s_framebufferE
                0xc0111c5c                _ZN4obos12s_backbufferE
                0xc0111c60                _ZN4obos18s_framebufferWidthE
                0xc0111c64                _ZN4obos19s_framebufferHeightE
                0xc0111c68                _ZN4obos16s_nCharsVerticalE
                0xc0111c6c                _ZN4obos18s_nCharsHorizontalE
                0xc0111c70                _ZN4obos4fontE
 .bss           0xc0111c88        0x0 src/oboskrnl/CMakeFiles/oboskrnl.dir/klog.cpp.o
 .bss           0xc0111c88        0x8 src/oboskrnl/CMakeFiles/oboskrnl.dir/inline-asm.cpp.o
 *fill*         0xc0111c90       0x10 
 .bss           0xc0111ca0       0xb0 src/oboskrnl/CMakeFiles/oboskrnl.dir/descriptors/gdt/gdt.cpp.o
                0xc0111ca0                _ZN4obos10g_tssEntryE
 *fill*         0xc0111d50       0x10 
 .bss           0xc0111d60      0x806 src/oboskrnl/CMakeFiles/oboskrnl.dir/descriptors/idt/idt.cpp.o
 *fill*         0xc0112566       0x1a 
 .bss           0xc0112580    0x2000c src/oboskrnl/CMakeFiles/oboskrnl.dir/memory_manager/physical.cpp.o
                0xc0112580                _ZN4obos6memory16g_availablePagesE
                0xc0132580                _ZN4obos6memory20g_physicalMemorySizeE
                0xc0132584                _ZN4obos6memory34g_physicalMemoryManagerInitializedE
 .bss           0xc013258c        0x0 src/oboskrnl/CMakeFiles/oboskrnl.dir/utils/bitfields.cpp.o
 .bss           0xc013258c        0x0 src/oboskrnl/CMakeFiles/oboskrnl.dir/descriptors/idt/pic.cpp.o
 .bss           0xc013258c        0x8 src/oboskrnl/CMakeFiles/oboskrnl.dir/memory_manager/paging/init.cpp.o
                0xc013258c                _ZN4obos6memory15g_enabledPagingE
                0xc0132590                _ZN4obos6memory15g_pageDirectoryE
 *fill*         0xc0132594      0xa6c 
 .bss           0xc0133000     0x1000 src/oboskrnl/CMakeFiles/oboskrnl.dir/memory_manager/paging/allocate.cpp.o
                0xc0133000                _ZN4obos6memory15s_lastPageTableE
 .bss           0xc0134000        0x0 src/oboskrnl/CMakeFiles/oboskrnl.dir/utils/memory.cpp.o
 .bss           0xc0134000        0x4 src/oboskrnl/CMakeFiles/oboskrnl.dir/memory_manager/paging/liballoc_hooks.cpp.o
 *fill*         0xc0134004        0x4 
 .bss           0xc0134008       0x30 src/oboskrnl/CMakeFiles/oboskrnl.dir/memory_manager/liballoc/liballoc.c.o
 .bss           0xc0134038        0x0 src/oboskrnl/CMakeFiles/oboskrnl.dir/external/list/list_iterator.c.o
 .bss           0xc0134038        0x0 src/oboskrnl/CMakeFiles/oboskrnl.dir/external/list/list_node.c.o
 .bss           0xc0134038        0x0 src/oboskrnl/CMakeFiles/oboskrnl.dir/external/list/list.c.o
 .bss           0xc0134038       0x24 src/oboskrnl/CMakeFiles/oboskrnl.dir/multitasking/multitasking.cpp.o
                0xc0134038                _ZN4obos12multitasking9g_threadsE
                0xc013403c                _ZN4obos12multitasking20g_threadPriorityListE
                0xc013404c                _ZN4obos12multitasking15g_currentThreadE
                0xc0134050                _ZN4obos12multitasking13g_initializedE
                0xc0134054                _ZN4obos12multitasking16g_schedulerMutexE
 .bss           0xc013405c        0x0 src/oboskrnl/CMakeFiles/oboskrnl.dir/multitasking/threadHandle.cpp.o
 .bss           0xc013405c        0x0 src/oboskrnl/CMakeFiles/oboskrnl.dir/multitasking/thread.cpp.o
 .bss           0xc013405c        0x0 src/oboskrnl/CMakeFiles/oboskrnl.dir/multitasking/mutex/mutex.cpp.o
 .bss           0xc013405c        0x0 src/oboskrnl/CMakeFiles/oboskrnl.dir/multitasking/mutex/mutexHandle.cpp.o
 .bss           0xc013405c        0x0 src/oboskrnl/CMakeFiles/oboskrnl.dir/elf/elf.cpp.o
 *fill*         0xc013405c        0x4 
 .bss           0xc0134060      0x400 src/oboskrnl/CMakeFiles/oboskrnl.dir/driver_api/interrupts.cpp.o
                0xc0134060                _ZN4obos9driverAPI14g_syscallTableE
 .bss           0xc0134460       0xa0 src/oboskrnl/CMakeFiles/oboskrnl.dir/driver_api/syscalls.cpp.o
                0xc0134460                _ZN4obos9driverAPI19g_registeredDriversE
 .bss           0xc0134500      0x800 src/oboskrnl/CMakeFiles/oboskrnl.dir/syscalls/syscalls.cpp.o
                0xc0134500                _ZN4obos7process14g_syscallTableE
 *fill*         0xc0134d00      0x300 
 .bss           0xc0135000     0x3004 src/oboskrnl/CMakeFiles/oboskrnl.dir/process/process.cpp.o
                0xc0135000                _ZN4obos7process15g_nextProcessIdE
 .bss           0xc0138004        0x0 /home/omar/opt/cross/lib/gcc/i686-elf/11.4.0/libgcc.a(_umoddi3.o)
 *(.bootstrap_stack)
 .bootstrap_stack
                0xc0138004     0x8000 src/oboskrnl/CMakeFiles/oboskrnl.dir/boot/kernel_bootstrap-i686.asm.o
                0xc0138004                _ZN4obos12stack_bottomE
                0xc013c004                _ZN4obos9stack_topE
                0xc013c004                _ZN4obos15thrstack_bottomE
                0xc0140004                _ZN4obos12thrstack_topE
                0xc0140004                        _kernel_end = .
                0x00400000                        _ZN4obos6memory8endImageE = 0x400000
                0xe0000000                        _ZN4obos6memory9endKernelE = 0xe0000000
OUTPUT(/mnt/c/Code/obos/out/oboskrnl elf32-i386)

.comment        0x00000000       0x12
 .comment       0x00000000       0x12 /home/omar/opt/cross/lib/gcc/i686-elf/11.4.0/crtbegin.o
                                 0x13 (size before relaxing)
 .comment       0x00000012       0x13 /home/omar/opt/cross/lib/gcc/i686-elf/11.4.0/crtend.o
 .comment       0x00000012       0x13 src/oboskrnl/CMakeFiles/oboskrnl.dir/boot/kmain.cpp.o
 .comment       0x00000012       0x13 src/oboskrnl/CMakeFiles/oboskrnl.dir/console.cpp.o
 .comment       0x00000012       0x13 src/oboskrnl/CMakeFiles/oboskrnl.dir/klog.cpp.o
 .comment       0x00000012       0x13 src/oboskrnl/CMakeFiles/oboskrnl.dir/inline-asm.cpp.o
 .comment       0x00000012       0x13 src/oboskrnl/CMakeFiles/oboskrnl.dir/descriptors/gdt/gdt.cpp.o
 .comment       0x00000012       0x13 src/oboskrnl/CMakeFiles/oboskrnl.dir/descriptors/idt/idt.cpp.o
 .comment       0x00000012       0x13 src/oboskrnl/CMakeFiles/oboskrnl.dir/memory_manager/physical.cpp.o
 .comment       0x00000012       0x13 src/oboskrnl/CMakeFiles/oboskrnl.dir/utils/bitfields.cpp.o
 .comment       0x00000012       0x13 src/oboskrnl/CMakeFiles/oboskrnl.dir/descriptors/idt/pic.cpp.o
 .comment       0x00000012       0x13 src/oboskrnl/CMakeFiles/oboskrnl.dir/memory_manager/paging/init.cpp.o
 .comment       0x00000012       0x13 src/oboskrnl/CMakeFiles/oboskrnl.dir/memory_manager/paging/allocate.cpp.o
 .comment       0x00000012       0x13 src/oboskrnl/CMakeFiles/oboskrnl.dir/utils/memory.cpp.o
 .comment       0x00000012       0x13 src/oboskrnl/CMakeFiles/oboskrnl.dir/memory_manager/paging/liballoc_hooks.cpp.o
 .comment       0x00000012       0x13 src/oboskrnl/CMakeFiles/oboskrnl.dir/memory_manager/liballoc/liballoc.c.o
 .comment       0x00000012       0x13 src/oboskrnl/CMakeFiles/oboskrnl.dir/external/list/list_iterator.c.o
 .comment       0x00000012       0x13 src/oboskrnl/CMakeFiles/oboskrnl.dir/external/list/list_node.c.o
 .comment       0x00000012       0x13 src/oboskrnl/CMakeFiles/oboskrnl.dir/external/list/list.c.o
 .comment       0x00000012       0x13 src/oboskrnl/CMakeFiles/oboskrnl.dir/multitasking/multitasking.cpp.o
 .comment       0x00000012       0x13 src/oboskrnl/CMakeFiles/oboskrnl.dir/multitasking/threadHandle.cpp.o
 .comment       0x00000012       0x13 src/oboskrnl/CMakeFiles/oboskrnl.dir/multitasking/thread.cpp.o
 .comment       0x00000012       0x13 src/oboskrnl/CMakeFiles/oboskrnl.dir/multitasking/mutex/mutex.cpp.o
 .comment       0x00000012       0x13 src/oboskrnl/CMakeFiles/oboskrnl.dir/multitasking/mutex/mutexHandle.cpp.o
 .comment       0x00000012       0x13 src/oboskrnl/CMakeFiles/oboskrnl.dir/elf/elf.cpp.o
 .comment       0x00000012       0x13 src/oboskrnl/CMakeFiles/oboskrnl.dir/driver_api/interrupts.cpp.o
 .comment       0x00000012       0x13 src/oboskrnl/CMakeFiles/oboskrnl.dir/driver_api/syscalls.cpp.o
 .comment       0x00000012       0x13 src/oboskrnl/CMakeFiles/oboskrnl.dir/syscalls/syscalls.cpp.o
 .comment       0x00000012       0x13 src/oboskrnl/CMakeFiles/oboskrnl.dir/process/process.cpp.o
 .comment       0x00000012       0x13 /home/omar/opt/cross/lib/gcc/i686-elf/11.4.0/libgcc.a(_umoddi3.o)

.debug_aranges  0x00000000      0x598
 .debug_aranges
                0x00000000       0x20 src/oboskrnl/CMakeFiles/oboskrnl.dir/boot/kernel_bootstrap-i686.asm.o
 .debug_aranges
                0x00000020       0x20 src/oboskrnl/CMakeFiles/oboskrnl.dir/descriptors/gdt/gdt.asm.o
 .debug_aranges
                0x00000040       0x20 src/oboskrnl/CMakeFiles/oboskrnl.dir/descriptors/idt/idt.asm.o
 .debug_aranges
                0x00000060       0x20 src/oboskrnl/CMakeFiles/oboskrnl.dir/descriptors/idt/handlers.asm.o
 .debug_aranges
                0x00000080       0x20 src/oboskrnl/CMakeFiles/oboskrnl.dir/memory_manager/paging/init.asm.o
 .debug_aranges
                0x000000a0       0x20 src/oboskrnl/CMakeFiles/oboskrnl.dir/multitasking/multitasking.asm.o
 .debug_aranges
                0x000000c0       0x20 src/oboskrnl/CMakeFiles/oboskrnl.dir/utils/memcpy.asm.o
 .debug_aranges
                0x000000e0       0x20 src/oboskrnl/CMakeFiles/oboskrnl.dir/inline-asm.asm.o
 .debug_aranges
                0x00000100       0x20 src/oboskrnl/CMakeFiles/oboskrnl.dir/driver_api/interrupts.asm.o
 .debug_aranges
                0x00000120       0x20 src/oboskrnl/CMakeFiles/oboskrnl.dir/syscalls/interrupts.asm.o
 .debug_aranges
                0x00000140       0x30 src/oboskrnl/CMakeFiles/oboskrnl.dir/boot/kmain.cpp.o
 .debug_aranges
                0x00000170       0x20 src/oboskrnl/CMakeFiles/oboskrnl.dir/console.cpp.o
 .debug_aranges
                0x00000190       0x20 src/oboskrnl/CMakeFiles/oboskrnl.dir/klog.cpp.o
 .debug_aranges
                0x000001b0       0x20 src/oboskrnl/CMakeFiles/oboskrnl.dir/inline-asm.cpp.o
 .debug_aranges
                0x000001d0       0x20 src/oboskrnl/CMakeFiles/oboskrnl.dir/descriptors/gdt/gdt.cpp.o
 .debug_aranges
                0x000001f0       0x20 src/oboskrnl/CMakeFiles/oboskrnl.dir/descriptors/idt/idt.cpp.o
 .debug_aranges
                0x00000210       0x20 src/oboskrnl/CMakeFiles/oboskrnl.dir/memory_manager/physical.cpp.o
 .debug_aranges
                0x00000230       0x20 src/oboskrnl/CMakeFiles/oboskrnl.dir/utils/bitfields.cpp.o
 .debug_aranges
                0x00000250       0x20 src/oboskrnl/CMakeFiles/oboskrnl.dir/descriptors/idt/pic.cpp.o
 .debug_aranges
                0x00000270       0x20 src/oboskrnl/CMakeFiles/oboskrnl.dir/memory_manager/paging/init.cpp.o
 .debug_aranges
                0x00000290       0x20 src/oboskrnl/CMakeFiles/oboskrnl.dir/memory_manager/paging/allocate.cpp.o
 .debug_aranges
                0x000002b0       0x20 src/oboskrnl/CMakeFiles/oboskrnl.dir/utils/memory.cpp.o
 .debug_aranges
                0x000002d0       0x20 src/oboskrnl/CMakeFiles/oboskrnl.dir/memory_manager/paging/liballoc_hooks.cpp.o
 .debug_aranges
                0x000002f0       0x20 src/oboskrnl/CMakeFiles/oboskrnl.dir/memory_manager/liballoc/liballoc.c.o
 .debug_aranges
                0x00000310       0x20 src/oboskrnl/CMakeFiles/oboskrnl.dir/external/list/list_iterator.c.o
 .debug_aranges
                0x00000330       0x20 src/oboskrnl/CMakeFiles/oboskrnl.dir/external/list/list_node.c.o
 .debug_aranges
                0x00000350       0x20 src/oboskrnl/CMakeFiles/oboskrnl.dir/external/list/list.c.o
 .debug_aranges
                0x00000370       0x38 src/oboskrnl/CMakeFiles/oboskrnl.dir/multitasking/multitasking.cpp.o
 .debug_aranges
                0x000003a8       0x60 src/oboskrnl/CMakeFiles/oboskrnl.dir/multitasking/threadHandle.cpp.o
 .debug_aranges
                0x00000408       0x30 src/oboskrnl/CMakeFiles/oboskrnl.dir/multitasking/thread.cpp.o
 .debug_aranges
                0x00000438       0x20 src/oboskrnl/CMakeFiles/oboskrnl.dir/multitasking/mutex/mutex.cpp.o
 .debug_aranges
                0x00000458       0x40 src/oboskrnl/CMakeFiles/oboskrnl.dir/multitasking/mutex/mutexHandle.cpp.o
 .debug_aranges
                0x00000498       0x20 src/oboskrnl/CMakeFiles/oboskrnl.dir/elf/elf.cpp.o
 .debug_aranges
                0x000004b8       0x20 src/oboskrnl/CMakeFiles/oboskrnl.dir/driver_api/interrupts.cpp.o
 .debug_aranges
                0x000004d8       0x20 src/oboskrnl/CMakeFiles/oboskrnl.dir/driver_api/syscalls.cpp.o
 .debug_aranges
                0x000004f8       0x20 src/oboskrnl/CMakeFiles/oboskrnl.dir/syscalls/syscalls.cpp.o
 .debug_aranges
                0x00000518       0x60 src/oboskrnl/CMakeFiles/oboskrnl.dir/process/process.cpp.o
 .debug_aranges
                0x00000578       0x20 /home/omar/opt/cross/lib/gcc/i686-elf/11.4.0/libgcc.a(_umoddi3.o)

.debug_pubnames
                0x00000000        0x0
 .debug_pubnames
                0x00000000        0x0 src/oboskrnl/CMakeFiles/oboskrnl.dir/boot/kernel_bootstrap-i686.asm.o
 .debug_pubnames
                0x00000000        0x0 src/oboskrnl/CMakeFiles/oboskrnl.dir/descriptors/gdt/gdt.asm.o
 .debug_pubnames
                0x00000000        0x0 src/oboskrnl/CMakeFiles/oboskrnl.dir/descriptors/idt/idt.asm.o
 .debug_pubnames
                0x00000000        0x0 src/oboskrnl/CMakeFiles/oboskrnl.dir/descriptors/idt/handlers.asm.o
 .debug_pubnames
                0x00000000        0x0 src/oboskrnl/CMakeFiles/oboskrnl.dir/memory_manager/paging/init.asm.o
 .debug_pubnames
                0x00000000        0x0 src/oboskrnl/CMakeFiles/oboskrnl.dir/multitasking/multitasking.asm.o
 .debug_pubnames
                0x00000000        0x0 src/oboskrnl/CMakeFiles/oboskrnl.dir/utils/memcpy.asm.o
 .debug_pubnames
                0x00000000        0x0 src/oboskrnl/CMakeFiles/oboskrnl.dir/inline-asm.asm.o
 .debug_pubnames
                0x00000000        0x0 src/oboskrnl/CMakeFiles/oboskrnl.dir/driver_api/interrupts.asm.o
 .debug_pubnames
                0x00000000        0x0 src/oboskrnl/CMakeFiles/oboskrnl.dir/syscalls/interrupts.asm.o

.debug_info     0x00000000    0x1c97c
 .debug_info    0x00000000       0x71 src/oboskrnl/CMakeFiles/oboskrnl.dir/boot/kernel_bootstrap-i686.asm.o
 .debug_info    0x00000071       0x6a src/oboskrnl/CMakeFiles/oboskrnl.dir/descriptors/gdt/gdt.asm.o
 .debug_info    0x000000db       0x6a src/oboskrnl/CMakeFiles/oboskrnl.dir/descriptors/idt/idt.asm.o
 .debug_info    0x00000145       0x6f src/oboskrnl/CMakeFiles/oboskrnl.dir/descriptors/idt/handlers.asm.o
 .debug_info    0x000001b4       0x71 src/oboskrnl/CMakeFiles/oboskrnl.dir/memory_manager/paging/init.asm.o
 .debug_info    0x00000225       0x70 src/oboskrnl/CMakeFiles/oboskrnl.dir/multitasking/multitasking.asm.o
 .debug_info    0x00000295       0x63 src/oboskrnl/CMakeFiles/oboskrnl.dir/utils/memcpy.asm.o
 .debug_info    0x000002f8       0x61 src/oboskrnl/CMakeFiles/oboskrnl.dir/inline-asm.asm.o
 .debug_info    0x00000359       0x6c src/oboskrnl/CMakeFiles/oboskrnl.dir/driver_api/interrupts.asm.o
 .debug_info    0x000003c5       0x6a src/oboskrnl/CMakeFiles/oboskrnl.dir/syscalls/interrupts.asm.o
 .debug_info    0x0000042f     0x315c src/oboskrnl/CMakeFiles/oboskrnl.dir/boot/kmain.cpp.o
 .debug_info    0x0000358b     0x1863 src/oboskrnl/CMakeFiles/oboskrnl.dir/console.cpp.o
 .debug_info    0x00004dee     0x1691 src/oboskrnl/CMakeFiles/oboskrnl.dir/klog.cpp.o
 .debug_info    0x0000647f      0x979 src/oboskrnl/CMakeFiles/oboskrnl.dir/inline-asm.cpp.o
 .debug_info    0x00006df8      0x6d8 src/oboskrnl/CMakeFiles/oboskrnl.dir/descriptors/gdt/gdt.cpp.o
 .debug_info    0x000074d0      0x7da src/oboskrnl/CMakeFiles/oboskrnl.dir/descriptors/idt/idt.cpp.o
 .debug_info    0x00007caa      0xf63 src/oboskrnl/CMakeFiles/oboskrnl.dir/memory_manager/physical.cpp.o
 .debug_info    0x00008c0d      0xdf7 src/oboskrnl/CMakeFiles/oboskrnl.dir/utils/bitfields.cpp.o
 .debug_info    0x00009a04      0xc78 src/oboskrnl/CMakeFiles/oboskrnl.dir/descriptors/idt/pic.cpp.o
 .debug_info    0x0000a67c      0xb1b src/oboskrnl/CMakeFiles/oboskrnl.dir/memory_manager/paging/init.cpp.o
 .debug_info    0x0000b197      0xdcd src/oboskrnl/CMakeFiles/oboskrnl.dir/memory_manager/paging/allocate.cpp.o
 .debug_info    0x0000bf64      0x415 src/oboskrnl/CMakeFiles/oboskrnl.dir/utils/memory.cpp.o
 .debug_info    0x0000c379      0x63f src/oboskrnl/CMakeFiles/oboskrnl.dir/memory_manager/paging/liballoc_hooks.cpp.o
 .debug_info    0x0000c9b8      0x758 src/oboskrnl/CMakeFiles/oboskrnl.dir/memory_manager/liballoc/liballoc.c.o
 .debug_info    0x0000d110      0x3ac src/oboskrnl/CMakeFiles/oboskrnl.dir/external/list/list_iterator.c.o
 .debug_info    0x0000d4bc      0x19f src/oboskrnl/CMakeFiles/oboskrnl.dir/external/list/list_node.c.o
 .debug_info    0x0000d65b      0x58e src/oboskrnl/CMakeFiles/oboskrnl.dir/external/list/list.c.o
 .debug_info    0x0000dbe9     0x1a91 src/oboskrnl/CMakeFiles/oboskrnl.dir/multitasking/multitasking.cpp.o
 .debug_info    0x0000f67a     0x2716 src/oboskrnl/CMakeFiles/oboskrnl.dir/multitasking/threadHandle.cpp.o
 .debug_info    0x00011d90     0x1327 src/oboskrnl/CMakeFiles/oboskrnl.dir/multitasking/thread.cpp.o
 .debug_info    0x000130b7     0x120f src/oboskrnl/CMakeFiles/oboskrnl.dir/multitasking/mutex/mutex.cpp.o
 .debug_info    0x000142c6     0x1765 src/oboskrnl/CMakeFiles/oboskrnl.dir/multitasking/mutex/mutexHandle.cpp.o
 .debug_info    0x00015a2b      0xa2a src/oboskrnl/CMakeFiles/oboskrnl.dir/elf/elf.cpp.o
 .debug_info    0x00016455      0x42e src/oboskrnl/CMakeFiles/oboskrnl.dir/driver_api/interrupts.cpp.o
 .debug_info    0x00016883     0x2bd9 src/oboskrnl/CMakeFiles/oboskrnl.dir/driver_api/syscalls.cpp.o
 .debug_info    0x0001945c     0x10f7 src/oboskrnl/CMakeFiles/oboskrnl.dir/syscalls/syscalls.cpp.o
 .debug_info    0x0001a553     0x20e6 src/oboskrnl/CMakeFiles/oboskrnl.dir/process/process.cpp.o
 .debug_info    0x0001c639      0x343 /home/omar/opt/cross/lib/gcc/i686-elf/11.4.0/libgcc.a(_umoddi3.o)

.debug_abbrev   0x00000000     0x53b7
 .debug_abbrev  0x00000000       0x1b src/oboskrnl/CMakeFiles/oboskrnl.dir/boot/kernel_bootstrap-i686.asm.o
 .debug_abbrev  0x0000001b       0x1b src/oboskrnl/CMakeFiles/oboskrnl.dir/descriptors/gdt/gdt.asm.o
 .debug_abbrev  0x00000036       0x1b src/oboskrnl/CMakeFiles/oboskrnl.dir/descriptors/idt/idt.asm.o
 .debug_abbrev  0x00000051       0x1b src/oboskrnl/CMakeFiles/oboskrnl.dir/descriptors/idt/handlers.asm.o
 .debug_abbrev  0x0000006c       0x1b src/oboskrnl/CMakeFiles/oboskrnl.dir/memory_manager/paging/init.asm.o
 .debug_abbrev  0x00000087       0x1b src/oboskrnl/CMakeFiles/oboskrnl.dir/multitasking/multitasking.asm.o
 .debug_abbrev  0x000000a2       0x1b src/oboskrnl/CMakeFiles/oboskrnl.dir/utils/memcpy.asm.o
 .debug_abbrev  0x000000bd       0x1b src/oboskrnl/CMakeFiles/oboskrnl.dir/inline-asm.asm.o
 .debug_abbrev  0x000000d8       0x1b src/oboskrnl/CMakeFiles/oboskrnl.dir/driver_api/interrupts.asm.o
 .debug_abbrev  0x000000f3       0x1b src/oboskrnl/CMakeFiles/oboskrnl.dir/syscalls/interrupts.asm.o
 .debug_abbrev  0x0000010e      0x76b src/oboskrnl/CMakeFiles/oboskrnl.dir/boot/kmain.cpp.o
 .debug_abbrev  0x00000879      0x3a5 src/oboskrnl/CMakeFiles/oboskrnl.dir/console.cpp.o
 .debug_abbrev  0x00000c1e      0x463 src/oboskrnl/CMakeFiles/oboskrnl.dir/klog.cpp.o
 .debug_abbrev  0x00001081      0x228 src/oboskrnl/CMakeFiles/oboskrnl.dir/inline-asm.cpp.o
 .debug_abbrev  0x000012a9      0x1f6 src/oboskrnl/CMakeFiles/oboskrnl.dir/descriptors/gdt/gdt.cpp.o
 .debug_abbrev  0x0000149f      0x1d8 src/oboskrnl/CMakeFiles/oboskrnl.dir/descriptors/idt/idt.cpp.o
 .debug_abbrev  0x00001677      0x24b src/oboskrnl/CMakeFiles/oboskrnl.dir/memory_manager/physical.cpp.o
 .debug_abbrev  0x000018c2      0x338 src/oboskrnl/CMakeFiles/oboskrnl.dir/utils/bitfields.cpp.o
 .debug_abbrev  0x00001bfa      0x231 src/oboskrnl/CMakeFiles/oboskrnl.dir/descriptors/idt/pic.cpp.o
 .debug_abbrev  0x00001e2b      0x304 src/oboskrnl/CMakeFiles/oboskrnl.dir/memory_manager/paging/init.cpp.o
 .debug_abbrev  0x0000212f      0x26e src/oboskrnl/CMakeFiles/oboskrnl.dir/memory_manager/paging/allocate.cpp.o
 .debug_abbrev  0x0000239d       0xed src/oboskrnl/CMakeFiles/oboskrnl.dir/utils/memory.cpp.o
 .debug_abbrev  0x0000248a      0x1b3 src/oboskrnl/CMakeFiles/oboskrnl.dir/memory_manager/paging/liballoc_hooks.cpp.o
 .debug_abbrev  0x0000263d      0x201 src/oboskrnl/CMakeFiles/oboskrnl.dir/memory_manager/liballoc/liballoc.c.o
 .debug_abbrev  0x0000283e      0x175 src/oboskrnl/CMakeFiles/oboskrnl.dir/external/list/list_iterator.c.o
 .debug_abbrev  0x000029b3       0xbe src/oboskrnl/CMakeFiles/oboskrnl.dir/external/list/list_node.c.o
 .debug_abbrev  0x00002a71      0x1ae src/oboskrnl/CMakeFiles/oboskrnl.dir/external/list/list.c.o
 .debug_abbrev  0x00002c1f      0x44b src/oboskrnl/CMakeFiles/oboskrnl.dir/multitasking/multitasking.cpp.o
 .debug_abbrev  0x0000306a      0x586 src/oboskrnl/CMakeFiles/oboskrnl.dir/multitasking/threadHandle.cpp.o
 .debug_abbrev  0x000035f0      0x3a1 src/oboskrnl/CMakeFiles/oboskrnl.dir/multitasking/thread.cpp.o
 .debug_abbrev  0x00003991      0x380 src/oboskrnl/CMakeFiles/oboskrnl.dir/multitasking/mutex/mutex.cpp.o
 .debug_abbrev  0x00003d11      0x3b7 src/oboskrnl/CMakeFiles/oboskrnl.dir/multitasking/mutex/mutexHandle.cpp.o
 .debug_abbrev  0x000040c8      0x188 src/oboskrnl/CMakeFiles/oboskrnl.dir/elf/elf.cpp.o
 .debug_abbrev  0x00004250      0x124 src/oboskrnl/CMakeFiles/oboskrnl.dir/driver_api/interrupts.cpp.o
 .debug_abbrev  0x00004374      0x56e src/oboskrnl/CMakeFiles/oboskrnl.dir/driver_api/syscalls.cpp.o
 .debug_abbrev  0x000048e2      0x35a src/oboskrnl/CMakeFiles/oboskrnl.dir/syscalls/syscalls.cpp.o
 .debug_abbrev  0x00004c3c      0x60a src/oboskrnl/CMakeFiles/oboskrnl.dir/process/process.cpp.o
 .debug_abbrev  0x00005246      0x171 /home/omar/opt/cross/lib/gcc/i686-elf/11.4.0/libgcc.a(_umoddi3.o)

.debug_line     0x00000000     0xe648
 .debug_line    0x00000000       0x7b src/oboskrnl/CMakeFiles/oboskrnl.dir/boot/kernel_bootstrap-i686.asm.o
 .debug_line    0x0000007b       0x74 src/oboskrnl/CMakeFiles/oboskrnl.dir/descriptors/gdt/gdt.asm.o
 .debug_line    0x000000ef       0x6a src/oboskrnl/CMakeFiles/oboskrnl.dir/descriptors/idt/idt.asm.o
 .debug_line    0x00000159      0x14b src/oboskrnl/CMakeFiles/oboskrnl.dir/descriptors/idt/handlers.asm.o
 .debug_line    0x000002a4       0x7b src/oboskrnl/CMakeFiles/oboskrnl.dir/memory_manager/paging/init.asm.o
 .debug_line    0x0000031f       0x94 src/oboskrnl/CMakeFiles/oboskrnl.dir/multitasking/multitasking.asm.o
 .debug_line    0x000003b3       0xaf src/oboskrnl/CMakeFiles/oboskrnl.dir/utils/memcpy.asm.o
 .debug_line    0x00000462       0x62 src/oboskrnl/CMakeFiles/oboskrnl.dir/inline-asm.asm.o
 .debug_line    0x000004c4       0x74 src/oboskrnl/CMakeFiles/oboskrnl.dir/driver_api/interrupts.asm.o
 .debug_line    0x00000538       0x6f src/oboskrnl/CMakeFiles/oboskrnl.dir/syscalls/interrupts.asm.o
 .debug_line    0x000005a7     0x1000 src/oboskrnl/CMakeFiles/oboskrnl.dir/boot/kmain.cpp.o
 .debug_line    0x000015a7      0xe05 src/oboskrnl/CMakeFiles/oboskrnl.dir/console.cpp.o
 .debug_line    0x000023ac      0xe68 src/oboskrnl/CMakeFiles/oboskrnl.dir/klog.cpp.o
 .debug_line    0x00003214      0xd29 src/oboskrnl/CMakeFiles/oboskrnl.dir/inline-asm.cpp.o
 .debug_line    0x00003f3d      0x343 src/oboskrnl/CMakeFiles/oboskrnl.dir/descriptors/gdt/gdt.cpp.o
 .debug_line    0x00004280      0x401 src/oboskrnl/CMakeFiles/oboskrnl.dir/descriptors/idt/idt.cpp.o
 .debug_line    0x00004681      0x9f3 src/oboskrnl/CMakeFiles/oboskrnl.dir/memory_manager/physical.cpp.o
 .debug_line    0x00005074      0x48d src/oboskrnl/CMakeFiles/oboskrnl.dir/utils/bitfields.cpp.o
 .debug_line    0x00005501      0x695 src/oboskrnl/CMakeFiles/oboskrnl.dir/descriptors/idt/pic.cpp.o
 .debug_line    0x00005b96      0x526 src/oboskrnl/CMakeFiles/oboskrnl.dir/memory_manager/paging/init.cpp.o
 .debug_line    0x000060bc      0xd27 src/oboskrnl/CMakeFiles/oboskrnl.dir/memory_manager/paging/allocate.cpp.o
 .debug_line    0x00006de3      0x311 src/oboskrnl/CMakeFiles/oboskrnl.dir/utils/memory.cpp.o
 .debug_line    0x000070f4      0x399 src/oboskrnl/CMakeFiles/oboskrnl.dir/memory_manager/paging/liballoc_hooks.cpp.o
 .debug_line    0x0000748d     0x10ee src/oboskrnl/CMakeFiles/oboskrnl.dir/memory_manager/liballoc/liballoc.c.o
 .debug_line    0x0000857b      0x219 src/oboskrnl/CMakeFiles/oboskrnl.dir/external/list/list_iterator.c.o
 .debug_line    0x00008794      0x17b src/oboskrnl/CMakeFiles/oboskrnl.dir/external/list/list_node.c.o
 .debug_line    0x0000890f      0x837 src/oboskrnl/CMakeFiles/oboskrnl.dir/external/list/list.c.o
 .debug_line    0x00009146      0xa81 src/oboskrnl/CMakeFiles/oboskrnl.dir/multitasking/multitasking.cpp.o
 .debug_line    0x00009bc7     0x158d src/oboskrnl/CMakeFiles/oboskrnl.dir/multitasking/threadHandle.cpp.o
 .debug_line    0x0000b154      0x53b src/oboskrnl/CMakeFiles/oboskrnl.dir/multitasking/thread.cpp.o
 .debug_line    0x0000b68f      0x46f src/oboskrnl/CMakeFiles/oboskrnl.dir/multitasking/mutex/mutex.cpp.o
 .debug_line    0x0000bafe      0x56f src/oboskrnl/CMakeFiles/oboskrnl.dir/multitasking/mutex/mutexHandle.cpp.o
 .debug_line    0x0000c06d      0x487 src/oboskrnl/CMakeFiles/oboskrnl.dir/elf/elf.cpp.o
 .debug_line    0x0000c4f4      0x201 src/oboskrnl/CMakeFiles/oboskrnl.dir/driver_api/interrupts.cpp.o
 .debug_line    0x0000c6f5      0xf07 src/oboskrnl/CMakeFiles/oboskrnl.dir/driver_api/syscalls.cpp.o
 .debug_line    0x0000d5fc      0x315 src/oboskrnl/CMakeFiles/oboskrnl.dir/syscalls/syscalls.cpp.o
 .debug_line    0x0000d911      0xb62 src/oboskrnl/CMakeFiles/oboskrnl.dir/process/process.cpp.o
 .debug_line    0x0000e473      0x1d5 /home/omar/opt/cross/lib/gcc/i686-elf/11.4.0/libgcc.a(_umoddi3.o)

.debug_frame    0x00000000     0x317c
 .debug_frame   0x00000000        0x0 src/oboskrnl/CMakeFiles/oboskrnl.dir/boot/kernel_bootstrap-i686.asm.o
 .debug_frame   0x00000000        0x0 src/oboskrnl/CMakeFiles/oboskrnl.dir/descriptors/gdt/gdt.asm.o
 .debug_frame   0x00000000        0x0 src/oboskrnl/CMakeFiles/oboskrnl.dir/descriptors/idt/idt.asm.o
 .debug_frame   0x00000000        0x0 src/oboskrnl/CMakeFiles/oboskrnl.dir/descriptors/idt/handlers.asm.o
 .debug_frame   0x00000000        0x0 src/oboskrnl/CMakeFiles/oboskrnl.dir/memory_manager/paging/init.asm.o
 .debug_frame   0x00000000        0x0 src/oboskrnl/CMakeFiles/oboskrnl.dir/multitasking/multitasking.asm.o
 .debug_frame   0x00000000        0x0 src/oboskrnl/CMakeFiles/oboskrnl.dir/utils/memcpy.asm.o
 .debug_frame   0x00000000        0x0 src/oboskrnl/CMakeFiles/oboskrnl.dir/inline-asm.asm.o
 .debug_frame   0x00000000        0x0 src/oboskrnl/CMakeFiles/oboskrnl.dir/driver_api/interrupts.asm.o
 .debug_frame   0x00000000        0x0 src/oboskrnl/CMakeFiles/oboskrnl.dir/syscalls/interrupts.asm.o
 .debug_frame   0x00000000      0x2bc src/oboskrnl/CMakeFiles/oboskrnl.dir/boot/kmain.cpp.o
 .debug_frame   0x000002bc      0x360 src/oboskrnl/CMakeFiles/oboskrnl.dir/console.cpp.o
 .debug_frame   0x0000061c      0x310 src/oboskrnl/CMakeFiles/oboskrnl.dir/klog.cpp.o
 .debug_frame   0x0000092c      0x1f8 src/oboskrnl/CMakeFiles/oboskrnl.dir/inline-asm.cpp.o
 .debug_frame   0x00000b24       0x98 src/oboskrnl/CMakeFiles/oboskrnl.dir/descriptors/gdt/gdt.cpp.o
 .debug_frame   0x00000bbc       0x98 src/oboskrnl/CMakeFiles/oboskrnl.dir/descriptors/idt/idt.cpp.o
 .debug_frame   0x00000c54      0x12c src/oboskrnl/CMakeFiles/oboskrnl.dir/memory_manager/physical.cpp.o
 .debug_frame   0x00000d80      0x3ac src/oboskrnl/CMakeFiles/oboskrnl.dir/utils/bitfields.cpp.o
 .debug_frame   0x0000112c      0x300 src/oboskrnl/CMakeFiles/oboskrnl.dir/descriptors/idt/pic.cpp.o
 .debug_frame   0x0000142c      0x208 src/oboskrnl/CMakeFiles/oboskrnl.dir/memory_manager/paging/init.cpp.o
 .debug_frame   0x00001634      0x188 src/oboskrnl/CMakeFiles/oboskrnl.dir/memory_manager/paging/allocate.cpp.o
 .debug_frame   0x000017bc       0x98 src/oboskrnl/CMakeFiles/oboskrnl.dir/utils/memory.cpp.o
 .debug_frame   0x00001854      0x27c src/oboskrnl/CMakeFiles/oboskrnl.dir/memory_manager/paging/liballoc_hooks.cpp.o
 .debug_frame   0x00001ad0      0x160 src/oboskrnl/CMakeFiles/oboskrnl.dir/memory_manager/liballoc/liballoc.c.o
 .debug_frame   0x00001c30       0xc4 src/oboskrnl/CMakeFiles/oboskrnl.dir/external/list/list_iterator.c.o
 .debug_frame   0x00001cf4       0x40 src/oboskrnl/CMakeFiles/oboskrnl.dir/external/list/list_node.c.o
 .debug_frame   0x00001d34      0x1a0 src/oboskrnl/CMakeFiles/oboskrnl.dir/external/list/list.c.o
 .debug_frame   0x00001ed4      0x164 src/oboskrnl/CMakeFiles/oboskrnl.dir/multitasking/multitasking.cpp.o
 .debug_frame   0x00002038      0x678 src/oboskrnl/CMakeFiles/oboskrnl.dir/multitasking/threadHandle.cpp.o
 .debug_frame   0x000026b0       0xc4 src/oboskrnl/CMakeFiles/oboskrnl.dir/multitasking/thread.cpp.o
 .debug_frame   0x00002774       0xc4 src/oboskrnl/CMakeFiles/oboskrnl.dir/multitasking/mutex/mutex.cpp.o
 .debug_frame   0x00002838      0x200 src/oboskrnl/CMakeFiles/oboskrnl.dir/multitasking/mutex/mutexHandle.cpp.o
 .debug_frame   0x00002a38       0x6c src/oboskrnl/CMakeFiles/oboskrnl.dir/elf/elf.cpp.o
 .debug_frame   0x00002aa4       0xc4 src/oboskrnl/CMakeFiles/oboskrnl.dir/driver_api/interrupts.cpp.o
 .debug_frame   0x00002b68      0x2a8 src/oboskrnl/CMakeFiles/oboskrnl.dir/driver_api/syscalls.cpp.o
 .debug_frame   0x00002e10       0x98 src/oboskrnl/CMakeFiles/oboskrnl.dir/syscalls/syscalls.cpp.o
 .debug_frame   0x00002ea8      0x2d4 src/oboskrnl/CMakeFiles/oboskrnl.dir/process/process.cpp.o

.debug_loc      0x00000000        0x0
 .debug_loc     0x00000000        0x0 src/oboskrnl/CMakeFiles/oboskrnl.dir/boot/kernel_bootstrap-i686.asm.o
 .debug_loc     0x00000000        0x0 src/oboskrnl/CMakeFiles/oboskrnl.dir/descriptors/gdt/gdt.asm.o
 .debug_loc     0x00000000        0x0 src/oboskrnl/CMakeFiles/oboskrnl.dir/descriptors/idt/idt.asm.o
 .debug_loc     0x00000000        0x0 src/oboskrnl/CMakeFiles/oboskrnl.dir/descriptors/idt/handlers.asm.o
 .debug_loc     0x00000000        0x0 src/oboskrnl/CMakeFiles/oboskrnl.dir/memory_manager/paging/init.asm.o
 .debug_loc     0x00000000        0x0 src/oboskrnl/CMakeFiles/oboskrnl.dir/multitasking/multitasking.asm.o
 .debug_loc     0x00000000        0x0 src/oboskrnl/CMakeFiles/oboskrnl.dir/utils/memcpy.asm.o
 .debug_loc     0x00000000        0x0 src/oboskrnl/CMakeFiles/oboskrnl.dir/inline-asm.asm.o
 .debug_loc     0x00000000        0x0 src/oboskrnl/CMakeFiles/oboskrnl.dir/driver_api/interrupts.asm.o
 .debug_loc     0x00000000        0x0 src/oboskrnl/CMakeFiles/oboskrnl.dir/syscalls/interrupts.asm.o

.debug_rnglists
                0x00000000      0x240
 .debug_rnglists
                0x00000000       0x28 src/oboskrnl/CMakeFiles/oboskrnl.dir/boot/kmain.cpp.o
 .debug_rnglists
                0x00000028       0x1f src/oboskrnl/CMakeFiles/oboskrnl.dir/klog.cpp.o
 .debug_rnglists
                0x00000047       0x1f src/oboskrnl/CMakeFiles/oboskrnl.dir/memory_manager/paging/allocate.cpp.o
 .debug_rnglists
                0x00000066       0x31 src/oboskrnl/CMakeFiles/oboskrnl.dir/multitasking/multitasking.cpp.o
 .debug_rnglists
                0x00000097       0x5e src/oboskrnl/CMakeFiles/oboskrnl.dir/multitasking/threadHandle.cpp.o
 .debug_rnglists
                0x000000f5       0x28 src/oboskrnl/CMakeFiles/oboskrnl.dir/multitasking/thread.cpp.o
 .debug_rnglists
                0x0000011d       0x3a src/oboskrnl/CMakeFiles/oboskrnl.dir/multitasking/mutex/mutexHandle.cpp.o
 .debug_rnglists
                0x00000157       0x6b src/oboskrnl/CMakeFiles/oboskrnl.dir/driver_api/syscalls.cpp.o
 .debug_rnglists
                0x000001c2       0x5e src/oboskrnl/CMakeFiles/oboskrnl.dir/process/process.cpp.o
 .debug_rnglists
                0x00000220       0x20 /home/omar/opt/cross/lib/gcc/i686-elf/11.4.0/libgcc.a(_umoddi3.o)

.debug_str      0x00000000      0x803
 .debug_str     0x00000000       0x9c src/oboskrnl/CMakeFiles/oboskrnl.dir/boot/kmain.cpp.o
 .debug_str     0x0000009c       0x52 src/oboskrnl/CMakeFiles/oboskrnl.dir/console.cpp.o
 .debug_str     0x000000ee       0xbe src/oboskrnl/CMakeFiles/oboskrnl.dir/klog.cpp.o
 .debug_str     0x000001ac        0x0 src/oboskrnl/CMakeFiles/oboskrnl.dir/inline-asm.cpp.o
 .debug_str     0x000001ac        0x9 src/oboskrnl/CMakeFiles/oboskrnl.dir/descriptors/gdt/gdt.cpp.o
 .debug_str     0x000001b5        0x9 src/oboskrnl/CMakeFiles/oboskrnl.dir/descriptors/idt/idt.cpp.o
 .debug_str     0x000001be        0xe src/oboskrnl/CMakeFiles/oboskrnl.dir/memory_manager/physical.cpp.o
 .debug_str     0x000001cc       0x5e src/oboskrnl/CMakeFiles/oboskrnl.dir/utils/bitfields.cpp.o
 .debug_str     0x0000022a       0x39 src/oboskrnl/CMakeFiles/oboskrnl.dir/descriptors/idt/pic.cpp.o
 .debug_str     0x00000263       0x1d src/oboskrnl/CMakeFiles/oboskrnl.dir/memory_manager/paging/init.cpp.o
 .debug_str     0x00000280       0x3d src/oboskrnl/CMakeFiles/oboskrnl.dir/memory_manager/paging/allocate.cpp.o
 .debug_str     0x000002bd        0x0 src/oboskrnl/CMakeFiles/oboskrnl.dir/utils/memory.cpp.o
 .debug_str     0x000002bd       0x46 src/oboskrnl/CMakeFiles/oboskrnl.dir/memory_manager/paging/liballoc_hooks.cpp.o
 .debug_str     0x00000303       0x26 src/oboskrnl/CMakeFiles/oboskrnl.dir/memory_manager/liballoc/liballoc.c.o
 .debug_str     0x00000329        0xa src/oboskrnl/CMakeFiles/oboskrnl.dir/external/list/list_iterator.c.o
 .debug_str     0x00000333        0x0 src/oboskrnl/CMakeFiles/oboskrnl.dir/external/list/list_node.c.o
 .debug_str     0x00000333       0x14 src/oboskrnl/CMakeFiles/oboskrnl.dir/external/list/list.c.o
 .debug_str     0x00000347       0x33 src/oboskrnl/CMakeFiles/oboskrnl.dir/multitasking/multitasking.cpp.o
 .debug_str     0x0000037a      0x105 src/oboskrnl/CMakeFiles/oboskrnl.dir/multitasking/threadHandle.cpp.o
 .debug_str     0x0000047f       0x5b src/oboskrnl/CMakeFiles/oboskrnl.dir/multitasking/thread.cpp.o
 .debug_str     0x000004da       0x27 src/oboskrnl/CMakeFiles/oboskrnl.dir/multitasking/mutex/mutex.cpp.o
 .debug_str     0x00000501       0x5f src/oboskrnl/CMakeFiles/oboskrnl.dir/multitasking/mutex/mutexHandle.cpp.o
 .debug_str     0x00000560       0x23 src/oboskrnl/CMakeFiles/oboskrnl.dir/elf/elf.cpp.o
 .debug_str     0x00000583        0x0 src/oboskrnl/CMakeFiles/oboskrnl.dir/driver_api/interrupts.cpp.o
 .debug_str     0x00000583       0x73 src/oboskrnl/CMakeFiles/oboskrnl.dir/driver_api/syscalls.cpp.o
 .debug_str     0x000005f6       0x3b src/oboskrnl/CMakeFiles/oboskrnl.dir/syscalls/syscalls.cpp.o
 .debug_str     0x00000631       0x59 src/oboskrnl/CMakeFiles/oboskrnl.dir/process/process.cpp.o
 .debug_str     0x0000068a      0x179 /home/omar/opt/cross/lib/gcc/i686-elf/11.4.0/libgcc.a(_umoddi3.o)
                                0x1e3 (size before relaxing)

.debug_loclists
                0x00000000      0x495
 .debug_loclists
                0x00000000      0x495 /home/omar/opt/cross/lib/gcc/i686-elf/11.4.0/libgcc.a(_umoddi3.o)

.debug_line_str
                0x00000000       0x93
 .debug_line_str
                0x00000000       0x93 /home/omar/opt/cross/lib/gcc/i686-elf/11.4.0/libgcc.a(_umoddi3.o)
                                 0xf0 (size before relaxing)
