
Discarded input sections

 .gnu.linkonce.t._ZN4obos6memory7PageMap21computeIndexAtAddressEyh
                0x0000000000000000       0x31 src/oboskrnl/CMakeFiles/oboskrnl.dir/memory_manager/paging/x86-64/allocate.cpp.obj
 .gnu.linkonce.t._ZN4obos6Handle7getTypeEv
                0x0000000000000000       0x13 src/oboskrnl/CMakeFiles/oboskrnl.dir/multitasking/threadHandle.cpp.obj
 .gnu.linkonce.t._ZN4obos6HandleD2Ev
                0x0000000000000000       0x1d src/oboskrnl/CMakeFiles/oboskrnl.dir/multitasking/threadHandle.cpp.obj
 .gnu.linkonce.t._ZN4obos12multitasking12ThreadHandleD1Ev
                0x0000000000000000       0x35 src/oboskrnl/CMakeFiles/oboskrnl.dir/multitasking/threadHandle.cpp.obj
 .gnu.linkonce.r._ZTVN4obos6HandleE
                0x0000000000000000       0x38 src/oboskrnl/CMakeFiles/oboskrnl.dir/multitasking/threadHandle.cpp.obj
 .gnu.linkonce.t._ZN4obos12multitasking6ThreadD1Ev
                0x0000000000000000       0x53 src/oboskrnl/CMakeFiles/oboskrnl.dir/multitasking/multitasking.cpp.obj
 .gnu.linkonce.t._ZN4obos12multitasking6ThreadD0Ev
                0x0000000000000000       0x2b src/oboskrnl/CMakeFiles/oboskrnl.dir/multitasking/multitasking.cpp.obj
 .gnu.linkonce.t._ZN4obos12multitasking6ThreadC1Ev
                0x0000000000000000       0xd1 src/oboskrnl/CMakeFiles/oboskrnl.dir/multitasking/multitasking.cpp.obj
 .gnu.linkonce.r._ZTVN4obos12multitasking6ThreadE
                0x0000000000000000       0x20 src/oboskrnl/CMakeFiles/oboskrnl.dir/multitasking/multitasking.cpp.obj
 .gnu.linkonce.t._ZN4obos12multitasking6ThreadD1Ev
                0x0000000000000000       0x53 src/oboskrnl/CMakeFiles/oboskrnl.dir/multitasking/thread.cpp.obj
 .gnu.linkonce.t._ZN4obos12multitasking6ThreadD0Ev
                0x0000000000000000       0x2b src/oboskrnl/CMakeFiles/oboskrnl.dir/multitasking/thread.cpp.obj
 .gnu.linkonce.r._ZTVN4obos12multitasking6ThreadE
                0x0000000000000000       0x20 src/oboskrnl/CMakeFiles/oboskrnl.dir/multitasking/thread.cpp.obj
 .gnu.linkonce.t._ZN4obos6Handle7getTypeEv
                0x0000000000000000       0x13 src/oboskrnl/CMakeFiles/oboskrnl.dir/multitasking/mutex/mutexHandle.cpp.obj
 .gnu.linkonce.t._ZN4obos6Handle13getReferencesEv
                0x0000000000000000       0x1a src/oboskrnl/CMakeFiles/oboskrnl.dir/multitasking/mutex/mutexHandle.cpp.obj
 .gnu.linkonce.t._ZN4obos6HandleD2Ev
                0x0000000000000000       0x1d src/oboskrnl/CMakeFiles/oboskrnl.dir/multitasking/mutex/mutexHandle.cpp.obj
 .gnu.linkonce.t._ZN4obos6HandleC2Ev
                0x0000000000000000       0x41 src/oboskrnl/CMakeFiles/oboskrnl.dir/multitasking/mutex/mutexHandle.cpp.obj
 .gnu.linkonce.r._ZTVN4obos6HandleE
                0x0000000000000000       0x38 src/oboskrnl/CMakeFiles/oboskrnl.dir/multitasking/mutex/mutexHandle.cpp.obj
 .gnu.linkonce.t._ZNK4obos6memory7PageMap10getPageMapEv
                0x0000000000000000       0x15 src/oboskrnl/CMakeFiles/oboskrnl.dir/process/process.cpp.obj
 .gnu.linkonce.t._ZN4obos12multitasking6ThreadD1Ev
                0x0000000000000000       0x53 src/oboskrnl/CMakeFiles/oboskrnl.dir/process/process.cpp.obj
 .gnu.linkonce.t._ZN4obos12multitasking6ThreadD0Ev
                0x0000000000000000       0x2b src/oboskrnl/CMakeFiles/oboskrnl.dir/process/process.cpp.obj
 .gnu.linkonce.t._ZN4obos6Handle7getTypeEv
                0x0000000000000000       0x13 src/oboskrnl/CMakeFiles/oboskrnl.dir/process/process.cpp.obj
 .gnu.linkonce.t._ZN4obos6HandleD2Ev
                0x0000000000000000       0x1d src/oboskrnl/CMakeFiles/oboskrnl.dir/process/process.cpp.obj
 .gnu.linkonce.t._ZN4obos12multitasking12ThreadHandleD1Ev
                0x0000000000000000       0x35 src/oboskrnl/CMakeFiles/oboskrnl.dir/process/process.cpp.obj
 .gnu.linkonce.t._ZN4obos12multitasking12ThreadHandleD0Ev
                0x0000000000000000       0x2b src/oboskrnl/CMakeFiles/oboskrnl.dir/process/process.cpp.obj
 .gnu.linkonce.t._ZN4obos12multitasking6ThreadC1Ev
                0x0000000000000000       0xd1 src/oboskrnl/CMakeFiles/oboskrnl.dir/process/process.cpp.obj
 .gnu.linkonce.r._ZTVN4obos6HandleE
                0x0000000000000000       0x38 src/oboskrnl/CMakeFiles/oboskrnl.dir/process/process.cpp.obj
 .gnu.linkonce.r._ZTVN4obos12multitasking6ThreadE
                0x0000000000000000       0x20 src/oboskrnl/CMakeFiles/oboskrnl.dir/process/process.cpp.obj
 .gnu.linkonce.t._ZN4obos6memory7PageMap21computeIndexAtAddressEyh
                0x0000000000000000       0x31 src/oboskrnl/CMakeFiles/oboskrnl.dir/driver_api/syscalls.cpp.obj

Memory Configuration

Name             Origin             Length             Attributes
*default*        0x0000000000000000 0xffffffffffffffff

Linker script and memory map

LOAD src/oboskrnl/CMakeFiles/oboskrnl.dir/boot/x86-64/kernel_bootstrap.asm.obj
LOAD src/oboskrnl/CMakeFiles/oboskrnl.dir/x86-64/inline-asm.asm.obj
LOAD src/oboskrnl/CMakeFiles/oboskrnl.dir/descriptors/idt/x86-64/handlers.asm.obj
LOAD src/oboskrnl/CMakeFiles/oboskrnl.dir/descriptors/idt/x86-64/idt.asm.obj
LOAD src/oboskrnl/CMakeFiles/oboskrnl.dir/utils/memcpy_x86-64.asm.obj
LOAD src/oboskrnl/CMakeFiles/oboskrnl.dir/memory_manager/paging/x86-64/init.asm.obj
LOAD src/oboskrnl/CMakeFiles/oboskrnl.dir/multitasking/multitasking_x86-64.asm.obj
LOAD src/oboskrnl/CMakeFiles/oboskrnl.dir/driver_api/interrupts.asm.obj
LOAD src/oboskrnl/CMakeFiles/oboskrnl.dir/syscalls/interrupts.asm.obj
LOAD src/oboskrnl/CMakeFiles/oboskrnl.dir/descriptors/idt/x86-64/idt.cpp.obj
LOAD src/oboskrnl/CMakeFiles/oboskrnl.dir/x86-64/exception_handlers.cpp.obj
LOAD src/oboskrnl/CMakeFiles/oboskrnl.dir/memory_manager/paging/x86-64/init.cpp.obj
LOAD src/oboskrnl/CMakeFiles/oboskrnl.dir/memory_manager/paging/x86-64/allocate.cpp.obj
LOAD src/oboskrnl/CMakeFiles/oboskrnl.dir/memory_manager/x86-64/physical.cpp.obj
LOAD src/oboskrnl/CMakeFiles/oboskrnl.dir/boot/kmain.cpp.obj
LOAD src/oboskrnl/CMakeFiles/oboskrnl.dir/console.cpp.obj
LOAD src/oboskrnl/CMakeFiles/oboskrnl.dir/klog.cpp.obj
LOAD src/oboskrnl/CMakeFiles/oboskrnl.dir/inline-asm.cpp.obj
LOAD src/oboskrnl/CMakeFiles/oboskrnl.dir/utils/bitfields.cpp.obj
LOAD src/oboskrnl/CMakeFiles/oboskrnl.dir/descriptors/idt/pic.cpp.obj
LOAD src/oboskrnl/CMakeFiles/oboskrnl.dir/external/list/list_iterator.c.obj
LOAD src/oboskrnl/CMakeFiles/oboskrnl.dir/utils/memory.cpp.obj
LOAD src/oboskrnl/CMakeFiles/oboskrnl.dir/memory_manager/paging/liballoc_hooks.cpp.obj
LOAD src/oboskrnl/CMakeFiles/oboskrnl.dir/memory_manager/liballoc/liballoc.c.obj
LOAD src/oboskrnl/CMakeFiles/oboskrnl.dir/multitasking/threadHandle.cpp.obj
LOAD src/oboskrnl/CMakeFiles/oboskrnl.dir/external/list/list_node.c.obj
LOAD src/oboskrnl/CMakeFiles/oboskrnl.dir/external/list/list.c.obj
LOAD src/oboskrnl/CMakeFiles/oboskrnl.dir/multitasking/multitasking.cpp.obj
LOAD src/oboskrnl/CMakeFiles/oboskrnl.dir/elf/elf.cpp.obj
LOAD src/oboskrnl/CMakeFiles/oboskrnl.dir/multitasking/thread.cpp.obj
LOAD src/oboskrnl/CMakeFiles/oboskrnl.dir/multitasking/mutex/mutex.cpp.obj
LOAD src/oboskrnl/CMakeFiles/oboskrnl.dir/multitasking/mutex/mutexHandle.cpp.obj
LOAD src/oboskrnl/CMakeFiles/oboskrnl.dir/process/process.cpp.obj
LOAD src/oboskrnl/CMakeFiles/oboskrnl.dir/driver_api/interrupts.cpp.obj
LOAD src/oboskrnl/CMakeFiles/oboskrnl.dir/driver_api/syscalls.cpp.obj
LOAD src/oboskrnl/CMakeFiles/oboskrnl.dir/syscalls/syscalls.cpp.obj
LOAD src/oboskrnl/CMakeFiles/oboskrnl.dir/external/amalgamated-dist/Zydis.c.obj
LOAD src/oboskrnl/CMakeFiles/oboskrnl.dir/descriptors/gdt/gdt.cpp.obj
LOAD /home/omar/opt/cross/lib/gcc/x86_64-elf/11.4.0/libgcc.a
                0x0000000000100000                . = 0x100000
                0x0000000000100000                _kernel_start = .

.multiboot.data
                0x0000000000100000     0x8432
 *(.multiboot.data)
 .multiboot.data
                0x0000000000100000     0x8432 src/oboskrnl/CMakeFiles/oboskrnl.dir/boot/x86-64/kernel_bootstrap.asm.obj
                0x0000000000101000                boot_page_table1
                0x0000000000105000                boot_page_level3_map
                0x0000000000107000                boot_page_level4_map
                0x0000000000108428                GDTPointer

.multiboot.text
                0x0000000000108432      0x115
 *(.multiboot.text)
 .multiboot.text
                0x0000000000108432      0x115 src/oboskrnl/CMakeFiles/oboskrnl.dir/boot/x86-64/kernel_bootstrap.asm.obj
                0x0000000000108442                _start
                0xffffffff80108547                . = (. + 0xffffffff80000000)

.text           0xffffffff80109000    0x26eff load address 0x0000000000109000
                0xffffffff80109000                _stext = .
 *(.text)
 .text          0xffffffff80109000       0x4b src/oboskrnl/CMakeFiles/oboskrnl.dir/boot/x86-64/kernel_bootstrap.asm.obj
                0xffffffff8010903e                _ZN4obos15RestartComputerEv
 *fill*         0xffffffff8010904b        0x5 
 .text          0xffffffff80109050       0x17 src/oboskrnl/CMakeFiles/oboskrnl.dir/x86-64/inline-asm.asm.obj
                0xffffffff80109050                _Z9getEflagsv
                0xffffffff80109058                _Z6getEIPv
                0xffffffff8010905b                getEBP
                0xffffffff8010905f                _ZN4obos6memory19GetPageFaultAddressEv
                0xffffffff80109063                _ZN4obos6memory8tlbFlushEy
 *fill*         0xffffffff80109067        0x9 
 .text          0xffffffff80109070      0x213 src/oboskrnl/CMakeFiles/oboskrnl.dir/descriptors/idt/x86-64/handlers.asm.obj
                0xffffffff80109070                isr0
                0xffffffff8010907a                isr1
                0xffffffff80109084                isr2
                0xffffffff8010908e                isr3
                0xffffffff80109098                isr4
                0xffffffff801090a2                isr5
                0xffffffff801090ac                isr6
                0xffffffff801090b6                isr7
                0xffffffff801090c0                isr8
                0xffffffff801090c8                isr9
                0xffffffff801090d2                isr10
                0xffffffff801090da                isr11
                0xffffffff801090e2                isr12
                0xffffffff801090ea                isr13
                0xffffffff801090f2                isr14
                0xffffffff801090fa                isr15
                0xffffffff80109104                isr16
                0xffffffff8010910e                isr17
                0xffffffff80109118                isr18
                0xffffffff80109122                isr19
                0xffffffff8010912c                isr20
                0xffffffff80109136                isr21
                0xffffffff8010913e                isr22
                0xffffffff80109148                isr23
                0xffffffff80109152                isr24
                0xffffffff8010915c                isr25
                0xffffffff80109166                isr26
                0xffffffff80109170                isr27
                0xffffffff8010917a                isr28
                0xffffffff80109184                isr29
                0xffffffff8010918c                isr30
                0xffffffff80109191                isr31
                0xffffffff80109198                isr32
                0xffffffff8010919f                isr33
                0xffffffff801091a6                isr34
                0xffffffff801091ad                isr35
                0xffffffff801091b4                isr36
                0xffffffff801091bb                isr37
                0xffffffff801091c2                isr38
                0xffffffff801091c9                isr39
                0xffffffff801091d0                isr40
                0xffffffff801091d7                isr41
                0xffffffff801091de                isr42
                0xffffffff801091e5                isr43
                0xffffffff801091ec                isr44
                0xffffffff801091f3                isr45
                0xffffffff801091fa                isr46
                0xffffffff80109201                isr47
                0xffffffff80109208                isr48
                0xffffffff8010920f                isr_common_stub
 *fill*         0xffffffff80109283        0xd 
 .text          0xffffffff80109290        0x4 src/oboskrnl/CMakeFiles/oboskrnl.dir/descriptors/idt/x86-64/idt.asm.obj
                0xffffffff80109290                _ZN4obos8idtFlushEy
 *fill*         0xffffffff80109294        0xc 
 .text          0xffffffff801092a0       0xd7 src/oboskrnl/CMakeFiles/oboskrnl.dir/utils/memcpy_x86-64.asm.obj
                0xffffffff801092a0                memcpy
                0xffffffff801092a0                _ZN4obos5utils6memcpyEPvPKvy
                0xffffffff801092d3                _ZN4obos5utils7memzeroEPvy
                0xffffffff801092ef                _ZN4obos5utils8dwMemsetEPjjy
                0xffffffff80109315                _ZN4obos5utils8dwMemcpyEPjPKjy
                0xffffffff80109344                memset
                0xffffffff80109344                _ZN4obos5utils6memsetEPvjj
                0xffffffff8010935f                _ZN4obos5utils6strlenEPKc
 *fill*         0xffffffff80109377        0x9 
 .text          0xffffffff80109380       0x1d src/oboskrnl/CMakeFiles/oboskrnl.dir/memory_manager/paging/x86-64/init.asm.obj
                0xffffffff80109380                _ZN4obos6memory25CPUSupportsExecuteDisableEv
 *fill*         0xffffffff8010939d        0x3 
 .text          0xffffffff801093a0       0x5b src/oboskrnl/CMakeFiles/oboskrnl.dir/multitasking/multitasking_x86-64.asm.obj
                0xffffffff801093a0                _ZN4obos12multitasking15switchToTaskAsmEv
                0xffffffff801093f9                _ZN4obos12multitasking20switchToUserModeTaskEv
 *fill*         0xffffffff801093fb        0x5 
 .text          0xffffffff80109400       0x14 src/oboskrnl/CMakeFiles/oboskrnl.dir/driver_api/interrupts.asm.obj
                0xffffffff80109400                isr80
 *fill*         0xffffffff80109414        0xc 
 .text          0xffffffff80109420       0xde src/oboskrnl/CMakeFiles/oboskrnl.dir/syscalls/interrupts.asm.obj
                0xffffffff80109420                isr64
 .text          0xffffffff801094fe      0xb01 src/oboskrnl/CMakeFiles/oboskrnl.dir/descriptors/idt/x86-64/idt.cpp.obj
                0xffffffff801094fe                _ZN4obos8IdtEntryC2Eythh
                0xffffffff801094fe                _ZN4obos8IdtEntryC1Eythh
                0xffffffff80109583                _ZN4obos13InitializeIdtEv
                0xffffffff80109fd9                _ZN4obos24RegisterInterruptHandlerEhPFvPKNS_15interrupt_frameEE
 .text          0xffffffff80109fff      0xd23 src/oboskrnl/CMakeFiles/oboskrnl.dir/x86-64/exception_handlers.cpp.obj
                0xffffffff80109fff                _ZN4obos9pageFaultEPKNS_15interrupt_frameE
                0xffffffff8010a6f5                _ZN4obos21debugExceptionHandlerEPKNS_15interrupt_frameE
                0xffffffff8010aa3d                _ZN4obos23defaultExceptionHandlerEPKNS_15interrupt_frameE
 .text          0xffffffff8010ad22      0x3bc src/oboskrnl/CMakeFiles/oboskrnl.dir/memory_manager/paging/x86-64/init.cpp.obj
                0xffffffff8010ad22                _ZN4obos6memory7PageMapC2Ev
                0xffffffff8010ad22                _ZN4obos6memory7PageMapC1Ev
                0xffffffff8010ad68                _ZN4obos6memory7PageMapC1EPy
                0xffffffff8010ad68                _ZN4obos6memory7PageMapC2EPy
                0xffffffff8010ad96                _ZN4obos6memory7PageMap23getLevel3PageMapAddressEt
                0xffffffff8010adc8                _ZN4obos6memory7PageMap16getLevel3PageMapEt
                0xffffffff8010ae0a                _ZN4obos6memory7PageMap16getPageDirectoryEtt
                0xffffffff8010ae5e                _ZN4obos6memory7PageMap24getPageDirectoryRealtiveEtt
                0xffffffff8010aea2                _ZN4obos6memory7PageMap12getPageTableEttt
                0xffffffff8010aefc                _ZN4obos6memory7PageMap20getPageTableRealtiveEttt
                0xffffffff8010af46                _ZN4obos6memory7PageMap17getPageTableEntryEtttt
                0xffffffff8010afaa                _ZN4obos6memory7PageMap21getRealPageTableEntryEtttt
                0xffffffff8010b000                _ZN4obos6memory7PageMap12switchToThisEv
                0xffffffff8010b024                _ZN4obos6memory7PageMapD2Ev
                0xffffffff8010b024                _ZN4obos6memory7PageMapD1Ev
                0xffffffff8010b04e                _ZN4obos6memory16InitializePagingEv
 .text          0xffffffff8010b0de      0xef2 src/oboskrnl/CMakeFiles/oboskrnl.dir/memory_manager/paging/x86-64/allocate.cpp.obj
                0xffffffff8010b0de                _ZN4obos6memory14kmap_pageTableEPv
                0xffffffff8010b1e3                _ZN4obos6memory24allocatePagingStructuresEyy
                0xffffffff8010b551                _ZN4obos6memory12VirtualAllocEPvyy
                0xffffffff8010b75e                _ZN4obos6memory11VirtualFreeEPvy
                0xffffffff8010b91a                _ZN4obos6memory17HasVirtualAddressEPKvy
                0xffffffff8010bb4e                _ZN4obos6memory13MemoryProtectEPvyy
                0xffffffff8010be90                _ZN4obos6memory13kmap_physicalEPvyS1_b
 .text          0xffffffff8010bfd0      0x54f src/oboskrnl/CMakeFiles/oboskrnl.dir/memory_manager/x86-64/physical.cpp.obj
                0xffffffff8010c152                _ZN4obos6memory31InitializePhysicalMemoryManagerEv
                0xffffffff8010c347                _ZN4obos6memory19kalloc_physicalPageEv
                0xffffffff8010c463                _ZN4obos6memory18kfree_physicalPageEPv
 *fill*         0xffffffff8010c51f        0x1 
 .text          0xffffffff8010c520      0xf0e src/oboskrnl/CMakeFiles/oboskrnl.dir/boot/kmain.cpp.obj
                0xffffffff8010c57f                _ZN4obos5kmainEP14multiboot_infoj
                0xffffffff8010cc90                _ZN4obos8kmainThrEv
                0xffffffff8010d23c                __cxa_pure_virtual
                0xffffffff8010d261                __cxa_atexit
                0xffffffff8010d308                __cxa_finalize
 .text          0xffffffff8010d42e      0xcfb src/oboskrnl/CMakeFiles/oboskrnl.dir/console.cpp.obj
                0xffffffff8010d706                _ZN4obos17InitializeConsoleEjj
                0xffffffff8010d89e                _ZN4obos15SetConsoleColorEjj
                0xffffffff8010d8c1                _ZN4obos15GetConsoleColorERjS0_
                0xffffffff8010db66                _ZN4obos13ConsoleOutputEPKcyb
                0xffffffff8010dbf8                _ZN4obos19ConsoleOutputStringEPKcb
                0xffffffff8010dc8e                _ZN4obos15ConsoleFillLineEcb
                0xffffffff8010dd1d                _ZN4obos22ConsoleOutputCharacterEcb
                0xffffffff8010dd83                _ZN4obos22ConsoleOutputCharacterEcjjb
                0xffffffff8010de25                _ZN4obos25SetTerminalCursorPositionEjj
                0xffffffff8010de48                _ZN4obos25GetTerminalCursorPositionERjS0_
                0xffffffff8010e00b                _ZN4obos12ClearConsoleEv
                0xffffffff8010e08b                _ZN4obos11swapBuffersEv
 .text          0xffffffff8010e129     0x1813 src/oboskrnl/CMakeFiles/oboskrnl.dir/klog.cpp.obj
                0xffffffff8010e21f                _Z10strreversePci
                0xffffffff8010e2ac                _Z13itoa_unsignedyPci
                0xffffffff8010e383                _ZN4obos22consoleOutputCharacterEhPv
                0xffffffff8010e3ca                _ZN4obos8_vprintfEPFvhPvES0_PKcP13__va_list_tag
                0xffffffff8010eabd                _ZN4obos6printfEPKcz
                0xffffffff8010ebd5                _ZN4obos7sprintfEPcPKcz
                0xffffffff8010ecaf                _ZN4obos7vprintfEPKcP13__va_list_tag
                0xffffffff8010ed0b                _ZN4obos6kpanicEPvS0_PKcz
                0xffffffff8010ef40                _ZN4obos14printf_noFlushEPKcz
                0xffffffff8010efee                _ZN4obos15printStackTraceEPvPKc
                0xffffffff8010f1a1                _ZN4obos11disassembleEPvPKc
                0xffffffff8010f3be                _ZN4obos7countToEPKcc
                0xffffffff8010f42c                _ZN4obos7hex2binEPKcj
                0xffffffff8010f516                _ZN4obos9addr2funcEPvRPcRy
                0xffffffff8010f6c6                _ZN4obos9addr2fileEPvRPc
                0xffffffff8010f842                _ZN4obos4randEv
                0xffffffff8010f873                _ZN4obos5srandEj
                0xffffffff8010f89f                _ZN4obos4poopEv
 .text          0xffffffff8010f93c      0x85e src/oboskrnl/CMakeFiles/oboskrnl.dir/inline-asm.cpp.obj
                0xffffffff8010f93c                _Z4outbth
                0xffffffff8010f95d                _Z4outwtt
                0xffffffff8010f97e                _Z3inbt
                0xffffffff8010f99c                _Z3inwt
                0xffffffff8010f9bc                _Z7io_waitv
                0xffffffff8010f9d2                _Z3cliv
                0xffffffff8010f9e7                _Z3stiv
                0xffffffff8010f9fc                _Z3hltv
                0xffffffff8010fa04                _Z4_inth
                0xffffffff801100c0                _ZN4obos18EnterKernelSectionEv
                0xffffffff80110109                _ZN4obos18LeaveKernelSectionEv
                0xffffffff80110170                _ZN4obos12EnterSyscallEv
                0xffffffff80110185                _ZN4obos11ExitSyscallEv
 .text          0xffffffff8011019a      0x42e src/oboskrnl/CMakeFiles/oboskrnl.dir/utils/bitfields.cpp.obj
                0xffffffff801101b8                _ZN4obos5utils12BitfieldBaseC2Ev
                0xffffffff801101b8                _ZN4obos5utils12BitfieldBaseC1Ev
                0xffffffff801101e0                _ZN4obos5utils12BitfieldBase6setBitEj
                0xffffffff80110206                _ZN4obos5utils12BitfieldBase8clearBitEj
                0xffffffff8011022e                _ZNK4obos5utils12BitfieldBase6getBitEj
                0xffffffff80110250                _ZNK4obos5utils12BitfieldBaseixEj
                0xffffffff8011027e                _ZN4obos5utils12BitfieldBasecvjEv
                0xffffffff80110294                _ZN4obos5utils12BitfieldBasecvbEv
                0xffffffff801102b0                _ZN4obos5utils8BitfieldC2Ev
                0xffffffff801102b0                _ZN4obos5utils8BitfieldC1Ev
                0xffffffff801102da                _ZN4obos5utils8Bitfield6setBitEh
                0xffffffff80110314                _ZN4obos5utils8Bitfield8clearBitEh
                0xffffffff8011034e                _ZNK4obos5utils8Bitfield6getBitEh
                0xffffffff801103a0                _ZNK4obos5utils8BitfieldixEh
                0xffffffff801103d0                _ZN4obos5utils8BitfieldcvbEv
                0xffffffff801103ea                _ZN4obos5utils15IntegerBitfieldC2Ev
                0xffffffff801103ea                _ZN4obos5utils15IntegerBitfieldC1Ev
                0xffffffff80110414                _ZN4obos5utils15IntegerBitfieldC2Ej
                0xffffffff80110414                _ZN4obos5utils15IntegerBitfieldC1Ej
                0xffffffff8011044a                _ZN4obos5utils15IntegerBitfield11setBitfieldEj
                0xffffffff80110466                _ZN4obos5utils16setBitInBitfieldERjh
                0xffffffff80110497                _ZN4obos5utils18clearBitInBitfieldERjh
                0xffffffff801104ca                _ZN4obos5utils17testBitInBitfieldEjh
                0xffffffff80110517                _ZN4obos5utils16setBitInBitfieldERyh
                0xffffffff8011054d                _ZN4obos5utils18clearBitInBitfieldERyh
                0xffffffff80110586                _ZN4obos5utils17testBitInBitfieldEyh
 .text          0xffffffff801105c8      0x4b4 src/oboskrnl/CMakeFiles/oboskrnl.dir/descriptors/idt/pic.cpp.obj
                0xffffffff801105c8                _ZN4obos3PicC2Ett
                0xffffffff801105c8                _ZN4obos3PicC1Ett
                0xffffffff80110616                _ZN4obos3Pic8setPortsEtt
                0xffffffff80110652                _ZN4obos3Pic15sendCommandByteEh
                0xffffffff80110694                _ZN4obos3Pic15sendCommandWordEt
                0xffffffff801106d6                _ZN4obos3Pic12sendDataByteEh
                0xffffffff80110718                _ZN4obos3Pic12sendDataWordEt
                0xffffffff8011075c                _ZN4obos3Pic15recvCommandByteEv
                0xffffffff80110792                _ZN4obos3Pic15recvCommandWordEv
                0xffffffff801107c8                _ZN4obos3Pic12recvDataByteEv
                0xffffffff80110800                _ZN4obos3Pic12recvDataWordEv
                0xffffffff80110838                _ZN4obos3Pic7sendEOIEv
                0xffffffff80110858                _ZN4obos3Pic5remapEhh
                0xffffffff801108ba                _ZN4obos3Pic9enableIrqEh
                0xffffffff80110910                _ZN4obos3Pic10disableIrqEh
                0xffffffff80110966                _ZN4obos3Pic7disableEv
                0xffffffff80110986                _ZN4obos3Pic15issuedInterruptEh
                0xffffffff801109d4                _ZN4obos7SendEOIEh
 .text          0xffffffff80110a7c       0xed src/oboskrnl/CMakeFiles/oboskrnl.dir/external/list/list_iterator.c.obj
                0xffffffff80110a7c                list_iterator_new
                0xffffffff80110ab9                list_iterator_new_from_node
                0xffffffff80110aff                list_iterator_next
                0xffffffff80110b46                list_iterator_destroy
 .text          0xffffffff80110b69      0x228 src/oboskrnl/CMakeFiles/oboskrnl.dir/utils/memory.cpp.obj
                0xffffffff80110b69                memcmp
                0xffffffff80110b96                _ZN4obos5utils6memcmpEPKvS2_y
                0xffffffff80110c81                _ZN4obos5utils6memchrEPvhy
                0xffffffff80110cfe                _ZN4obos5utils6memchrEPKvhy
                0xffffffff80110d2b                _ZN4obos5utils6strcmpEPKcS2_
 .text          0xffffffff80110d91      0x1b5 src/oboskrnl/CMakeFiles/oboskrnl.dir/memory_manager/paging/liballoc_hooks.cpp.obj
                0xffffffff80110d91                liballoc_alloc
                0xffffffff80110deb                liballoc_free
                0xffffffff80110e22                liballoc_lock
                0xffffffff80110e32                liballoc_unlock
                0xffffffff80110e42                _Znwm
                0xffffffff80110e61                _Znam
                0xffffffff80110e80                _ZdlPv
                0xffffffff80110e9b                _ZdaPv
                0xffffffff80110eb6                _ZdlPvm
                0xffffffff80110ed5                _ZdaPvm
                0xffffffff80110ef4                _ZnwmPv
                0xffffffff80110f0a                _ZnamPv
                0xffffffff80110f20                _ZdlPvS_
                0xffffffff80110f33                _ZdaPvS_
 .text          0xffffffff80110f46      0xdcc src/oboskrnl/CMakeFiles/oboskrnl.dir/memory_manager/liballoc/liballoc.c.obj
                0xffffffff8011111a                kmalloc
                0xffffffff801118b6                kfree
                0xffffffff80111b51                kcalloc
                0xffffffff80111b9f                krealloc
 .text          0xffffffff80111d12      0xf24 src/oboskrnl/CMakeFiles/oboskrnl.dir/multitasking/threadHandle.cpp.obj
                0xffffffff80111d12                _ZN4obos12multitasking12ThreadHandleC1Ev
                0xffffffff80111d12                _ZN4obos12multitasking12ThreadHandleC2Ev
                0xffffffff80111d78                _ZN4obos12multitasking12ThreadHandle12CreateThreadENS0_6Thread10priority_tEPFvPvES4_jy
                0xffffffff80111e24                _ZN4obos12multitasking12ThreadHandle10OpenThreadEj
                0xffffffff80111edc                _ZN4obos12multitasking12ThreadHandle10OpenThreadEPNS0_6ThreadE
                0xffffffff80111f72                _ZN4obos12multitasking12ThreadHandle11PauseThreadEb
                0xffffffff80112014                _ZN4obos12multitasking12ThreadHandle12ResumeThreadEv
                0xffffffff80112072                _ZN4obos12multitasking12ThreadHandle17SetThreadPriorityENS0_6Thread10priority_tE
                0xffffffff8011222c                _ZN4obos12multitasking12ThreadHandle15SetThreadStatusEj
                0xffffffff801122e4                _ZN4obos12multitasking12ThreadHandle15TerminateThreadEj
                0xffffffff80112420                _ZN4obos12multitasking12ThreadHandle6GetTidEv
                0xffffffff8011244e                _ZN4obos12multitasking12ThreadHandle11GetExitCodeEv
                0xffffffff801124aa                _ZN4obos12multitasking12ThreadHandle17GetThreadPriorityEv
                0xffffffff801124ee                _ZN4obos12multitasking12ThreadHandle15GetThreadStatusEv
                0xffffffff80112598                _ZN4obos12multitasking12ThreadHandle17WaitForThreadExitEv
                0xffffffff8011274e                _ZN4obos12multitasking12ThreadHandle25WaitForThreadStatusChangeEj
                0xffffffff80112892                _ZN4obos12multitasking12ThreadHandle9duplicateEv
                0xffffffff80112946                _ZN4obos12multitasking12ThreadHandle11closeHandleEv
                0xffffffff80112afd                _ZN4obos12multitasking10ExitThreadEj
                0xffffffff80112bb1                _ZN4obos12multitasking19GetCurrentThreadTidEv
                0xffffffff80112bd4                _ZN4obos12multitasking24GetCurrentThreadPriorityEv
                0xffffffff80112be4                _ZN4obos12multitasking22GetCurrentThreadStatusEv
                0xffffffff80112bf4                _ZN4obos12multitasking22GetCurrentThreadHandleEv
 .text          0xffffffff80112c36       0x51 src/oboskrnl/CMakeFiles/oboskrnl.dir/external/list/list_node.c.obj
                0xffffffff80112c36                list_node_new
 .text          0xffffffff80112c87      0x58a src/oboskrnl/CMakeFiles/oboskrnl.dir/external/list/list.c.obj
                0xffffffff80112c87                list_new
                0xffffffff80112ceb                list_destroy
                0xffffffff80112d6c                list_rpush
                0xffffffff80112e1e                list_rpop
                0xffffffff80112ec2                list_lpop
                0xffffffff80112f61                list_lpush
                0xffffffff8011300f                list_find
                0xffffffff801130bf                list_at
                0xffffffff8011315f                list_remove
 .text          0xffffffff80113211      0x8c1 src/oboskrnl/CMakeFiles/oboskrnl.dir/multitasking/multitasking.cpp.obj
                0xffffffff80113211                _ZN4obos12multitasking10canRanTaskEPNS0_6ThreadE
                0xffffffff80113250                _ZN4obos12multitasking12switchToTaskEPNS0_6ThreadE
                0xffffffff801133e7                _ZN4obos12multitasking11findNewTaskEPKNS_15interrupt_frameE
                0xffffffff801138d7                _ZN4obos12multitasking22InitializeMultitaskingEv
 .text          0xffffffff80113ad2      0x26d src/oboskrnl/CMakeFiles/oboskrnl.dir/elf/elf.cpp.obj
                0xffffffff80113c7d                _ZN4obos9elfLoader11LoadElfFileEPhyRyS2_
 *fill*         0xffffffff80113d3f        0x1 
 .text          0xffffffff80113d40      0x3ca src/oboskrnl/CMakeFiles/oboskrnl.dir/multitasking/thread.cpp.obj
                0xffffffff80113d40                _ZN4obos12multitasking6ThreadC1ENS1_10priority_tEPFvPvES3_jy
                0xffffffff80113d40                _ZN4obos12multitasking6ThreadC2ENS1_10priority_tEPFvPvES3_jy
                0xffffffff80113e48                _ZN4obos12multitasking6Thread12CreateThreadENS1_10priority_tEPFvPvES3_jy
 .text          0xffffffff8011410a      0x18d src/oboskrnl/CMakeFiles/oboskrnl.dir/multitasking/mutex/mutex.cpp.obj
                0xffffffff8011410a                _ZN4obos12multitasking17MutexLockCallbackEPNS0_6ThreadEPv
                0xffffffff8011414a                _ZN4obos12multitasking5Mutex4LockEb
                0xffffffff8011421c                _ZN4obos12multitasking5Mutex6UnlockEv
                0xffffffff8011426e                _ZN4obos12multitasking5MutexD2Ev
                0xffffffff8011426e                _ZN4obos12multitasking5MutexD1Ev
 *fill*         0xffffffff80114297        0x1 
 .text          0xffffffff80114298      0x2b9 src/oboskrnl/CMakeFiles/oboskrnl.dir/multitasking/mutex/mutexHandle.cpp.obj
                0xffffffff80114298                _ZN4obos12multitasking11MutexHandleC2Ev
                0xffffffff80114298                _ZN4obos12multitasking11MutexHandleC1Ev
                0xffffffff80114340                _ZN4obos12multitasking11MutexHandle9duplicateEv
                0xffffffff801143c6                _ZN4obos12multitasking11MutexHandle11closeHandleEv
                0xffffffff8011446e                _ZN4obos12multitasking11MutexHandle4LockEb
                0xffffffff801144ba                _ZN4obos12multitasking11MutexHandle6UnlockEv
                0xffffffff801144f0                _ZN4obos12multitasking11MutexHandleD2Ev
                0xffffffff801144f0                _ZN4obos12multitasking11MutexHandleD1Ev
                0xffffffff80114526                _ZN4obos12multitasking11MutexHandleD0Ev
 *fill*         0xffffffff80114551        0x1 
 .text          0xffffffff80114552      0x8c8 src/oboskrnl/CMakeFiles/oboskrnl.dir/process/process.cpp.obj
                0xffffffff80114552                _ZN4obos7process7ProcessC1Ev
                0xffffffff80114552                _ZN4obos7process7ProcessC2Ev
                0xffffffff8011461f                _ZN4obos7process16DriverEntryPointEPv
                0xffffffff80114708                _ZN4obos7process7Process13CreateProcessEPhyPvb
                0xffffffff80114b7c                _ZN4obos7process7Process16TerminateProcessEj
                0xffffffff80114dfc                _ZN4obos7process7Process15doContextSwitchEv
 .text          0xffffffff80114e1a       0x8c src/oboskrnl/CMakeFiles/oboskrnl.dir/driver_api/interrupts.cpp.obj
                0xffffffff80114e1a                _Z10do_nothingv
                0xffffffff80114e25                _ZN4obos9driverAPI20ResetSyscallHandlersEv
                0xffffffff80114e5b                _ZN4obos9driverAPI22RegisterSyscallHandlerEhy
                0xffffffff80114e81                _ZN4obos9driverAPI24UnregisterSyscallHandlerEh
 .text          0xffffffff80114ea6      0xe03 src/oboskrnl/CMakeFiles/oboskrnl.dir/driver_api/syscalls.cpp.obj
                0xffffffff80114ea6                _ZN4obos9driverAPI16RegisterSyscallsEv
 .text          0xffffffff80115ca9     0x1abf src/oboskrnl/CMakeFiles/oboskrnl.dir/syscalls/syscalls.cpp.obj
                0xffffffff80115d6c                _ZN4obos7process16RegisterSyscallsEv
 .text          0xffffffff80117768    0x18712 src/oboskrnl/CMakeFiles/oboskrnl.dir/external/amalgamated-dist/Zydis.c.obj
                0xffffffff80119c0d                ZydisDecodeOperands
                0xffffffff8011eb71                ZydisDecoderInit
                0xffffffff8011ec05                ZydisDecoderEnableMode
                0xffffffff8011ec43                ZydisDecoderDecodeFull
                0xffffffff8011ed72                ZydisDecoderDecodeInstruction
                0xffffffff8011eed4                ZydisDecoderDecodeOperands
                0xffffffff8011ef82                ZydisDecoderTreeGetChildNode
                0xffffffff8011f58c                ZydisGetInstructionEncodingInfo
                0xffffffff801243b0                ZydisBuildRegisterOperand
                0xffffffff801254e8                ZydisEncoderEncodeInstruction
                0xffffffff8012554d                ZydisEncoderEncodeInstructionAbsolute
                0xffffffff80125b74                ZydisEncoderDecodedInstructionToEncoderRequest
                0xffffffff8012611f                ZydisEncoderNopFill
                0xffffffff801261a5                ZydisGetRelInfo
                0xffffffff80126259                ZydisGetEncodableInstructions
                0xffffffff801269b3                ZydisFormatterBufferInit
                0xffffffff80126a44                ZydisFormatterBufferInitTokenized
                0xffffffff80126b03                ZydisFormatterInit
                0xffffffff80126b4c                ZydisFormatterSetProperty
                0xffffffff80127207                ZydisFormatterSetHook
                0xffffffff801272d2                ZydisFormatterFormatInstruction
                0xffffffff80127492                ZydisFormatterFormatOperand
                0xffffffff8012773c                ZydisFormatterTokenizeInstruction
                0xffffffff80127942                ZydisFormatterTokenizeOperand
                0xffffffff80127c35                ZydisFormatterATTFormatInstruction
                0xffffffff80128344                ZydisFormatterATTFormatOperandMEM
                0xffffffff80128800                ZydisFormatterATTPrintMnemonic
                0xffffffff80128b70                ZydisFormatterATTPrintRegister
                0xffffffff80128c36                ZydisFormatterATTPrintAddressABS
                0xffffffff80128cd7                ZydisFormatterATTPrintDISP
                0xffffffff8012903f                ZydisFormatterATTPrintIMM
                0xffffffff801290c2                ZydisFormatterHelperGetExplicitSize
                0xffffffff801292bc                ZydisFormatterBaseFormatOperandREG
                0xffffffff801292fa                ZydisFormatterBaseFormatOperandPTR
                0xffffffff801296d5                ZydisFormatterBaseFormatOperandIMM
                0xffffffff8012978e                ZydisFormatterBasePrintAddressABS
                0xffffffff801299df                ZydisFormatterBasePrintAddressREL
                0xffffffff80129ded                ZydisFormatterBasePrintIMM
                0xffffffff8012a252                ZydisFormatterBasePrintSegment
                0xffffffff8012a43c                ZydisFormatterBasePrintPrefixes
                0xffffffff8012b3bd                ZydisFormatterBasePrintDecorator
                0xffffffff8012c8b0                ZydisFormatterTokenGetValue
                0xffffffff8012c903                ZydisFormatterTokenNext
                0xffffffff8012c964                ZydisFormatterBufferGetToken
                0xffffffff8012c9b8                ZydisFormatterBufferGetString
                0xffffffff8012ca18                ZydisFormatterBufferAppend
                0xffffffff8012cb3c                ZydisFormatterBufferRemember
                0xffffffff8012cb96                ZydisFormatterBufferRestore
                0xffffffff8012cc57                ZydisFormatterIntelFormatInstruction
                0xffffffff8012d368                ZydisFormatterIntelFormatOperandMEM
                0xffffffff8012d840                ZydisFormatterIntelPrintMnemonic
                0xffffffff8012d9ec                ZydisFormatterIntelPrintRegister
                0xffffffff8012dace                ZydisFormatterIntelPrintDISP
                0xffffffff8012df9c                ZydisFormatterIntelPrintTypecast
                0xffffffff8012e3f6                ZydisFormatterIntelFormatInstructionMASM
                0xffffffff8012e42f                ZydisFormatterIntelPrintAddressMASM
                0xffffffff8012e6c8                ZydisCategoryGetString
                0xffffffff8012e6ed                ZydisISASetGetString
                0xffffffff8012e715                ZydisISAExtGetString
                0xffffffff8012e73a                ZydisMnemonicGetString
                0xffffffff8012e76d                ZydisMnemonicGetStringWrapped
                0xffffffff8012e79d                ZydisRegisterEncode
                0xffffffff8012e81b                ZydisRegisterGetId
                0xffffffff8012e851                ZydisRegisterGetClass
                0xffffffff8012e886                ZydisRegisterGetWidth
                0xffffffff8012e8e0                ZydisRegisterGetLargestEnclosing
                0xffffffff8012e9de                ZydisRegisterGetString
                0xffffffff8012ea11                ZydisRegisterGetStringWrapped
                0xffffffff8012ea41                ZydisRegisterClassGetWidth
                0xffffffff8012ea98                ZydisGetInstructionSegments
                0xffffffff8012f057                ZydisGetInstructionDefinition
                0xffffffff8012f15c                ZydisGetOperandDefinitions
                0xffffffff8012f1c3                ZydisGetElementInfo
                0xffffffff8012f1fb                ZydisGetAccessedFlags
                0xffffffff8012f26c                ZydisStringAppendDecU64
                0xffffffff8012f452                ZydisStringAppendHexU64
                0xffffffff8012f6e0                ZydisStringAppendDecU
                0xffffffff8012f76f                ZydisStringAppendHexU
                0xffffffff8012f80a                ZydisCalcAbsoluteAddress
                0xffffffff8012fa26                ZydisCalcAbsoluteAddressEx
                0xffffffff8012fb81                ZydisGetVersion
                0xffffffff8012fb91                ZydisIsFeatureEnabled
                0xffffffff8012fdfa                ZydisDisassembleIntel
                0xffffffff8012fe3a                ZydisDisassembleATT
 .text          0xffffffff8012fe7a       0x5b src/oboskrnl/CMakeFiles/oboskrnl.dir/descriptors/gdt/gdt.cpp.obj
                0xffffffff8012fe7a                _ZN4obos13InitializeGdtEv
                0xffffffff8012fec6                _ZN4obos11SetTSSStackEPv
                0xffffffff8012fed5                _glb_text_start = .
 *(.glb.text)
 .glb.text      0xffffffff8012fed5       0x2a src/oboskrnl/CMakeFiles/oboskrnl.dir/process/process.cpp.obj
                0xffffffff8012fed5                _ZN4obos7process14ProcEntryPointEPv
                0xffffffff8012feff                _glb_text_end = .

.iplt           0xffffffff8012feff        0x0 load address 0x000000000012feff
 .iplt          0xffffffff8012feff        0x0 src/oboskrnl/CMakeFiles/oboskrnl.dir/boot/x86-64/kernel_bootstrap.asm.obj

.gnu.linkonce.t._ZN4obos6memory7PageMap21computeIndexAtAddressEyh
                0xffffffff8012feff       0x31 load address 0x000000000012feff
 .gnu.linkonce.t._ZN4obos6memory7PageMap21computeIndexAtAddressEyh
                0xffffffff8012feff       0x31 src/oboskrnl/CMakeFiles/oboskrnl.dir/x86-64/exception_handlers.cpp.obj
                0xffffffff8012feff                _ZN4obos6memory7PageMap21computeIndexAtAddressEyh

.gnu.linkonce.t._ZNK4obos6memory7PageMap10getPageMapEv
                0xffffffff8012ff30       0x15 load address 0x000000000012ff30
 .gnu.linkonce.t._ZNK4obos6memory7PageMap10getPageMapEv
                0xffffffff8012ff30       0x15 src/oboskrnl/CMakeFiles/oboskrnl.dir/memory_manager/paging/x86-64/allocate.cpp.obj
                0xffffffff8012ff30                _ZNK4obos6memory7PageMap10getPageMapEv

.gnu.linkonce.t._ZN4obos6Handle7getTypeEv
                0xffffffff8012ff46       0x13 load address 0x000000000012ff46
 .gnu.linkonce.t._ZN4obos6Handle7getTypeEv
                0xffffffff8012ff46       0x13 src/oboskrnl/CMakeFiles/oboskrnl.dir/boot/kmain.cpp.obj
                0xffffffff8012ff46                _ZN4obos6Handle7getTypeEv

.gnu.linkonce.t._ZN4obos6HandleD2Ev
                0xffffffff8012ff5a       0x1d load address 0x000000000012ff5a
 .gnu.linkonce.t._ZN4obos6HandleD2Ev
                0xffffffff8012ff5a       0x1d src/oboskrnl/CMakeFiles/oboskrnl.dir/boot/kmain.cpp.obj
                0xffffffff8012ff5a                _ZN4obos6HandleD2Ev

.gnu.linkonce.t._ZN4obos12multitasking12ThreadHandleD1Ev
                0xffffffff8012ff78       0x35 load address 0x000000000012ff78
 .gnu.linkonce.t._ZN4obos12multitasking12ThreadHandleD1Ev
                0xffffffff8012ff78       0x35 src/oboskrnl/CMakeFiles/oboskrnl.dir/boot/kmain.cpp.obj
                0xffffffff8012ff78                _ZN4obos12multitasking12ThreadHandleD1Ev

.gnu.linkonce.t._ZN4obos6Handle13getReferencesEv
                0xffffffff8012ffae       0x1a load address 0x000000000012ffae
 .gnu.linkonce.t._ZN4obos6Handle13getReferencesEv
                0xffffffff8012ffae       0x1a src/oboskrnl/CMakeFiles/oboskrnl.dir/multitasking/threadHandle.cpp.obj
                0xffffffff8012ffae                _ZN4obos6Handle13getReferencesEv

.gnu.linkonce.t._ZN4obos12multitasking6ThreadD1Ev
                0xffffffff8012ffc8       0x53 load address 0x000000000012ffc8
 .gnu.linkonce.t._ZN4obos12multitasking6ThreadD1Ev
                0xffffffff8012ffc8       0x53 src/oboskrnl/CMakeFiles/oboskrnl.dir/multitasking/threadHandle.cpp.obj
                0xffffffff8012ffc8                _ZN4obos12multitasking6ThreadD1Ev

.gnu.linkonce.t._ZN4obos12multitasking6ThreadD0Ev
                0xffffffff8013001c       0x2b load address 0x000000000013001c
 .gnu.linkonce.t._ZN4obos12multitasking6ThreadD0Ev
                0xffffffff8013001c       0x2b src/oboskrnl/CMakeFiles/oboskrnl.dir/multitasking/threadHandle.cpp.obj
                0xffffffff8013001c                _ZN4obos12multitasking6ThreadD0Ev

.gnu.linkonce.t._ZN4obos12multitasking12ThreadHandle7getTypeEv
                0xffffffff80130048       0x13 load address 0x0000000000130048
 .gnu.linkonce.t._ZN4obos12multitasking12ThreadHandle7getTypeEv
                0xffffffff80130048       0x13 src/oboskrnl/CMakeFiles/oboskrnl.dir/multitasking/threadHandle.cpp.obj
                0xffffffff80130048                _ZN4obos12multitasking12ThreadHandle7getTypeEv

.gnu.linkonce.t._ZN4obos12multitasking12ThreadHandleD0Ev
                0xffffffff8013005c       0x2b load address 0x000000000013005c
 .gnu.linkonce.t._ZN4obos12multitasking12ThreadHandleD0Ev
                0xffffffff8013005c       0x2b src/oboskrnl/CMakeFiles/oboskrnl.dir/multitasking/threadHandle.cpp.obj
                0xffffffff8013005c                _ZN4obos12multitasking12ThreadHandleD0Ev

.gnu.linkonce.t._ZN4obos6HandleC2Ev
                0xffffffff80130088       0x41 load address 0x0000000000130088
 .gnu.linkonce.t._ZN4obos6HandleC2Ev
                0xffffffff80130088       0x41 src/oboskrnl/CMakeFiles/oboskrnl.dir/multitasking/threadHandle.cpp.obj
                0xffffffff80130088                _ZN4obos6HandleC2Ev

.gnu.linkonce.t._ZN4obos12multitasking6ThreadC1Ev
                0xffffffff801300ca       0xd1 load address 0x00000000001300ca
 .gnu.linkonce.t._ZN4obos12multitasking6ThreadC1Ev
                0xffffffff801300ca       0xd1 src/oboskrnl/CMakeFiles/oboskrnl.dir/multitasking/threadHandle.cpp.obj
                0xffffffff801300ca                _ZN4obos12multitasking6ThreadC1Ev

.gnu.linkonce.t._ZN4obos12multitasking11MutexHandle7getTypeEv
                0xffffffff8013019c       0x13 load address 0x000000000013019c
 .gnu.linkonce.t._ZN4obos12multitasking11MutexHandle7getTypeEv
                0xffffffff8013019c       0x13 src/oboskrnl/CMakeFiles/oboskrnl.dir/multitasking/mutex/mutexHandle.cpp.obj
                0xffffffff8013019c                _ZN4obos12multitasking11MutexHandle7getTypeEv

.gnu.linkonce.t._ZN4obos12multitasking5MutexC1Ev
                0xffffffff801301b0       0x29 load address 0x00000000001301b0
 .gnu.linkonce.t._ZN4obos12multitasking5MutexC1Ev
                0xffffffff801301b0       0x29 src/oboskrnl/CMakeFiles/oboskrnl.dir/multitasking/mutex/mutexHandle.cpp.obj
                0xffffffff801301b0                _ZN4obos12multitasking5MutexC1Ev

.rodata         0xffffffff80131000    0x6e580 load address 0x0000000000131000
 *(.rodata)
 .rodata        0xffffffff80131000      0x45d src/oboskrnl/CMakeFiles/oboskrnl.dir/x86-64/exception_handlers.cpp.obj
 *fill*         0xffffffff8013145d        0x3 
 .rodata        0xffffffff80131460       0x10 src/oboskrnl/CMakeFiles/oboskrnl.dir/memory_manager/paging/x86-64/init.cpp.obj
 .rodata        0xffffffff80131470       0x10 src/oboskrnl/CMakeFiles/oboskrnl.dir/memory_manager/paging/x86-64/allocate.cpp.obj
 .rodata        0xffffffff80131480       0x10 src/oboskrnl/CMakeFiles/oboskrnl.dir/memory_manager/x86-64/physical.cpp.obj
 .rodata        0xffffffff80131490      0x47d src/oboskrnl/CMakeFiles/oboskrnl.dir/boot/kmain.cpp.obj
 *fill*         0xffffffff8013190d        0x3 
 .rodata        0xffffffff80131910       0x88 src/oboskrnl/CMakeFiles/oboskrnl.dir/console.cpp.obj
 .rodata        0xffffffff80131998      0x260 src/oboskrnl/CMakeFiles/oboskrnl.dir/klog.cpp.obj
 .rodata        0xffffffff80131bf8      0x800 src/oboskrnl/CMakeFiles/oboskrnl.dir/inline-asm.cpp.obj
 .rodata        0xffffffff801323f8       0x9f src/oboskrnl/CMakeFiles/oboskrnl.dir/multitasking/threadHandle.cpp.obj
 *fill*         0xffffffff80132497        0x1 
 .rodata        0xffffffff80132498       0x9f src/oboskrnl/CMakeFiles/oboskrnl.dir/multitasking/multitasking.cpp.obj
 *fill*         0xffffffff80132537        0x1 
 .rodata        0xffffffff80132538       0x50 src/oboskrnl/CMakeFiles/oboskrnl.dir/elf/elf.cpp.obj
 .rodata        0xffffffff80132588       0x9f src/oboskrnl/CMakeFiles/oboskrnl.dir/multitasking/thread.cpp.obj
 *fill*         0xffffffff80132627        0x1 
 .rodata        0xffffffff80132628      0x107 src/oboskrnl/CMakeFiles/oboskrnl.dir/process/process.cpp.obj
 *fill*         0xffffffff8013272f        0x1 
 .rodata        0xffffffff80132730       0x68 src/oboskrnl/CMakeFiles/oboskrnl.dir/driver_api/syscalls.cpp.obj
 *fill*         0xffffffff80132798        0x8 
 .rodata        0xffffffff801327a0    0x6cde0 src/oboskrnl/CMakeFiles/oboskrnl.dir/external/amalgamated-dist/Zydis.c.obj
                0xffffffff80132fc0                FILTERS_XOP
                0xffffffff80133000                FILTERS_VEX
                0xffffffff80133080                FILTERS_EMVEX
                0xffffffff80133120                FILTERS_OPCODE
                0xffffffff8013bb20                FILTERS_MODE
                0xffffffff8013bb40                FILTERS_MODE_COMPACT
                0xffffffff8013c230                FILTERS_PREFIX_GROUP1
                0xffffffff8013c248                FILTERS_MODRM_MOD
                0xffffffff8013c260                FILTERS_MODRM_MOD_COMPACT
                0xffffffff8013edc0                FILTERS_MODRM_REG
                0xffffffff8013f920                FILTERS_MODRM_RM
                0xffffffff8013ffc0                FILTERS_MANDATORY_PREFIX
                0xffffffff80141940                FILTERS_OPERAND_SIZE
                0xffffffff80141ac0                FILTERS_ADDRESS_SIZE
                0xffffffff80141ce0                FILTERS_VECTOR_LENGTH
                0xffffffff801453e0                FILTERS_REX_W
                0xffffffff80147be2                FILTERS_REX_B
                0xffffffff80147c00                FILTERS_EVEX_B
                0xffffffff80149660                FILTERS_MVEX_E
                0xffffffff80149940                FILTERS_MODE_AMD
                0xffffffff801499c0                FILTERS_MODE_KNC
                0xffffffff801499f0                FILTERS_MODE_MPX
                0xffffffff80149a00                FILTERS_MODE_CET
                0xffffffff80149a20                FILTERS_MODE_LZCNT
                0xffffffff80149a30                FILTERS_MODE_TZCNT
                0xffffffff80149a3c                FILTERS_MODE_WBNOINVD
                0xffffffff80149a42                FILTERS_MODE_CLDEMOTE
                0xffffffff80149a48                FILTERS_MODE_CENTAUR
                0xffffffff80149a4e                zydis_decoder_tree_root
                0xffffffff8014a0a0                encoder_instruction_lookup
                0xffffffff8014bc20                encoder_instructions
                0xffffffff80168b00                ISTR_DEFINITIONS_LEGACY
                0xffffffff8016f4e0                ISTR_DEFINITIONS_3DNOW
                0xffffffff8016f720                ISTR_DEFINITIONS_XOP
                0xffffffff80170020                ISTR_DEFINITIONS_VEX
                0xffffffff801757e0                ISTR_DEFINITIONS_EVEX
                0xffffffff80183ba0                ISTR_DEFINITIONS_MVEX
                0xffffffff80185380                OPERAND_DEFINITIONS
                0xffffffff8019f580                _ZN4obos6memory9__erodataE = .

.gnu.linkonce.r._ZTVN4obos6HandleE
                0xffffffff8019f580       0x38 load address 0x000000000019f580
 .gnu.linkonce.r._ZTVN4obos6HandleE
                0xffffffff8019f580       0x38 src/oboskrnl/CMakeFiles/oboskrnl.dir/boot/kmain.cpp.obj
                0xffffffff8019f580                _ZTVN4obos6HandleE

.gnu.linkonce.r._ZTVN4obos5utils8BitfieldE
                0xffffffff8019f5b8       0x60 load address 0x000000000019f5b8
 .gnu.linkonce.r._ZTVN4obos5utils8BitfieldE
                0xffffffff8019f5b8       0x60 src/oboskrnl/CMakeFiles/oboskrnl.dir/utils/bitfields.cpp.obj
                0xffffffff8019f5b8                _ZTVN4obos5utils8BitfieldE

.gnu.linkonce.r._ZTVN4obos5utils12BitfieldBaseE
                0xffffffff8019f618       0x40 load address 0x000000000019f618
 .gnu.linkonce.r._ZTVN4obos5utils12BitfieldBaseE
                0xffffffff8019f618       0x40 src/oboskrnl/CMakeFiles/oboskrnl.dir/utils/bitfields.cpp.obj
                0xffffffff8019f618                _ZTVN4obos5utils12BitfieldBaseE

.gnu.linkonce.r._ZTVN4obos5utils15IntegerBitfieldE
                0xffffffff8019f658       0x60 load address 0x000000000019f658
 .gnu.linkonce.r._ZTVN4obos5utils15IntegerBitfieldE
                0xffffffff8019f658       0x60 src/oboskrnl/CMakeFiles/oboskrnl.dir/utils/bitfields.cpp.obj
                0xffffffff8019f658                _ZTVN4obos5utils15IntegerBitfieldE

.gnu.linkonce.r._ZTVN4obos12multitasking12ThreadHandleE
                0xffffffff8019f6b8       0x38 load address 0x000000000019f6b8
 .gnu.linkonce.r._ZTVN4obos12multitasking12ThreadHandleE
                0xffffffff8019f6b8       0x38 src/oboskrnl/CMakeFiles/oboskrnl.dir/multitasking/threadHandle.cpp.obj
                0xffffffff8019f6b8                _ZTVN4obos12multitasking12ThreadHandleE

.gnu.linkonce.r._ZTVN4obos12multitasking6ThreadE
                0xffffffff8019f6f0       0x20 load address 0x000000000019f6f0
 .gnu.linkonce.r._ZTVN4obos12multitasking6ThreadE
                0xffffffff8019f6f0       0x20 src/oboskrnl/CMakeFiles/oboskrnl.dir/multitasking/threadHandle.cpp.obj
                0xffffffff8019f6f0                _ZTVN4obos12multitasking6ThreadE

.gnu.linkonce.r._ZTVN4obos12multitasking11MutexHandleE
                0xffffffff8019f710       0x38 load address 0x000000000019f710
 .gnu.linkonce.r._ZTVN4obos12multitasking11MutexHandleE
                0xffffffff8019f710       0x38 src/oboskrnl/CMakeFiles/oboskrnl.dir/multitasking/mutex/mutexHandle.cpp.obj
                0xffffffff8019f710                _ZTVN4obos12multitasking11MutexHandleE

.rela.dyn       0xffffffff8019f748        0x0 load address 0x000000000019f748
 .rela.got      0xffffffff8019f748        0x0 src/oboskrnl/CMakeFiles/oboskrnl.dir/boot/x86-64/kernel_bootstrap.asm.obj
 .rela.iplt     0xffffffff8019f748        0x0 src/oboskrnl/CMakeFiles/oboskrnl.dir/boot/x86-64/kernel_bootstrap.asm.obj
 .rela.text     0xffffffff8019f748        0x0 src/oboskrnl/CMakeFiles/oboskrnl.dir/boot/x86-64/kernel_bootstrap.asm.obj
 .rela.gnu.linkonce.t._ZN4obos6HandleD2Ev
                0xffffffff8019f748        0x0 src/oboskrnl/CMakeFiles/oboskrnl.dir/boot/x86-64/kernel_bootstrap.asm.obj
 .rela.gnu.linkonce.t._ZN4obos12multitasking12ThreadHandleD1Ev
                0xffffffff8019f748        0x0 src/oboskrnl/CMakeFiles/oboskrnl.dir/boot/x86-64/kernel_bootstrap.asm.obj
 .rela.gnu.linkonce.r._ZTVN4obos6HandleE
                0xffffffff8019f748        0x0 src/oboskrnl/CMakeFiles/oboskrnl.dir/boot/x86-64/kernel_bootstrap.asm.obj
 .rela.gnu.linkonce.t._ZN4obos12multitasking6ThreadD1Ev
                0xffffffff8019f748        0x0 src/oboskrnl/CMakeFiles/oboskrnl.dir/boot/x86-64/kernel_bootstrap.asm.obj
 .rela.gnu.linkonce.t._ZN4obos6HandleC2Ev
                0xffffffff8019f748        0x0 src/oboskrnl/CMakeFiles/oboskrnl.dir/boot/x86-64/kernel_bootstrap.asm.obj
 .rela.gnu.linkonce.t._ZN4obos12multitasking6ThreadC1Ev
                0xffffffff8019f748        0x0 src/oboskrnl/CMakeFiles/oboskrnl.dir/boot/x86-64/kernel_bootstrap.asm.obj
 .rela.gnu.linkonce.r._ZTVN4obos12multitasking12ThreadHandleE
                0xffffffff8019f748        0x0 src/oboskrnl/CMakeFiles/oboskrnl.dir/boot/x86-64/kernel_bootstrap.asm.obj
 .rela.gnu.linkonce.r._ZTVN4obos12multitasking6ThreadE
                0xffffffff8019f748        0x0 src/oboskrnl/CMakeFiles/oboskrnl.dir/boot/x86-64/kernel_bootstrap.asm.obj
 .rela.gnu.linkonce.r._ZTVN4obos12multitasking11MutexHandleE
                0xffffffff8019f748        0x0 src/oboskrnl/CMakeFiles/oboskrnl.dir/boot/x86-64/kernel_bootstrap.asm.obj

.data           0xffffffff801a0000      0xc6c load address 0x00000000001a0000
 *(.data)
 .data          0xffffffff801a0000        0x0 src/oboskrnl/CMakeFiles/oboskrnl.dir/descriptors/idt/x86-64/handlers.asm.obj
 .data          0xffffffff801a0000        0x8 src/oboskrnl/CMakeFiles/oboskrnl.dir/syscalls/interrupts.asm.obj
 .data          0xffffffff801a0008        0x0 src/oboskrnl/CMakeFiles/oboskrnl.dir/descriptors/idt/x86-64/idt.cpp.obj
 .data          0xffffffff801a0008        0x0 src/oboskrnl/CMakeFiles/oboskrnl.dir/x86-64/exception_handlers.cpp.obj
 .data          0xffffffff801a0008        0x0 src/oboskrnl/CMakeFiles/oboskrnl.dir/memory_manager/paging/x86-64/init.cpp.obj
 .data          0xffffffff801a0008        0x0 src/oboskrnl/CMakeFiles/oboskrnl.dir/memory_manager/paging/x86-64/allocate.cpp.obj
 .data          0xffffffff801a0008        0x0 src/oboskrnl/CMakeFiles/oboskrnl.dir/memory_manager/x86-64/physical.cpp.obj
 .data          0xffffffff801a0008        0x8 src/oboskrnl/CMakeFiles/oboskrnl.dir/boot/kmain.cpp.obj
                0xffffffff801a0008                __dso_handle
 .data          0xffffffff801a0010        0x0 src/oboskrnl/CMakeFiles/oboskrnl.dir/console.cpp.obj
 .data          0xffffffff801a0010        0x8 src/oboskrnl/CMakeFiles/oboskrnl.dir/klog.cpp.obj
 .data          0xffffffff801a0018        0x0 src/oboskrnl/CMakeFiles/oboskrnl.dir/inline-asm.cpp.obj
 .data          0xffffffff801a0018        0x0 src/oboskrnl/CMakeFiles/oboskrnl.dir/utils/bitfields.cpp.obj
 .data          0xffffffff801a0018        0x0 src/oboskrnl/CMakeFiles/oboskrnl.dir/descriptors/idt/pic.cpp.obj
 .data          0xffffffff801a0018        0x0 src/oboskrnl/CMakeFiles/oboskrnl.dir/external/list/list_iterator.c.obj
 .data          0xffffffff801a0018        0x0 src/oboskrnl/CMakeFiles/oboskrnl.dir/utils/memory.cpp.obj
 .data          0xffffffff801a0018        0x8 src/oboskrnl/CMakeFiles/oboskrnl.dir/memory_manager/paging/liballoc_hooks.cpp.obj
                0xffffffff801a0018                liballoc_base
 .data          0xffffffff801a0020        0x8 src/oboskrnl/CMakeFiles/oboskrnl.dir/memory_manager/liballoc/liballoc.c.obj
 .data          0xffffffff801a0028        0x0 src/oboskrnl/CMakeFiles/oboskrnl.dir/multitasking/threadHandle.cpp.obj
 .data          0xffffffff801a0028        0x0 src/oboskrnl/CMakeFiles/oboskrnl.dir/external/list/list_node.c.obj
 .data          0xffffffff801a0028        0x0 src/oboskrnl/CMakeFiles/oboskrnl.dir/external/list/list.c.obj
 .data          0xffffffff801a0028        0x0 src/oboskrnl/CMakeFiles/oboskrnl.dir/multitasking/multitasking.cpp.obj
 .data          0xffffffff801a0028        0x0 src/oboskrnl/CMakeFiles/oboskrnl.dir/elf/elf.cpp.obj
 .data          0xffffffff801a0028        0x4 src/oboskrnl/CMakeFiles/oboskrnl.dir/multitasking/thread.cpp.obj
                0xffffffff801a0028                _ZN4obos12multitasking15g_nextThreadTidE
 .data          0xffffffff801a002c        0x0 src/oboskrnl/CMakeFiles/oboskrnl.dir/multitasking/mutex/mutex.cpp.obj
 .data          0xffffffff801a002c        0x0 src/oboskrnl/CMakeFiles/oboskrnl.dir/multitasking/mutex/mutexHandle.cpp.obj
 .data          0xffffffff801a002c        0x0 src/oboskrnl/CMakeFiles/oboskrnl.dir/process/process.cpp.obj
 .data          0xffffffff801a002c        0x0 src/oboskrnl/CMakeFiles/oboskrnl.dir/driver_api/interrupts.cpp.obj
 *fill*         0xffffffff801a002c        0x4 
 .data          0xffffffff801a0030        0x8 src/oboskrnl/CMakeFiles/oboskrnl.dir/driver_api/syscalls.cpp.obj
                0xffffffff801a0030                _ZN4obos9driverAPI27g_registeredDriversCapacityE
 .data          0xffffffff801a0038        0x0 src/oboskrnl/CMakeFiles/oboskrnl.dir/syscalls/syscalls.cpp.obj
 *fill*         0xffffffff801a0038        0x8 
 .data          0xffffffff801a0040      0xc2c src/oboskrnl/CMakeFiles/oboskrnl.dir/external/amalgamated-dist/Zydis.c.obj
 .data          0xffffffff801a0c6c        0x0 src/oboskrnl/CMakeFiles/oboskrnl.dir/descriptors/gdt/gdt.cpp.obj

.got            0xffffffff801a0c70        0x0 load address 0x00000000001a0c70
 .got           0xffffffff801a0c70        0x0 src/oboskrnl/CMakeFiles/oboskrnl.dir/boot/x86-64/kernel_bootstrap.asm.obj

.got.plt        0xffffffff801a0c70        0x0 load address 0x00000000001a0c70
 .got.plt       0xffffffff801a0c70        0x0 src/oboskrnl/CMakeFiles/oboskrnl.dir/boot/x86-64/kernel_bootstrap.asm.obj

.igot.plt       0xffffffff801a0c70        0x0 load address 0x00000000001a0c70
 .igot.plt      0xffffffff801a0c70        0x0 src/oboskrnl/CMakeFiles/oboskrnl.dir/boot/x86-64/kernel_bootstrap.asm.obj

.eh_frame       0xffffffff801a0c70     0x711c load address 0x00000000001a0c70
 .eh_frame      0xffffffff801a0c70       0xc0 src/oboskrnl/CMakeFiles/oboskrnl.dir/descriptors/idt/x86-64/idt.cpp.obj
 .eh_frame      0xffffffff801a0d30      0x158 src/oboskrnl/CMakeFiles/oboskrnl.dir/x86-64/exception_handlers.cpp.obj
                                        0x170 (size before relaxing)
 .eh_frame      0xffffffff801a0e88      0x348 src/oboskrnl/CMakeFiles/oboskrnl.dir/memory_manager/paging/x86-64/init.cpp.obj
                                        0x360 (size before relaxing)
 .eh_frame      0xffffffff801a11d0      0x238 src/oboskrnl/CMakeFiles/oboskrnl.dir/memory_manager/paging/x86-64/allocate.cpp.obj
                                        0x288 (size before relaxing)
 .eh_frame      0xffffffff801a1408      0x120 src/oboskrnl/CMakeFiles/oboskrnl.dir/memory_manager/x86-64/physical.cpp.obj
                                        0x138 (size before relaxing)
 .eh_frame      0xffffffff801a1528      0x270 src/oboskrnl/CMakeFiles/oboskrnl.dir/boot/kmain.cpp.obj
                                        0x288 (size before relaxing)
 .eh_frame      0xffffffff801a1798      0x440 src/oboskrnl/CMakeFiles/oboskrnl.dir/console.cpp.obj
                                        0x458 (size before relaxing)
 .eh_frame      0xffffffff801a1bd8      0x518 src/oboskrnl/CMakeFiles/oboskrnl.dir/klog.cpp.obj
                                        0x530 (size before relaxing)
 .eh_frame      0xffffffff801a20f0      0x2d8 src/oboskrnl/CMakeFiles/oboskrnl.dir/inline-asm.cpp.obj
                                        0x2f0 (size before relaxing)
 .eh_frame      0xffffffff801a23c8      0x520 src/oboskrnl/CMakeFiles/oboskrnl.dir/utils/bitfields.cpp.obj
                                        0x538 (size before relaxing)
 .eh_frame      0xffffffff801a28e8      0x3b8 src/oboskrnl/CMakeFiles/oboskrnl.dir/descriptors/idt/pic.cpp.obj
                                        0x3d0 (size before relaxing)
 .eh_frame      0xffffffff801a2ca0       0xe0 src/oboskrnl/CMakeFiles/oboskrnl.dir/external/list/list_iterator.c.obj
                                         0xf8 (size before relaxing)
 .eh_frame      0xffffffff801a2d80      0x120 src/oboskrnl/CMakeFiles/oboskrnl.dir/utils/memory.cpp.obj
                                        0x138 (size before relaxing)
 .eh_frame      0xffffffff801a2ea0      0x310 src/oboskrnl/CMakeFiles/oboskrnl.dir/memory_manager/paging/liballoc_hooks.cpp.obj
                                        0x328 (size before relaxing)
 .eh_frame      0xffffffff801a31b0      0x188 src/oboskrnl/CMakeFiles/oboskrnl.dir/memory_manager/liballoc/liballoc.c.obj
                                        0x1a0 (size before relaxing)
 .eh_frame      0xffffffff801a3338      0x870 src/oboskrnl/CMakeFiles/oboskrnl.dir/multitasking/threadHandle.cpp.obj
                                        0x930 (size before relaxing)
 .eh_frame      0xffffffff801a3ba8       0x38 src/oboskrnl/CMakeFiles/oboskrnl.dir/external/list/list_node.c.obj
                                         0x50 (size before relaxing)
 .eh_frame      0xffffffff801a3be0      0x1f8 src/oboskrnl/CMakeFiles/oboskrnl.dir/external/list/list.c.obj
                                        0x210 (size before relaxing)
 .eh_frame      0xffffffff801a3dd8       0xf0 src/oboskrnl/CMakeFiles/oboskrnl.dir/multitasking/multitasking.cpp.obj
                                        0x1b0 (size before relaxing)
 .eh_frame      0xffffffff801a3ec8       0x70 src/oboskrnl/CMakeFiles/oboskrnl.dir/elf/elf.cpp.obj
                                         0x88 (size before relaxing)
 .eh_frame      0xffffffff801a3f38       0x70 src/oboskrnl/CMakeFiles/oboskrnl.dir/multitasking/thread.cpp.obj
                                         0xf8 (size before relaxing)
 .eh_frame      0xffffffff801a3fa8       0xe0 src/oboskrnl/CMakeFiles/oboskrnl.dir/multitasking/mutex/mutex.cpp.obj
                                         0xf8 (size before relaxing)
 .eh_frame      0xffffffff801a4088      0x208 src/oboskrnl/CMakeFiles/oboskrnl.dir/multitasking/mutex/mutexHandle.cpp.obj
                                        0x300 (size before relaxing)
 .eh_frame      0xffffffff801a4290      0x210 src/oboskrnl/CMakeFiles/oboskrnl.dir/process/process.cpp.obj
                                        0x3e8 (size before relaxing)
 .eh_frame      0xffffffff801a44a0       0xe0 src/oboskrnl/CMakeFiles/oboskrnl.dir/driver_api/interrupts.cpp.obj
                                         0xf8 (size before relaxing)
 .eh_frame      0xffffffff801a4580      0x3a0 src/oboskrnl/CMakeFiles/oboskrnl.dir/driver_api/syscalls.cpp.obj
                                        0x3f0 (size before relaxing)
 .eh_frame      0xffffffff801a4920      0x968 src/oboskrnl/CMakeFiles/oboskrnl.dir/syscalls/syscalls.cpp.obj
                                        0x980 (size before relaxing)
 .eh_frame      0xffffffff801a5288     0x2a98 src/oboskrnl/CMakeFiles/oboskrnl.dir/external/amalgamated-dist/Zydis.c.obj
                                       0x2ab0 (size before relaxing)
 .eh_frame      0xffffffff801a7d20       0x6c src/oboskrnl/CMakeFiles/oboskrnl.dir/descriptors/gdt/gdt.cpp.obj
                                         0x88 (size before relaxing)

.ctors          0xffffffff801a7d90       0x10 load address 0x00000000001a7d90
 .ctors         0xffffffff801a7d90        0x8 src/oboskrnl/CMakeFiles/oboskrnl.dir/memory_manager/paging/x86-64/init.cpp.obj
 .ctors         0xffffffff801a7d98        0x8 src/oboskrnl/CMakeFiles/oboskrnl.dir/console.cpp.obj

.bss            0xffffffff801a8000     0xf460 load address 0x00000000001a8000
 *(COMMON)
 *(.bss)
 .bss           0xffffffff801a8000     0x1820 src/oboskrnl/CMakeFiles/oboskrnl.dir/descriptors/idt/x86-64/idt.cpp.obj
                0xffffffff801a8000                _ZN4obos19g_interruptHandlersE
 .bss           0xffffffff801a9820        0x0 src/oboskrnl/CMakeFiles/oboskrnl.dir/x86-64/exception_handlers.cpp.obj
 .bss           0xffffffff801a9820       0x28 src/oboskrnl/CMakeFiles/oboskrnl.dir/memory_manager/paging/x86-64/init.cpp.obj
                0xffffffff801a9820                _ZN4obos6memory15g_level4PageMapE
                0xffffffff801a9830                _ZN4obos6memory15g_kernelPageMapE
                0xffffffff801a9840                _ZN4obos6memory10g_zeroPageE
 *fill*         0xffffffff801a9848      0x7b8 
 .bss           0xffffffff801aa000     0x2000 src/oboskrnl/CMakeFiles/oboskrnl.dir/memory_manager/paging/x86-64/allocate.cpp.obj
 .bss           0xffffffff801ac000       0x28 src/oboskrnl/CMakeFiles/oboskrnl.dir/memory_manager/x86-64/physical.cpp.obj
                0xffffffff801ac000                _ZN4obos6memory24g_physicalMemoryBitfieldE
                0xffffffff801ac008                _ZN4obos6memory14g_sizeOfMemoryE
                0xffffffff801ac010                _ZN4obos6memory17g_nPagesAllocatedE
                0xffffffff801ac018                _ZN4obos6memory15g_bitfieldCountE
                0xffffffff801ac020                _ZN4obos6memory12g_mmapLengthE
 *fill*         0xffffffff801ac028       0x18 
 .bss           0xffffffff801ac040     0x19a0 src/oboskrnl/CMakeFiles/oboskrnl.dir/boot/kmain.cpp.obj
                0xffffffff801ac040                _ZN4obos15g_multibootInfoE
                0xffffffff801ac048                _ZN4obos15g_kernelProcessE
                0xffffffff801ac060                __atexitFuncs
                0xffffffff801ad860                __atexitFuncCount
 .bss           0xffffffff801ad9e0       0x81 src/oboskrnl/CMakeFiles/oboskrnl.dir/console.cpp.obj
                0xffffffff801ad9e0                _ZN4obos17s_foregroundColorE
                0xffffffff801ad9e4                _ZN4obos17s_backgroundColorE
                0xffffffff801ad9e8                _ZN4obos16s_terminalColumnE
                0xffffffff801ad9ec                _ZN4obos13s_terminalRowE
                0xffffffff801ad9f0                _ZN4obos20s_reachedEndTerminalE
                0xffffffff801ad9f8                _ZN4obos13s_framebufferE
                0xffffffff801ada00                _ZN4obos12s_backbufferE
                0xffffffff801ada08                _ZN4obos18s_framebufferWidthE
                0xffffffff801ada10                _ZN4obos19s_framebufferHeightE
                0xffffffff801ada18                _ZN4obos16s_nCharsVerticalE
                0xffffffff801ada20                _ZN4obos18s_nCharsHorizontalE
                0xffffffff801ada28                _ZN4obos4fontE
 .bss           0xffffffff801ada61        0x0 src/oboskrnl/CMakeFiles/oboskrnl.dir/klog.cpp.obj
 *fill*         0xffffffff801ada61        0x3 
 .bss           0xffffffff801ada64        0x8 src/oboskrnl/CMakeFiles/oboskrnl.dir/inline-asm.cpp.obj
 .bss           0xffffffff801ada6c        0x0 src/oboskrnl/CMakeFiles/oboskrnl.dir/utils/bitfields.cpp.obj
 .bss           0xffffffff801ada6c        0x0 src/oboskrnl/CMakeFiles/oboskrnl.dir/descriptors/idt/pic.cpp.obj
 .bss           0xffffffff801ada6c        0x0 src/oboskrnl/CMakeFiles/oboskrnl.dir/external/list/list_iterator.c.obj
 .bss           0xffffffff801ada6c        0x0 src/oboskrnl/CMakeFiles/oboskrnl.dir/utils/memory.cpp.obj
 *fill*         0xffffffff801ada6c        0x4 
 .bss           0xffffffff801ada70        0x8 src/oboskrnl/CMakeFiles/oboskrnl.dir/memory_manager/paging/liballoc_hooks.cpp.obj
                0xffffffff801ada70                _ZN4obos25g_nLiballocPagesAllocatedE
 .bss           0xffffffff801ada78       0x38 src/oboskrnl/CMakeFiles/oboskrnl.dir/memory_manager/liballoc/liballoc.c.obj
 .bss           0xffffffff801adab0        0x0 src/oboskrnl/CMakeFiles/oboskrnl.dir/multitasking/threadHandle.cpp.obj
 .bss           0xffffffff801adab0        0x0 src/oboskrnl/CMakeFiles/oboskrnl.dir/external/list/list_node.c.obj
 .bss           0xffffffff801adab0        0x0 src/oboskrnl/CMakeFiles/oboskrnl.dir/external/list/list.c.obj
 *fill*         0xffffffff801adab0       0x10 
 .bss           0xffffffff801adac0       0x60 src/oboskrnl/CMakeFiles/oboskrnl.dir/multitasking/multitasking.cpp.obj
                0xffffffff801adac0                _ZN4obos12multitasking9g_threadsE
                0xffffffff801adae0                _ZN4obos12multitasking20g_threadPriorityListE
                0xffffffff801adb00                _ZN4obos12multitasking15g_currentThreadE
                0xffffffff801adb08                _ZN4obos12multitasking13g_initializedE
                0xffffffff801adb10                _ZN4obos12multitasking16g_schedulerMutexE
 .bss           0xffffffff801adb20        0x0 src/oboskrnl/CMakeFiles/oboskrnl.dir/elf/elf.cpp.obj
 .bss           0xffffffff801adb20        0x0 src/oboskrnl/CMakeFiles/oboskrnl.dir/multitasking/thread.cpp.obj
 .bss           0xffffffff801adb20        0x0 src/oboskrnl/CMakeFiles/oboskrnl.dir/multitasking/mutex/mutex.cpp.obj
 .bss           0xffffffff801adb20        0x0 src/oboskrnl/CMakeFiles/oboskrnl.dir/multitasking/mutex/mutexHandle.cpp.obj
 .bss           0xffffffff801adb20       0x1c src/oboskrnl/CMakeFiles/oboskrnl.dir/process/process.cpp.obj
                0xffffffff801adb20                _ZN4obos7process15g_nextProcessIdE
                0xffffffff801adb28                _ZN4obos7process13g_processListE
                0xffffffff801adb30                _ZN4obos7process18ProcEntryPointBaseE
 *fill*         0xffffffff801adb3c        0x4 
 .bss           0xffffffff801adb40      0x800 src/oboskrnl/CMakeFiles/oboskrnl.dir/driver_api/interrupts.cpp.obj
                0xffffffff801adb40                _ZN4obos9driverAPI14g_syscallTableE
 .bss           0xffffffff801ae340      0x120 src/oboskrnl/CMakeFiles/oboskrnl.dir/driver_api/syscalls.cpp.obj
                0xffffffff801ae340                _ZN4obos9driverAPI19g_registeredDriversE
 .bss           0xffffffff801ae460     0x1000 src/oboskrnl/CMakeFiles/oboskrnl.dir/syscalls/syscalls.cpp.obj
                0xffffffff801ae460                _ZN4obos7process14g_syscallTableE
 .bss           0xffffffff801af460        0x0 src/oboskrnl/CMakeFiles/oboskrnl.dir/external/amalgamated-dist/Zydis.c.obj
 .bss           0xffffffff801af460        0x0 src/oboskrnl/CMakeFiles/oboskrnl.dir/descriptors/gdt/gdt.cpp.obj
 *(.bootstrap_stack)
 .bootstrap_stack
                0xffffffff801af460     0x8000 src/oboskrnl/CMakeFiles/oboskrnl.dir/boot/x86-64/kernel_bootstrap.asm.obj
                0xffffffff801af460                _ZN4obos12stack_bottomE
                0xffffffff801b3460                _ZN4obos9stack_topE
                0xffffffff801b3460                _ZN4obos15thrstack_bottomE
                0xffffffff801b7460                _ZN4obos12thrstack_topE
                0xffffffff801b7460                _kernel_end = .
                0x0000000000400000                _ZN4obos6memory8endImageE = 0x400000
                0xffffffff80000000                _ZN4obos11kernelStartE = 0xffffffff80000000
                0xffffffffffffffff                _ZN4obos6memory9endKernelE = 0xffffffffffffffff
OUTPUT(/mnt/c/Code/obos/out/oboskrnl elf64-x86-64)

.debug_aranges  0x0000000000000000      0x970
 .debug_aranges
                0x0000000000000000       0x30 src/oboskrnl/CMakeFiles/oboskrnl.dir/boot/x86-64/kernel_bootstrap.asm.obj
 .debug_aranges
                0x0000000000000030       0x30 src/oboskrnl/CMakeFiles/oboskrnl.dir/x86-64/inline-asm.asm.obj
 .debug_aranges
                0x0000000000000060       0x30 src/oboskrnl/CMakeFiles/oboskrnl.dir/descriptors/idt/x86-64/handlers.asm.obj
 .debug_aranges
                0x0000000000000090       0x30 src/oboskrnl/CMakeFiles/oboskrnl.dir/descriptors/idt/x86-64/idt.asm.obj
 .debug_aranges
                0x00000000000000c0       0x30 src/oboskrnl/CMakeFiles/oboskrnl.dir/utils/memcpy_x86-64.asm.obj
 .debug_aranges
                0x00000000000000f0       0x30 src/oboskrnl/CMakeFiles/oboskrnl.dir/memory_manager/paging/x86-64/init.asm.obj
 .debug_aranges
                0x0000000000000120       0x30 src/oboskrnl/CMakeFiles/oboskrnl.dir/multitasking/multitasking_x86-64.asm.obj
 .debug_aranges
                0x0000000000000150       0x30 src/oboskrnl/CMakeFiles/oboskrnl.dir/driver_api/interrupts.asm.obj
 .debug_aranges
                0x0000000000000180       0x30 src/oboskrnl/CMakeFiles/oboskrnl.dir/syscalls/interrupts.asm.obj
 .debug_aranges
                0x00000000000001b0       0x30 src/oboskrnl/CMakeFiles/oboskrnl.dir/descriptors/idt/x86-64/idt.cpp.obj
 .debug_aranges
                0x00000000000001e0       0x40 src/oboskrnl/CMakeFiles/oboskrnl.dir/x86-64/exception_handlers.cpp.obj
 .debug_aranges
                0x0000000000000220       0x30 src/oboskrnl/CMakeFiles/oboskrnl.dir/memory_manager/paging/x86-64/init.cpp.obj
 .debug_aranges
                0x0000000000000250       0x50 src/oboskrnl/CMakeFiles/oboskrnl.dir/memory_manager/paging/x86-64/allocate.cpp.obj
 .debug_aranges
                0x00000000000002a0       0x30 src/oboskrnl/CMakeFiles/oboskrnl.dir/memory_manager/x86-64/physical.cpp.obj
 .debug_aranges
                0x00000000000002d0       0x60 src/oboskrnl/CMakeFiles/oboskrnl.dir/boot/kmain.cpp.obj
 .debug_aranges
                0x0000000000000330       0x30 src/oboskrnl/CMakeFiles/oboskrnl.dir/console.cpp.obj
 .debug_aranges
                0x0000000000000360       0x30 src/oboskrnl/CMakeFiles/oboskrnl.dir/klog.cpp.obj
 .debug_aranges
                0x0000000000000390       0x30 src/oboskrnl/CMakeFiles/oboskrnl.dir/inline-asm.cpp.obj
 .debug_aranges
                0x00000000000003c0       0x30 src/oboskrnl/CMakeFiles/oboskrnl.dir/utils/bitfields.cpp.obj
 .debug_aranges
                0x00000000000003f0       0x30 src/oboskrnl/CMakeFiles/oboskrnl.dir/descriptors/idt/pic.cpp.obj
 .debug_aranges
                0x0000000000000420       0x30 src/oboskrnl/CMakeFiles/oboskrnl.dir/external/list/list_iterator.c.obj
 .debug_aranges
                0x0000000000000450       0x30 src/oboskrnl/CMakeFiles/oboskrnl.dir/utils/memory.cpp.obj
 .debug_aranges
                0x0000000000000480       0x30 src/oboskrnl/CMakeFiles/oboskrnl.dir/memory_manager/paging/liballoc_hooks.cpp.obj
 .debug_aranges
                0x00000000000004b0       0x30 src/oboskrnl/CMakeFiles/oboskrnl.dir/memory_manager/liballoc/liballoc.c.obj
 .debug_aranges
                0x00000000000004e0       0xd0 src/oboskrnl/CMakeFiles/oboskrnl.dir/multitasking/threadHandle.cpp.obj
 .debug_aranges
                0x00000000000005b0       0x30 src/oboskrnl/CMakeFiles/oboskrnl.dir/external/list/list_node.c.obj
 .debug_aranges
                0x00000000000005e0       0x30 src/oboskrnl/CMakeFiles/oboskrnl.dir/external/list/list.c.obj
 .debug_aranges
                0x0000000000000610       0x60 src/oboskrnl/CMakeFiles/oboskrnl.dir/multitasking/multitasking.cpp.obj
 .debug_aranges
                0x0000000000000670       0x30 src/oboskrnl/CMakeFiles/oboskrnl.dir/elf/elf.cpp.obj
 .debug_aranges
                0x00000000000006a0       0x50 src/oboskrnl/CMakeFiles/oboskrnl.dir/multitasking/thread.cpp.obj
 .debug_aranges
                0x00000000000006f0       0x30 src/oboskrnl/CMakeFiles/oboskrnl.dir/multitasking/mutex/mutex.cpp.obj
 .debug_aranges
                0x0000000000000720       0x90 src/oboskrnl/CMakeFiles/oboskrnl.dir/multitasking/mutex/mutexHandle.cpp.obj
 .debug_aranges
                0x00000000000007b0       0xc0 src/oboskrnl/CMakeFiles/oboskrnl.dir/process/process.cpp.obj
 .debug_aranges
[...]
 .debug_abbrev  0x00000000000029ed       0xfd src/oboskrnl/CMakeFiles/oboskrnl.dir/utils/memory.cpp.obj
 .debug_abbrev  0x0000000000002aea      0x1f1 src/oboskrnl/CMakeFiles/oboskrnl.dir/memory_manager/paging/liballoc_hooks.cpp.obj
 .debug_abbrev  0x0000000000002cdb      0x201 src/oboskrnl/CMakeFiles/oboskrnl.dir/memory_manager/liballoc/liballoc.c.obj
 .debug_abbrev  0x0000000000002edc      0x5f7 src/oboskrnl/CMakeFiles/oboskrnl.dir/multitasking/threadHandle.cpp.obj
 .debug_abbrev  0x00000000000034d3       0xbd src/oboskrnl/CMakeFiles/oboskrnl.dir/external/list/list_node.c.obj
 .debug_abbrev  0x0000000000003590      0x1ae src/oboskrnl/CMakeFiles/oboskrnl.dir/external/list/list.c.obj
 .debug_abbrev  0x000000000000373e      0x4a1 src/oboskrnl/CMakeFiles/oboskrnl.dir/multitasking/multitasking.cpp.obj
 .debug_abbrev  0x0000000000003bdf      0x191 src/oboskrnl/CMakeFiles/oboskrnl.dir/elf/elf.cpp.obj
 .debug_abbrev  0x0000000000003d70      0x3de src/oboskrnl/CMakeFiles/oboskrnl.dir/multitasking/thread.cpp.obj
 .debug_abbrev  0x000000000000414e      0x38f src/oboskrnl/CMakeFiles/oboskrnl.dir/multitasking/mutex/mutex.cpp.obj
 .debug_abbrev  0x00000000000044dd      0x419 src/oboskrnl/CMakeFiles/oboskrnl.dir/multitasking/mutex/mutexHandle.cpp.obj
 .debug_abbrev  0x00000000000048f6      0x655 src/oboskrnl/CMakeFiles/oboskrnl.dir/process/process.cpp.obj
 .debug_abbrev  0x0000000000004f4b      0x10a src/oboskrnl/CMakeFiles/oboskrnl.dir/driver_api/interrupts.cpp.obj
 .debug_abbrev  0x0000000000005055      0x60a src/oboskrnl/CMakeFiles/oboskrnl.dir/driver_api/syscalls.cpp.obj
 .debug_abbrev  0x000000000000565f      0x624 src/oboskrnl/CMakeFiles/oboskrnl.dir/syscalls/syscalls.cpp.obj
 .debug_abbrev  0x0000000000005c83      0x3c5 src/oboskrnl/CMakeFiles/oboskrnl.dir/external/amalgamated-dist/Zydis.c.obj
 .debug_abbrev  0x0000000000006048       0xac src/oboskrnl/CMakeFiles/oboskrnl.dir/descriptors/gdt/gdt.cpp.obj

.debug_line     0x0000000000000000    0x36aac
 .debug_line    0x0000000000000000       0x8b src/oboskrnl/CMakeFiles/oboskrnl.dir/boot/x86-64/kernel_bootstrap.asm.obj
 .debug_line    0x000000000000008b       0x77 src/oboskrnl/CMakeFiles/oboskrnl.dir/x86-64/inline-asm.asm.obj
 .debug_line    0x0000000000000102      0x188 src/oboskrnl/CMakeFiles/oboskrnl.dir/descriptors/idt/x86-64/handlers.asm.obj
 .debug_line    0x000000000000028a       0x74 src/oboskrnl/CMakeFiles/oboskrnl.dir/descriptors/idt/x86-64/idt.asm.obj
 .debug_line    0x00000000000002fe       0xc0 src/oboskrnl/CMakeFiles/oboskrnl.dir/utils/memcpy_x86-64.asm.obj
 .debug_line    0x00000000000003be       0x83 src/oboskrnl/CMakeFiles/oboskrnl.dir/memory_manager/paging/x86-64/init.asm.obj
 .debug_line    0x0000000000000441       0x94 src/oboskrnl/CMakeFiles/oboskrnl.dir/multitasking/multitasking_x86-64.asm.obj
 .debug_line    0x00000000000004d5       0x76 src/oboskrnl/CMakeFiles/oboskrnl.dir/driver_api/interrupts.asm.obj
 .debug_line    0x000000000000054b      0x110 src/oboskrnl/CMakeFiles/oboskrnl.dir/syscalls/interrupts.asm.obj
 .debug_line    0x000000000000065b      0x5ac src/oboskrnl/CMakeFiles/oboskrnl.dir/descriptors/idt/x86-64/idt.cpp.obj
 .debug_line    0x0000000000000c07     0x111c src/oboskrnl/CMakeFiles/oboskrnl.dir/x86-64/exception_handlers.cpp.obj
 .debug_line    0x0000000000001d23      0x6ca src/oboskrnl/CMakeFiles/oboskrnl.dir/memory_manager/paging/x86-64/init.cpp.obj
 .debug_line    0x00000000000023ed     0x16f6 src/oboskrnl/CMakeFiles/oboskrnl.dir/memory_manager/paging/x86-64/allocate.cpp.obj
 .debug_line    0x0000000000003ae3      0xa4b src/oboskrnl/CMakeFiles/oboskrnl.dir/memory_manager/x86-64/physical.cpp.obj
 .debug_line    0x000000000000452e     0x18e8 src/oboskrnl/CMakeFiles/oboskrnl.dir/boot/kmain.cpp.obj
 .debug_line    0x0000000000005e16     0x1444 src/oboskrnl/CMakeFiles/oboskrnl.dir/console.cpp.obj
 .debug_line    0x000000000000725a     0x20e0 src/oboskrnl/CMakeFiles/oboskrnl.dir/klog.cpp.obj
 .debug_line    0x000000000000933a     0x13db src/oboskrnl/CMakeFiles/oboskrnl.dir/inline-asm.cpp.obj
 .debug_line    0x000000000000a715      0x724 src/oboskrnl/CMakeFiles/oboskrnl.dir/utils/bitfields.cpp.obj
 .debug_line    0x000000000000ae39      0x8b6 src/oboskrnl/CMakeFiles/oboskrnl.dir/descriptors/idt/pic.cpp.obj
 .debug_line    0x000000000000b6ef      0x27e src/oboskrnl/CMakeFiles/oboskrnl.dir/external/list/list_iterator.c.obj
 .debug_line    0x000000000000b96d      0x46e src/oboskrnl/CMakeFiles/oboskrnl.dir/utils/memory.cpp.obj
 .debug_line    0x000000000000bddb      0x412 src/oboskrnl/CMakeFiles/oboskrnl.dir/memory_manager/paging/liballoc_hooks.cpp.obj
 .debug_line    0x000000000000c1ed     0x1717 src/oboskrnl/CMakeFiles/oboskrnl.dir/memory_manager/liballoc/liballoc.c.obj
 .debug_line    0x000000000000d904     0x1f15 src/oboskrnl/CMakeFiles/oboskrnl.dir/multitasking/threadHandle.cpp.obj
 .debug_line    0x000000000000f819      0x1a4 src/oboskrnl/CMakeFiles/oboskrnl.dir/external/list/list_node.c.obj
 .debug_line    0x000000000000f9bd      0xaf4 src/oboskrnl/CMakeFiles/oboskrnl.dir/external/list/list.c.obj
 .debug_line    0x00000000000104b1      0xf53 src/oboskrnl/CMakeFiles/oboskrnl.dir/multitasking/multitasking.cpp.obj
 .debug_line    0x0000000000011404      0x614 src/oboskrnl/CMakeFiles/oboskrnl.dir/elf/elf.cpp.obj
 .debug_line    0x0000000000011a18      0x68b src/oboskrnl/CMakeFiles/oboskrnl.dir/multitasking/thread.cpp.obj
 .debug_line    0x00000000000120a3      0x5ab src/oboskrnl/CMakeFiles/oboskrnl.dir/multitasking/mutex/mutex.cpp.obj
 .debug_line    0x000000000001264e      0x79e src/oboskrnl/CMakeFiles/oboskrnl.dir/multitasking/mutex/mutexHandle.cpp.obj
 .debug_line    0x0000000000012dec      0xfa1 src/oboskrnl/CMakeFiles/oboskrnl.dir/process/process.cpp.obj
 .debug_line    0x0000000000013d8d      0x258 src/oboskrnl/CMakeFiles/oboskrnl.dir/driver_api/interrupts.cpp.obj
 .debug_line    0x0000000000013fe5     0x1aec src/oboskrnl/CMakeFiles/oboskrnl.dir/driver_api/syscalls.cpp.obj
 .debug_line    0x0000000000015ad1     0x2fa9 src/oboskrnl/CMakeFiles/oboskrnl.dir/syscalls/syscalls.cpp.obj
 .debug_line    0x0000000000018a7a    0x1ded1 src/oboskrnl/CMakeFiles/oboskrnl.dir/external/amalgamated-dist/Zydis.c.obj
 .debug_line    0x000000000003694b      0x161 src/oboskrnl/CMakeFiles/oboskrnl.dir/descriptors/gdt/gdt.cpp.obj

.debug_frame    0x0000000000000000     0x7890
 .debug_frame   0x0000000000000000        0x0 src/oboskrnl/CMakeFiles/oboskrnl.dir/boot/x86-64/kernel_bootstrap.asm.obj
 .debug_frame   0x0000000000000000        0x0 src/oboskrnl/CMakeFiles/oboskrnl.dir/x86-64/inline-asm.asm.obj
 .debug_frame   0x0000000000000000        0x0 src/oboskrnl/CMakeFiles/oboskrnl.dir/descriptors/idt/x86-64/handlers.asm.obj
 .debug_frame   0x0000000000000000        0x0 src/oboskrnl/CMakeFiles/oboskrnl.dir/descriptors/idt/x86-64/idt.asm.obj
 .debug_frame   0x0000000000000000        0x0 src/oboskrnl/CMakeFiles/oboskrnl.dir/utils/memcpy_x86-64.asm.obj
 .debug_frame   0x0000000000000000        0x0 src/oboskrnl/CMakeFiles/oboskrnl.dir/memory_manager/paging/x86-64/init.asm.obj
 .debug_frame   0x0000000000000000        0x0 src/oboskrnl/CMakeFiles/oboskrnl.dir/multitasking/multitasking_x86-64.asm.obj
 .debug_frame   0x0000000000000000        0x0 src/oboskrnl/CMakeFiles/oboskrnl.dir/driver_api/interrupts.asm.obj
 .debug_frame   0x0000000000000000        0x0 src/oboskrnl/CMakeFiles/oboskrnl.dir/syscalls/interrupts.asm.obj
 .debug_frame   0x0000000000000000       0xc0 src/oboskrnl/CMakeFiles/oboskrnl.dir/descriptors/idt/x86-64/idt.cpp.obj
 .debug_frame   0x00000000000000c0      0x170 src/oboskrnl/CMakeFiles/oboskrnl.dir/x86-64/exception_handlers.cpp.obj
 .debug_frame   0x0000000000000230      0x360 src/oboskrnl/CMakeFiles/oboskrnl.dir/memory_manager/paging/x86-64/init.cpp.obj
 .debug_frame   0x0000000000000590      0x288 src/oboskrnl/CMakeFiles/oboskrnl.dir/memory_manager/paging/x86-64/allocate.cpp.obj
 .debug_frame   0x0000000000000818      0x138 src/oboskrnl/CMakeFiles/oboskrnl.dir/memory_manager/x86-64/physical.cpp.obj
 .debug_frame   0x0000000000000950      0x288 src/oboskrnl/CMakeFiles/oboskrnl.dir/boot/kmain.cpp.obj
 .debug_frame   0x0000000000000bd8      0x458 src/oboskrnl/CMakeFiles/oboskrnl.dir/console.cpp.obj
 .debug_frame   0x0000000000001030      0x530 src/oboskrnl/CMakeFiles/oboskrnl.dir/klog.cpp.obj
 .debug_frame   0x0000000000001560      0x2f0 src/oboskrnl/CMakeFiles/oboskrnl.dir/inline-asm.cpp.obj
 .debug_frame   0x0000000000001850      0x538 src/oboskrnl/CMakeFiles/oboskrnl.dir/utils/bitfields.cpp.obj
 .debug_frame   0x0000000000001d88      0x3d0 src/oboskrnl/CMakeFiles/oboskrnl.dir/descriptors/idt/pic.cpp.obj
 .debug_frame   0x0000000000002158       0xf8 src/oboskrnl/CMakeFiles/oboskrnl.dir/external/list/list_iterator.c.obj
 .debug_frame   0x0000000000002250      0x138 src/oboskrnl/CMakeFiles/oboskrnl.dir/utils/memory.cpp.obj
 .debug_frame   0x0000000000002388      0x328 src/oboskrnl/CMakeFiles/oboskrnl.dir/memory_manager/paging/liballoc_hooks.cpp.obj
 .debug_frame   0x00000000000026b0      0x1a0 src/oboskrnl/CMakeFiles/oboskrnl.dir/memory_manager/liballoc/liballoc.c.obj
 .debug_frame   0x0000000000002850      0x930 src/oboskrnl/CMakeFiles/oboskrnl.dir/multitasking/threadHandle.cpp.obj
 .debug_frame   0x0000000000003180       0x50 src/oboskrnl/CMakeFiles/oboskrnl.dir/external/list/list_node.c.obj
 .debug_frame   0x00000000000031d0      0x210 src/oboskrnl/CMakeFiles/oboskrnl.dir/external/list/list.c.obj
 .debug_frame   0x00000000000033e0      0x1b0 src/oboskrnl/CMakeFiles/oboskrnl.dir/multitasking/multitasking.cpp.obj
 .debug_frame   0x0000000000003590       0x88 src/oboskrnl/CMakeFiles/oboskrnl.dir/elf/elf.cpp.obj
 .debug_frame   0x0000000000003618       0xf8 src/oboskrnl/CMakeFiles/oboskrnl.dir/multitasking/thread.cpp.obj
 .debug_frame   0x0000000000003710       0xf8 src/oboskrnl/CMakeFiles/oboskrnl.dir/multitasking/mutex/mutex.cpp.obj
 .debug_frame   0x0000000000003808      0x300 src/oboskrnl/CMakeFiles/oboskrnl.dir/multitasking/mutex/mutexHandle.cpp.obj
 .debug_frame   0x0000000000003b08      0x3e8 src/oboskrnl/CMakeFiles/oboskrnl.dir/process/process.cpp.obj
 .debug_frame   0x0000000000003ef0       0xf8 src/oboskrnl/CMakeFiles/oboskrnl.dir/driver_api/interrupts.cpp.obj
 .debug_frame   0x0000000000003fe8      0x3f0 src/oboskrnl/CMakeFiles/oboskrnl.dir/driver_api/syscalls.cpp.obj
 .debug_frame   0x00000000000043d8      0x980 src/oboskrnl/CMakeFiles/oboskrnl.dir/syscalls/syscalls.cpp.obj
 .debug_frame   0x0000000000004d58     0x2ab0 src/oboskrnl/CMakeFiles/oboskrnl.dir/external/amalgamated-dist/Zydis.c.obj
 .debug_frame   0x0000000000007808       0x88 src/oboskrnl/CMakeFiles/oboskrnl.dir/descriptors/gdt/gdt.cpp.obj

.debug_loc      0x0000000000000000        0x0
 .debug_loc     0x0000000000000000        0x0 src/oboskrnl/CMakeFiles/oboskrnl.dir/boot/x86-64/kernel_bootstrap.asm.obj
 .debug_loc     0x0000000000000000        0x0 src/oboskrnl/CMakeFiles/oboskrnl.dir/x86-64/inline-asm.asm.obj
 .debug_loc     0x0000000000000000        0x0 src/oboskrnl/CMakeFiles/oboskrnl.dir/descriptors/idt/x86-64/handlers.asm.obj
 .debug_loc     0x0000000000000000        0x0 src/oboskrnl/CMakeFiles/oboskrnl.dir/descriptors/idt/x86-64/idt.asm.obj
 .debug_loc     0x0000000000000000        0x0 src/oboskrnl/CMakeFiles/oboskrnl.dir/utils/memcpy_x86-64.asm.obj
 .debug_loc     0x0000000000000000        0x0 src/oboskrnl/CMakeFiles/oboskrnl.dir/memory_manager/paging/x86-64/init.asm.obj
 .debug_loc     0x0000000000000000        0x0 src/oboskrnl/CMakeFiles/oboskrnl.dir/multitasking/multitasking_x86-64.asm.obj
 .debug_loc     0x0000000000000000        0x0 src/oboskrnl/CMakeFiles/oboskrnl.dir/driver_api/interrupts.asm.obj
 .debug_loc     0x0000000000000000        0x0 src/oboskrnl/CMakeFiles/oboskrnl.dir/syscalls/interrupts.asm.obj

.debug_str      0x0000000000000000     0x1375
 .debug_str     0x0000000000000000        0x9 src/oboskrnl/CMakeFiles/oboskrnl.dir/descriptors/idt/x86-64/idt.cpp.obj
 .debug_str     0x0000000000000009       0x30 src/oboskrnl/CMakeFiles/oboskrnl.dir/x86-64/exception_handlers.cpp.obj
 .debug_str     0x0000000000000039       0x3d src/oboskrnl/CMakeFiles/oboskrnl.dir/memory_manager/paging/x86-64/init.cpp.obj
 .debug_str     0x0000000000000076       0x48 src/oboskrnl/CMakeFiles/oboskrnl.dir/memory_manager/paging/x86-64/allocate.cpp.obj
 .debug_str     0x00000000000000be       0x29 src/oboskrnl/CMakeFiles/oboskrnl.dir/memory_manager/x86-64/physical.cpp.obj
 .debug_str     0x00000000000000e7      0x314 src/oboskrnl/CMakeFiles/oboskrnl.dir/boot/kmain.cpp.obj
 .debug_str     0x00000000000003fb       0x69 src/oboskrnl/CMakeFiles/oboskrnl.dir/console.cpp.obj
 .debug_str     0x0000000000000464      0x16f src/oboskrnl/CMakeFiles/oboskrnl.dir/klog.cpp.obj
 .debug_str     0x00000000000005d3       0x2a src/oboskrnl/CMakeFiles/oboskrnl.dir/inline-asm.cpp.obj
 .debug_str     0x00000000000005fd       0x94 src/oboskrnl/CMakeFiles/oboskrnl.dir/utils/bitfields.cpp.obj
 .debug_str     0x0000000000000691       0x39 src/oboskrnl/CMakeFiles/oboskrnl.dir/descriptors/idt/pic.cpp.obj
 .debug_str     0x00000000000006ca        0xa src/oboskrnl/CMakeFiles/oboskrnl.dir/external/list/list_iterator.c.obj
 .debug_str     0x00000000000006d4        0x0 src/oboskrnl/CMakeFiles/oboskrnl.dir/utils/memory.cpp.obj
 .debug_str     0x00000000000006d4       0x46 src/oboskrnl/CMakeFiles/oboskrnl.dir/memory_manager/paging/liballoc_hooks.cpp.obj
 .debug_str     0x000000000000071a       0x26 src/oboskrnl/CMakeFiles/oboskrnl.dir/memory_manager/liballoc/liballoc.c.obj
 .debug_str     0x0000000000000740      0x105 src/oboskrnl/CMakeFiles/oboskrnl.dir/multitasking/threadHandle.cpp.obj
 .debug_str     0x0000000000000845        0x0 src/oboskrnl/CMakeFiles/oboskrnl.dir/external/list/list_node.c.obj
 .debug_str     0x0000000000000845       0x14 src/oboskrnl/CMakeFiles/oboskrnl.dir/external/list/list.c.obj
 .debug_str     0x0000000000000859       0x36 src/oboskrnl/CMakeFiles/oboskrnl.dir/multitasking/multitasking.cpp.obj
 .debug_str     0x000000000000088f       0x23 src/oboskrnl/CMakeFiles/oboskrnl.dir/elf/elf.cpp.obj
 .debug_str     0x00000000000008b2       0x5e src/oboskrnl/CMakeFiles/oboskrnl.dir/multitasking/thread.cpp.obj
 .debug_str     0x0000000000000910       0x2a src/oboskrnl/CMakeFiles/oboskrnl.dir/multitasking/mutex/mutex.cpp.obj
 .debug_str     0x000000000000093a       0x62 src/oboskrnl/CMakeFiles/oboskrnl.dir/multitasking/mutex/mutexHandle.cpp.obj
 .debug_str     0x000000000000099c       0x5c src/oboskrnl/CMakeFiles/oboskrnl.dir/process/process.cpp.obj
 .debug_str     0x00000000000009f8        0x0 src/oboskrnl/CMakeFiles/oboskrnl.dir/driver_api/interrupts.cpp.obj
 .debug_str     0x00000000000009f8       0x9b src/oboskrnl/CMakeFiles/oboskrnl.dir/driver_api/syscalls.cpp.obj
 .debug_str     0x0000000000000a93      0x291 src/oboskrnl/CMakeFiles/oboskrnl.dir/syscalls/syscalls.cpp.obj
 .debug_str     0x0000000000000d24      0x651 src/oboskrnl/CMakeFiles/oboskrnl.dir/external/amalgamated-dist/Zydis.c.obj
 .debug_str     0x0000000000001375        0x0 src/oboskrnl/CMakeFiles/oboskrnl.dir/descriptors/gdt/gdt.cpp.obj

.comment        0x0000000000000000       0x12
 .comment       0x0000000000000000       0x12 src/oboskrnl/CMakeFiles/oboskrnl.dir/descriptors/idt/x86-64/idt.cpp.obj
                                         0x13 (size before relaxing)
 .comment       0x0000000000000012       0x13 src/oboskrnl/CMakeFiles/oboskrnl.dir/x86-64/exception_handlers.cpp.obj
 .comment       0x0000000000000012       0x13 src/oboskrnl/CMakeFiles/oboskrnl.dir/memory_manager/paging/x86-64/init.cpp.obj
 .comment       0x0000000000000012       0x13 src/oboskrnl/CMakeFiles/oboskrnl.dir/memory_manager/paging/x86-64/allocate.cpp.obj
 .comment       0x0000000000000012       0x13 src/oboskrnl/CMakeFiles/oboskrnl.dir/memory_manager/x86-64/physical.cpp.obj
 .comment       0x0000000000000012       0x13 src/oboskrnl/CMakeFiles/oboskrnl.dir/boot/kmain.cpp.obj
 .comment       0x0000000000000012       0x13 src/oboskrnl/CMakeFiles/oboskrnl.dir/console.cpp.obj
 .comment       0x0000000000000012       0x13 src/oboskrnl/CMakeFiles/oboskrnl.dir/klog.cpp.obj
 .comment       0x0000000000000012       0x13 src/oboskrnl/CMakeFiles/oboskrnl.dir/inline-asm.cpp.obj
 .comment       0x0000000000000012       0x13 src/oboskrnl/CMakeFiles/oboskrnl.dir/utils/bitfields.cpp.obj
 .comment       0x0000000000000012       0x13 src/oboskrnl/CMakeFiles/oboskrnl.dir/descriptors/idt/pic.cpp.obj
 .comment       0x0000000000000012       0x13 src/oboskrnl/CMakeFiles/oboskrnl.dir/external/list/list_iterator.c.obj
 .comment       0x0000000000000012       0x13 src/oboskrnl/CMakeFiles/oboskrnl.dir/utils/memory.cpp.obj
 .comment       0x0000000000000012       0x13 src/oboskrnl/CMakeFiles/oboskrnl.dir/memory_manager/paging/liballoc_hooks.cpp.obj
 .comment       0x0000000000000012       0x13 src/oboskrnl/CMakeFiles/oboskrnl.dir/memory_manager/liballoc/liballoc.c.obj
 .comment       0x0000000000000012       0x13 src/oboskrnl/CMakeFiles/oboskrnl.dir/multitasking/threadHandle.cpp.obj
 .comment       0x0000000000000012       0x13 src/oboskrnl/CMakeFiles/oboskrnl.dir/external/list/list_node.c.obj
 .comment       0x0000000000000012       0x13 src/oboskrnl/CMakeFiles/oboskrnl.dir/external/list/list.c.obj
 .comment       0x0000000000000012       0x13 src/oboskrnl/CMakeFiles/oboskrnl.dir/multitasking/multitasking.cpp.obj
 .comment       0x0000000000000012       0x13 src/oboskrnl/CMakeFiles/oboskrnl.dir/elf/elf.cpp.obj
 .comment       0x0000000000000012       0x13 src/oboskrnl/CMakeFiles/oboskrnl.dir/multitasking/thread.cpp.obj
 .comment       0x0000000000000012       0x13 src/oboskrnl/CMakeFiles/oboskrnl.dir/multitasking/mutex/mutex.cpp.obj
 .comment       0x0000000000000012       0x13 src/oboskrnl/CMakeFiles/oboskrnl.dir/multitasking/mutex/mutexHandle.cpp.obj
 .comment       0x0000000000000012       0x13 src/oboskrnl/CMakeFiles/oboskrnl.dir/process/process.cpp.obj
 .comment       0x0000000000000012       0x13 src/oboskrnl/CMakeFiles/oboskrnl.dir/driver_api/interrupts.cpp.obj
 .comment       0x0000000000000012       0x13 src/oboskrnl/CMakeFiles/oboskrnl.dir/driver_api/syscalls.cpp.obj
 .comment       0x0000000000000012       0x13 src/oboskrnl/CMakeFiles/oboskrnl.dir/syscalls/syscalls.cpp.obj
 .comment       0x0000000000000012       0x13 src/oboskrnl/CMakeFiles/oboskrnl.dir/external/amalgamated-dist/Zydis.c.obj
 .comment       0x0000000000000012       0x13 src/oboskrnl/CMakeFiles/oboskrnl.dir/descriptors/gdt/gdt.cpp.obj

.debug_rnglists
                0x0000000000000000      0x6c0
 .debug_rnglists
                0x0000000000000000       0x2f src/oboskrnl/CMakeFiles/oboskrnl.dir/x86-64/exception_handlers.cpp.obj
 .debug_rnglists
                0x000000000000002f       0x40 src/oboskrnl/CMakeFiles/oboskrnl.dir/memory_manager/paging/x86-64/allocate.cpp.obj
 .debug_rnglists
                0x000000000000006f       0x51 src/oboskrnl/CMakeFiles/oboskrnl.dir/boot/kmain.cpp.obj
 .debug_rnglists
                0x00000000000000c0       0x52 src/oboskrnl/CMakeFiles/oboskrnl.dir/klog.cpp.obj
 .debug_rnglists
                0x0000000000000112       0xc8 src/oboskrnl/CMakeFiles/oboskrnl.dir/multitasking/threadHandle.cpp.obj
 .debug_rnglists
                0x00000000000001da       0x51 src/oboskrnl/CMakeFiles/oboskrnl.dir/multitasking/multitasking.cpp.obj
 .debug_rnglists
                0x000000000000022b       0x40 src/oboskrnl/CMakeFiles/oboskrnl.dir/multitasking/thread.cpp.obj
 .debug_rnglists
                0x000000000000026b       0x84 src/oboskrnl/CMakeFiles/oboskrnl.dir/multitasking/mutex/mutexHandle.cpp.obj
 .debug_rnglists
                0x00000000000002ef       0xb7 src/oboskrnl/CMakeFiles/oboskrnl.dir/process/process.cpp.obj
 .debug_rnglists
                0x00000000000003a6       0xde src/oboskrnl/CMakeFiles/oboskrnl.dir/driver_api/syscalls.cpp.obj
 .debug_rnglists
                0x0000000000000484      0x23c src/oboskrnl/CMakeFiles/oboskrnl.dir/external/amalgamated-dist/Zydis.c.obj
