
Memory Configuration

Name             Origin             Length             Attributes
*default*        0x0000000000000000 0xffffffffffffffff

Linker script and memory map

LOAD src/drivers/input/ps2Keyboard/CMakeFiles/ps2Keyboard.dir/dmain.c.obj
LOAD src/drivers/input/ps2Keyboard/CMakeFiles/ps2Keyboard.dir/__/__/__/oboskrnl/driver_api/syscall_interface.asm.obj
                0x0000000008000000                . = 0x8000000

.text           0x0000000008000000      0xa21
 *(.multiboot)
 *(.text)
 .text          0x0000000008000000      0x932 src/drivers/input/ps2Keyboard/CMakeFiles/ps2Keyboard.dir/dmain.c.obj
                0x0000000008000060                _start
                0x00000000080001b8                keyboardInterrupt
                0x0000000008000766                sendCommand
                0x00000000080008c2                outb
                0x00000000080008df                outw
                0x00000000080008fc                inb
                0x0000000008000916                inw
 *fill*         0x0000000008000932        0xe 
 .text          0x0000000008000940       0xe1 src/drivers/input/ps2Keyboard/CMakeFiles/ps2Keyboard.dir/__/__/__/oboskrnl/driver_api/syscall_interface.asm.obj
                0x0000000008000940                RegisterDriver
                0x000000000800094f                RegisterInterruptHandler
                0x000000000800095e                PicSendEoi
                0x000000000800096d                EnableIRQ
                0x000000000800097c                DisableIRQ
                0x000000000800098b                RegisterReadCallback
                0x000000000800099a                PrintChar
                0x00000000080009a9                GetMultibootModule
                0x00000000080009b8                RegisterFileReadCallback
                0x00000000080009c7                RegisterFileExistsCallback
                0x00000000080009d6                MapPhysicalTo
                0x00000000080009e5                UnmapPhysicalTo
                0x00000000080009f4                Printf
                0x0000000008000a03                GetPhysicalAddress
                0x0000000008000a12                CallSyscall

.iplt           0x0000000008000a21        0x0
 .iplt          0x0000000008000a21        0x0 src/drivers/input/ps2Keyboard/CMakeFiles/ps2Keyboard.dir/dmain.c.obj

.rela.dyn       0x0000000008000a28        0x0
 .rela.got      0x0000000008000a28        0x0 src/drivers/input/ps2Keyboard/CMakeFiles/ps2Keyboard.dir/dmain.c.obj
 .rela.iplt     0x0000000008000a28        0x0 src/drivers/input/ps2Keyboard/CMakeFiles/ps2Keyboard.dir/dmain.c.obj

.rodata
 *(.rodata)

.data           0x0000000008001000      0x858
 *(.data)
 .data          0x0000000008001000      0x858 src/drivers/input/ps2Keyboard/CMakeFiles/ps2Keyboard.dir/dmain.c.obj
                0x0000000008001000                g_keys

.eh_frame       0x0000000008001858      0x178
 .eh_frame      0x0000000008001858      0x178 src/drivers/input/ps2Keyboard/CMakeFiles/ps2Keyboard.dir/dmain.c.obj
                                        0x198 (size before relaxing)

.got            0x00000000080019d0        0x0
 .got           0x00000000080019d0        0x0 src/drivers/input/ps2Keyboard/CMakeFiles/ps2Keyboard.dir/dmain.c.obj

.got.plt        0x00000000080019d0        0x0
 .got.plt       0x00000000080019d0        0x0 src/drivers/input/ps2Keyboard/CMakeFiles/ps2Keyboard.dir/dmain.c.obj

.igot.plt       0x00000000080019d0        0x0
 .igot.plt      0x00000000080019d0        0x0 src/drivers/input/ps2Keyboard/CMakeFiles/ps2Keyboard.dir/dmain.c.obj

.bss            0x0000000008002000     0x2009
 *(COMMON)
 *(.bss)
 .bss           0x0000000008002000     0x2009 src/drivers/input/ps2Keyboard/CMakeFiles/ps2Keyboard.dir/dmain.c.obj
                0x0000000008002000                g_keyBuffer
                0x0000000008004000                g_keyBufferPosition
                0x0000000008004008                flags
OUTPUT(/mnt/c/Code/obos/out/ps2Keyboard elf64-x86-64)

.debug_frame    0x0000000000000000      0x198
 .debug_frame   0x0000000000000000      0x198 src/drivers/input/ps2Keyboard/CMakeFiles/ps2Keyboard.dir/dmain.c.obj
 .debug_frame   0x0000000000000198        0x0 src/drivers/input/ps2Keyboard/CMakeFiles/ps2Keyboard.dir/__/__/__/oboskrnl/driver_api/syscall_interface.asm.obj

.debug_info     0x0000000000000000      0xd89
 .debug_info    0x0000000000000000      0xd06 src/drivers/input/ps2Keyboard/CMakeFiles/ps2Keyboard.dir/dmain.c.obj
 .debug_info    0x0000000000000d06       0x83 src/drivers/input/ps2Keyboard/CMakeFiles/ps2Keyboard.dir/__/__/__/oboskrnl/driver_api/syscall_interface.asm.obj

.debug_abbrev   0x0000000000000000      0x293
 .debug_abbrev  0x0000000000000000      0x278 src/drivers/input/ps2Keyboard/CMakeFiles/ps2Keyboard.dir/dmain.c.obj
 .debug_abbrev  0x0000000000000278       0x1b src/drivers/input/ps2Keyboard/CMakeFiles/ps2Keyboard.dir/__/__/__/oboskrnl/driver_api/syscall_interface.asm.obj

.debug_aranges  0x0000000000000000       0x60
 .debug_aranges
                0x0000000000000000       0x30 src/drivers/input/ps2Keyboard/CMakeFiles/ps2Keyboard.dir/dmain.c.obj
 .debug_aranges
                0x0000000000000030       0x30 src/drivers/input/ps2Keyboard/CMakeFiles/ps2Keyboard.dir/__/__/__/oboskrnl/driver_api/syscall_interface.asm.obj

.debug_line     0x0000000000000000      0xc56
 .debug_line    0x0000000000000000      0xb97 src/drivers/input/ps2Keyboard/CMakeFiles/ps2Keyboard.dir/dmain.c.obj
 .debug_line    0x0000000000000b97       0xbf src/drivers/input/ps2Keyboard/CMakeFiles/ps2Keyboard.dir/__/__/__/oboskrnl/driver_api/syscall_interface.asm.obj

.debug_str      0x0000000000000000        0x9
 .debug_str     0x0000000000000000        0x9 src/drivers/input/ps2Keyboard/CMakeFiles/ps2Keyboard.dir/dmain.c.obj

.comment        0x0000000000000000       0x12
 .comment       0x0000000000000000       0x12 src/drivers/input/ps2Keyboard/CMakeFiles/ps2Keyboard.dir/dmain.c.obj
                                         0x13 (size before relaxing)

.debug_pubnames
                0x0000000000000000        0x0
 .debug_pubnames
                0x0000000000000000        0x0 src/drivers/input/ps2Keyboard/CMakeFiles/ps2Keyboard.dir/__/__/__/oboskrnl/driver_api/syscall_interface.asm.obj

.debug_loc      0x0000000000000000        0x0
 .debug_loc     0x0000000000000000        0x0 src/drivers/input/ps2Keyboard/CMakeFiles/ps2Keyboard.dir/__/__/__/oboskrnl/driver_api/syscall_interface.asm.obj
