
Memory Configuration

Name             Origin             Length             Attributes
*default*        0x0000000000000000 0xffffffffffffffff

Linker script and memory map

LOAD src/drivers/input/ps2Keyboard/CMakeFiles/ps2Keyboard.dir/dmain.c.obj
LOAD src/drivers/input/ps2Keyboard/CMakeFiles/ps2Keyboard.dir/__/__/__/oboskrnl/driver_api/syscall_interface.asm.obj
                0x0000000008000000                . = 0x8000000

.text           0x0000000008000000      0x9a0
 *(.multiboot)
 *(.text)
 .text          0x0000000008000000      0x8a1 src/drivers/input/ps2Keyboard/CMakeFiles/ps2Keyboard.dir/dmain.c.obj
                0x0000000008000060                _start
                0x00000000080001b8                keyboardInterrupt
                0x00000000080006d5                sendCommand
                0x0000000008000831                outb
                0x000000000800084e                outw
                0x000000000800086b                inb
                0x0000000008000885                inw
 *fill*         0x00000000080008a1        0xf 
 .text          0x00000000080008b0       0xf0 src/drivers/input/ps2Keyboard/CMakeFiles/ps2Keyboard.dir/__/__/__/oboskrnl/driver_api/syscall_interface.asm.obj
                0x00000000080008b0                RegisterDriver
                0x00000000080008bf                RegisterInterruptHandler
                0x00000000080008ce                PicSendEoi
                0x00000000080008dd                EnableIRQ
                0x00000000080008ec                DisableIRQ
                0x00000000080008fb                RegisterReadCallback
                0x000000000800090a                PrintChar
                0x0000000008000919                GetMultibootModule
                0x0000000008000928                RegisterFileReadCallback
                0x0000000008000937                RegisterFileExistsCallback
                0x0000000008000946                MapPhysicalTo
                0x0000000008000955                UnmapPhysicalTo
                0x0000000008000964                Printf
                0x0000000008000973                GetPhysicalAddress
                0x0000000008000982                RegisterRecursiveFileIterateCallback
                0x0000000008000991                CallSyscall

.iplt           0x00000000080009a0        0x0
 .iplt          0x00000000080009a0        0x0 src/drivers/input/ps2Keyboard/CMakeFiles/ps2Keyboard.dir/dmain.c.obj

.rela.dyn       0x00000000080009a0        0x0
 .rela.got      0x00000000080009a0        0x0 src/drivers/input/ps2Keyboard/CMakeFiles/ps2Keyboard.dir/dmain.c.obj
 .rela.iplt     0x00000000080009a0        0x0 src/drivers/input/ps2Keyboard/CMakeFiles/ps2Keyboard.dir/dmain.c.obj

.rodata
 *(.rodata)

.data           0x0000000008001000      0x858
 *(.data)
 .data          0x0000000008001000      0x858 src/drivers/input/ps2Keyboard/CMakeFiles/ps2Keyboard.dir/dmain.c.obj
                0x0000000008001000                g_keys

.eh_frame       0x0000000008001858      0x178
 .eh_frame      0x0000000008001858      0x178 src/drivers/input/ps2Keyboard/CMakeFiles/ps2Keyboard.dir/dmain.c.obj
                                        0x198 (size before relaxing)

.got            0x00000000080019d0        0x0
 .got           0x00000000080019d0        0x0 src/drivers/input/ps2Keyboard/CMakeFiles/ps2Keyboard.dir/dmain.c.obj

.got.plt        0x00000000080019d0        0x0
 .got.plt       0x00000000080019d0        0x0 src/drivers/input/ps2Keyboard/CMakeFiles/ps2Keyboard.dir/dmain.c.obj

.igot.plt       0x00000000080019d0        0x0
 .igot.plt      0x00000000080019d0        0x0 src/drivers/input/ps2Keyboard/CMakeFiles/ps2Keyboard.dir/dmain.c.obj

.bss            0x0000000008002000     0x2009
 *(COMMON)
 *(.bss)
 .bss           0x0000000008002000     0x2009 src/drivers/input/ps2Keyboard/CMakeFiles/ps2Keyboard.dir/dmain.c.obj
                0x0000000008002000                g_keyBuffer
                0x0000000008004000                g_keyBufferPosition
                0x0000000008004008                flags
OUTPUT(/mnt/c/Code/obos/out/ps2Keyboard elf64-x86-64)

.debug_frame    0x0000000000000000      0x198
 .debug_frame   0x0000000000000000      0x198 src/drivers/input/ps2Keyboard/CMakeFiles/ps2Keyboard.dir/dmain.c.obj
 .debug_frame   0x0000000000000198        0x0 src/drivers/input/ps2Keyboard/CMakeFiles/ps2Keyboard.dir/__/__/__/oboskrnl/driver_api/syscall_interface.asm.obj

.debug_info     0x0000000000000000      0xc33
 .debug_info    0x0000000000000000      0xbb0 src/drivers/input/ps2Keyboard/CMakeFiles/ps2Keyboard.dir/dmain.c.obj
 .debug_info    0x0000000000000bb0       0x83 src/drivers/input/ps2Keyboard/CMakeFiles/ps2Keyboard.dir/__/__/__/oboskrnl/driver_api/syscall_interface.asm.obj

.debug_abbrev   0x0000000000000000      0x299
 .debug_abbrev  0x0000000000000000      0x27e src/drivers/input/ps2Keyboard/CMakeFiles/ps2Keyboard.dir/dmain.c.obj
 .debug_abbrev  0x000000000000027e       0x1b src/drivers/input/ps2Keyboard/CMakeFiles/ps2Keyboard.dir/__/__/__/oboskrnl/driver_api/syscall_interface.asm.obj

.debug_aranges  0x0000000000000000       0x60
 .debug_aranges
                0x0000000000000000       0x30 src/drivers/input/ps2Keyboard/CMakeFiles/ps2Keyboard.dir/dmain.c.obj
 .debug_aranges
                0x0000000000000030       0x30 src/drivers/input/ps2Keyboard/CMakeFiles/ps2Keyboard.dir/__/__/__/oboskrnl/driver_api/syscall_interface.asm.obj

.debug_line     0x0000000000000000      0xc31
 .debug_line    0x0000000000000000      0xb6d src/drivers/input/ps2Keyboard/CMakeFiles/ps2Keyboard.dir/dmain.c.obj
 .debug_line    0x0000000000000b6d       0xc4 src/drivers/input/ps2Keyboard/CMakeFiles/ps2Keyboard.dir/__/__/__/oboskrnl/driver_api/syscall_interface.asm.obj

.debug_str      0x0000000000000000        0x9
 .debug_str     0x0000000000000000        0x9 src/drivers/input/ps2Keyboard/CMakeFiles/ps2Keyboard.dir/dmain.c.obj

.comment        0x0000000000000000       0x12
 .comment       0x0000000000000000       0x12 src/drivers/input/ps2Keyboard/CMakeFiles/ps2Keyboard.dir/dmain.c.obj
                                         0x13 (size before relaxing)

.debug_pubnames
                0x0000000000000000        0x0
 .debug_pubnames
                0x0000000000000000        0x0 src/drivers/input/ps2Keyboard/CMakeFiles/ps2Keyboard.dir/__/__/__/oboskrnl/driver_api/syscall_interface.asm.obj

.debug_loc      0x0000000000000000        0x0
 .debug_loc     0x0000000000000000        0x0 src/drivers/input/ps2Keyboard/CMakeFiles/ps2Keyboard.dir/__/__/__/oboskrnl/driver_api/syscall_interface.asm.obj
