
Memory Configuration

Name             Origin             Length             Attributes
*default*        0x0000000000000000 0xffffffffffffffff

Linker script and memory map

LOAD src/testProgram/CMakeFiles/testProgram.dir/main.c.obj
LOAD src/testProgram/CMakeFiles/testProgram.dir/__/oboskrnl/syscalls/syscall_interface.asm.obj
                0x0000000008000000                . = 0x8000000

.text           0x0000000008000000      0x69b
 *(.multiboot)
 *(.text)
 .text          0x0000000008000000      0x497 src/testProgram/CMakeFiles/testProgram.dir/main.c.obj
                0x00000000080000e6                Thread
                0x00000000080001ee                _start
 *fill*         0x0000000008000497        0x9 
 .text          0x00000000080004a0      0x1fb src/testProgram/CMakeFiles/testProgram.dir/__/oboskrnl/syscalls/syscall_interface.asm.obj
                0x00000000080004a0                ConsoleOutputString
                0x00000000080004ad                ExitProcess
                0x00000000080004ba                CreateProcess
                0x00000000080004c7                TerminateProcess
                0x00000000080004d4                OpenCurrentProcessHandle
                0x00000000080004e1                OpenProcessHandle
                0x00000000080004ee                CreateThread
                0x00000000080004fb                OpenThread
                0x0000000008000508                PauseThread
                0x0000000008000515                ResumeThread
                0x0000000008000522                SetThreadPriority
                0x000000000800052f                SetThreadStatus
                0x000000000800053c                TerminateThread
                0x0000000008000549                GetTid
                0x0000000008000556                GetExitCode
                0x0000000008000563                GetThreadPriority
                0x0000000008000570                GetThreadStatus
                0x000000000800057d                WaitForThreadExit
                0x000000000800058a                ExitThread
                0x0000000008000597                GetCurrentThreadTid
                0x00000000080005a4                GetCurrentThreadHandle
                0x00000000080005b1                GetCurrentThreadPriority
                0x00000000080005be                GetCurrentThreadStatus
                0x00000000080005cb                CloseHandle
                0x00000000080005d8                OpenProcessParentHandle
                0x00000000080005e5                SetConsoleColor
                0x00000000080005f2                GetConsoleColor
                0x00000000080005ff                ConsoleOutputCharacter
                0x000000000800060c                ConsoleOutputCharacterAt
                0x0000000008000619                ConsoleOutput
                0x0000000008000626                ConsoleFillLine
                0x0000000008000633                SetConsoleCursorPosition
                0x0000000008000640                GetConsoleCursorPosition
                0x000000000800064d                ConsoleSwapBuffers
                0x000000000800065a                ClearConsole
                0x0000000008000667                VirtualAlloc
                0x0000000008000674                VirtualFree
                0x0000000008000681                HasVirtualAddress
                0x000000000800068e                MemoryProtect

.iplt           0x000000000800069b        0x0
 .iplt          0x000000000800069b        0x0 src/testProgram/CMakeFiles/testProgram.dir/main.c.obj

.rodata         0x0000000008001000       0x89
 *(.rodata)
 .rodata        0x0000000008001000       0x89 src/testProgram/CMakeFiles/testProgram.dir/main.c.obj

.rela.dyn       0x0000000008001090        0x0
 .rela.got      0x0000000008001090        0x0 src/testProgram/CMakeFiles/testProgram.dir/main.c.obj
 .rela.iplt     0x0000000008001090        0x0 src/testProgram/CMakeFiles/testProgram.dir/main.c.obj

.data           0x0000000008002000        0x8
 *(.data)
 .data          0x0000000008002000        0x8 src/testProgram/CMakeFiles/testProgram.dir/main.c.obj

.eh_frame       0x0000000008002008       0x9c
 .eh_frame      0x0000000008002008       0x9c src/testProgram/CMakeFiles/testProgram.dir/main.c.obj
                                         0xa8 (size before relaxing)

.got            0x00000000080020a8        0x0
 .got           0x00000000080020a8        0x0 src/testProgram/CMakeFiles/testProgram.dir/main.c.obj

.got.plt        0x00000000080020a8        0x0
 .got.plt       0x00000000080020a8        0x0 src/testProgram/CMakeFiles/testProgram.dir/main.c.obj

.igot.plt       0x00000000080020a8        0x0
 .igot.plt      0x00000000080020a8        0x0 src/testProgram/CMakeFiles/testProgram.dir/main.c.obj

.bss            0x0000000008003000        0x0
 *(COMMON)
 *(.bss)
 .bss           0x0000000008003000        0x0 src/testProgram/CMakeFiles/testProgram.dir/main.c.obj
OUTPUT(/mnt/c/Code/obos/out/testProgram elf64-x86-64)

.debug_frame    0x0000000000000000       0xa8
 .debug_frame   0x0000000000000000       0xa8 src/testProgram/CMakeFiles/testProgram.dir/main.c.obj
 .debug_frame   0x00000000000000a8        0x0 src/testProgram/CMakeFiles/testProgram.dir/__/oboskrnl/syscalls/syscall_interface.asm.obj

.debug_info     0x0000000000000000      0x5ab
 .debug_info    0x0000000000000000      0x52a src/testProgram/CMakeFiles/testProgram.dir/main.c.obj
 .debug_info    0x000000000000052a       0x81 src/testProgram/CMakeFiles/testProgram.dir/__/oboskrnl/syscalls/syscall_interface.asm.obj

.debug_abbrev   0x0000000000000000      0x13f
 .debug_abbrev  0x0000000000000000      0x124 src/testProgram/CMakeFiles/testProgram.dir/main.c.obj
 .debug_abbrev  0x0000000000000124       0x1b src/testProgram/CMakeFiles/testProgram.dir/__/oboskrnl/syscalls/syscall_interface.asm.obj

.debug_aranges  0x0000000000000000       0x60
 .debug_aranges
                0x0000000000000000       0x30 src/testProgram/CMakeFiles/testProgram.dir/main.c.obj
 .debug_aranges
                0x0000000000000030       0x30 src/testProgram/CMakeFiles/testProgram.dir/__/oboskrnl/syscalls/syscall_interface.asm.obj

.debug_line     0x0000000000000000      0x63a
 .debug_line    0x0000000000000000      0x494 src/testProgram/CMakeFiles/testProgram.dir/main.c.obj
 .debug_line    0x0000000000000494      0x1a6 src/testProgram/CMakeFiles/testProgram.dir/__/oboskrnl/syscalls/syscall_interface.asm.obj

.debug_str      0x0000000000000000        0x0
 .debug_str     0x0000000000000000        0x0 src/testProgram/CMakeFiles/testProgram.dir/main.c.obj

.comment        0x0000000000000000       0x12
 .comment       0x0000000000000000       0x12 src/testProgram/CMakeFiles/testProgram.dir/main.c.obj
                                         0x13 (size before relaxing)

.debug_pubnames
                0x0000000000000000        0x0
 .debug_pubnames
                0x0000000000000000        0x0 src/testProgram/CMakeFiles/testProgram.dir/__/oboskrnl/syscalls/syscall_interface.asm.obj

.debug_loc      0x0000000000000000        0x0
 .debug_loc     0x0000000000000000        0x0 src/testProgram/CMakeFiles/testProgram.dir/__/oboskrnl/syscalls/syscall_interface.asm.obj
