
Memory Configuration

Name             Origin             Length             Attributes
*default*        0x0000000000000000 0xffffffffffffffff

Linker script and memory map

LOAD src/testProgram/CMakeFiles/testProgram.dir/main.c.obj
LOAD src/testProgram/CMakeFiles/testProgram.dir/__/oboskrnl/syscalls/syscall_interface.asm.obj
                0x0000000008000000                . = 0x8000000

.text           0x0000000008000000      0x63b
 *(.multiboot)
 *(.text)
 .text          0x0000000008000000      0x438 src/testProgram/CMakeFiles/testProgram.dir/main.c.obj
                0x00000000080000e6                Thread
                0x00000000080001ee                _start
 *fill*         0x0000000008000438        0x8 
 .text          0x0000000008000440      0x1fb src/testProgram/CMakeFiles/testProgram.dir/__/oboskrnl/syscalls/syscall_interface.asm.obj
                0x0000000008000440                ConsoleOutputString
                0x000000000800044d                ExitProcess
                0x000000000800045a                CreateProcess
                0x0000000008000467                TerminateProcess
                0x0000000008000474                OpenCurrentProcessHandle
                0x0000000008000481                OpenProcessHandle
                0x000000000800048e                CreateThread
                0x000000000800049b                OpenThread
                0x00000000080004a8                PauseThread
                0x00000000080004b5                ResumeThread
                0x00000000080004c2                SetThreadPriority
                0x00000000080004cf                SetThreadStatus
                0x00000000080004dc                TerminateThread
                0x00000000080004e9                GetTid
                0x00000000080004f6                GetExitCode
                0x0000000008000503                GetThreadPriority
                0x0000000008000510                GetThreadStatus
                0x000000000800051d                WaitForThreadExit
                0x000000000800052a                ExitThread
                0x0000000008000537                GetCurrentThreadTid
                0x0000000008000544                GetCurrentThreadHandle
                0x0000000008000551                GetCurrentThreadPriority
                0x000000000800055e                GetCurrentThreadStatus
                0x000000000800056b                CloseHandle
                0x0000000008000578                OpenProcessParentHandle
                0x0000000008000585                SetConsoleColor
                0x0000000008000592                GetConsoleColor
                0x000000000800059f                ConsoleOutputCharacter
                0x00000000080005ac                ConsoleOutputCharacterAt
                0x00000000080005b9                ConsoleOutput
                0x00000000080005c6                ConsoleFillLine
                0x00000000080005d3                SetConsoleCursorPosition
                0x00000000080005e0                GetConsoleCursorPosition
                0x00000000080005ed                ConsoleSwapBuffers
                0x00000000080005fa                ClearConsole
                0x0000000008000607                VirtualAlloc
                0x0000000008000614                VirtualFree
                0x0000000008000621                HasVirtualAddress
                0x000000000800062e                MemoryProtect

.iplt           0x000000000800063b        0x0
 .iplt          0x000000000800063b        0x0 src/testProgram/CMakeFiles/testProgram.dir/main.c.obj

.rodata         0x0000000008001000       0x72
 *(.rodata)
 .rodata        0x0000000008001000       0x72 src/testProgram/CMakeFiles/testProgram.dir/main.c.obj

.rela.dyn       0x0000000008001078        0x0
 .rela.got      0x0000000008001078        0x0 src/testProgram/CMakeFiles/testProgram.dir/main.c.obj
 .rela.iplt     0x0000000008001078        0x0 src/testProgram/CMakeFiles/testProgram.dir/main.c.obj

.data           0x0000000008002000        0x8
 *(.data)
 .data          0x0000000008002000        0x8 src/testProgram/CMakeFiles/testProgram.dir/main.c.obj

.eh_frame       0x0000000008002008       0x9c
 .eh_frame      0x0000000008002008       0x9c src/testProgram/CMakeFiles/testProgram.dir/main.c.obj
                                         0xa8 (size before relaxing)

.got            0x00000000080020a8        0x0
 .got           0x00000000080020a8        0x0 src/testProgram/CMakeFiles/testProgram.dir/main.c.obj

.got.plt        0x00000000080020a8        0x0
 .got.plt       0x00000000080020a8        0x0 src/testProgram/CMakeFiles/testProgram.dir/main.c.obj

.igot.plt       0x00000000080020a8        0x0
 .igot.plt      0x00000000080020a8        0x0 src/testProgram/CMakeFiles/testProgram.dir/main.c.obj

.bss            0x0000000008003000        0x0
 *(COMMON)
 *(.bss)
 .bss           0x0000000008003000        0x0 src/testProgram/CMakeFiles/testProgram.dir/main.c.obj
OUTPUT(/mnt/c/Code/obos/out/testProgram elf64-x86-64)

.debug_frame    0x0000000000000000       0xa8
 .debug_frame   0x0000000000000000       0xa8 src/testProgram/CMakeFiles/testProgram.dir/main.c.obj
 .debug_frame   0x00000000000000a8        0x0 src/testProgram/CMakeFiles/testProgram.dir/__/oboskrnl/syscalls/syscall_interface.asm.obj

.debug_info     0x0000000000000000      0x575
 .debug_info    0x0000000000000000      0x4f4 src/testProgram/CMakeFiles/testProgram.dir/main.c.obj
 .debug_info    0x00000000000004f4       0x81 src/testProgram/CMakeFiles/testProgram.dir/__/oboskrnl/syscalls/syscall_interface.asm.obj

.debug_abbrev   0x0000000000000000      0x13f
 .debug_abbrev  0x0000000000000000      0x124 src/testProgram/CMakeFiles/testProgram.dir/main.c.obj
 .debug_abbrev  0x0000000000000124       0x1b src/testProgram/CMakeFiles/testProgram.dir/__/oboskrnl/syscalls/syscall_interface.asm.obj

.debug_aranges  0x0000000000000000       0x60
 .debug_aranges
                0x0000000000000000       0x30 src/testProgram/CMakeFiles/testProgram.dir/main.c.obj
 .debug_aranges
                0x0000000000000030       0x30 src/testProgram/CMakeFiles/testProgram.dir/__/oboskrnl/syscalls/syscall_interface.asm.obj

.debug_line     0x0000000000000000      0x61e
 .debug_line    0x0000000000000000      0x478 src/testProgram/CMakeFiles/testProgram.dir/main.c.obj
 .debug_line    0x0000000000000478      0x1a6 src/testProgram/CMakeFiles/testProgram.dir/__/oboskrnl/syscalls/syscall_interface.asm.obj

.debug_str      0x0000000000000000        0x0
 .debug_str     0x0000000000000000        0x0 src/testProgram/CMakeFiles/testProgram.dir/main.c.obj

.comment        0x0000000000000000       0x12
 .comment       0x0000000000000000       0x12 src/testProgram/CMakeFiles/testProgram.dir/main.c.obj
                                         0x13 (size before relaxing)

.debug_pubnames
                0x0000000000000000        0x0
 .debug_pubnames
                0x0000000000000000        0x0 src/testProgram/CMakeFiles/testProgram.dir/__/oboskrnl/syscalls/syscall_interface.asm.obj

.debug_loc      0x0000000000000000        0x0
 .debug_loc     0x0000000000000000        0x0 src/testProgram/CMakeFiles/testProgram.dir/__/oboskrnl/syscalls/syscall_interface.asm.obj
