
Memory Configuration

Name             Origin             Length             Attributes
*default*        0x0000000000000000 0xffffffffffffffff

Linker script and memory map

LOAD src/oboskrnl/CMakeFiles/oboskrnl.dir/boot/x86-64/kernel_bootstrap.asm.obj
                0x0000000000100000                . = 0x100000
                0x0000000000100000                _kernel_start = .

.multiboot.data
                0x0000000000100000     0x542a
 *(.multiboot.data)
 .multiboot.data
                0x0000000000100000     0x542a src/oboskrnl/CMakeFiles/oboskrnl.dir/boot/x86-64/kernel_bootstrap.asm.obj
                0x0000000000102000                boot_page_directory1

.multiboot.text
                0x000000000010542a       0xf6
 *(.multiboot.text)
 .multiboot.text
                0x000000000010542a       0xf6 src/oboskrnl/CMakeFiles/oboskrnl.dir/boot/x86-64/kernel_bootstrap.asm.obj
                0x000000000010543a                _start
                0xffffffff80105520                . = (. + 0xffffffff80000000)

.text           0xffffffff80106000       0x32 load address 0x0000000000106000
                0xffffffff80106000                _stext = .
 *(.text)
 .text          0xffffffff80106000       0x32 src/oboskrnl/CMakeFiles/oboskrnl.dir/boot/x86-64/kernel_bootstrap.asm.obj
                0xffffffff80106025                _ZN4obos15RestartComputerEv
                0xffffffff80106032                _glb_text_start = .
 *(.glb.text)
                0xffffffff80106032                _glb_text_end = .

.iplt           0xffffffff80106032        0x0 load address 0x0000000000106032
 .iplt          0xffffffff80106032        0x0 src/oboskrnl/CMakeFiles/oboskrnl.dir/boot/x86-64/kernel_bootstrap.asm.obj

.rodata
 *(.rodata)
                0xffffffff80106032                _ZN4obos6memory9__erodataE = .

.data
 *(.data)

.got            0xffffffff80107000        0x0 load address 0x0000000000107000
 .got           0xffffffff80107000        0x0 src/oboskrnl/CMakeFiles/oboskrnl.dir/boot/x86-64/kernel_bootstrap.asm.obj

.got.plt        0xffffffff80107000        0x0 load address 0x0000000000107000
 .got.plt       0xffffffff80107000        0x0 src/oboskrnl/CMakeFiles/oboskrnl.dir/boot/x86-64/kernel_bootstrap.asm.obj

.igot.plt       0xffffffff80107000        0x0 load address 0x0000000000107000
 .igot.plt      0xffffffff80107000        0x0 src/oboskrnl/CMakeFiles/oboskrnl.dir/boot/x86-64/kernel_bootstrap.asm.obj

.bss            0xffffffff80107000     0x8000 load address 0x0000000000107000
 *(COMMON)
 *(.bss)
 *(.bootstrap_stack)
 .bootstrap_stack
                0xffffffff80107000     0x8000 src/oboskrnl/CMakeFiles/oboskrnl.dir/boot/x86-64/kernel_bootstrap.asm.obj
                0xffffffff80107000                _ZN4obos12stack_bottomE
                0xffffffff8010b000                _ZN4obos9stack_topE
                0xffffffff8010b000                _ZN4obos15thrstack_bottomE
                0xffffffff8010f000                _ZN4obos12thrstack_topE
                0xffffffff8010f000                _kernel_end = .
                0x0000000000400000                _ZN4obos6memory8endImageE = 0x400000
                0xffffffffffffffff                _ZN4obos6memory9endKernelE = 0xffffffffffffffff
OUTPUT(/mnt/c/Code/obos/out//oboskrnl elf64-x86-64)

.rela.dyn       0xffffffff8010f000        0x0 load address 0x000000000010f000
 .rela.got      0xffffffff8010f000        0x0 src/oboskrnl/CMakeFiles/oboskrnl.dir/boot/x86-64/kernel_bootstrap.asm.obj
 .rela.iplt     0xffffffff8010f000        0x0 src/oboskrnl/CMakeFiles/oboskrnl.dir/boot/x86-64/kernel_bootstrap.asm.obj

.debug_aranges  0x0000000000000000       0x30
 .debug_aranges
                0x0000000000000000       0x30 src/oboskrnl/CMakeFiles/oboskrnl.dir/boot/x86-64/kernel_bootstrap.asm.obj

.debug_pubnames
                0x0000000000000000        0x0
 .debug_pubnames
                0x0000000000000000        0x0 src/oboskrnl/CMakeFiles/oboskrnl.dir/boot/x86-64/kernel_bootstrap.asm.obj

.debug_info     0x0000000000000000       0x83
 .debug_info    0x0000000000000000       0x83 src/oboskrnl/CMakeFiles/oboskrnl.dir/boot/x86-64/kernel_bootstrap.asm.obj

.debug_abbrev   0x0000000000000000       0x1b
 .debug_abbrev  0x0000000000000000       0x1b src/oboskrnl/CMakeFiles/oboskrnl.dir/boot/x86-64/kernel_bootstrap.asm.obj

.debug_line     0x0000000000000000       0x87
 .debug_line    0x0000000000000000       0x87 src/oboskrnl/CMakeFiles/oboskrnl.dir/boot/x86-64/kernel_bootstrap.asm.obj

.debug_frame    0x0000000000000000        0x0
 .debug_frame   0x0000000000000000        0x0 src/oboskrnl/CMakeFiles/oboskrnl.dir/boot/x86-64/kernel_bootstrap.asm.obj

.debug_loc      0x0000000000000000        0x0
 .debug_loc     0x0000000000000000        0x0 src/oboskrnl/CMakeFiles/oboskrnl.dir/boot/x86-64/kernel_bootstrap.asm.obj
