ffffffff80000000 T obos::arch_kmain()	C:/Code/obos/src/oboskrnl/boot/x86_64/kmain_arch.cpp:66
ffffffff80000301 T obos::EarlyKPanic()	C:/Code/obos/src/oboskrnl/boot/x86_64/kmain_arch.cpp:122
ffffffff80000331 T obos::utils::strcmp(char const*, char const*)	C:/Code/obos/src/oboskrnl/boot/x86_64/kmain_arch.cpp:131
ffffffff800003e0 t __static_initialization_and_destruction_0()	C:/Code/obos/src/oboskrnl/boot/x86_64/kmain_arch.cpp:141
ffffffff80000430 t __static_initialization_and_destruction_1()	C:/Code/obos/src/oboskrnl/boot/x86_64/kmain_arch.cpp:141
ffffffff80000466 t _GLOBAL__sub_I__ZN4obos15g_kernelConsoleE	C:/Code/obos/src/oboskrnl/boot/x86_64/kmain_arch.cpp:141
ffffffff80000494 t _GLOBAL__sub_D__ZN4obos15g_kernelConsoleE	C:/Code/obos/src/oboskrnl/boot/x86_64/kmain_arch.cpp:141
ffffffff800005d0 T obos::utils::dwMemcpy(unsigned int*, unsigned int const*, unsigned long)	C:/Code/obos/src/oboskrnl/x86_64-utils/memory_manipulation.asm:13
ffffffff800005e7 t obos::utils::dwMemcpy(unsigned int*, unsigned int const*, unsigned long) [clone .loop]	C:/Code/obos/src/oboskrnl/x86_64-utils/memory_manipulation.asm:27
ffffffff800005f7 t obos::utils::dwMemcpy(unsigned int*, unsigned int const*, unsigned long) [clone .finish]	C:/Code/obos/src/oboskrnl/x86_64-utils/memory_manipulation.asm:36
ffffffff800005f9 T obos::utils::dwMemset(unsigned int*, unsigned int, unsigned long)	C:/Code/obos/src/oboskrnl/x86_64-utils/memory_manipulation.asm:39
ffffffff8000060b t obos::utils::dwMemset(unsigned int*, unsigned int, unsigned long) [clone .loop]	C:/Code/obos/src/oboskrnl/x86_64-utils/memory_manipulation.asm:50
ffffffff80000614 t obos::utils::dwMemset(unsigned int*, unsigned int, unsigned long) [clone .finish]	C:/Code/obos/src/oboskrnl/x86_64-utils/memory_manipulation.asm:57
ffffffff80000616 T obos::utils::memcpy(void*, void const*, unsigned long)	C:/Code/obos/src/oboskrnl/x86_64-utils/memory_manipulation.asm:61
ffffffff80000628 t obos::utils::memcpy(void*, void const*, unsigned long) [clone .loop]	C:/Code/obos/src/oboskrnl/x86_64-utils/memory_manipulation.asm:72
ffffffff80000636 t obos::utils::memcpy(void*, void const*, unsigned long) [clone .finish]	C:/Code/obos/src/oboskrnl/x86_64-utils/memory_manipulation.asm:81
ffffffff80000638 T obos::utils::memzero(void*, unsigned long)	C:/Code/obos/src/oboskrnl/x86_64-utils/memory_manipulation.asm:85
ffffffff80000647 t obos::utils::memzero(void*, unsigned long) [clone .loop]	C:/Code/obos/src/oboskrnl/x86_64-utils/memory_manipulation.asm:96
ffffffff8000064f t obos::utils::memzero(void*, unsigned long) [clone .finish]	C:/Code/obos/src/oboskrnl/x86_64-utils/memory_manipulation.asm:103
ffffffff80000651 T obos::utils::memcmp(void const*, void const*, unsigned long)	C:/Code/obos/src/oboskrnl/x86_64-utils/memory_manipulation.asm:107
ffffffff8000065d t obos::utils::memcmp(void const*, void const*, unsigned long) [clone .loop]	C:/Code/obos/src/oboskrnl/x86_64-utils/memory_manipulation.asm:115
ffffffff80000670 t obos::utils::memcmp(void const*, void const*, unsigned long) [clone .finish]	C:/Code/obos/src/oboskrnl/x86_64-utils/memory_manipulation.asm:126
ffffffff80000678 T obos::utils::memcmp(void const*, unsigned int, unsigned long)	C:/Code/obos/src/oboskrnl/x86_64-utils/memory_manipulation.asm:133
ffffffff80000684 t obos::utils::memcmp(void const*, unsigned int, unsigned long) [clone .loop]	C:/Code/obos/src/oboskrnl/x86_64-utils/memory_manipulation.asm:141
ffffffff80000691 t obos::utils::memcmp(void const*, unsigned int, unsigned long) [clone .finish]	C:/Code/obos/src/oboskrnl/x86_64-utils/memory_manipulation.asm:150
ffffffff80000699 T obos::utils::strCountToChar(char const*, char, bool)	C:/Code/obos/src/oboskrnl/x86_64-utils/memory_manipulation.asm:157
ffffffff800006a5 t obos::utils::strCountToChar(char const*, char, bool) [clone .loop]	C:/Code/obos/src/oboskrnl/x86_64-utils/memory_manipulation.asm:166
ffffffff800006b4 t obos::utils::strCountToChar(char const*, char, bool) [clone .finished]	C:/Code/obos/src/oboskrnl/x86_64-utils/memory_manipulation.asm:175
ffffffff800006b9 T obos::utils::strlen(char const*)	C:/Code/obos/src/oboskrnl/x86_64-utils/memory_manipulation.asm:181
ffffffff800006d0 T obos::outb(unsigned short, unsigned char)	C:/Code/obos/src/oboskrnl/x86_64-utils/asm.asm:41
ffffffff800006d8 T obos::outw(unsigned short, unsigned short)	C:/Code/obos/src/oboskrnl/x86_64-utils/asm.asm:46
ffffffff800006e1 T obos::outd(unsigned short, unsigned int)	C:/Code/obos/src/oboskrnl/x86_64-utils/asm.asm:51
ffffffff800006e8 T obos::inb(unsigned short)	C:/Code/obos/src/oboskrnl/x86_64-utils/asm.asm:56
ffffffff800006f2 T obos::inw(unsigned short)	C:/Code/obos/src/oboskrnl/x86_64-utils/asm.asm:61
ffffffff800006fd T obos::ind(unsigned short)	C:/Code/obos/src/oboskrnl/x86_64-utils/asm.asm:66
ffffffff80000702 T obos::cli()	C:/Code/obos/src/oboskrnl/x86_64-utils/asm.asm:70
ffffffff80000704 T obos::sti()	C:/Code/obos/src/oboskrnl/x86_64-utils/asm.asm:73
ffffffff80000706 T obos::hlt()	C:/Code/obos/src/oboskrnl/x86_64-utils/asm.asm:76
ffffffff80000708 T obos::pause()	C:/Code/obos/src/oboskrnl/x86_64-utils/asm.asm:79
ffffffff8000070b T obos::int3()	C:/Code/obos/src/oboskrnl/x86_64-utils/asm.asm:82
ffffffff8000070d T obos::int1()	C:/Code/obos/src/oboskrnl/x86_64-utils/asm.asm:85
ffffffff8000070f T obos::getCR2()	C:/Code/obos/src/oboskrnl/x86_64-utils/asm.asm:88
ffffffff80000713 T obos::memory::getCurrentPageMap()	C:/Code/obos/src/oboskrnl/x86_64-utils/asm.asm:91
ffffffff80000717 T obos::memory::PageMap::switchToThis()	C:/Code/obos/src/oboskrnl/x86_64-utils/asm.asm:94
ffffffff8000071b T obos::getEFER()	C:/Code/obos/src/oboskrnl/x86_64-utils/asm.asm:97
ffffffff80000723 T obos::invlpg(unsigned long)	C:/Code/obos/src/oboskrnl/x86_64-utils/asm.asm:101
ffffffff80000727 T obos::rdmsr(unsigned int)	C:/Code/obos/src/oboskrnl/x86_64-utils/asm.asm:105
ffffffff80000741 T obos::wrmsr(unsigned int, unsigned long)	C:/Code/obos/src/oboskrnl/x86_64-utils/asm.asm:123
ffffffff80000754 T obos::saveFlagsAndCLI()	C:/Code/obos/src/oboskrnl/x86_64-utils/asm.asm:139
ffffffff80000758 T obos::restorePreviousInterruptStatus(unsigned long)	C:/Code/obos/src/oboskrnl/x86_64-utils/asm.asm:144
ffffffff8000075b T obos::haltCPU()	C:/Code/obos/src/oboskrnl/x86_64-utils/asm.asm:148
ffffffff8000075c t obos::haltCPU() [clone .loop]	C:/Code/obos/src/oboskrnl/x86_64-utils/asm.asm:150
ffffffff8000075f T obos::infiniteHLT()	C:/Code/obos/src/oboskrnl/x86_64-utils/asm.asm:153
ffffffff80000760 t obos::infiniteHLT() [clone .loop]	C:/Code/obos/src/oboskrnl/x86_64-utils/asm.asm:155
ffffffff80000763 T obos::__cpuid__(unsigned long, unsigned long, unsigned int*, unsigned int*, unsigned int*, unsigned int*)	C:/Code/obos/src/oboskrnl/x86_64-utils/asm.asm:158
ffffffff80000783 T obos::rdtsc()	C:/Code/obos/src/oboskrnl/x86_64-utils/asm.asm:178
ffffffff80000792 T obos::atomic_set(bool*)	C:/Code/obos/src/oboskrnl/x86_64-utils/asm.asm:191
ffffffff800007c4 t obos::atomic_set(bool*) [clone .run]	C:/Code/obos/src/oboskrnl/x86_64-utils/asm.asm:201
ffffffff800007cf T obos::atomic_clear(bool*)	C:/Code/obos/src/oboskrnl/x86_64-utils/asm.asm:207
ffffffff800007da T obos::atomic_test(bool*)	C:/Code/obos/src/oboskrnl/x86_64-utils/asm.asm:213
ffffffff800007dd T obos::atomic_inc(unsigned long&)	C:/Code/obos/src/oboskrnl/x86_64-utils/asm.asm:217
ffffffff800007e2 T obos::atomic_dec(unsigned long&)	C:/Code/obos/src/oboskrnl/x86_64-utils/asm.asm:221
ffffffff800007e7 T obos::getCR4()	C:/Code/obos/src/oboskrnl/x86_64-utils/asm.asm:225
ffffffff800007eb T obos::setCR4(unsigned long)	C:/Code/obos/src/oboskrnl/x86_64-utils/asm.asm:229
ffffffff800007ef T obos::set_if_zero(unsigned long*, unsigned long)	C:/Code/obos/src/oboskrnl/x86_64-utils/asm.asm:232
ffffffff80000805 T obos::bswap64(unsigned long)	C:/Code/obos/src/oboskrnl/x86_64-utils/asm.asm:243
ffffffff8000080c T obos::bswap32(unsigned int)	C:/Code/obos/src/oboskrnl/x86_64-utils/asm.asm:247
ffffffff80000811 T obos::getDR0()	C:/Code/obos/src/oboskrnl/x86_64-utils/asm.asm:258
ffffffff80000815 T obos::getDR1()	C:/Code/obos/src/oboskrnl/x86_64-utils/asm.asm:261
ffffffff80000819 T obos::getDR2()	C:/Code/obos/src/oboskrnl/x86_64-utils/asm.asm:264
ffffffff8000081d T obos::getDR3()	C:/Code/obos/src/oboskrnl/x86_64-utils/asm.asm:267
ffffffff80000821 T obos::getDR6()	C:/Code/obos/src/oboskrnl/x86_64-utils/asm.asm:270
ffffffff80000825 T obos::getDR7()	C:/Code/obos/src/oboskrnl/x86_64-utils/asm.asm:273
ffffffff80000829 T obos::setDR1(unsigned long)	C:/Code/obos/src/oboskrnl/x86_64-utils/asm.asm:277
ffffffff8000082d T obos::setDR2(unsigned long)	C:/Code/obos/src/oboskrnl/x86_64-utils/asm.asm:281
ffffffff80000831 T obos::setDR3(unsigned long)	C:/Code/obos/src/oboskrnl/x86_64-utils/asm.asm:285
ffffffff80000835 T obos::setDR4(unsigned long)	C:/Code/obos/src/oboskrnl/x86_64-utils/asm.asm:289
ffffffff80000839 T obos::setDR6(unsigned long)	C:/Code/obos/src/oboskrnl/x86_64-utils/asm.asm:293
ffffffff8000083d T obos::setDR7(unsigned long)	C:/Code/obos/src/oboskrnl/x86_64-utils/asm.asm:297
ffffffff80000841 T obos::getRBP()	C:/Code/obos/src/oboskrnl/x86_64-utils/asm.asm:301
ffffffff80000845 T obos::atomic_cmpxchg(bool*, bool, bool)	C:/Code/obos/src/oboskrnl/x86_64-utils/asm.asm:305
ffffffff80000850 T obos::InitializeGdt()	C:/Code/obos/src/oboskrnl/arch/x86_64/gdt.cpp:47
ffffffff80000913 T obos::SetTSSStack(void*)	C:/Code/obos/src/oboskrnl/arch/x86_64/gdt.cpp:67
ffffffff8000096f T obos::SetIST(void*)	C:/Code/obos/src/oboskrnl/arch/x86_64/gdt.cpp:74
ffffffff800009d0 T obos::InitializeGDTASM()	C:/Code/obos/src/oboskrnl/arch/x86_64/gdt.asm:36
ffffffff80000a03 t obos::InitializeGDTASM() [clone .flush_tss]	C:/Code/obos/src/oboskrnl/arch/x86_64/gdt.asm:55
ffffffff80000a0c T obos::_RegisterInterruptInIDT(int, void (*)(), unsigned char)	C:/Code/obos/src/oboskrnl/arch/x86_64/idt.cpp:301
ffffffff80000b16 T obos::RegisterInterruptInIDT(int, void (*)())	C:/Code/obos/src/oboskrnl/arch/x86_64/idt.cpp:314
ffffffff80000b5d T obos::InitializeIDT_CPU()	C:/Code/obos/src/oboskrnl/arch/x86_64/idt.cpp:320
ffffffff80000b93 T obos::InitializeIdt()	C:/Code/obos/src/oboskrnl/arch/x86_64/idt.cpp:324
ffffffff800021c2 T obos::RegisterInterruptHandler(unsigned char, void (*)(obos::interrupt_frame*))	C:/Code/obos/src/oboskrnl/arch/x86_64/idt.cpp:585
ffffffff80002210 T idtFlush	C:/Code/obos/src/oboskrnl/arch/x86_64/idt.asm:10
ffffffff80002220 T isr0	C:/Code/obos/src/oboskrnl/arch/x86_64/int_handlers.asm:122
ffffffff8000222a T isr1	C:/Code/obos/src/oboskrnl/arch/x86_64/int_handlers.asm:122
ffffffff80002234 T isr2	C:/Code/obos/src/oboskrnl/arch/x86_64/int_handlers.asm:122
ffffffff8000223e T isr3	C:/Code/obos/src/oboskrnl/arch/x86_64/int_handlers.asm:122
ffffffff80002248 T isr4	C:/Code/obos/src/oboskrnl/arch/x86_64/int_handlers.asm:122
ffffffff80002252 T isr5	C:/Code/obos/src/oboskrnl/arch/x86_64/int_handlers.asm:122
ffffffff8000225c T isr6	C:/Code/obos/src/oboskrnl/arch/x86_64/int_handlers.asm:122
ffffffff80002266 T isr7	C:/Code/obos/src/oboskrnl/arch/x86_64/int_handlers.asm:122
ffffffff80002270 T isr8	C:/Code/obos/src/oboskrnl/arch/x86_64/int_handlers.asm:131
ffffffff80002278 T isr9	C:/Code/obos/src/oboskrnl/arch/x86_64/int_handlers.asm:122
ffffffff80002282 T isr10	C:/Code/obos/src/oboskrnl/arch/x86_64/int_handlers.asm:131
ffffffff8000228a T isr11	C:/Code/obos/src/oboskrnl/arch/x86_64/int_handlers.asm:131
ffffffff80002292 T isr12	C:/Code/obos/src/oboskrnl/arch/x86_64/int_handlers.asm:131
ffffffff8000229a T isr13	C:/Code/obos/src/oboskrnl/arch/x86_64/int_handlers.asm:131
ffffffff800022a2 T isr14	C:/Code/obos/src/oboskrnl/arch/x86_64/int_handlers.asm:131
ffffffff800022aa T isr15	C:/Code/obos/src/oboskrnl/arch/x86_64/int_handlers.asm:122
ffffffff800022b4 T isr16	C:/Code/obos/src/oboskrnl/arch/x86_64/int_handlers.asm:122
ffffffff800022be T isr17	C:/Code/obos/src/oboskrnl/arch/x86_64/int_handlers.asm:131
ffffffff800022c6 T isr18	C:/Code/obos/src/oboskrnl/arch/x86_64/int_handlers.asm:122
ffffffff800022d0 T isr19	C:/Code/obos/src/oboskrnl/arch/x86_64/int_handlers.asm:122
ffffffff800022da T isr20	C:/Code/obos/src/oboskrnl/arch/x86_64/int_handlers.asm:122
ffffffff800022e4 T isr21	C:/Code/obos/src/oboskrnl/arch/x86_64/int_handlers.asm:131
ffffffff800022ec T isr22	C:/Code/obos/src/oboskrnl/arch/x86_64/int_handlers.asm:122
ffffffff800022f6 T isr23	C:/Code/obos/src/oboskrnl/arch/x86_64/int_handlers.asm:122
ffffffff80002300 T isr24	C:/Code/obos/src/oboskrnl/arch/x86_64/int_handlers.asm:122
ffffffff8000230a T isr25	C:/Code/obos/src/oboskrnl/arch/x86_64/int_handlers.asm:122
ffffffff80002314 T isr26	C:/Code/obos/src/oboskrnl/arch/x86_64/int_handlers.asm:122
ffffffff8000231e T isr27	C:/Code/obos/src/oboskrnl/arch/x86_64/int_handlers.asm:122
ffffffff80002328 T isr28	C:/Code/obos/src/oboskrnl/arch/x86_64/int_handlers.asm:122
ffffffff80002332 T isr29	C:/Code/obos/src/oboskrnl/arch/x86_64/int_handlers.asm:131
ffffffff8000233a T isr30	C:/Code/obos/src/oboskrnl/arch/x86_64/int_handlers.asm:131
ffffffff80002342 T isr31	C:/Code/obos/src/oboskrnl/arch/x86_64/int_handlers.asm:122
ffffffff8000234c T isr32	C:/Code/obos/src/oboskrnl/arch/x86_64/int_handlers.asm:122
ffffffff80002356 T isr33	C:/Code/obos/src/oboskrnl/arch/x86_64/int_handlers.asm:122
ffffffff80002360 T isr34	C:/Code/obos/src/oboskrnl/arch/x86_64/int_handlers.asm:122
ffffffff8000236a T isr35	C:/Code/obos/src/oboskrnl/arch/x86_64/int_handlers.asm:122
ffffffff80002374 T isr36	C:/Code/obos/src/oboskrnl/arch/x86_64/int_handlers.asm:122
ffffffff8000237e T isr37	C:/Code/obos/src/oboskrnl/arch/x86_64/int_handlers.asm:122
ffffffff80002388 T isr38	C:/Code/obos/src/oboskrnl/arch/x86_64/int_handlers.asm:122
ffffffff80002392 T isr39	C:/Code/obos/src/oboskrnl/arch/x86_64/int_handlers.asm:122
ffffffff8000239c T isr40	C:/Code/obos/src/oboskrnl/arch/x86_64/int_handlers.asm:122
ffffffff800023a6 T isr41	C:/Code/obos/src/oboskrnl/arch/x86_64/int_handlers.asm:122
ffffffff800023b0 T isr42	C:/Code/obos/src/oboskrnl/arch/x86_64/int_handlers.asm:122
ffffffff800023ba T isr43	C:/Code/obos/src/oboskrnl/arch/x86_64/int_handlers.asm:122
ffffffff800023c4 T isr44	C:/Code/obos/src/oboskrnl/arch/x86_64/int_handlers.asm:122
ffffffff800023ce T isr45	C:/Code/obos/src/oboskrnl/arch/x86_64/int_handlers.asm:122
ffffffff800023d8 T isr46	C:/Code/obos/src/oboskrnl/arch/x86_64/int_handlers.asm:122
ffffffff800023e2 T isr47	C:/Code/obos/src/oboskrnl/arch/x86_64/int_handlers.asm:122
ffffffff800023ec T isr48	C:/Code/obos/src/oboskrnl/arch/x86_64/int_handlers.asm:122
ffffffff800023f6 T isr51	C:/Code/obos/src/oboskrnl/arch/x86_64/int_handlers.asm:122
ffffffff80002400 T isr52	C:/Code/obos/src/oboskrnl/arch/x86_64/int_handlers.asm:122
ffffffff8000240a T isr53	C:/Code/obos/src/oboskrnl/arch/x86_64/int_handlers.asm:122
ffffffff80002414 T isr54	C:/Code/obos/src/oboskrnl/arch/x86_64/int_handlers.asm:122
ffffffff8000241e T isr55	C:/Code/obos/src/oboskrnl/arch/x86_64/int_handlers.asm:122
ffffffff80002428 T isr56	C:/Code/obos/src/oboskrnl/arch/x86_64/int_handlers.asm:122
ffffffff80002432 T isr57	C:/Code/obos/src/oboskrnl/arch/x86_64/int_handlers.asm:122
ffffffff8000243c T isr58	C:/Code/obos/src/oboskrnl/arch/x86_64/int_handlers.asm:122
ffffffff80002446 T isr59	C:/Code/obos/src/oboskrnl/arch/x86_64/int_handlers.asm:122
ffffffff80002450 T isr60	C:/Code/obos/src/oboskrnl/arch/x86_64/int_handlers.asm:122
ffffffff8000245a T isr61	C:/Code/obos/src/oboskrnl/arch/x86_64/int_handlers.asm:122
ffffffff80002464 T isr62	C:/Code/obos/src/oboskrnl/arch/x86_64/int_handlers.asm:122
ffffffff8000246e T isr63	C:/Code/obos/src/oboskrnl/arch/x86_64/int_handlers.asm:122
ffffffff80002478 T isr64	C:/Code/obos/src/oboskrnl/arch/x86_64/int_handlers.asm:122
ffffffff80002482 T isr65	C:/Code/obos/src/oboskrnl/arch/x86_64/int_handlers.asm:122
ffffffff8000248c T isr66	C:/Code/obos/src/oboskrnl/arch/x86_64/int_handlers.asm:122
ffffffff80002496 T isr67	C:/Code/obos/src/oboskrnl/arch/x86_64/int_handlers.asm:122
ffffffff800024a0 T isr68	C:/Code/obos/src/oboskrnl/arch/x86_64/int_handlers.asm:122
ffffffff800024aa T isr69	C:/Code/obos/src/oboskrnl/arch/x86_64/int_handlers.asm:122
ffffffff800024b4 T isr70	C:/Code/obos/src/oboskrnl/arch/x86_64/int_handlers.asm:122
ffffffff800024be T isr71	C:/Code/obos/src/oboskrnl/arch/x86_64/int_handlers.asm:122
ffffffff800024c8 T isr72	C:/Code/obos/src/oboskrnl/arch/x86_64/int_handlers.asm:122
ffffffff800024d2 T isr73	C:/Code/obos/src/oboskrnl/arch/x86_64/int_handlers.asm:122
ffffffff800024dc T isr74	C:/Code/obos/src/oboskrnl/arch/x86_64/int_handlers.asm:122
ffffffff800024e6 T isr75	C:/Code/obos/src/oboskrnl/arch/x86_64/int_handlers.asm:122
ffffffff800024f0 T isr76	C:/Code/obos/src/oboskrnl/arch/x86_64/int_handlers.asm:122
ffffffff800024fa T isr77	C:/Code/obos/src/oboskrnl/arch/x86_64/int_handlers.asm:122
ffffffff80002504 T isr78	C:/Code/obos/src/oboskrnl/arch/x86_64/int_handlers.asm:122
ffffffff8000250e T isr79	C:/Code/obos/src/oboskrnl/arch/x86_64/int_handlers.asm:122
ffffffff80002518 T isr80	C:/Code/obos/src/oboskrnl/arch/x86_64/int_handlers.asm:122
ffffffff80002522 T isr81	C:/Code/obos/src/oboskrnl/arch/x86_64/int_handlers.asm:122
ffffffff8000252c T isr82	C:/Code/obos/src/oboskrnl/arch/x86_64/int_handlers.asm:122
ffffffff80002536 T isr83	C:/Code/obos/src/oboskrnl/arch/x86_64/int_handlers.asm:122
ffffffff80002540 T isr84	C:/Code/obos/src/oboskrnl/arch/x86_64/int_handlers.asm:122
ffffffff8000254a T isr85	C:/Code/obos/src/oboskrnl/arch/x86_64/int_handlers.asm:122
ffffffff80002554 T isr86	C:/Code/obos/src/oboskrnl/arch/x86_64/int_handlers.asm:122
ffffffff8000255e T isr87	C:/Code/obos/src/oboskrnl/arch/x86_64/int_handlers.asm:122
ffffffff80002568 T isr88	C:/Code/obos/src/oboskrnl/arch/x86_64/int_handlers.asm:122
ffffffff80002572 T isr89	C:/Code/obos/src/oboskrnl/arch/x86_64/int_handlers.asm:122
ffffffff8000257c T isr90	C:/Code/obos/src/oboskrnl/arch/x86_64/int_handlers.asm:122
ffffffff80002586 T isr91	C:/Code/obos/src/oboskrnl/arch/x86_64/int_handlers.asm:122
ffffffff80002590 T isr92	C:/Code/obos/src/oboskrnl/arch/x86_64/int_handlers.asm:122
ffffffff8000259a T isr93	C:/Code/obos/src/oboskrnl/arch/x86_64/int_handlers.asm:122
ffffffff800025a4 T isr94	C:/Code/obos/src/oboskrnl/arch/x86_64/int_handlers.asm:122
ffffffff800025ae T isr95	C:/Code/obos/src/oboskrnl/arch/x86_64/int_handlers.asm:122
ffffffff800025b8 T isr96	C:/Code/obos/src/oboskrnl/arch/x86_64/int_handlers.asm:122
ffffffff800025c2 T isr97	C:/Code/obos/src/oboskrnl/arch/x86_64/int_handlers.asm:122
ffffffff800025cc T isr98	C:/Code/obos/src/oboskrnl/arch/x86_64/int_handlers.asm:122
ffffffff800025d6 T isr99	C:/Code/obos/src/oboskrnl/arch/x86_64/int_handlers.asm:122
ffffffff800025e0 T isr100	C:/Code/obos/src/oboskrnl/arch/x86_64/int_handlers.asm:122
ffffffff800025ea T isr101	C:/Code/obos/src/oboskrnl/arch/x86_64/int_handlers.asm:122
ffffffff800025f4 T isr102	C:/Code/obos/src/oboskrnl/arch/x86_64/int_handlers.asm:122
ffffffff800025fe T isr103	C:/Code/obos/src/oboskrnl/arch/x86_64/int_handlers.asm:122
ffffffff80002608 T isr104	C:/Code/obos/src/oboskrnl/arch/x86_64/int_handlers.asm:122
ffffffff80002612 T isr105	C:/Code/obos/src/oboskrnl/arch/x86_64/int_handlers.asm:122
ffffffff8000261c T isr106	C:/Code/obos/src/oboskrnl/arch/x86_64/int_handlers.asm:122
ffffffff80002626 T isr107	C:/Code/obos/src/oboskrnl/arch/x86_64/int_handlers.asm:122
ffffffff80002630 T isr108	C:/Code/obos/src/oboskrnl/arch/x86_64/int_handlers.asm:122
ffffffff8000263a T isr109	C:/Code/obos/src/oboskrnl/arch/x86_64/int_handlers.asm:122
ffffffff80002644 T isr110	C:/Code/obos/src/oboskrnl/arch/x86_64/int_handlers.asm:122
ffffffff8000264e T isr111	C:/Code/obos/src/oboskrnl/arch/x86_64/int_handlers.asm:122
ffffffff80002658 T isr112	C:/Code/obos/src/oboskrnl/arch/x86_64/int_handlers.asm:122
ffffffff80002662 T isr113	C:/Code/obos/src/oboskrnl/arch/x86_64/int_handlers.asm:122
ffffffff8000266c T isr114	C:/Code/obos/src/oboskrnl/arch/x86_64/int_handlers.asm:122
ffffffff80002676 T isr115	C:/Code/obos/src/oboskrnl/arch/x86_64/int_handlers.asm:122
ffffffff80002680 T isr116	C:/Code/obos/src/oboskrnl/arch/x86_64/int_handlers.asm:122
ffffffff8000268a T isr117	C:/Code/obos/src/oboskrnl/arch/x86_64/int_handlers.asm:122
ffffffff80002694 T isr118	C:/Code/obos/src/oboskrnl/arch/x86_64/int_handlers.asm:122
ffffffff8000269e T isr119	C:/Code/obos/src/oboskrnl/arch/x86_64/int_handlers.asm:122
ffffffff800026a8 T isr120	C:/Code/obos/src/oboskrnl/arch/x86_64/int_handlers.asm:122
ffffffff800026b2 T isr121	C:/Code/obos/src/oboskrnl/arch/x86_64/int_handlers.asm:122
ffffffff800026bc T isr122	C:/Code/obos/src/oboskrnl/arch/x86_64/int_handlers.asm:122
ffffffff800026c6 T isr123	C:/Code/obos/src/oboskrnl/arch/x86_64/int_handlers.asm:122
ffffffff800026d0 T isr124	C:/Code/obos/src/oboskrnl/arch/x86_64/int_handlers.asm:122
ffffffff800026da T isr125	C:/Code/obos/src/oboskrnl/arch/x86_64/int_handlers.asm:122
ffffffff800026e4 T isr126	C:/Code/obos/src/oboskrnl/arch/x86_64/int_handlers.asm:122
ffffffff800026ee T isr127	C:/Code/obos/src/oboskrnl/arch/x86_64/int_handlers.asm:122
ffffffff800026f8 T isr128	C:/Code/obos/src/oboskrnl/arch/x86_64/int_handlers.asm:122
ffffffff80002705 T isr129	C:/Code/obos/src/oboskrnl/arch/x86_64/int_handlers.asm:122
ffffffff80002712 T isr130	C:/Code/obos/src/oboskrnl/arch/x86_64/int_handlers.asm:122
ffffffff8000271f T isr131	C:/Code/obos/src/oboskrnl/arch/x86_64/int_handlers.asm:122
ffffffff8000272c T isr132	C:/Code/obos/src/oboskrnl/arch/x86_64/int_handlers.asm:122
ffffffff80002739 T isr133	C:/Code/obos/src/oboskrnl/arch/x86_64/int_handlers.asm:122
ffffffff80002746 T isr134	C:/Code/obos/src/oboskrnl/arch/x86_64/int_handlers.asm:122
ffffffff80002753 T isr135	C:/Code/obos/src/oboskrnl/arch/x86_64/int_handlers.asm:122
ffffffff80002760 T isr136	C:/Code/obos/src/oboskrnl/arch/x86_64/int_handlers.asm:122
ffffffff8000276d T isr137	C:/Code/obos/src/oboskrnl/arch/x86_64/int_handlers.asm:122
ffffffff8000277a T isr138	C:/Code/obos/src/oboskrnl/arch/x86_64/int_handlers.asm:122
ffffffff80002787 T isr139	C:/Code/obos/src/oboskrnl/arch/x86_64/int_handlers.asm:122
ffffffff80002794 T isr140	C:/Code/obos/src/oboskrnl/arch/x86_64/int_handlers.asm:122
ffffffff800027a1 T isr141	C:/Code/obos/src/oboskrnl/arch/x86_64/int_handlers.asm:122
ffffffff800027ae T isr142	C:/Code/obos/src/oboskrnl/arch/x86_64/int_handlers.asm:122
ffffffff800027bb T isr143	C:/Code/obos/src/oboskrnl/arch/x86_64/int_handlers.asm:122
ffffffff800027c8 T isr144	C:/Code/obos/src/oboskrnl/arch/x86_64/int_handlers.asm:122
ffffffff800027d5 T isr145	C:/Code/obos/src/oboskrnl/arch/x86_64/int_handlers.asm:122
ffffffff800027e2 T isr146	C:/Code/obos/src/oboskrnl/arch/x86_64/int_handlers.asm:122
ffffffff800027ef T isr147	C:/Code/obos/src/oboskrnl/arch/x86_64/int_handlers.asm:122
ffffffff800027fc T isr148	C:/Code/obos/src/oboskrnl/arch/x86_64/int_handlers.asm:122
ffffffff80002809 T isr149	C:/Code/obos/src/oboskrnl/arch/x86_64/int_handlers.asm:122
ffffffff80002816 T isr150	C:/Code/obos/src/oboskrnl/arch/x86_64/int_handlers.asm:122
ffffffff80002823 T isr151	C:/Code/obos/src/oboskrnl/arch/x86_64/int_handlers.asm:122
ffffffff80002830 T isr152	C:/Code/obos/src/oboskrnl/arch/x86_64/int_handlers.asm:122
ffffffff8000283d T isr153	C:/Code/obos/src/oboskrnl/arch/x86_64/int_handlers.asm:122
ffffffff8000284a T isr154	C:/Code/obos/src/oboskrnl/arch/x86_64/int_handlers.asm:122
ffffffff80002857 T isr155	C:/Code/obos/src/oboskrnl/arch/x86_64/int_handlers.asm:122
ffffffff80002864 T isr156	C:/Code/obos/src/oboskrnl/arch/x86_64/int_handlers.asm:122
ffffffff80002871 T isr157	C:/Code/obos/src/oboskrnl/arch/x86_64/int_handlers.asm:122
ffffffff8000287e T isr158	C:/Code/obos/src/oboskrnl/arch/x86_64/int_handlers.asm:122
ffffffff8000288b T isr159	C:/Code/obos/src/oboskrnl/arch/x86_64/int_handlers.asm:122
ffffffff80002898 T isr160	C:/Code/obos/src/oboskrnl/arch/x86_64/int_handlers.asm:122
ffffffff800028a5 T isr161	C:/Code/obos/src/oboskrnl/arch/x86_64/int_handlers.asm:122
ffffffff800028b2 T isr162	C:/Code/obos/src/oboskrnl/arch/x86_64/int_handlers.asm:122
ffffffff800028bf T isr163	C:/Code/obos/src/oboskrnl/arch/x86_64/int_handlers.asm:122
ffffffff800028cc T isr164	C:/Code/obos/src/oboskrnl/arch/x86_64/int_handlers.asm:122
ffffffff800028d9 T isr165	C:/Code/obos/src/oboskrnl/arch/x86_64/int_handlers.asm:122
ffffffff800028e6 T isr166	C:/Code/obos/src/oboskrnl/arch/x86_64/int_handlers.asm:122
ffffffff800028f3 T isr167	C:/Code/obos/src/oboskrnl/arch/x86_64/int_handlers.asm:122
ffffffff80002900 T isr168	C:/Code/obos/src/oboskrnl/arch/x86_64/int_handlers.asm:122
ffffffff8000290d T isr169	C:/Code/obos/src/oboskrnl/arch/x86_64/int_handlers.asm:122
ffffffff8000291a T isr170	C:/Code/obos/src/oboskrnl/arch/x86_64/int_handlers.asm:122
ffffffff80002927 T isr171	C:/Code/obos/src/oboskrnl/arch/x86_64/int_handlers.asm:122
ffffffff80002934 T isr172	C:/Code/obos/src/oboskrnl/arch/x86_64/int_handlers.asm:122
ffffffff80002941 T isr173	C:/Code/obos/src/oboskrnl/arch/x86_64/int_handlers.asm:122
ffffffff8000294e T isr174	C:/Code/obos/src/oboskrnl/arch/x86_64/int_handlers.asm:122
ffffffff8000295b T isr175	C:/Code/obos/src/oboskrnl/arch/x86_64/int_handlers.asm:122
ffffffff80002968 T isr176	C:/Code/obos/src/oboskrnl/arch/x86_64/int_handlers.asm:122
ffffffff80002975 T isr177	C:/Code/obos/src/oboskrnl/arch/x86_64/int_handlers.asm:122
ffffffff80002982 T isr178	C:/Code/obos/src/oboskrnl/arch/x86_64/int_handlers.asm:122
ffffffff8000298f T isr179	C:/Code/obos/src/oboskrnl/arch/x86_64/int_handlers.asm:122
ffffffff8000299c T isr180	C:/Code/obos/src/oboskrnl/arch/x86_64/int_handlers.asm:122
ffffffff800029a9 T isr181	C:/Code/obos/src/oboskrnl/arch/x86_64/int_handlers.asm:122
ffffffff800029b6 T isr182	C:/Code/obos/src/oboskrnl/arch/x86_64/int_handlers.asm:122
ffffffff800029c3 T isr183	C:/Code/obos/src/oboskrnl/arch/x86_64/int_handlers.asm:122
ffffffff800029d0 T isr184	C:/Code/obos/src/oboskrnl/arch/x86_64/int_handlers.asm:122
ffffffff800029dd T isr185	C:/Code/obos/src/oboskrnl/arch/x86_64/int_handlers.asm:122
ffffffff800029ea T isr186	C:/Code/obos/src/oboskrnl/arch/x86_64/int_handlers.asm:122
ffffffff800029f7 T isr187	C:/Code/obos/src/oboskrnl/arch/x86_64/int_handlers.asm:122
ffffffff80002a04 T isr188	C:/Code/obos/src/oboskrnl/arch/x86_64/int_handlers.asm:122
ffffffff80002a11 T isr189	C:/Code/obos/src/oboskrnl/arch/x86_64/int_handlers.asm:122
ffffffff80002a1e T isr190	C:/Code/obos/src/oboskrnl/arch/x86_64/int_handlers.asm:122
ffffffff80002a2b T isr191	C:/Code/obos/src/oboskrnl/arch/x86_64/int_handlers.asm:122
ffffffff80002a38 T isr192	C:/Code/obos/src/oboskrnl/arch/x86_64/int_handlers.asm:122
ffffffff80002a45 T isr193	C:/Code/obos/src/oboskrnl/arch/x86_64/int_handlers.asm:122
ffffffff80002a52 T isr194	C:/Code/obos/src/oboskrnl/arch/x86_64/int_handlers.asm:122
ffffffff80002a5f T isr195	C:/Code/obos/src/oboskrnl/arch/x86_64/int_handlers.asm:122
ffffffff80002a6c T isr196	C:/Code/obos/src/oboskrnl/arch/x86_64/int_handlers.asm:122
ffffffff80002a79 T isr197	C:/Code/obos/src/oboskrnl/arch/x86_64/int_handlers.asm:122
ffffffff80002a86 T isr198	C:/Code/obos/src/oboskrnl/arch/x86_64/int_handlers.asm:122
ffffffff80002a93 T isr199	C:/Code/obos/src/oboskrnl/arch/x86_64/int_handlers.asm:122
ffffffff80002aa0 T isr200	C:/Code/obos/src/oboskrnl/arch/x86_64/int_handlers.asm:122
ffffffff80002aad T isr201	C:/Code/obos/src/oboskrnl/arch/x86_64/int_handlers.asm:122
ffffffff80002aba T isr202	C:/Code/obos/src/oboskrnl/arch/x86_64/int_handlers.asm:122
ffffffff80002ac7 T isr203	C:/Code/obos/src/oboskrnl/arch/x86_64/int_handlers.asm:122
ffffffff80002ad4 T isr204	C:/Code/obos/src/oboskrnl/arch/x86_64/int_handlers.asm:122
ffffffff80002ae1 T isr205	C:/Code/obos/src/oboskrnl/arch/x86_64/int_handlers.asm:122
ffffffff80002aee T isr206	C:/Code/obos/src/oboskrnl/arch/x86_64/int_handlers.asm:122
ffffffff80002afb T isr207	C:/Code/obos/src/oboskrnl/arch/x86_64/int_handlers.asm:122
ffffffff80002b08 T isr208	C:/Code/obos/src/oboskrnl/arch/x86_64/int_handlers.asm:122
ffffffff80002b15 T isr209	C:/Code/obos/src/oboskrnl/arch/x86_64/int_handlers.asm:122
ffffffff80002b22 T isr210	C:/Code/obos/src/oboskrnl/arch/x86_64/int_handlers.asm:122
ffffffff80002b2f T isr211	C:/Code/obos/src/oboskrnl/arch/x86_64/int_handlers.asm:122
ffffffff80002b3c T isr212	C:/Code/obos/src/oboskrnl/arch/x86_64/int_handlers.asm:122
ffffffff80002b49 T isr213	C:/Code/obos/src/oboskrnl/arch/x86_64/int_handlers.asm:122
ffffffff80002b56 T isr214	C:/Code/obos/src/oboskrnl/arch/x86_64/int_handlers.asm:122
ffffffff80002b63 T isr215	C:/Code/obos/src/oboskrnl/arch/x86_64/int_handlers.asm:122
ffffffff80002b70 T isr216	C:/Code/obos/src/oboskrnl/arch/x86_64/int_handlers.asm:122
ffffffff80002b7d T isr217	C:/Code/obos/src/oboskrnl/arch/x86_64/int_handlers.asm:122
ffffffff80002b8a T isr218	C:/Code/obos/src/oboskrnl/arch/x86_64/int_handlers.asm:122
ffffffff80002b97 T isr219	C:/Code/obos/src/oboskrnl/arch/x86_64/int_handlers.asm:122
ffffffff80002ba4 T isr220	C:/Code/obos/src/oboskrnl/arch/x86_64/int_handlers.asm:122
ffffffff80002bb1 T isr221	C:/Code/obos/src/oboskrnl/arch/x86_64/int_handlers.asm:122
ffffffff80002bbe T isr222	C:/Code/obos/src/oboskrnl/arch/x86_64/int_handlers.asm:122
ffffffff80002bcb T isr223	C:/Code/obos/src/oboskrnl/arch/x86_64/int_handlers.asm:122
ffffffff80002bd8 T isr224	C:/Code/obos/src/oboskrnl/arch/x86_64/int_handlers.asm:122
ffffffff80002be5 T isr225	C:/Code/obos/src/oboskrnl/arch/x86_64/int_handlers.asm:122
ffffffff80002bf2 T isr226	C:/Code/obos/src/oboskrnl/arch/x86_64/int_handlers.asm:122
ffffffff80002bff T isr227	C:/Code/obos/src/oboskrnl/arch/x86_64/int_handlers.asm:122
ffffffff80002c0c T isr228	C:/Code/obos/src/oboskrnl/arch/x86_64/int_handlers.asm:122
ffffffff80002c19 T isr229	C:/Code/obos/src/oboskrnl/arch/x86_64/int_handlers.asm:122
ffffffff80002c26 T isr230	C:/Code/obos/src/oboskrnl/arch/x86_64/int_handlers.asm:122
ffffffff80002c33 T isr231	C:/Code/obos/src/oboskrnl/arch/x86_64/int_handlers.asm:122
ffffffff80002c40 T isr232	C:/Code/obos/src/oboskrnl/arch/x86_64/int_handlers.asm:122
ffffffff80002c4d T isr233	C:/Code/obos/src/oboskrnl/arch/x86_64/int_handlers.asm:122
ffffffff80002c5a T isr234	C:/Code/obos/src/oboskrnl/arch/x86_64/int_handlers.asm:122
ffffffff80002c67 T isr235	C:/Code/obos/src/oboskrnl/arch/x86_64/int_handlers.asm:122
ffffffff80002c74 T isr236	C:/Code/obos/src/oboskrnl/arch/x86_64/int_handlers.asm:122
ffffffff80002c81 T isr237	C:/Code/obos/src/oboskrnl/arch/x86_64/int_handlers.asm:122
ffffffff80002c8e T isr238	C:/Code/obos/src/oboskrnl/arch/x86_64/int_handlers.asm:122
ffffffff80002c9b T isr239	C:/Code/obos/src/oboskrnl/arch/x86_64/int_handlers.asm:122
ffffffff80002ca8 T isr240	C:/Code/obos/src/oboskrnl/arch/x86_64/int_handlers.asm:122
ffffffff80002cb5 T isr241	C:/Code/obos/src/oboskrnl/arch/x86_64/int_handlers.asm:122
ffffffff80002cc2 T isr242	C:/Code/obos/src/oboskrnl/arch/x86_64/int_handlers.asm:122
ffffffff80002ccf T isr243	C:/Code/obos/src/oboskrnl/arch/x86_64/int_handlers.asm:122
ffffffff80002cd9 T isr244	C:/Code/obos/src/oboskrnl/arch/x86_64/int_handlers.asm:122
ffffffff80002ce3 T isr245	C:/Code/obos/src/oboskrnl/arch/x86_64/int_handlers.asm:122
ffffffff80002ced T isr246	C:/Code/obos/src/oboskrnl/arch/x86_64/int_handlers.asm:122
ffffffff80002cf7 T isr247	C:/Code/obos/src/oboskrnl/arch/x86_64/int_handlers.asm:122
ffffffff80002d01 T isr248	C:/Code/obos/src/oboskrnl/arch/x86_64/int_handlers.asm:122
ffffffff80002d0b T isr249	C:/Code/obos/src/oboskrnl/arch/x86_64/int_handlers.asm:122
ffffffff80002d15 T isr250	C:/Code/obos/src/oboskrnl/arch/x86_64/int_handlers.asm:122
ffffffff80002d1f T isr251	C:/Code/obos/src/oboskrnl/arch/x86_64/int_handlers.asm:122
ffffffff80002d29 T isr252	C:/Code/obos/src/oboskrnl/arch/x86_64/int_handlers.asm:122
ffffffff80002d33 T isr253	C:/Code/obos/src/oboskrnl/arch/x86_64/int_handlers.asm:122
ffffffff80002d3d T isr254	C:/Code/obos/src/oboskrnl/arch/x86_64/int_handlers.asm:122
ffffffff80002d47 T isr255	C:/Code/obos/src/oboskrnl/arch/x86_64/int_handlers.asm:122
ffffffff80002d51 t isr_common_stub	C:/Code/obos/src/oboskrnl/arch/x86_64/int_handlers.asm:8
ffffffff80002da2 t isr_common_stub.finished	C:/Code/obos/src/oboskrnl/arch/x86_64/int_handlers.asm:202
ffffffff80002dcd T isr50	C:/Code/obos/src/oboskrnl/arch/x86_64/int_handlers.asm:53
ffffffff80002e06 t isr50.jump	C:/Code/obos/src/oboskrnl/arch/x86_64/int_handlers.asm:229
ffffffff80002e29 t isr50.finish	C:/Code/obos/src/oboskrnl/arch/x86_64/int_handlers.asm:240
ffffffff80002e53 t syscall_instruction_handler	C:/Code/obos/src/oboskrnl/arch/x86_64/int_handlers.asm:255
ffffffff80002e73 t syscall_instruction_handler.save	C:/Code/obos/src/oboskrnl/arch/x86_64/int_handlers.asm:76
ffffffff80002ec8 t syscall_instruction_handler.call	C:/Code/obos/src/oboskrnl/arch/x86_64/int_handlers.asm:286
ffffffff80002efb t syscall_instruction_handler.finish	C:/Code/obos/src/oboskrnl/arch/x86_64/int_handlers.asm:99
ffffffff80002f29 t _rdmsr	C:/Code/obos/src/oboskrnl/arch/x86_64/int_handlers.asm:311
ffffffff80002f3f t _wrmsr	C:/Code/obos/src/oboskrnl/arch/x86_64/int_handlers.asm:326
ffffffff80002f5d T initialize_syscall_instruction	C:/Code/obos/src/oboskrnl/arch/x86_64/int_handlers.asm:346
ffffffff80002fb5 T obos::memory::InitializePhysicalMemoryManager()	C:/Code/obos/src/oboskrnl/arch/x86_64/memory_manager/physical/allocate.cpp:43
ffffffff8000310a T obos::memory::allocatePhysicalPage()	C:/Code/obos/src/oboskrnl/arch/x86_64/memory_manager/physical/allocate.cpp:72
ffffffff80003226 T obos::memory::freePhysicalPage(unsigned long)	C:/Code/obos/src/oboskrnl/arch/x86_64/memory_manager/physical/allocate.cpp:93
ffffffff800032e2 t __static_initialization_and_destruction_0()	C:/Code/obos/src/oboskrnl/arch/x86_64/memory_manager/physical/allocate.cpp:107
ffffffff80003318 t __static_initialization_and_destruction_1()	C:/Code/obos/src/oboskrnl/arch/x86_64/memory_manager/physical/allocate.cpp:107
ffffffff8000334e t _GLOBAL__sub_I__ZN4obos6memory12g_memoryHeadE
ffffffff8000337c t _GLOBAL__sub_D__ZN4obos6memory12g_memoryHeadE
ffffffff800033e8 T obos::RemapPIC()	C:/Code/obos/src/oboskrnl/arch/x86_64/irq/irq.cpp:33
ffffffff8000348a t obos::ProcessEntryHeader(obos::acpi::MADT_EntryHeader*, void*&, void*&, unsigned char&, unsigned char*, unsigned char*)	C:/Code/obos/src/oboskrnl/arch/x86_64/irq/irq.cpp:52
ffffffff8000361b T obos::DefaultInterruptHandler(obos::interrupt_frame*)	C:/Code/obos/src/oboskrnl/arch/x86_64/irq/irq.cpp:104
ffffffff80003661 T obos::InitializeAPIC(obos::acpi::MADTTable*, bool)	C:/Code/obos/src/oboskrnl/arch/x86_64/irq/irq.cpp:109
ffffffff80003974 T obos::SendEOI()	C:/Code/obos/src/oboskrnl/arch/x86_64/irq/irq.cpp:170
ffffffff800039af T obos::SendIPI(obos::DestinationShorthand, obos::DeliveryMode, unsigned char, unsigned char)	C:/Code/obos/src/oboskrnl/arch/x86_64/irq/irq.cpp:174
ffffffff80003ac9 T obos::InitializeIrq(bool)	C:/Code/obos/src/oboskrnl/arch/x86_64/irq/irq.cpp:210
ffffffff80003daf T obos::exception14(obos::interrupt_frame*)	C:/Code/obos/src/oboskrnl/arch/x86_64/exception_handlers.cpp:36
ffffffff80004291 T obos::defaultExceptionHandler(obos::interrupt_frame*)	C:/Code/obos/src/oboskrnl/arch/x86_64/exception_handlers.cpp:109
ffffffff80004500 T obos::nmiHandler(obos::interrupt_frame*)	C:/Code/obos/src/oboskrnl/arch/x86_64/exception_handlers.cpp:155
ffffffff80004561 T obos::RegisterExceptionHandlers()	C:/Code/obos/src/oboskrnl/arch/x86_64/exception_handlers.cpp:161
ffffffff8000461e T obos::logger::countTo(char const*, char)	C:/Code/obos/src/oboskrnl/arch/x86_64/trace.cpp:20
ffffffff800046a0 T obos::logger::hex2bin(char const*, unsigned int)	C:/Code/obos/src/oboskrnl/arch/x86_64/trace.cpp:29
ffffffff800047a9 T obos::logger::addr2func(void*, char*&, unsigned long&, char const*, char const*)	C:/Code/obos/src/oboskrnl/arch/x86_64/trace.cpp:83
ffffffff8000494e T obos::logger::addr2file(void*, char*&, char const*, char const*)	C:/Code/obos/src/oboskrnl/arch/x86_64/trace.cpp:111
ffffffff80004ac3 T obos::logger::getKernelMapFile(unsigned long*)	C:/Code/obos/src/oboskrnl/arch/x86_64/trace.cpp:135
ffffffff80004bd3 T obos::logger::stackTrace(void*)	C:/Code/obos/src/oboskrnl/arch/x86_64/trace.cpp:165
ffffffff80004ee8 T obos::memory::mapPageTable(unsigned long*)	C:/Code/obos/src/oboskrnl/arch/x86_64/memory_manager/virtual/initialize.cpp:41
ffffffff80004f28 T obos::memory::PageMap::getL4PageMapEntryAt(unsigned long)	C:/Code/obos/src/oboskrnl/arch/x86_64/memory_manager/virtual/initialize.cpp:61
ffffffff80004fba T obos::memory::PageMap::getL3PageMapEntryAt(unsigned long)	C:/Code/obos/src/oboskrnl/arch/x86_64/memory_manager/virtual/initialize.cpp:70
ffffffff8000507a T obos::memory::PageMap::getL2PageMapEntryAt(unsigned long)	C:/Code/obos/src/oboskrnl/arch/x86_64/memory_manager/virtual/initialize.cpp:82
ffffffff8000513a T obos::memory::PageMap::getL1PageMapEntryAt(unsigned long)	C:/Code/obos/src/oboskrnl/arch/x86_64/memory_manager/virtual/initialize.cpp:94
ffffffff800051f9 T obos::memory::InitializeVirtualMemoryManager()	C:/Code/obos/src/oboskrnl/arch/x86_64/memory_manager/virtual/initialize.cpp:108
ffffffff8000543d T obos::memory::CPUSupportsExecuteDisable()	C:/Code/obos/src/oboskrnl/arch/x86_64/memory_manager/virtual/initialize.cpp:132
ffffffff800054f8 T obos::memory::DecodeProtectionFlags(unsigned long)	C:/Code/obos/src/oboskrnl/arch/x86_64/memory_manager/virtual/allocate.cpp:29
ffffffff800055ad t obos::memory::allocatePagingStructures(unsigned long, obos::memory::PageMap*, unsigned long)	C:/Code/obos/src/oboskrnl/arch/x86_64/memory_manager/virtual/allocate.cpp:45
ffffffff80005b85 t obos::memory::PagesAllocated(void*, unsigned long, obos::memory::PageMap*)	C:/Code/obos/src/oboskrnl/arch/x86_64/memory_manager/virtual/allocate.cpp:123
ffffffff80005c91 t obos::memory::CanAllocatePages(void*, unsigned long, obos::memory::PageMap*)	C:/Code/obos/src/oboskrnl/arch/x86_64/memory_manager/virtual/allocate.cpp:139
ffffffff80005ce0 t obos::memory::EncodeProtectionFlags(unsigned long)	C:/Code/obos/src/oboskrnl/arch/x86_64/memory_manager/virtual/allocate.cpp:143
ffffffff80005d82 t obos::memory::freePagingStructures(unsigned long*, unsigned long, obos::memory::PageMap*, unsigned long)	C:/Code/obos/src/oboskrnl/arch/x86_64/memory_manager/virtual/allocate.cpp:161
ffffffff80005f3f t obos::memory::GetPageMapFromProcess(obos::process::Process*)	C:/Code/obos/src/oboskrnl/arch/x86_64/memory_manager/virtual/allocate.cpp:188
ffffffff80006063 T obos::memory::_Impl_FindUsableAddress(obos::process::Process*, unsigned long)	C:/Code/obos/src/oboskrnl/arch/x86_64/memory_manager/virtual/allocate.cpp:223
ffffffff8000617c T obos::memory::_Impl_ProcVirtualAlloc(obos::process::Process*, void*, unsigned long, unsigned long, unsigned int*)	C:/Code/obos/src/oboskrnl/arch/x86_64/memory_manager/virtual/allocate.cpp:242
ffffffff800063c8 T obos::memory::_Impl_ProcVirtualFree(obos::process::Process*, void*, unsigned long, unsigned int*)	C:/Code/obos/src/oboskrnl/arch/x86_64/memory_manager/virtual/allocate.cpp:284
ffffffff8000660c T obos::memory::_Impl_ProcVirtualProtect(obos::process::Process*, void*, unsigned long, unsigned long, unsigned int*)	C:/Code/obos/src/oboskrnl/arch/x86_64/memory_manager/virtual/allocate.cpp:323
ffffffff8000687d T obos::memory::_Impl_ProcVirtualGetProtection(obos::process::Process*, void*, unsigned long, unsigned long*, unsigned int*)	C:/Code/obos/src/oboskrnl/arch/x86_64/memory_manager/virtual/allocate.cpp:361
ffffffff80006a13 T obos::memory::_Impl_GetPageSize()	C:/Code/obos/src/oboskrnl/arch/x86_64/memory_manager/virtual/allocate.cpp:390
ffffffff80006a41 T obos::memory::_Impl_IsValidAddress(void*)	C:/Code/obos/src/oboskrnl/arch/x86_64/memory_manager/virtual/allocate.cpp:394
ffffffff80006a97 T obos::memory::MapPhysicalAddress(obos::memory::PageMap*, unsigned long, void*, unsigned long)	C:/Code/obos/src/oboskrnl/arch/x86_64/memory_manager/virtual/allocate.cpp:400
ffffffff80006b2f T obos::memory::MapEntry(obos::memory::PageMap*, unsigned long, void*)	C:/Code/obos/src/oboskrnl/arch/x86_64/memory_manager/virtual/allocate.cpp:407
ffffffff80006bc9 T obos::memory::UnmapAddress(obos::memory::PageMap*, void*)	C:/Code/obos/src/oboskrnl/arch/x86_64/memory_manager/virtual/allocate.cpp:414
ffffffff80006cab T obos::memory::_Impl_Memcpy(obos::process::Process*, void*, void*, unsigned long, unsigned int*)	C:/Code/obos/src/oboskrnl/arch/x86_64/memory_manager/virtual/allocate.cpp:426
ffffffff80007235 t obos::IntermediateTimerIntHandler(obos::interrupt_frame*)	C:/Code/obos/src/oboskrnl/arch/x86_64/irq/timer.cpp:19
ffffffff80007284 T obos::ConfigureAPICTimer(void (*)(obos::interrupt_frame*), unsigned char, unsigned int, obos::TimerConfig, obos::TimerDivisor, bool)	C:/Code/obos/src/oboskrnl/arch/x86_64/irq/timer.cpp:25
ffffffff8000735b T obos::MaskTimer(bool)	C:/Code/obos/src/oboskrnl/arch/x86_64/irq/timer.cpp:39
ffffffff800073e0 T obos::thread::switchToThreadImpl(obos::thread::taskSwitchInfo*, obos::thread::Thread*)	C:/Code/obos/src/oboskrnl/multitasking/x86_64/taskSwitchImpl.asm:42
ffffffff80007459 T obos::thread::callBlockCallbackOnThread(obos::thread::taskSwitchInfo*, bool (*)(void*, void*), void*, void*)	C:/Code/obos/src/oboskrnl/multitasking/x86_64/taskSwitchImpl.asm:79
ffffffff800074a0 T idleTask	C:/Code/obos/src/oboskrnl/multitasking/x86_64/taskSwitchImpl.asm:118
ffffffff800074a4 T obos::thread::setupThreadContext(obos::thread::taskSwitchInfo*, void*, unsigned long, unsigned long, unsigned long, obos::memory::VirtualAllocator*, bool)	C:/Code/obos/src/oboskrnl/multitasking/x86_64/setupFrameInfo.cpp:29
ffffffff800077a5 T obos::thread::freeThreadStackInfo(void*, obos::memory::VirtualAllocator*)	C:/Code/obos/src/oboskrnl/multitasking/x86_64/setupFrameInfo.cpp:78
ffffffff80007860 T obos::thread::configureHPET(unsigned long)	C:/Code/obos/src/oboskrnl/multitasking/x86_64/scheduler_bootstrapper.cpp:38
ffffffff80007937 T obos::thread::FindCounterValueFromFrequency(unsigned long)	C:/Code/obos/src/oboskrnl/multitasking/x86_64/scheduler_bootstrapper.cpp:49
ffffffff800079ca T obos::thread::scheduler_bootstrap(obos::interrupt_frame*)	C:/Code/obos/src/oboskrnl/multitasking/x86_64/scheduler_bootstrapper.cpp:57
ffffffff80007a72 T obos::thread::setupTimerInterrupt()	C:/Code/obos/src/oboskrnl/multitasking/x86_64/scheduler_bootstrapper.cpp:71
ffffffff80007ae8 T obos::thread::stopTimer()	C:/Code/obos/src/oboskrnl/multitasking/x86_64/scheduler_bootstrapper.cpp:77
ffffffff80007b34 T obos::thread::startTimer(unsigned long)	C:/Code/obos/src/oboskrnl/multitasking/x86_64/scheduler_bootstrapper.cpp:84
ffffffff80007b84 T obos::thread::callScheduler(bool)	C:/Code/obos/src/oboskrnl/multitasking/x86_64/scheduler_bootstrapper.cpp:90
ffffffff80007bd6 T obos::thread::getCurrentCpuLocalPtr()	C:/Code/obos/src/oboskrnl/multitasking/x86_64/scheduler_bootstrapper.cpp:98
ffffffff80007c09 T obos::thread::inSchedulerFunction(obos::thread::Thread*)	C:/Code/obos/src/oboskrnl/multitasking/x86_64/scheduler_bootstrapper.cpp:103
ffffffff80007c70 T obos::process::setupContextInfo(obos::process::procContextInfo*)	C:/Code/obos/src/oboskrnl/multitasking/process/x86_64/procInfo.cpp:30
ffffffff80007dd3 T obos::process::switchToProcessContext(obos::process::procContextInfo*)	C:/Code/obos/src/oboskrnl/multitasking/process/x86_64/procInfo.cpp:46
ffffffff80007e3c t obos::process::loader::load(unsigned char*, unsigned long, unsigned long&, obos::memory::VirtualAllocator&, bool)	C:/Code/obos/src/oboskrnl/multitasking/process/x86_64/loader/elf.cpp:23
ffffffff80008050 T obos::process::loader::LoadElfFile(unsigned char*, unsigned long, unsigned long&, unsigned long&, obos::memory::VirtualAllocator&, bool)	C:/Code/obos/src/oboskrnl/multitasking/process/x86_64/loader/elf.cpp:62
ffffffff800080f0 T obos::process::loader::CheckElfFile(unsigned char*, unsigned long, bool)	C:/Code/obos/src/oboskrnl/multitasking/process/x86_64/loader/elf.cpp:70
ffffffff800081ec t obos::driverInterface::getElfString(obos::process::loader::Elf64_Ehdr*, unsigned long)	C:/Code/obos/src/oboskrnl/driverInterface/x86_64/load.cpp:35
ffffffff80008261 T obos::driverInterface::LoadModule(unsigned char*, unsigned long, obos::thread::ThreadHandle**)	C:/Code/obos/src/oboskrnl/driverInterface/x86_64/load.cpp:43
ffffffff800086cc T obos::driverInterface::RegisterSyscall(unsigned char, unsigned long)	C:/Code/obos/src/oboskrnl/driverInterface/x86_64/call.cpp:29
ffffffff80008726 T obos::driverInterface::SyscallVPrintf(void*)	C:/Code/obos/src/oboskrnl/driverInterface/x86_64/call.cpp:36
ffffffff80008775 T obos::driverInterface::SyscallMalloc(unsigned long*)	C:/Code/obos/src/oboskrnl/driverInterface/x86_64/call.cpp:46
ffffffff800087b1 T obos::driverInterface::SyscallFree(void**)	C:/Code/obos/src/oboskrnl/driverInterface/x86_64/call.cpp:50
ffffffff800087fa T obos::driverInterface::SyscallMapPhysToVirt(void**)	C:/Code/obos/src/oboskrnl/driverInterface/x86_64/call.cpp:54
ffffffff80008883 T obos::driverInterface::SyscallGetInitrdLocation(unsigned long**)	C:/Code/obos/src/oboskrnl/driverInterface/x86_64/call.cpp:62
ffffffff80008970 T isr49	C:/Code/obos/src/oboskrnl/driverInterface/x86_64/driver_call.asm:12
ffffffff80008981 t isr49.finish	C:/Code/obos/src/oboskrnl/driverInterface/x86_64/driver_call.asm:20
ffffffff80008990 T calibrateTimer	C:/Code/obos/src/oboskrnl/multitasking/x86_64/calibrate_timer.asm:18
ffffffff800089b9 t calibrateTimer.hasCpuid21	C:/Code/obos/src/oboskrnl/multitasking/x86_64/calibrate_timer.asm:34
ffffffff800089c9 t calibrateTimer.noCpuid21	C:/Code/obos/src/oboskrnl/multitasking/x86_64/calibrate_timer.asm:42
ffffffff800089ed t calibrateTimer.loop	C:/Code/obos/src/oboskrnl/multitasking/x86_64/calibrate_timer.asm:52
ffffffff80008a10 t calibrateTimer.finish	C:/Code/obos/src/oboskrnl/multitasking/x86_64/calibrate_timer.asm:63
ffffffff80008a17 T obos::syscalls::SyscallGetLastError()	C:/Code/obos/src/oboskrnl/arch/x86_64/syscall/register.cpp:21
ffffffff80008a45 T obos::syscalls::SyscallSetLastError(unsigned int*)	C:/Code/obos/src/oboskrnl/arch/x86_64/syscall/register.cpp:25
ffffffff80008aad T obos::syscalls::RegisterSyscalls()	C:/Code/obos/src/oboskrnl/arch/x86_64/syscall/register.cpp:36
ffffffff80008efb T obos::syscalls::RegisterSyscall(unsigned short, unsigned long)	C:/Code/obos/src/oboskrnl/arch/x86_64/syscall/register.cpp:74
ffffffff80008f67 T obos::syscalls::SyscallVirtualAlloc(void*)	C:/Code/obos/src/oboskrnl/arch/x86_64/syscall/memory_syscalls.cpp:23
ffffffff80009015 T obos::syscalls::SyscallVirtualFree(void*)	C:/Code/obos/src/oboskrnl/arch/x86_64/syscall/memory_syscalls.cpp:39
ffffffff800090b3 T obos::syscalls::SyscallVirtualProtect(void*)	C:/Code/obos/src/oboskrnl/arch/x86_64/syscall/memory_syscalls.cpp:54
ffffffff8000915d T obos::syscalls::SyscallVirtualGetProtection(void*)	C:/Code/obos/src/oboskrnl/arch/x86_64/syscall/memory_syscalls.cpp:70
ffffffff80009237 T obos::syscalls::canAccessUserMemory(void*, unsigned long, bool, bool)	C:/Code/obos/src/oboskrnl/arch/x86_64/syscall/verify_pars.cpp:23
ffffffff800093cc T obos::syscalls::SyscallAllocConsole()	C:/Code/obos/src/oboskrnl/arch/x86_64/syscall/console_syscalls.cpp:29
ffffffff80009550 T obos::syscalls::SyscallConsoleOutputCharacter(void*)	C:/Code/obos/src/oboskrnl/arch/x86_64/syscall/console_syscalls.cpp:54
ffffffff800095ed T obos::syscalls::SyscallConsoleOutputCharacterAt(void*)	C:/Code/obos/src/oboskrnl/arch/x86_64/syscall/console_syscalls.cpp:66
ffffffff80009699 T obos::syscalls::SyscallConsoleOutputCharacterAtWithColour(void*)	C:/Code/obos/src/oboskrnl/arch/x86_64/syscall/console_syscalls.cpp:83
ffffffff80009759 T obos::syscalls::SyscallConsoleOutputString(void*)	C:/Code/obos/src/oboskrnl/arch/x86_64/syscall/console_syscalls.cpp:102
ffffffff80009825 T obos::syscalls::SyscallConsoleOutputStringSz(void*)	C:/Code/obos/src/oboskrnl/arch/x86_64/syscall/console_syscalls.cpp:119
ffffffff800098c8 T obos::syscalls::SyscallConsoleSetPosition(unsigned int*)	C:/Code/obos/src/oboskrnl/arch/x86_64/syscall/console_syscalls.cpp:135
ffffffff80009963 T obos::syscalls::SyscallConsoleGetPosition(unsigned int**)	C:/Code/obos/src/oboskrnl/arch/x86_64/syscall/console_syscalls.cpp:146
ffffffff80009a6a T obos::syscalls::SyscallConsoleSetColour(unsigned int*)	C:/Code/obos/src/oboskrnl/arch/x86_64/syscall/console_syscalls.cpp:167
ffffffff80009b15 T obos::syscalls::SyscallConsoleGetColour(unsigned int**)	C:/Code/obos/src/oboskrnl/arch/x86_64/syscall/console_syscalls.cpp:178
ffffffff80009c1c T obos::syscalls::SyscallConsoleSetFont(unsigned char**)	C:/Code/obos/src/oboskrnl/arch/x86_64/syscall/console_syscalls.cpp:199
ffffffff80009ce0 T obos::syscalls::SyscallConsoleGetFont(unsigned char***)	C:/Code/obos/src/oboskrnl/arch/x86_64/syscall/console_syscalls.cpp:215
ffffffff80009e64 T obos::syscalls::SyscallConsoleSetFramebuffer(void*)	C:/Code/obos/src/oboskrnl/arch/x86_64/syscall/console_syscalls.cpp:241
ffffffff80009f09 T obos::syscalls::SyscallConsoleGetFramebuffer(void*)	C:/Code/obos/src/oboskrnl/arch/x86_64/syscall/console_syscalls.cpp:253
ffffffff80009fd5 T obos::syscalls::SyscallConsoleGetConsoleBounds(unsigned int**)	C:/Code/obos/src/oboskrnl/arch/x86_64/syscall/console_syscalls.cpp:270
ffffffff8000a0dc T obos::syscalls::SyscallFreeConsole()	C:/Code/obos/src/oboskrnl/arch/x86_64/syscall/console_syscalls.cpp:292
ffffffff8000a157 T obos::syscalls::SyscallMakeThreadObject()	C:/Code/obos/src/oboskrnl/arch/x86_64/syscall/thread_syscalls.cpp:27
ffffffff8000a19d T obos::syscalls::SyscallCreateThread(void*)	C:/Code/obos/src/oboskrnl/arch/x86_64/syscall/thread_syscalls.cpp:32
ffffffff8000a2cb T obos::syscalls::SyscallOpenThread(void*)	C:/Code/obos/src/oboskrnl/arch/x86_64/syscall/thread_syscalls.cpp:61
ffffffff8000a3b0 T obos::syscalls::SyscallPauseThread(unsigned long*)	C:/Code/obos/src/oboskrnl/arch/x86_64/syscall/thread_syscalls.cpp:85
ffffffff8000a45e T obos::syscalls::SyscallResumeThread(unsigned long*)	C:/Code/obos/src/oboskrnl/arch/x86_64/syscall/thread_syscalls.cpp:100
ffffffff8000a50c T obos::syscalls::SyscallSetThreadPriority(void*)	C:/Code/obos/src/oboskrnl/arch/x86_64/syscall/thread_syscalls.cpp:115
ffffffff8000a5c3 T obos::syscalls::SyscallTerminateThread(void*)	C:/Code/obos/src/oboskrnl/arch/x86_64/syscall/thread_syscalls.cpp:134
ffffffff8000a67a T obos::syscalls::SyscallGetThreadStatus(unsigned long*)	C:/Code/obos/src/oboskrnl/arch/x86_64/syscall/thread_syscalls.cpp:154
ffffffff8000a728 T obos::syscalls::SyscallGetThreadExitCode(unsigned long*)	C:/Code/obos/src/oboskrnl/arch/x86_64/syscall/thread_syscalls.cpp:169
ffffffff8000a7d6 T obos::syscalls::SyscallGetThreadLastError(unsigned long*)	C:/Code/obos/src/oboskrnl/arch/x86_64/syscall/thread_syscalls.cpp:184
ffffffff8000a884 T obos::syscalls::SyscallCloseThread(unsigned long*)	C:/Code/obos/src/oboskrnl/arch/x86_64/syscall/thread_syscalls.cpp:200
ffffffff8000a932 T obos::syscalls::SyscallFreeThread(unsigned long*)	C:/Code/obos/src/oboskrnl/arch/x86_64/syscall/thread_syscalls.cpp:215
ffffffff8000aa30 T obos::initSSE()	C:/Code/obos/src/oboskrnl/arch/x86_64/sse.asm:10
ffffffff8000aa49 t obos::thread::InitializeGDTCpu(obos::thread::cpu_local*)	C:/Code/obos/src/oboskrnl/arch/x86_64/smp_start.cpp:60
ffffffff8000aba2 T obos::thread::ProcessorInit(obos::thread::cpu_local*)	C:/Code/obos/src/oboskrnl/arch/x86_64/smp_start.cpp:92
ffffffff8000ac4b T obos::thread::StartCPUs()	C:/Code/obos/src/oboskrnl/arch/x86_64/smp_start.cpp:114
ffffffff8000b20a T obos::thread::StopCPUs(bool)	C:/Code/obos/src/oboskrnl/arch/x86_64/smp_start.cpp:177
ffffffff8000b310 T loadGDT	C:/Code/obos/src/oboskrnl/arch/x86_64/smp_trampoline.asm:150
ffffffff8000b32e T __stack_chk_fail	C:/Code/obos/src/oboskrnl/arch/x86_64/stack_canary.cpp:21
ffffffff8000b430 T fpuInit	C:/Code/obos/src/oboskrnl/arch/x86_64/fpu.asm:5
ffffffff8000b433 T _fxsave	C:/Code/obos/src/oboskrnl/arch/x86_64/fpu.asm:9
ffffffff8000b438 t obos::kmain_common(unsigned char*, unsigned long)::{lambda(unsigned int const*)#1}::operator()(unsigned int const*) const	C:/Code/obos/src/oboskrnl/boot/kmain.cpp:72
ffffffff8000b462 t obos::kmain_common(unsigned char*, unsigned long)::{lambda(unsigned int const*)#1}::_FUN(unsigned int const*)	C:/Code/obos/src/oboskrnl/boot/kmain.cpp:72
ffffffff8000b4a0 t obos::kmain_common(unsigned char*, unsigned long)::{lambda(unsigned int const*)#1}::operator void (*)(unsigned int const*)() const	C:/Code/obos/src/oboskrnl/boot/kmain.cpp:72
ffffffff8000b4d4 T obos::kmain_common(unsigned char*, unsigned long)	C:/Code/obos/src/oboskrnl/boot/kmain.cpp:38
ffffffff8000b990 T obos::Console::Console(void*, obos::con_framebuffer, bool)	C:/Code/obos/src/oboskrnl/console.cpp:19
ffffffff8000b990 T obos::Console::Console(void*, obos::con_framebuffer, bool)	C:/Code/obos/src/oboskrnl/console.cpp:19
ffffffff8000ba66 T obos::Console::Initialize(void*, obos::con_framebuffer, bool)	C:/Code/obos/src/oboskrnl/console.cpp:24
ffffffff8000bb10 T obos::Console::ConsoleOutput(char const*)	C:/Code/obos/src/oboskrnl/console.cpp:33
ffffffff8000bbcc T obos::Console::ConsoleOutput(char const*, unsigned long)	C:/Code/obos/src/oboskrnl/console.cpp:39
ffffffff8000bc84 T obos::Console::ConsoleOutput(char)	C:/Code/obos/src/oboskrnl/console.cpp:45
ffffffff8000bd16 T obos::Console::ConsoleOutput(char, unsigned int&, unsigned int&)	C:/Code/obos/src/oboskrnl/console.cpp:51
ffffffff8000bda8 T obos::Console::ConsoleOutput(char, unsigned int, unsigned int, unsigned int&, unsigned int&)	C:/Code/obos/src/oboskrnl/console.cpp:58
ffffffff8000be38 T obos::Console::SetPosition(unsigned int, unsigned int)	C:/Code/obos/src/oboskrnl/console.cpp:65
ffffffff8000be80 T obos::Console::GetPosition(unsigned int*, unsigned int*)	C:/Code/obos/src/oboskrnl/console.cpp:70
ffffffff8000bede T obos::fillBackgroundTransparent(obos::con_framebuffer&, unsigned int, unsigned int)	C:/Code/obos/src/oboskrnl/console.cpp:78
ffffffff8000bf78 T obos::Console::SetColour(unsigned int, unsigned int, bool)	C:/Code/obos/src/oboskrnl/console.cpp:84
ffffffff8000c024 T obos::Console::GetColour(unsigned int*, unsigned int*)	C:/Code/obos/src/oboskrnl/console.cpp:97
ffffffff8000c082 T obos::Console::SetFont(unsigned char*)	C:/Code/obos/src/oboskrnl/console.cpp:105
ffffffff8000c0c0 T obos::Console::GetFont(unsigned char**)	C:/Code/obos/src/oboskrnl/console.cpp:109
ffffffff8000c108 T obos::Console::SetFramebuffer(obos::con_framebuffer)	C:/Code/obos/src/oboskrnl/console.cpp:115
ffffffff8000c196 T obos::Console::GetFramebuffer(obos::con_framebuffer*)	C:/Code/obos/src/oboskrnl/console.cpp:124
ffffffff8000c20a T obos::Console::GetConsoleBounds(unsigned int*, unsigned int*)	C:/Code/obos/src/oboskrnl/console.cpp:134
ffffffff8000c268 T obos::Console::CopyFrom(obos::con_framebuffer*)	C:/Code/obos/src/oboskrnl/console.cpp:143
ffffffff8000c2f0 T obos::Console::putChar(char, unsigned int, unsigned int, unsigned int, unsigned int)	C:/Code/obos/src/oboskrnl/console.cpp:152
ffffffff8000c4be T obos::Console::newlineHandler(unsigned int&, unsigned int&)	C:/Code/obos/src/oboskrnl/console.cpp:179
ffffffff8000c618 T obos::Console::__ImplConsoleOutputChar(char, unsigned int, unsigned int, unsigned int&, unsigned int&)	C:/Code/obos/src/oboskrnl/console.cpp:191
ffffffff8000c7ac t toupper(char)	C:/Code/obos/src/oboskrnl/klog.cpp:26
ffffffff8000c7fd T obos::logger::printf_impl(void (*)(char, void*), void*, char const*, __va_list_tag*)	C:/Code/obos/src/oboskrnl/klog.cpp:38
ffffffff8000d09b t obos::logger::consoleOutputCallback(char, void*)	C:/Code/obos/src/oboskrnl/klog.cpp:154
ffffffff8000d0f3 T obos::logger::printf(char const*, ...)	C:/Code/obos/src/oboskrnl/klog.cpp:163
ffffffff8000d194 T obos::logger::vprintf(char const*, __va_list_tag*)	C:/Code/obos/src/oboskrnl/klog.cpp:173
ffffffff8000d20e T obos::logger::sprintf_callback(char, void*)	C:/Code/obos/src/oboskrnl/klog.cpp:181
ffffffff8000d279 T obos::logger::sprintf(char*, char const*, ...)	C:/Code/obos/src/oboskrnl/klog.cpp:191
ffffffff8000d30c T obos::logger::log(char const*, ...)	C:/Code/obos/src/oboskrnl/klog.cpp:224
ffffffff8000d432 T obos::logger::info(char const*, ...)	C:/Code/obos/src/oboskrnl/klog.cpp:228
ffffffff8000d558 T obos::logger::warning(char const*, ...)	C:/Code/obos/src/oboskrnl/klog.cpp:232
ffffffff8000d67e T obos::logger::error(char const*, ...)	C:/Code/obos/src/oboskrnl/klog.cpp:236
ffffffff8000d7a4 T obos::logger::panic(void*, char const*, ...)	C:/Code/obos/src/oboskrnl/klog.cpp:241
ffffffff8000d7ff T obos::logger::panicVariadic(void*, char const*, __va_list_tag*)	C:/Code/obos/src/oboskrnl/klog.cpp:248
ffffffff8000d8c0 t obos::logger::dumpAddr_impl(int, ...)::{lambda(char, void*)#1}::operator()(char, void*) const	C:/Code/obos/src/oboskrnl/klog.cpp:269
ffffffff8000d90a t obos::logger::dumpAddr_impl(int, ...)::{lambda(char, void*)#1}::_FUN(char, void*)	C:/Code/obos/src/oboskrnl/klog.cpp:269
ffffffff8000d950 t obos::logger::dumpAddr_impl(int, ...)::{lambda(char, void*)#1}::operator void (*)(char, void*)() const	C:/Code/obos/src/oboskrnl/klog.cpp:269
ffffffff8000d984 t obos::logger::dumpAddr_impl(int, ...)	C:/Code/obos/src/oboskrnl/klog.cpp:264
ffffffff8000da03 T obos::logger::dumpAddr(unsigned int*)	C:/Code/obos/src/oboskrnl/klog.cpp:273
ffffffff8000da4d t itoa(long, char*, int)	C:/Code/obos/src/oboskrnl/klog.cpp:281
ffffffff8000db5f t strreverse(char*, int)	C:/Code/obos/src/oboskrnl/klog.cpp:304
ffffffff8000dc0a t itoa_unsigned(unsigned long, char*, int)	C:/Code/obos/src/oboskrnl/klog.cpp:317
ffffffff8000dcce t __static_initialization_and_destruction_0()	C:/Code/obos/src/oboskrnl/klog.cpp:348
ffffffff8000dd28 t __static_initialization_and_destruction_1()	C:/Code/obos/src/oboskrnl/klog.cpp:348
ffffffff8000dd82 t _GLOBAL__sub_I__ZN4obos6logger11printf_implEPFvcPvES1_PKcP13__va_list_tag
ffffffff8000ddb0 t _GLOBAL__sub_D__ZN4obos6logger11printf_implEPFvcPvES1_PKcP13__va_list_tag
ffffffff8000de1c T allocateNewPageBlock(unsigned long)	C:/Code/obos/src/oboskrnl/allocators/liballoc.cpp:73
ffffffff8000df79 T freePageBlock(pageBlock*)	C:/Code/obos/src/oboskrnl/allocators/liballoc.cpp:96
ffffffff8000e04b T kmalloc	C:/Code/obos/src/oboskrnl/allocators/liballoc.cpp:156
ffffffff8000e37b T kcalloc	C:/Code/obos/src/oboskrnl/allocators/liballoc.cpp:264
ffffffff8000e3d9 T krealloc	C:/Code/obos/src/oboskrnl/allocators/liballoc.cpp:268
ffffffff8000e495 T kfree	C:/Code/obos/src/oboskrnl/allocators/liballoc.cpp:286
ffffffff8000e75a T obos::CanAllocateMemory()	C:/Code/obos/src/oboskrnl/allocators/liballoc.cpp:339
ffffffff8000e78a T operator new(unsigned long)	C:/Code/obos/src/oboskrnl/allocators/liballoc.cpp:347
ffffffff8000e7d5 T operator new[](unsigned long)	C:/Code/obos/src/oboskrnl/allocators/liballoc.cpp:355
ffffffff8000e80e T operator delete(void*)	C:/Code/obos/src/oboskrnl/allocators/liballoc.cpp:359
ffffffff8000e848 T operator delete[](void*)	C:/Code/obos/src/oboskrnl/allocators/liballoc.cpp:363
ffffffff8000e882 T operator delete(void*, unsigned long)	C:/Code/obos/src/oboskrnl/allocators/liballoc.cpp:367
ffffffff8000e8c0 T operator delete[](void*, unsigned long)	C:/Code/obos/src/oboskrnl/allocators/liballoc.cpp:371
ffffffff8000e8fe T operator new(unsigned long, void*)	C:/Code/obos/src/oboskrnl/allocators/liballoc.cpp:376
ffffffff8000e933 T operator new[](unsigned long, void*)	C:/Code/obos/src/oboskrnl/allocators/liballoc.cpp:380
ffffffff8000e968 T operator delete(void*, void*)	C:/Code/obos/src/oboskrnl/allocators/liballoc.cpp:384
ffffffff8000e99a T operator delete[](void*, void*)	C:/Code/obos/src/oboskrnl/allocators/liballoc.cpp:386
ffffffff8000e9cc t __static_initialization_and_destruction_0()	C:/Code/obos/src/oboskrnl/allocators/liballoc.cpp:387
ffffffff8000ea13 t __static_initialization_and_destruction_1()	C:/Code/obos/src/oboskrnl/allocators/liballoc.cpp:387
ffffffff8000ea55 t _GLOBAL__sub_I_pageBlockHead
ffffffff8000ea83 t _GLOBAL__sub_D_pageBlockHead
ffffffff8000ec6c T obos::thread::InitializeScheduler()	C:/Code/obos/src/oboskrnl/multitasking/scheduler.cpp:208
ffffffff8000f14a T obos::thread::GetCurrentCpuLocalPtr()	C:/Code/obos/src/oboskrnl/multitasking/scheduler.cpp:285
ffffffff8000f178 t __static_initialization_and_destruction_0()	C:/Code/obos/src/oboskrnl/multitasking/scheduler.cpp:290
ffffffff8000f1ae t __static_initialization_and_destruction_1()	C:/Code/obos/src/oboskrnl/multitasking/scheduler.cpp:290
ffffffff8000f1e4 t _GLOBAL__sub_I__ZN4obos6thread15g_priorityListsE
ffffffff8000f212 t _GLOBAL__sub_D__ZN4obos6thread15g_priorityListsE
ffffffff8000f240 T obos::SetLastError(unsigned int)	C:/Code/obos/src/oboskrnl/error.cpp:21
ffffffff8000f2a8 T obos::GetLastError()	C:/Code/obos/src/oboskrnl/error.cpp:29
ffffffff8000f2de T obos::thread::lookForThreadInList(obos::thread::Thread::ThreadList&, unsigned int)	C:/Code/obos/src/oboskrnl/multitasking/threadAPI/thrHandle.cpp:28
ffffffff8000f344 T obos::thread::ThreadHandle::ThreadHandle()	C:/Code/obos/src/oboskrnl/multitasking/threadAPI/thrHandle.cpp:40
ffffffff8000f344 T obos::thread::ThreadHandle::ThreadHandle()	C:/Code/obos/src/oboskrnl/multitasking/threadAPI/thrHandle.cpp:40
ffffffff8000f37e T obos::thread::ThreadHandle::OpenThread(unsigned int)	C:/Code/obos/src/oboskrnl/multitasking/threadAPI/thrHandle.cpp:44
ffffffff8000f456 T obos::thread::ThreadHandle::CreateThread(unsigned int, unsigned long, void (*)(unsigned long), unsigned long, unsigned long, void*, bool, bool)	C:/Code/obos/src/oboskrnl/multitasking/threadAPI/thrHandle.cpp:68
ffffffff8000f770 T obos::thread::ThreadHandle::PauseThread()	C:/Code/obos/src/oboskrnl/multitasking/threadAPI/thrHandle.cpp:134
ffffffff8000f7fc T obos::thread::ThreadHandle::ResumeThread()	C:/Code/obos/src/oboskrnl/multitasking/threadAPI/thrHandle.cpp:153
ffffffff8000f886 T obos::thread::ThreadHandle::SetThreadPriority(unsigned int)	C:/Code/obos/src/oboskrnl/multitasking/threadAPI/thrHandle.cpp:171
ffffffff8000fab2 T obos::thread::ThreadHandle::TerminateThread(unsigned int)	C:/Code/obos/src/oboskrnl/multitasking/threadAPI/thrHandle.cpp:238
ffffffff8000fc66 T obos::thread::ThreadHandle::GetThreadStatus()	C:/Code/obos/src/oboskrnl/multitasking/threadAPI/thrHandle.cpp:280
ffffffff8000fcc2 T obos::thread::ThreadHandle::GetThreadExitCode()	C:/Code/obos/src/oboskrnl/multitasking/threadAPI/thrHandle.cpp:290
ffffffff8000fd1e T obos::thread::ThreadHandle::GetThreadLastError()	C:/Code/obos/src/oboskrnl/multitasking/threadAPI/thrHandle.cpp:300
ffffffff8000fd7a T obos::thread::ThreadHandle::GetThreadTID()	C:/Code/obos/src/oboskrnl/multitasking/threadAPI/thrHandle.cpp:310
ffffffff8000fdd6 T obos::thread::ThreadHandle::CloseHandle()	C:/Code/obos/src/oboskrnl/multitasking/threadAPI/thrHandle.cpp:321
ffffffff8000ff59 T obos::thread::ExitThreadImpl(void*, void*)	C:/Code/obos/src/oboskrnl/multitasking/threadAPI/thrHandle.cpp:353
ffffffff80010111 T obos::thread::GetTID()	C:/Code/obos/src/oboskrnl/multitasking/threadAPI/thrHandle.cpp:376
ffffffff80010145 T obos::thread::ExitThread(unsigned int)	C:/Code/obos/src/oboskrnl/multitasking/threadAPI/thrHandle.cpp:381
ffffffff80010192 T obos::process::CreateProcess(bool)	C:/Code/obos/src/oboskrnl/multitasking/process/process.cpp:21
ffffffff80010318 T obos::driverInterface::DriverConnection::SendDataOnBuffer(void const*, unsigned long, obos::driverInterface::con_buffer*, bool)	C:/Code/obos/src/oboskrnl/driverInterface/interface.cpp:29
ffffffff800104b6 t obos::driverInterface::DriverConnection::RecvDataOnBuffer(void*, unsigned long, obos::driverInterface::con_buffer*, bool, bool, unsigned int, bool)::{lambda(obos::thread::Thread*, void*)#1}::operator()(obos::thread::Thread*, void*) const	C:/Code/obos/src/oboskrnl/driverInterface/interface.cpp:74
ffffffff80010534 t obos::driverInterface::DriverConnection::RecvDataOnBuffer(void*, unsigned long, obos::driverInterface::con_buffer*, bool, bool, unsigned int, bool)::{lambda(obos::thread::Thread*, void*)#1}::_FUN(obos::thread::Thread*, void*)	C:/Code/obos/src/oboskrnl/driverInterface/interface.cpp:74
ffffffff8001057a t obos::driverInterface::DriverConnection::RecvDataOnBuffer(void*, unsigned long, obos::driverInterface::con_buffer*, bool, bool, unsigned int, bool)::{lambda(obos::thread::Thread*, void*)#1}::operator bool (*)(obos::thread::Thread*, void*)() const	C:/Code/obos/src/oboskrnl/driverInterface/interface.cpp:74
ffffffff800105ae T obos::driverInterface::DriverConnection::RecvDataOnBuffer(void*, unsigned long, obos::driverInterface::con_buffer*, bool, bool, unsigned int, bool)	C:/Code/obos/src/oboskrnl/driverInterface/interface.cpp:59
ffffffff800107fe T obos::driverInterface::DriverConnectionBase::SendData(void const*, unsigned long, bool)	C:/Code/obos/src/oboskrnl/driverInterface/interface.cpp:120
ffffffff80010872 T obos::driverInterface::DriverConnectionBase::RecvData(void*, unsigned long, unsigned int, bool, bool, bool)	C:/Code/obos/src/oboskrnl/driverInterface/interface.cpp:131
ffffffff800108f8 T obos::driverInterface::DriverConnectionBase::CloseConnection()	C:/Code/obos/src/oboskrnl/driverInterface/interface.cpp:145
ffffffff80010b3e t obos::driverInterface::DriverClient::OpenConnection(unsigned int, unsigned long)::{lambda(obos::thread::Thread*, void*)#1}::operator()(obos::thread::Thread*, void*) const	C:/Code/obos/src/oboskrnl/driverInterface/interface.cpp:225
ffffffff80010ba7 t obos::driverInterface::DriverClient::OpenConnection(unsigned int, unsigned long)::{lambda(obos::thread::Thread*, void*)#1}::_FUN(obos::thread::Thread*, void*)	C:/Code/obos/src/oboskrnl/driverInterface/interface.cpp:225
ffffffff80010bee t obos::driverInterface::DriverClient::OpenConnection(unsigned int, unsigned long)::{lambda(obos::thread::Thread*, void*)#1}::operator bool (*)(obos::thread::Thread*, void*)() const	C:/Code/obos/src/oboskrnl/driverInterface/interface.cpp:225
ffffffff80010c22 T obos::driverInterface::DriverClient::OpenConnection(unsigned int, unsigned long)	C:/Code/obos/src/oboskrnl/driverInterface/interface.cpp:190
ffffffff80010ece T obos::driverInterface::DriverClient::SendData(void const*, unsigned long, bool)	C:/Code/obos/src/oboskrnl/driverInterface/interface.cpp:261
ffffffff80010f7e T obos::driverInterface::DriverClient::RecvData(void*, unsigned long, unsigned int, bool, bool, bool)	C:/Code/obos/src/oboskrnl/driverInterface/interface.cpp:270
ffffffff8001102c T obos::driverInterface::DriverServer::Listen(unsigned long)	C:/Code/obos/src/oboskrnl/driverInterface/interface.cpp:282
ffffffff800111a6 T obos::driverInterface::DriverServer::SendData(void const*, unsigned long, bool)	C:/Code/obos/src/oboskrnl/driverInterface/interface.cpp:313
ffffffff80011258 T obos::driverInterface::DriverServer::RecvData(void*, unsigned long, unsigned int, bool, bool, bool)	C:/Code/obos/src/oboskrnl/driverInterface/interface.cpp:322
ffffffff800112fe T obos::driverInterface::DriverServer::CloseConnection()	C:/Code/obos/src/oboskrnl/driverInterface/interface.cpp:332
ffffffff80011338 T obos::driverInterface::DriverClient::CloseConnection()	C:/Code/obos/src/oboskrnl/driverInterface/interface.cpp:333
ffffffff80011372 T obos::driverInterface::DriverServer::ListenCallback(obos::thread::Thread*, void*)	C:/Code/obos/src/oboskrnl/driverInterface/interface.cpp:335
ffffffff8001151d T obos::driverInterface::SyscallAllocDriverServer()	C:/Code/obos/src/oboskrnl/driverInterface/interface.cpp:377
ffffffff80011563 T obos::driverInterface::SyscallFreeDriverServer(obos::driverInterface::DriverServer**)	C:/Code/obos/src/oboskrnl/driverInterface/interface.cpp:381
ffffffff800115ac T obos::driverInterface::DummyClass1::Listen(unsigned long)	C:/Code/obos/src/oboskrnl/driverInterface/interface.cpp:386
ffffffff800115e2 T obos::driverInterface::DummyClass1::IsConnectionClosed()	C:/Code/obos/src/oboskrnl/driverInterface/interface.cpp:390
ffffffff80011614 T obos::driverInterface::DummyClass2::OpenConnection(unsigned int, unsigned long)	C:/Code/obos/src/oboskrnl/driverInterface/interface.cpp:392
ffffffff8001164e T obos::driverInterface::DummyClass2::IsConnectionClosed()	C:/Code/obos/src/oboskrnl/driverInterface/interface.cpp:396
ffffffff80011bc8 T obos::vfs::SendCommand(obos::driverInterface::DriverClient&, unsigned int)	C:/Code/obos/src/oboskrnl/vfs/mount/mount.cpp:26
ffffffff80011c44 T obos::vfs::NextFile(obos::driverInterface::DriverClient&, unsigned long, unsigned long*&, char*&)	C:/Code/obos/src/oboskrnl/vfs/mount/mount.cpp:35
ffffffff80011e3e T obos::vfs::GetFileAttributes(obos::driverInterface::DriverClient&, char const*, unsigned int, unsigned long*)	C:/Code/obos/src/oboskrnl/vfs/mount/mount.cpp:63
ffffffff80012044 T obos::vfs::ReadFile(obos::driverInterface::DriverClient&, char const*, unsigned int, void**, unsigned long*, unsigned long, unsigned long)	C:/Code/obos/src/oboskrnl/vfs/mount/mount.cpp:97
ffffffff800123c9 t obos::vfs::dividePathToTokens(char const*, char const**&, unsigned long&, bool)	C:/Code/obos/src/oboskrnl/vfs/mount/mount.cpp:158
ffffffff8001263a t obos::vfs::setupMountPointEntries(obos::vfs::MountPoint*)	C:/Code/obos/src/oboskrnl/vfs/mount/mount.cpp:179
ffffffff800133f7 T obos::vfs::mount(unsigned int&, unsigned int, bool)	C:/Code/obos/src/oboskrnl/vfs/mount/mount.cpp:390
ffffffff80013657 T obos::vfs::unmount(unsigned int)	C:/Code/obos/src/oboskrnl/vfs/mount/mount.cpp:445
ffffffff80013688 T obos::vfs::getPartitionIDForMountPoint(unsigned int)	C:/Code/obos/src/oboskrnl/vfs/mount/mount.cpp:450
ffffffff80013756 T obos::vfs::getMountPointsForPartitionID(unsigned int, unsigned int**)	C:/Code/obos/src/oboskrnl/vfs/mount/mount.cpp:469
ffffffff800138a6 t __static_initialization_and_destruction_0()	C:/Code/obos/src/oboskrnl/vfs/mount/mount.cpp:486
ffffffff800138dc t __static_initialization_and_destruction_1()	C:/Code/obos/src/oboskrnl/vfs/mount/mount.cpp:486
ffffffff80013912 t _GLOBAL__sub_I__ZN4obos3vfs13g_mountPointsE
ffffffff80013940 t _GLOBAL__sub_D__ZN4obos3vfs13g_mountPointsE
ffffffff80013f6e T obos::vfs::strContains(char const*, char)	C:/Code/obos/src/oboskrnl/vfs/fileManip/fileHandle.cpp:24
ffffffff80013fe8 T obos::vfs::getMountId(char const*)	C:/Code/obos/src/oboskrnl/vfs/fileManip/fileHandle.cpp:30
ffffffff80014090 T obos::vfs::SearchForNode(obos::vfs::DirectoryEntry*, void*, bool (*)(obos::vfs::DirectoryEntry*, void*))	C:/Code/obos/src/oboskrnl/vfs/fileManip/fileHandle.cpp:42
ffffffff8001415e t obos::vfs::FileHandle::Open(char const*, obos::vfs::OpenOptions)::{lambda(obos::vfs::DirectoryEntry*, void*)#1}::operator()(obos::vfs::DirectoryEntry*, void*) const	C:/Code/obos/src/oboskrnl/vfs/fileManip/fileHandle.cpp:99
ffffffff800141aa t obos::vfs::FileHandle::Open(char const*, obos::vfs::OpenOptions)::{lambda(obos::vfs::DirectoryEntry*, void*)#1}::_FUN(obos::vfs::DirectoryEntry*, void*)	C:/Code/obos/src/oboskrnl/vfs/fileManip/fileHandle.cpp:99
ffffffff800141f0 t obos::vfs::FileHandle::Open(char const*, obos::vfs::OpenOptions)::{lambda(obos::vfs::DirectoryEntry*, void*)#1}::operator bool (*)(obos::vfs::DirectoryEntry*, void*)() const	C:/Code/obos/src/oboskrnl/vfs/fileManip/fileHandle.cpp:99
ffffffff80014224 T obos::vfs::FileHandle::Open(char const*, obos::vfs::OpenOptions)	C:/Code/obos/src/oboskrnl/vfs/fileManip/fileHandle.cpp:66
ffffffff800144d4 t obos::vfs::FileHandle::Read(char*, unsigned long, bool)::{lambda(obos::driverInterface::DriverClient&, char*, obos::vfs::FileHandle*)#1}::operator()(obos::driverInterface::DriverClient&, char*, obos::vfs::FileHandle*) const	C:/Code/obos/src/oboskrnl/vfs/fileManip/fileHandle.cpp:146
ffffffff800145b2 t obos::vfs::FileHandle::Read(char*, unsigned long, bool)::{lambda(obos::driverInterface::DriverClient&, char*, obos::vfs::FileHandle*)#1}::_FUN(obos::driverInterface::DriverClient&, char*, obos::vfs::FileHandle*)	C:/Code/obos/src/oboskrnl/vfs/fileManip/fileHandle.cpp:146
ffffffff80014600 T obos::vfs::FileHandle::Read(char*, unsigned long, bool)	C:/Code/obos/src/oboskrnl/vfs/fileManip/fileHandle.cpp:129
ffffffff80014780 T obos::vfs::FileHandle::Write()	C:/Code/obos/src/oboskrnl/vfs/fileManip/fileHandle.cpp:180
ffffffff800147bc T obos::vfs::FileHandle::Eof() const	C:/Code/obos/src/oboskrnl/vfs/fileManip/fileHandle.cpp:186
ffffffff80014810 T obos::vfs::FileHandle::GetFileSize() const	C:/Code/obos/src/oboskrnl/vfs/fileManip/fileHandle.cpp:191
ffffffff80014876 T obos::vfs::FileHandle::GetParent(char*, unsigned long*)	C:/Code/obos/src/oboskrnl/vfs/fileManip/fileHandle.cpp:200
ffffffff80014926 T obos::vfs::FileHandle::SeekTo(long, obos::vfs::SeekPlace)	C:/Code/obos/src/oboskrnl/vfs/fileManip/fileHandle.cpp:218
ffffffff800149f2 T obos::vfs::FileHandle::Close()	C:/Code/obos/src/oboskrnl/vfs/fileManip/fileHandle.cpp:244
ffffffff80014a5a T obos::locks::Mutex::LockBlockCallback(obos::thread::Thread*, void*)	C:/Code/obos/src/oboskrnl/multitasking/locks/mutex.cpp:29
ffffffff80014af6 T obos::locks::Mutex::Lock(unsigned long, bool)	C:/Code/obos/src/oboskrnl/multitasking/locks/mutex.cpp:36
ffffffff80014c42 T obos::locks::Mutex::Unlock()	C:/Code/obos/src/oboskrnl/multitasking/locks/mutex.cpp:55
ffffffff80014cd4 T obos::locks::Mutex::~Mutex()	C:/Code/obos/src/oboskrnl/multitasking/locks/mutex.cpp:70
ffffffff80014cd4 T obos::locks::Mutex::~Mutex()	C:/Code/obos/src/oboskrnl/multitasking/locks/mutex.cpp:70
ffffffff80014d6a T obos::memory::VirtualAllocator::VirtualAllocator(obos::process::Process*)	C:/Code/obos/src/oboskrnl/allocators/vmm/vmm.cpp:23
ffffffff80014d6a T obos::memory::VirtualAllocator::VirtualAllocator(obos::process::Process*)	C:/Code/obos/src/oboskrnl/allocators/vmm/vmm.cpp:23
ffffffff80014dc0 T obos::memory::VirtualAllocator::Initialize(obos::process::Process*)	C:/Code/obos/src/oboskrnl/allocators/vmm/vmm.cpp:30
ffffffff80014e16 T obos::memory::VirtualAllocator::VirtualAlloc(void*, unsigned long, unsigned long)	C:/Code/obos/src/oboskrnl/allocators/vmm/vmm.cpp:37
ffffffff80014fce T obos::memory::VirtualAllocator::VirtualFree(void*, unsigned long)	C:/Code/obos/src/oboskrnl/allocators/vmm/vmm.cpp:80
ffffffff8001511e T obos::memory::VirtualAllocator::VirtualProtect(void*, unsigned long, unsigned long)	C:/Code/obos/src/oboskrnl/allocators/vmm/vmm.cpp:113
ffffffff80015278 T obos::memory::VirtualAllocator::VirtualGetProtection(void*, unsigned long, unsigned long*)	C:/Code/obos/src/oboskrnl/allocators/vmm/vmm.cpp:146
ffffffff800153bc T obos::memory::VirtualAllocator::Memcpy(void*, void*, unsigned long)	C:/Code/obos/src/oboskrnl/allocators/vmm/vmm.cpp:177
ffffffff80015487 T _sched_text_start	C:/Code/obos/src/oboskrnl/multitasking/scheduler.cpp:47
ffffffff80015487 t obos::thread::checkThreadAffinity(obos::thread::Thread*)	C:/Code/obos/src/oboskrnl/multitasking/scheduler.cpp:46
ffffffff800154dd T obos::thread::findRunnableThreadInList(obos::thread::Thread::ThreadList&)	C:/Code/obos/src/oboskrnl/multitasking/scheduler.cpp:50
ffffffff80015689 T obos::thread::findThreadPriorityList()	C:/Code/obos/src/oboskrnl/multitasking/scheduler.cpp:90
ffffffff800158d3 T obos::thread::callBlockCallbacksOnList(obos::thread::Thread::ThreadList&)	C:/Code/obos/src/oboskrnl/multitasking/scheduler.cpp:127
ffffffff80015a06 T obos::thread::schedule()	C:/Code/obos/src/oboskrnl/multitasking/scheduler.cpp:147
ffffffff80015d55 T _sched_text_end
